2026-09-19T09:28:08+00:00 FXQUAL12_START jobs=26 SCAのTP・overshoot・重み
2026-09-19T09:28:08+00:00 RUN_START Q000 OOS cap=0
2026-09-19T09:31:47+00:00 RUN_END Q000 OOS net=1431459.0 dd%=23.4491 trades=1188 219.3s
2026-09-19T09:31:47+00:00 RUN_START Q000 IS cap=0
2026-09-19T09:35:41+00:00 RUN_END Q000 IS net=4845523.0 dd%=38.8724 trades=1452 234.3s
2026-09-19T09:35:41+00:00 RUN_START Q001 OOS cap=0
2026-09-19T09:39:21+00:00 RUN_END Q001 OOS net=1131599.0 dd%=19.48 trades=1188 219.3s
2026-09-19T09:39:21+00:00 RUN_START Q001 IS cap=0
2026-09-19T09:43:15+00:00 RUN_END Q001 IS net=3926473.0 dd%=39.7765 trades=1453 234.3s
2026-09-19T09:43:15+00:00 RUN_START Q002 OOS cap=0
2026-09-19T09:46:49+00:00 RUN_END Q002 OOS net=990568.0 dd%=19.175 trades=1188 214.5s
2026-09-19T09:46:49+00:00 RUN_START Q002 IS cap=0
2026-09-19T09:50:39+00:00 RUN_END Q002 IS net=4249852.0 dd%=38.6278 trades=1453 229.7s
2026-09-19T09:50:39+00:00 RUN_START Q003 OOS cap=0
2026-09-19T09:54:14+00:00 RUN_END Q003 OOS net=930378.0 dd%=19.1248 trades=1188 214.5s
2026-09-19T09:54:14+00:00 RUN_START Q003 IS cap=0
2026-09-19T09:58:03+00:00 RUN_END Q003 IS net=4441791.0 dd%=38.6278 trades=1453 229.5s
2026-09-19T09:58:03+00:00 RUN_START Q004 OOS cap=0
2026-09-19T10:01:38+00:00 RUN_END Q004 OOS net=3043823.0 dd%=36.7862 trades=1188 214.7s
2026-09-19T10:01:38+00:00 RUN_START Q004 IS cap=0
2026-09-19T10:05:27+00:00 RUN_END Q004 IS net=23488595.0 dd%=65.775 trades=1449 229.4s
2026-09-19T10:05:27+00:00 RUN_START Q005 OOS cap=0
2026-09-19T10:09:02+00:00 RUN_END Q005 OOS net=1582967.0 dd%=23.5063 trades=1188 214.4s
2026-09-19T10:09:02+00:00 RUN_START Q005 IS cap=0
2026-09-19T10:12:51+00:00 RUN_END Q005 IS net=4287462.0 dd%=39.4214 trades=1452 229.4s
2026-09-19T10:12:51+00:00 RUN_START Q006 OOS cap=0
2026-09-19T10:16:25+00:00 RUN_END Q006 OOS net=1239548.0 dd%=24.5989 trades=1188 214.5s
2026-09-19T10:16:25+00:00 RUN_START Q006 IS cap=0
2026-09-19T10:20:15+00:00 RUN_END Q006 IS net=4215056.0 dd%=40.2157 trades=1452 229.3s
2026-09-19T10:20:15+00:00 RUN_START Q007 OOS cap=0
2026-09-19T10:23:49+00:00 RUN_END Q007 OOS net=1442932.0 dd%=23.4491 trades=1188 214.4s
2026-09-19T10:23:49+00:00 RUN_START Q007 IS cap=0
2026-09-19T10:27:39+00:00 RUN_END Q007 IS net=4898251.0 dd%=38.8724 trades=1452 229.6s
2026-09-19T10:27:39+00:00 RUN_START Q008 OOS cap=0
2026-09-19T10:31:08+00:00 RUN_END Q008 OOS net=1428682.0 dd%=23.4491 trades=1188 209.5s
2026-09-19T10:31:08+00:00 RUN_START Q008 IS cap=0
2026-09-19T10:35:03+00:00 RUN_END Q008 IS net=4926802.0 dd%=38.8724 trades=1452 234.8s
2026-09-19T10:35:03+00:00 RUN_START Q009 OOS cap=0
2026-09-19T10:38:38+00:00 RUN_END Q009 OOS net=1576817.0 dd%=22.7604 trades=1164 214.5s
2026-09-19T10:38:38+00:00 RUN_START Q009 IS cap=0
2026-09-19T10:42:27+00:00 RUN_END Q009 IS net=3729560.0 dd%=41.7088 trades=1423 229.5s
2026-09-19T10:42:27+00:00 RUN_START Q010 OOS cap=0
2026-09-19T10:45:57+00:00 RUN_END Q010 OOS net=1432311.0 dd%=23.4495 trades=1185 209.7s
2026-09-19T10:45:57+00:00 RUN_START Q010 IS cap=0
2026-09-19T10:49:46+00:00 RUN_END Q010 IS net=4574228.0 dd%=38.8724 trades=1448 229.6s
2026-09-19T10:49:46+00:00 RUN_START Q011 OOS cap=0
2026-09-19T10:53:16+00:00 RUN_END Q011 OOS net=1434031.0 dd%=24.0879 trades=1153 209.5s
2026-09-19T10:53:16+00:00 RUN_START Q011 IS cap=0
2026-09-19T10:57:06+00:00 RUN_END Q011 IS net=4499863.0 dd%=37.7435 trades=1415 229.7s
2026-09-19T10:57:06+00:00 RUN_START Q012 OOS cap=0
2026-09-19T11:00:40+00:00 RUN_END Q012 OOS net=1425970.0 dd%=23.4775 trades=1181 214.5s
2026-09-19T11:00:40+00:00 RUN_START Q012 IS cap=0
2026-09-19T11:04:30+00:00 RUN_END Q012 IS net=4790263.0 dd%=38.8724 trades=1448 229.5s
2026-09-19T11:04:30+00:00 FXQUAL12_END -> C:\Users\f\source\repos\mt5_backtester\ml\fxqual12\results.csv
