2026-09-17T15:13:12+00:00 FXOANDA2_START jobs=20 OANDA端末(BT1)・OANDAフィード leverage=1:25 BrokerMaxLot=端末値(10)
2026-09-17T15:13:12+00:00 RUN_START P000 W1 cap=0
2026-09-17T15:16:16+00:00 RUN_END P000 W1 net=12449.0 dd%=7.7898 trades=603 184.0s
2026-09-17T15:16:16+00:00 RUN_START P000 W2 cap=0
2026-09-17T15:18:35+00:00 RUN_END P000 W2 net=4977.0 dd%=8.0511 trades=533 139.4s
2026-09-17T15:18:35+00:00 RUN_START P000 W3 cap=0
2026-09-17T15:21:34+00:00 RUN_END P000 W3 net=33457.0 dd%=3.5454 trades=531 179.2s
2026-09-17T15:21:34+00:00 RUN_START P000 OOS cap=0
2026-09-17T15:28:44+00:00 RUN_END P000 OOS net=86775.0 dd%=7.7898 trades=1349 429.6s
2026-09-17T15:28:44+00:00 RUN_START P001 W1 cap=90
2026-09-17T15:29:28+00:00 RUN_END P001 W1 net=386790.0 dd%=13.2125 trades=78 43.9s
2026-09-17T15:29:28+00:00 RUN_START P001 W2 cap=90
2026-09-17T15:29:57+00:00 RUN_END P001 W2 net=-20240.0 dd%=31.0763 trades=55 28.6s
2026-09-17T15:29:57+00:00 RUN_START P001 W3 cap=90
2026-09-17T15:30:25+00:00 RUN_END P001 W3 net=25603.0 dd%=34.6697 trades=63 28.6s
2026-09-17T15:30:25+00:00 RUN_START P001 OOS cap=90
2026-09-17T15:31:29+00:00 RUN_END P001 OOS net=386790.0 dd%=13.2125 trades=78 63.8s
2026-09-17T15:31:29+00:00 RUN_START P002 W1 cap=90
2026-09-17T15:31:53+00:00 RUN_END P002 W1 net=117381.0 dd%=17.4212 trades=31 24.1s
2026-09-17T15:31:53+00:00 RUN_START P002 W2 cap=90
2026-09-17T15:32:22+00:00 RUN_END P002 W2 net=16408.0 dd%=34.2505 trades=59 28.7s
2026-09-17T15:32:22+00:00 RUN_START P002 W3 cap=90
2026-09-17T15:33:01+00:00 RUN_END P002 W3 net=1068472.0 dd%=31.7282 trades=138 38.9s
2026-09-17T15:33:01+00:00 RUN_START P002 OOS cap=90
2026-09-17T15:34:20+00:00 RUN_END P002 OOS net=117381.0 dd%=17.4212 trades=31 79.1s
2026-09-17T15:34:20+00:00 RUN_START P004 W1 cap=90
2026-09-17T15:34:49+00:00 RUN_END P004 W1 net=112365.0 dd%=17.9611 trades=30 28.9s
2026-09-17T15:34:49+00:00 RUN_START P004 W2 cap=90
2026-09-17T15:35:18+00:00 RUN_END P004 W2 net=41144.0 dd%=27.9017 trades=61 28.9s
2026-09-17T15:35:18+00:00 RUN_START P004 W3 cap=90
2026-09-17T15:35:51+00:00 RUN_END P004 W3 net=993043.0 dd%=37.231 trades=145 33.8s
2026-09-17T15:35:51+00:00 RUN_START P004 OOS cap=90
2026-09-17T15:37:05+00:00 RUN_END P004 OOS net=112365.0 dd%=17.9611 trades=30 73.8s
2026-09-17T15:37:05+00:00 RUN_START P003 W1 cap=90
2026-09-17T15:37:34+00:00 RUN_END P003 W1 net=148611.0 dd%=16.9284 trades=31 28.4s
2026-09-17T15:37:34+00:00 RUN_START P003 W2 cap=90
2026-09-17T15:38:07+00:00 RUN_END P003 W2 net=21584.0 dd%=27.9017 trades=62 33.6s
2026-09-17T15:38:07+00:00 RUN_START P003 W3 cap=90
2026-09-17T15:38:46+00:00 RUN_END P003 W3 net=942508.0 dd%=37.231 trades=147 38.7s
2026-09-17T15:38:46+00:00 RUN_START P003 OOS cap=90
2026-09-17T15:40:10+00:00 RUN_END P003 OOS net=148611.0 dd%=16.9284 trades=31 84.1s
2026-09-17T15:40:10+00:00 FXOANDA2_END -> C:\Users\f\source\repos\mt5_backtester\ml\fxoanda2\results.csv
