2026-09-19T16:29:41+00:00 FXQUAL17_START jobs=16 建玉後の維持率を初めて実測する
2026-09-19T16:29:41+00:00 RUN_START M003 OOS cap=90
2026-09-19T16:33:20+00:00 RUN_END M003 OOS net=5455438.0 dd%=55.7677 trades=1178 219.0s
2026-09-19T16:33:20+00:00 REGRESSION M003 OOS expected=5457672 got=5455438.0 -> 🔴 MISMATCH（計装が受動的でない）
2026-09-19T16:33:20+00:00 RUN_START M003 IS cap=90
2026-09-19T16:37:09+00:00 RUN_END M003 IS net=133648145.0 dd%=82.5647 trades=1416 229.1s
2026-09-19T16:37:09+00:00 REGRESSION M003 IS expected=128659579 got=133648145.0 -> 🔴 MISMATCH（計装が受動的でない）
2026-09-19T16:37:09+00:00 RUN_START M006 OOS cap=90
2026-09-19T16:40:03+00:00 RUN_END M006 OOS net=3022787.0 dd%=48.8109 trades=1174 174.1s
2026-09-19T16:40:03+00:00 REGRESSION M006 OOS expected=3017380 got=3022787.0 -> 🔴 MISMATCH（計装が受動的でない）
2026-09-19T16:40:03+00:00 RUN_START M006 IS cap=90
2026-09-19T16:43:12+00:00 RUN_END M006 IS net=20253841.0 dd%=44.4398 trades=1441 188.9s
2026-09-19T16:43:12+00:00 REGRESSION M006 IS expected=20310786 got=20253841.0 -> 🔴 MISMATCH（計装が受動的でない）
2026-09-19T16:43:12+00:00 RUN_START M002 OOS cap=90
2026-09-19T16:46:46+00:00 RUN_END M002 OOS net=3490186.0 dd%=46.2986 trades=1186 214.1s
2026-09-19T16:46:46+00:00 REGRESSION M002 OOS expected=3491431 got=3490186.0 -> 🔴 MISMATCH（計装が受動的でない）
2026-09-19T16:46:46+00:00 RUN_START M002 IS cap=90
2026-09-19T16:50:40+00:00 RUN_END M002 IS net=29006317.0 dd%=66.9073 trades=1449 234.2s
2026-09-19T16:50:40+00:00 REGRESSION M002 IS expected=30121151 got=29006317.0 -> 🔴 MISMATCH（計装が受動的でない）
2026-09-19T16:50:40+00:00 RUN_START M005 OOS cap=90
2026-09-19T16:53:34+00:00 RUN_END M005 OOS net=2305573.0 dd%=40.1843 trades=1179 173.9s
2026-09-19T16:53:34+00:00 REGRESSION M005 OOS expected=2282372 got=2305573.0 -> 🔴 MISMATCH（計装が受動的でない）
2026-09-19T16:53:34+00:00 RUN_START M005 IS cap=90
2026-09-19T16:56:38+00:00 RUN_END M005 IS net=6536471.0 dd%=33.9494 trades=1446 184.0s
2026-09-19T16:56:38+00:00 REGRESSION M005 IS expected=6539921 got=6536471.0 -> 🔴 MISMATCH（計装が受動的でない）
2026-09-19T16:56:38+00:00 RUN_START M001 OOS cap=90
2026-09-19T17:00:22+00:00 RUN_END M001 OOS net=1431423.0 dd%=23.4416 trades=1188 224.2s
2026-09-19T17:00:22+00:00 REGRESSION M001 OOS expected=1431459 got=1431423.0 -> 🔴 MISMATCH（計装が受動的でない）
2026-09-19T17:00:22+00:00 RUN_START M001 IS cap=90
2026-09-19T17:04:16+00:00 RUN_END M001 IS net=4964532.0 dd%=38.8966 trades=1453 234.0s
2026-09-19T17:04:16+00:00 REGRESSION M001 IS expected=4966997 got=4964532.0 -> 🔴 MISMATCH（計装が受動的でない）
2026-09-19T17:04:16+00:00 RUN_START M004 OOS cap=90
2026-09-19T17:07:05+00:00 RUN_END M004 OOS net=919061.0 dd%=21.3657 trades=1181 169.0s
2026-09-19T17:07:05+00:00 REGRESSION M004 OOS expected=923423 got=919061.0 -> 🔴 MISMATCH（計装が受動的でない）
2026-09-19T17:07:05+00:00 RUN_START M004 IS cap=90
2026-09-19T17:10:14+00:00 RUN_END M004 IS net=1582059.0 dd%=18.7822 trades=1446 189.0s
2026-09-19T17:10:14+00:00 REGRESSION M004 IS expected=1598362 got=1582059.0 -> 🔴 MISMATCH（計装が受動的でない）
2026-09-19T17:10:14+00:00 RUN_START M007 OOS cap=0
2026-09-19T17:13:48+00:00 RUN_END M007 OOS net=1431423.0 dd%=23.4416 trades=1188 214.0s
2026-09-19T17:13:48+00:00 REGRESSION M007 OOS expected=1431459 got=1431423.0 -> 🔴 MISMATCH（計装が受動的でない）
2026-09-19T17:13:48+00:00 RUN_START M007 IS cap=0
2026-09-19T17:17:38+00:00 RUN_END M007 IS net=4848029.0 dd%=38.8966 trades=1452 229.3s
2026-09-19T17:17:38+00:00 REGRESSION M007 IS expected=4845523 got=4848029.0 -> 🔴 MISMATCH（計装が受動的でない）
2026-09-19T17:17:38+00:00 RUN_START M008 OOS cap=0
2026-09-19T17:21:17+00:00 RUN_END M008 OOS net=1544495.0 dd%=23.9497 trades=1184 219.1s
2026-09-19T17:21:17+00:00 REGRESSION M008 OOS expected=1544482 got=1544495.0 -> 🔴 MISMATCH（計装が受動的でない）
2026-09-19T17:21:17+00:00 RUN_START M008 IS cap=0
2026-09-19T17:25:11+00:00 RUN_END M008 IS net=4870786.0 dd%=36.9884 trades=1432 234.1s
2026-09-19T17:25:11+00:00 REGRESSION M008 IS expected=4873585 got=4870786.0 -> 🔴 MISMATCH（計装が受動的でない）
2026-09-19T17:25:11+00:00 FXQUAL17_END -> C:\Users\f\source\repos\mt5_backtester\ml\fxqual17\results.csv
