2026-09-19T05:25:32+00:00 FXQUALAMP_START jobs=15 複利の増幅の内訳を割る
2026-09-19T05:25:32+00:00 RUN_START G000 OOS cap=0
2026-09-19T05:29:06+00:00 RUN_END G000 OOS net=989367.0 dd%=34.3095 trades=1375 214.1s
2026-09-19T05:29:06+00:00 RUN_START G000 IS cap=0
2026-09-19T05:32:55+00:00 RUN_END G000 IS net=4069801.0 dd%=43.3907 trades=1593 229.1s
2026-09-19T05:32:55+00:00 RUN_START G000 FULL cap=0
2026-09-19T05:42:41+00:00 RUN_END G000 FULL net=15623082.0 dd%=36.9073 trades=2967 586.1s
2026-09-19T05:42:41+00:00 RUN_START G002 OOS cap=0
2026-09-19T05:46:21+00:00 RUN_END G002 OOS net=1286857.0 dd%=27.7204 trades=1370 219.5s
2026-09-19T05:46:21+00:00 RUN_START G002 IS cap=0
2026-09-19T05:50:10+00:00 RUN_END G002 IS net=4428010.0 dd%=43.3907 trades=1584 229.2s
2026-09-19T05:50:10+00:00 RUN_START G002 FULL cap=0
2026-09-19T05:59:56+00:00 RUN_END G002 FULL net=20566065.0 dd%=37.4324 trades=2953 586.2s
2026-09-19T05:59:56+00:00 RUN_START G001 OOS cap=0
2026-09-19T06:03:46+00:00 RUN_END G001 OOS net=1034030.0 dd%=34.0248 trades=1356 230.0s
2026-09-19T06:03:46+00:00 RUN_START G001 IS cap=0
2026-09-19T06:07:46+00:00 RUN_END G001 IS net=4110576.0 dd%=42.5509 trades=1575 239.6s
2026-09-19T06:07:46+00:00 RUN_START G001 FULL cap=0
2026-09-19T06:17:42+00:00 RUN_END G001 FULL net=16605018.0 dd%=35.5229 trades=2931 596.3s
2026-09-19T06:17:42+00:00 RUN_START G003 OOS cap=0
2026-09-19T06:21:27+00:00 RUN_END G003 OOS net=1121122.0 dd%=32.8488 trades=1160 224.6s
2026-09-19T06:21:27+00:00 RUN_START G003 IS cap=0
2026-09-19T06:25:16+00:00 RUN_END G003 IS net=4366451.0 dd%=38.7952 trades=1435 229.4s
2026-09-19T06:25:16+00:00 RUN_START G003 FULL cap=0
2026-09-19T06:35:03+00:00 RUN_END G003 FULL net=18350466.0 dd%=33.5524 trades=2594 586.4s
2026-09-19T06:35:03+00:00 RUN_START G004 OOS cap=0
2026-09-19T06:38:37+00:00 RUN_END G004 OOS net=1434079.0 dd%=24.34 trades=1136 214.7s
2026-09-19T06:38:37+00:00 RUN_START G004 IS cap=0
2026-09-19T06:42:27+00:00 RUN_END G004 IS net=4962154.0 dd%=38.4592 trades=1407 229.4s
2026-09-19T06:42:27+00:00 RUN_START G004 FULL cap=0
