2026-09-18T01:26:02+00:00 FXQUAL3_START jobs=16 RSI機構ゲート7案＋対照
2026-09-18T01:26:02+00:00 RUN_START V000 OOS cap=0
2026-09-18T01:29:36+00:00 RUN_END V000 OOS net=117843.0 dd%=5.2719 trades=1375 214.0s
2026-09-18T01:29:36+00:00 RUN_START V000 IS cap=0
2026-09-18T01:33:30+00:00 RUN_END V000 IS net=255445.0 dd%=7.3544 trades=1595 234.0s
2026-09-18T01:33:30+00:00 RUN_START V001 OOS cap=0
2026-09-18T01:37:09+00:00 RUN_END V001 OOS net=119980.0 dd%=5.2782 trades=1356 219.3s
2026-09-18T01:37:09+00:00 RUN_START V001 IS cap=0
2026-09-18T01:41:04+00:00 RUN_END V001 IS net=258688.0 dd%=6.7426 trades=1577 234.7s
2026-09-18T01:41:04+00:00 RUN_START V002 OOS cap=0
2026-09-18T01:45:25+00:00 RUN_END V002 OOS net=119092.0 dd%=5.4035 trades=1332 261.3s
2026-09-18T01:45:25+00:00 RUN_START V002 IS cap=0
2026-09-18T01:49:14+00:00 RUN_END V002 IS net=257234.0 dd%=6.5055 trades=1558 229.3s
2026-09-18T01:49:14+00:00 RUN_START V007 OOS cap=0
2026-09-18T01:52:48+00:00 RUN_END V007 OOS net=122401.0 dd%=5.6348 trades=1264 214.1s
2026-09-18T01:52:48+00:00 RUN_START V007 IS cap=0
2026-09-18T01:56:37+00:00 RUN_END V007 IS net=240201.0 dd%=7.285 trades=1478 229.0s
2026-09-18T01:56:37+00:00 RUN_START V005 OOS cap=0
2026-09-18T02:00:11+00:00 RUN_END V005 OOS net=121040.0 dd%=5.2762 trades=1352 214.2s
2026-09-18T02:00:11+00:00 RUN_START V005 IS cap=0
2026-09-18T02:04:01+00:00 RUN_END V005 IS net=257126.0 dd%=6.7426 trades=1573 229.2s
2026-09-18T02:04:01+00:00 RUN_START V006 OOS cap=0
2026-09-18T02:07:35+00:00 RUN_END V006 OOS net=120153.0 dd%=5.4016 trades=1328 214.3s
2026-09-18T02:07:35+00:00 RUN_START V006 IS cap=0
2026-09-18T02:11:24+00:00 RUN_END V006 IS net=255672.0 dd%=6.5279 trades=1554 229.5s
2026-09-18T02:11:24+00:00 RUN_START V003 OOS cap=0
2026-09-18T02:14:58+00:00 RUN_END V003 OOS net=118903.0 dd%=5.2699 trades=1371 214.0s
2026-09-18T02:14:58+00:00 RUN_START V003 IS cap=0
2026-09-18T02:18:48+00:00 RUN_END V003 IS net=253883.0 dd%=7.3544 trades=1591 229.2s
2026-09-18T02:18:48+00:00 RUN_START V004 OOS cap=0
2026-09-18T02:22:22+00:00 RUN_END V004 OOS net=101326.0 dd%=6.0381 trades=1315 214.1s
2026-09-18T02:22:22+00:00 RUN_START V004 IS cap=0
2026-09-18T02:26:11+00:00 RUN_END V004 IS net=244644.0 dd%=7.3946 trades=1538 229.2s
2026-09-18T02:26:11+00:00 FXQUAL3_END -> C:\Users\f\source\repos\mt5_backtester\ml\fxqual3\results.csv
