2026-09-02T22:04:05+00:00 SLEEP_SUPPRESSED ドライバ稼働中はスリープしない（終了時に自動解除）
2026-09-02T22:04:06+00:00 MEMORY_FREE_MB 20692 terminals=2
2026-09-02T22:04:06+00:00 BASELINE_IS {'net': 391947.0, 'pf': 2.1664, 'dd': 3.9221, 'trades': 301, 'pb': 199469.0, 'sca': 192478.0}
2026-09-02T22:04:06+00:00 BASELINE_OOS {'net': 41516.0, 'pf': 1.2651, 'dd': 2.0405, 'trades': 329, 'pb': 1471.0, 'sca': 40045.0}
2026-09-02T22:04:06+00:00 DRIVER_START proposals=6 already_done=0 terminals=2
2026-09-02T22:04:06+00:00 WORKER_ERROR terminal=PROD id=SX0001 err=KeyError('target')
2026-09-02T22:04:06+00:00 WORKER_ERROR terminal=PROD id=SX0002 err=KeyError('target')
2026-09-02T22:04:06+00:00 WORKER_ERROR terminal=PROD id=SX0003 err=KeyError('target')
2026-09-02T22:04:06+00:00 WORKER_ERROR terminal=PROD id=SX0004 err=KeyError('target')
2026-09-02T22:04:06+00:00 WORKER_ERROR terminal=PROD id=SX0005 err=KeyError('target')
2026-09-02T22:04:06+00:00 WORKER_ERROR terminal=PROD id=SX0006 err=KeyError('target')
2026-09-02T22:04:56+00:00 DRIVER_END status=OK
2026-09-02T22:05:40+00:00 SLEEP_SUPPRESSED ドライバ稼働中はスリープしない（終了時に自動解除）
2026-09-02T22:05:40+00:00 MEMORY_FREE_MB 20696 terminals=2
2026-09-02T22:05:40+00:00 BASELINE_IS {'net': 391947.0, 'pf': 2.1664, 'dd': 3.9221, 'trades': 301, 'pb': 199469.0, 'sca': 192478.0}
2026-09-02T22:05:40+00:00 BASELINE_OOS {'net': 41516.0, 'pf': 1.2651, 'dd': 2.0405, 'trades': 329, 'pb': 1471.0, 'sca': 40045.0}
2026-09-02T22:05:40+00:00 DRIVER_START proposals=6 already_done=0 terminals=2
2026-09-02T22:05:40+00:00 RUN_START id=SX0001 window=IS terminal=PROD family=G01_rr_sweep
2026-09-02T22:06:05+00:00 RUN_START id=SX0002 window=IS terminal=BT1 family=G01_rr_sweep
2026-09-02T22:07:34+00:00 RUN_END id=SX0001 window=IS decision=IS_NOISE_BAND elapsed=113.917s
2026-09-02T22:07:34+00:00 GATE_SKIP id=SX0001 window=OOS reason=IS_NOT_SURVIVOR decision=IS_NOISE_BAND
2026-09-02T22:07:34+00:00 RUN_START id=SX0003 window=IS terminal=PROD family=G01_rr_sweep
2026-09-02T22:08:19+00:00 RUN_END id=SX0002 window=IS decision=IS_SURVIVOR_PROFIT elapsed=133.671s
2026-09-02T22:08:19+00:00 RUN_START id=SX0002 window=OOS terminal=BT1 family=G01_rr_sweep
2026-09-02T22:09:38+00:00 RUN_END id=SX0003 window=IS decision=IS_NOISE_BAND elapsed=123.785s
2026-09-02T22:09:38+00:00 GATE_SKIP id=SX0003 window=OOS reason=IS_NOT_SURVIVOR decision=IS_NOISE_BAND
2026-09-02T22:09:38+00:00 RUN_START id=SX0004 window=IS terminal=PROD family=G01_rr_sweep
2026-09-02T22:12:03+00:00 RUN_END id=SX0004 window=IS decision=IS_SURVIVOR_PROFIT elapsed=143.999s
2026-09-02T22:12:03+00:00 RUN_START id=SX0004 window=OOS terminal=PROD family=G01_rr_sweep
2026-09-02T22:18:49+00:00 RUN_END id=SX0002 window=OOS decision=ADOPT_CANDIDATE elapsed=629.719s
2026-09-02T22:18:49+00:00 RUN_START id=SX0005 window=IS terminal=BT1 family=G01_rr_sweep
2026-09-02T22:20:58+00:00 RUN_END id=SX0005 window=IS decision=IS_REJECT elapsed=128.941s
2026-09-02T22:20:58+00:00 GATE_SKIP id=SX0005 window=OOS reason=IS_NOT_SURVIVOR decision=IS_REJECT
2026-09-02T22:20:58+00:00 RUN_START id=SX0006 window=IS terminal=BT1 family=G01_rr_sweep
2026-09-02T22:22:39+00:00 RUN_END id=SX0004 window=OOS decision=ADOPT_CANDIDATE elapsed=635.682s
2026-09-02T22:23:08+00:00 RUN_END id=SX0006 window=IS decision=IS_SURVIVOR_PROFIT elapsed=128.908s
2026-09-02T22:23:08+00:00 RUN_START id=SX0006 window=OOS terminal=BT1 family=G01_rr_sweep
2026-09-02T22:28:42+00:00 RUN_END id=SX0006 window=OOS decision=ADOPT_CANDIDATE elapsed=334.084s
2026-09-02T22:28:42+00:00 DRIVER_END status=OK
2026-09-02T22:30:57+00:00 SLEEP_SUPPRESSED ドライバ稼働中はスリープしない（終了時に自動解除）
2026-09-02T22:30:57+00:00 EA_VERIFIED sha256=6C61494FDDF6194C8F2D73FC1F534F4F7BDF32D25B2175F74AF093D60DE93E65 terminals=PROD,BT1
2026-09-02T22:30:57+00:00 MEMORY_FREE_MB 21168 terminals=2
2026-09-02T22:30:57+00:00 BASELINE_IS {'net': 391947.0, 'pf': 2.1664, 'dd': 3.9221, 'trades': 301, 'pb': 199469.0, 'sca': 192478.0}
2026-09-02T22:30:57+00:00 BASELINE_OOS {'net': 41516.0, 'pf': 1.2651, 'dd': 2.0405, 'trades': 329, 'pb': 1471.0, 'sca': 40045.0}
2026-09-02T22:30:57+00:00 DRIVER_START proposals=6 already_done=0 terminals=2
2026-09-02T22:30:57+00:00 RUN_START id=SX0001 window=IS terminal=PROD family=G01_rr_sweep
2026-09-02T22:31:22+00:00 RUN_START id=SX0002 window=IS terminal=BT1 family=G01_rr_sweep
2026-09-02T22:32:51+00:00 RUN_END id=SX0001 window=IS decision=IS_REJECT elapsed=113.88s
2026-09-02T22:32:51+00:00 GATE_SKIP id=SX0001 window=OOS reason=IS_NOT_SURVIVOR decision=IS_REJECT
2026-09-02T22:32:51+00:00 RUN_START id=SX0003 window=IS terminal=PROD family=G01_rr_sweep
2026-09-02T22:33:46+00:00 RUN_END id=SX0002 window=IS decision=IS_SURVIVOR_PROFIT elapsed=143.586s
2026-09-02T22:33:46+00:00 RUN_START id=SX0002 window=OOS terminal=BT1 family=G01_rr_sweep
2026-09-02T22:34:51+00:00 RUN_END id=SX0003 window=IS decision=IS_REJECT elapsed=118.709s
2026-09-02T22:34:51+00:00 GATE_SKIP id=SX0003 window=OOS reason=IS_NOT_SURVIVOR decision=IS_REJECT
2026-09-02T22:34:51+00:00 RUN_START id=SX0004 window=IS terminal=PROD family=G01_rr_sweep
2026-09-02T22:37:25+00:00 RUN_END id=SX0004 window=IS decision=IS_SURVIVOR_PROFIT elapsed=154.042s
2026-09-02T22:37:25+00:00 RUN_START id=SX0004 window=OOS terminal=PROD family=G01_rr_sweep
2026-09-02T22:44:01+00:00 RUN_END id=SX0002 window=OOS decision=ADOPT_CANDIDATE elapsed=614.546s
2026-09-02T22:44:01+00:00 RUN_START id=SX0005 window=IS terminal=BT1 family=G01_rr_sweep
2026-09-02T22:46:05+00:00 RUN_END id=SX0005 window=IS decision=IS_REJECT elapsed=123.908s
2026-09-02T22:46:05+00:00 GATE_SKIP id=SX0005 window=OOS reason=IS_NOT_SURVIVOR decision=IS_REJECT
2026-09-02T22:46:05+00:00 RUN_START id=SX0006 window=IS terminal=BT1 family=G01_rr_sweep
2026-09-02T22:47:46+00:00 RUN_END id=SX0004 window=OOS decision=ADOPT_CANDIDATE elapsed=620.625s
2026-09-02T22:48:14+00:00 RUN_END id=SX0006 window=IS decision=IS_SURVIVOR_PROFIT elapsed=128.907s
2026-09-02T22:48:14+00:00 RUN_START id=SX0006 window=OOS terminal=BT1 family=G01_rr_sweep
2026-09-02T22:53:49+00:00 RUN_END id=SX0006 window=OOS decision=ADOPT_CANDIDATE elapsed=334.14s
2026-09-02T22:53:49+00:00 DRIVER_END status=OK
2026-09-02T22:54:28+00:00 SLEEP_SUPPRESSED ドライバ稼働中はスリープしない（終了時に自動解除）
2026-09-02T22:54:28+00:00 EA_VERIFIED sha256=6C61494FDDF6194C8F2D73FC1F534F4F7BDF32D25B2175F74AF093D60DE93E65 terminals=PROD,BT1
2026-09-02T22:54:28+00:00 MEMORY_FREE_MB 20996 terminals=2
2026-09-02T22:54:28+00:00 BASELINE_IS {'net': 391947.0, 'pf': 2.1664, 'dd': 3.9221, 'trades': 301, 'pb': 199469.0, 'sca': 192478.0}
2026-09-02T22:54:28+00:00 BASELINE_OOS {'net': 41516.0, 'pf': 1.2651, 'dd': 2.0405, 'trades': 329, 'pb': 1471.0, 'sca': 40045.0}
2026-09-02T22:54:28+00:00 DRIVER_START proposals=187 already_done=9 terminals=2
2026-09-02T22:54:28+00:00 SKIP_EXISTING id=SX0001 window=IS
2026-09-02T22:54:28+00:00 SKIP_EXISTING id=SX0002 window=IS
2026-09-02T22:54:28+00:00 SKIP_EXISTING id=SX0003 window=IS
2026-09-02T22:54:28+00:00 SKIP_EXISTING id=SX0004 window=IS
2026-09-02T22:54:28+00:00 SKIP_EXISTING id=SX0005 window=IS
2026-09-02T22:54:28+00:00 SKIP_EXISTING id=SX0006 window=IS
2026-09-02T22:54:28+00:00 RUN_START id=SX0007 window=IS terminal=PROD family=G01_rr_sweep
2026-09-02T22:54:53+00:00 RUN_START id=SX0008 window=IS terminal=BT1 family=G01_rr_sweep
2026-09-02T22:56:22+00:00 RUN_END id=SX0007 window=IS decision=IS_REJECT elapsed=113.78s
2026-09-02T22:56:22+00:00 GATE_SKIP id=SX0007 window=OOS reason=IS_NOT_SURVIVOR decision=IS_REJECT
2026-09-02T22:56:22+00:00 RUN_START id=SX0009 window=IS terminal=PROD family=G01_rr_sweep
2026-09-02T22:57:07+00:00 RUN_END id=SX0008 window=IS decision=IS_SURVIVOR_PROFIT elapsed=133.628s
2026-09-02T22:57:07+00:00 RUN_START id=SX0008 window=OOS terminal=BT1 family=G01_rr_sweep
2026-09-02T22:58:26+00:00 RUN_END id=SX0009 window=IS decision=IS_REJECT elapsed=123.782s
2026-09-02T22:58:26+00:00 GATE_SKIP id=SX0009 window=OOS reason=IS_NOT_SURVIVOR decision=IS_REJECT
2026-09-02T22:58:26+00:00 RUN_START id=SX0010 window=IS terminal=PROD family=G01_rr_sweep
2026-09-02T23:00:56+00:00 RUN_END id=SX0010 window=IS decision=IS_SURVIVOR_PROFIT elapsed=149.296s
2026-09-02T23:00:56+00:00 RUN_START id=SX0010 window=OOS terminal=PROD family=G01_rr_sweep
2026-09-02T23:07:27+00:00 RUN_END id=SX0008 window=OOS decision=ADOPT_CANDIDATE elapsed=619.617s
2026-09-02T23:07:27+00:00 RUN_START id=SX0011 window=IS terminal=BT1 family=G01_rr_sweep
2026-09-02T23:09:26+00:00 RUN_END id=SX0011 window=IS decision=IS_REJECT elapsed=118.905s
2026-09-02T23:09:26+00:00 GATE_SKIP id=SX0011 window=OOS reason=IS_NOT_SURVIVOR decision=IS_REJECT
2026-09-02T23:09:26+00:00 RUN_START id=SX0012 window=IS terminal=BT1 family=G01_rr_sweep
2026-09-02T23:11:12+00:00 RUN_END id=SX0010 window=OOS decision=ADOPT_CANDIDATE elapsed=615.532s
2026-09-02T23:11:12+00:00 RUN_START id=SX0013 window=IS terminal=PROD family=G01_rr_sweep
2026-09-02T23:11:40+00:00 RUN_END id=SX0012 window=IS decision=IS_SURVIVOR_PROFIT elapsed=133.824s
2026-09-02T23:11:40+00:00 RUN_START id=SX0012 window=OOS terminal=BT1 family=G01_rr_sweep
2026-09-02T23:13:21+00:00 RUN_END id=SX0013 window=IS decision=IS_REJECT elapsed=129.013s
2026-09-02T23:13:21+00:00 GATE_SKIP id=SX0013 window=OOS reason=IS_NOT_SURVIVOR decision=IS_REJECT
2026-09-02T23:13:21+00:00 RUN_START id=SX0014 window=IS terminal=PROD family=G01_rr_sweep
2026-09-02T23:15:51+00:00 RUN_END id=SX0014 window=IS decision=IS_SURVIVOR_PROFIT elapsed=149.035s
2026-09-02T23:15:51+00:00 RUN_START id=SX0014 window=OOS terminal=PROD family=G01_rr_sweep
2026-09-02T23:21:55+00:00 RUN_END id=SX0012 window=OOS decision=ADOPT_CANDIDATE elapsed=614.677s
2026-09-02T23:21:55+00:00 RUN_START id=SX0015 window=IS terminal=BT1 family=G01_rr_sweep
2026-09-02T23:24:00+00:00 RUN_END id=SX0015 window=IS decision=IS_NOISE_BAND elapsed=124.214s
2026-09-02T23:24:00+00:00 GATE_SKIP id=SX0015 window=OOS reason=IS_NOT_SURVIVOR decision=IS_NOISE_BAND
2026-09-02T23:24:00+00:00 RUN_START id=SX0016 window=IS terminal=BT1 family=G01_rr_sweep
2026-09-02T23:26:17+00:00 RUN_END id=SX0014 window=OOS decision=ADOPT_CANDIDATE elapsed=625.817s
2026-09-02T23:26:17+00:00 RUN_START id=SX0017 window=IS terminal=PROD family=G01_rr_sweep
2026-09-02T23:26:24+00:00 RUN_END id=SX0016 window=IS decision=IS_SURVIVOR_PROFIT elapsed=143.865s
2026-09-02T23:26:24+00:00 RUN_START id=SX0016 window=OOS terminal=BT1 family=G01_rr_sweep
2026-09-02T23:28:31+00:00 RUN_END id=SX0017 window=IS decision=IS_SURVIVOR_PROFIT elapsed=134.094s
2026-09-02T23:28:31+00:00 RUN_START id=SX0017 window=OOS terminal=PROD family=G01_rr_sweep
2026-09-02T23:36:19+00:00 RUN_END id=SX0016 window=OOS decision=ADOPT_CANDIDATE elapsed=594.564s
2026-09-02T23:36:19+00:00 RUN_START id=SX0018 window=IS terminal=BT1 family=G01_rr_sweep
2026-09-02T23:38:02+00:00 RUN_END id=SX0017 window=OOS decision=ADOPT_CANDIDATE elapsed=570.408s
2026-09-02T23:38:02+00:00 RUN_START id=SX0019 window=IS terminal=PROD family=G01_rr_sweep
2026-09-02T23:38:33+00:00 RUN_END id=SX0018 window=IS decision=IS_SURVIVOR_PROFIT elapsed=133.963s
2026-09-02T23:38:33+00:00 RUN_START id=SX0018 window=OOS terminal=BT1 family=G01_rr_sweep
2026-09-02T23:40:11+00:00 RUN_END id=SX0019 window=IS decision=IS_SURVIVOR_PROFIT elapsed=129.122s
2026-09-02T23:40:11+00:00 RUN_START id=SX0019 window=OOS terminal=PROD family=G01_rr_sweep
2026-09-02T23:48:43+00:00 RUN_END id=SX0018 window=OOS decision=ADOPT_CANDIDATE elapsed=609.585s
2026-09-02T23:48:43+00:00 RUN_START id=SX0020 window=IS terminal=BT1 family=G01_rr_sweep
2026-09-02T23:50:22+00:00 RUN_END id=SX0019 window=OOS decision=ADOPT_CANDIDATE elapsed=610.465s
2026-09-02T23:50:22+00:00 RUN_START id=SX0021 window=IS terminal=PROD family=G01_rr_sweep
2026-09-02T23:51:03+00:00 RUN_END id=SX0020 window=IS decision=IS_SURVIVOR_PROFIT elapsed=138.946s
2026-09-02T23:51:03+00:00 RUN_START id=SX0020 window=OOS terminal=BT1 family=G01_rr_sweep
2026-09-02T23:52:36+00:00 RUN_END id=SX0021 window=IS decision=IS_SURVIVOR_PROFIT elapsed=133.834s
2026-09-02T23:52:36+00:00 RUN_START id=SX0021 window=OOS terminal=PROD family=G01_rr_sweep
2026-09-03T00:01:07+00:00 RUN_END id=SX0020 window=OOS decision=ADOPT_CANDIDATE elapsed=604.519s
2026-09-03T00:01:07+00:00 RUN_START id=SX0022 window=IS terminal=BT1 family=G01_rr_sweep
2026-09-03T00:01:57+00:00 RUN_END id=SX0021 window=OOS decision=ADOPT_CANDIDATE elapsed=560.298s
2026-09-03T00:01:57+00:00 RUN_START id=SX0023 window=IS terminal=PROD family=G01_rr_sweep
2026-09-03T00:03:32+00:00 RUN_END id=SX0022 window=IS decision=IS_SURVIVOR_PROFIT elapsed=144.2s
2026-09-03T00:03:32+00:00 RUN_START id=SX0022 window=OOS terminal=BT1 family=G01_rr_sweep
2026-09-03T00:04:01+00:00 RUN_END id=SX0023 window=IS decision=IS_SURVIVOR_PROFIT elapsed=123.758s
2026-09-03T00:04:01+00:00 RUN_START id=SX0023 window=OOS terminal=PROD family=G01_rr_sweep
2026-09-03T00:13:37+00:00 RUN_END id=SX0023 window=OOS decision=ADOPT_CANDIDATE elapsed=575.161s
2026-09-03T00:13:37+00:00 RUN_START id=SX0024 window=IS terminal=PROD family=G01_rr_sweep
2026-09-03T00:13:37+00:00 RUN_END id=SX0022 window=OOS decision=ADOPT_CANDIDATE elapsed=604.509s
2026-09-03T00:13:37+00:00 RUN_START id=SX0025 window=IS terminal=BT1 family=G02_force_close_hour
2026-09-03T00:15:36+00:00 RUN_END id=SX0025 window=IS decision=IS_REJECT elapsed=118.931s
2026-09-03T00:15:36+00:00 GATE_SKIP id=SX0025 window=OOS reason=IS_NOT_SURVIVOR decision=IS_REJECT
2026-09-03T00:15:36+00:00 RUN_START id=SX0026 window=IS terminal=BT1 family=G02_force_close_hour
2026-09-03T00:15:51+00:00 RUN_END id=SX0024 window=IS decision=IS_SURVIVOR_PROFIT elapsed=134.369s
2026-09-03T00:15:51+00:00 RUN_START id=SX0024 window=OOS terminal=PROD family=G01_rr_sweep
2026-09-03T00:17:50+00:00 RUN_END id=SX0026 window=IS decision=IS_REJECT elapsed=133.688s
2026-09-03T00:17:50+00:00 GATE_SKIP id=SX0026 window=OOS reason=IS_NOT_SURVIVOR decision=IS_REJECT
2026-09-03T00:17:50+00:00 RUN_START id=SX0027 window=IS terminal=BT1 family=G02_force_close_hour
2026-09-03T00:19:49+00:00 RUN_END id=SX0027 window=IS decision=IS_REJECT elapsed=118.98s
2026-09-03T00:19:49+00:00 GATE_SKIP id=SX0027 window=OOS reason=IS_NOT_SURVIVOR decision=IS_REJECT
2026-09-03T00:19:49+00:00 RUN_START id=SX0028 window=IS terminal=BT1 family=G02_force_close_hour
2026-09-03T00:22:04+00:00 RUN_END id=SX0028 window=IS decision=IS_REJECT elapsed=133.941s
2026-09-03T00:22:04+00:00 GATE_SKIP id=SX0028 window=OOS reason=IS_NOT_SURVIVOR decision=IS_REJECT
2026-09-03T00:22:04+00:00 RUN_START id=SX0029 window=IS terminal=BT1 family=G02_force_close_hour
2026-09-03T00:24:03+00:00 RUN_END id=SX0029 window=IS decision=IS_REJECT elapsed=118.906s
2026-09-03T00:24:03+00:00 GATE_SKIP id=SX0029 window=OOS reason=IS_NOT_SURVIVOR decision=IS_REJECT
2026-09-03T00:24:03+00:00 RUN_START id=SX0030 window=IS terminal=BT1 family=G02_force_close_hour
2026-09-03T00:25:17+00:00 RUN_END id=SX0024 window=OOS decision=ADOPT_CANDIDATE elapsed=565.158s
2026-09-03T00:25:17+00:00 RUN_START id=SX0031 window=IS terminal=PROD family=G02_force_close_hour
2026-09-03T00:26:12+00:00 RUN_END id=SX0030 window=IS decision=IS_REJECT elapsed=129.139s
2026-09-03T00:26:12+00:00 GATE_SKIP id=SX0030 window=OOS reason=IS_NOT_SURVIVOR decision=IS_REJECT
2026-09-03T00:26:12+00:00 RUN_START id=SX0032 window=IS terminal=BT1 family=G02_force_close_hour
2026-09-03T00:27:16+00:00 RUN_END id=SX0031 window=IS decision=IS_REJECT elapsed=119.089s
2026-09-03T00:27:16+00:00 GATE_SKIP id=SX0031 window=OOS reason=IS_NOT_SURVIVOR decision=IS_REJECT
2026-09-03T00:27:16+00:00 RUN_START id=SX0033 window=IS terminal=PROD family=G02_force_close_hour
2026-09-03T00:28:21+00:00 RUN_END id=SX0032 window=IS decision=IS_SURVIVOR_PROFIT elapsed=128.647s
2026-09-03T00:28:21+00:00 RUN_START id=SX0032 window=OOS terminal=BT1 family=G02_force_close_hour
2026-09-03T00:29:15+00:00 RUN_END id=SX0033 window=IS decision=IS_REJECT elapsed=118.828s
2026-09-03T00:29:15+00:00 GATE_SKIP id=SX0033 window=OOS reason=IS_NOT_SURVIVOR decision=IS_REJECT
2026-09-03T00:29:15+00:00 RUN_START id=SX0034 window=IS terminal=PROD family=G02_force_close_hour
2026-09-03T00:31:50+00:00 RUN_END id=SX0034 window=IS decision=IS_SURVIVOR_PROFIT elapsed=154.112s
2026-09-03T00:31:50+00:00 RUN_START id=SX0034 window=OOS terminal=PROD family=G02_force_close_hour
2026-09-03T00:38:26+00:00 RUN_END id=SX0032 window=OOS decision=ADOPT_CANDIDATE elapsed=604.627s
2026-09-03T00:38:26+00:00 RUN_START id=SX0035 window=IS terminal=BT1 family=G02_force_close_hour
2026-09-03T00:40:31+00:00 RUN_END id=SX0035 window=IS decision=IS_REJECT elapsed=124.01s
2026-09-03T00:40:31+00:00 GATE_SKIP id=SX0035 window=OOS reason=IS_NOT_SURVIVOR decision=IS_REJECT
2026-09-03T00:40:31+00:00 RUN_START id=SX0036 window=IS terminal=BT1 family=G02_force_close_hour
2026-09-03T00:42:11+00:00 RUN_END id=SX0034 window=OOS decision=ADOPT_CANDIDATE elapsed=620.888s
2026-09-03T00:42:11+00:00 RUN_START id=SX0037 window=IS terminal=PROD family=G02_force_close_hour
2026-09-03T00:42:50+00:00 RUN_END id=SX0036 window=IS decision=IS_SURVIVOR_PROFIT elapsed=139.008s
2026-09-03T00:42:50+00:00 RUN_START id=SX0036 window=OOS terminal=BT1 family=G02_force_close_hour
2026-09-03T00:44:16+00:00 RUN_END id=SX0037 window=IS decision=IS_SURVIVOR_PROFIT elapsed=124.42s
2026-09-03T00:44:16+00:00 RUN_START id=SX0037 window=OOS terminal=PROD family=G02_force_close_hour
2026-09-03T00:53:10+00:00 RUN_END id=SX0036 window=OOS decision=OOS_REJECT elapsed=619.616s
2026-09-03T00:53:10+00:00 RUN_START id=SX0038 window=IS terminal=BT1 family=G02_force_close_hour
2026-09-03T00:54:32+00:00 RUN_END id=SX0037 window=OOS decision=OOS_REJECT elapsed=615.659s
2026-09-03T00:54:32+00:00 RUN_START id=SX0039 window=IS terminal=PROD family=G02_force_close_hour
2026-09-03T00:55:29+00:00 RUN_END id=SX0038 window=IS decision=IS_SURVIVOR_PROFIT elapsed=139.158s
2026-09-03T00:55:29+00:00 RUN_START id=SX0038 window=OOS terminal=BT1 family=G02_force_close_hour
2026-09-03T00:56:41+00:00 RUN_END id=SX0039 window=IS decision=IS_REJECT elapsed=128.887s
2026-09-03T00:56:41+00:00 GATE_SKIP id=SX0039 window=OOS reason=IS_NOT_SURVIVOR decision=IS_REJECT
2026-09-03T00:56:41+00:00 RUN_START id=SX0040 window=IS terminal=PROD family=G02_force_close_hour
2026-09-03T00:59:20+00:00 RUN_END id=SX0040 window=IS decision=IS_REJECT elapsed=159.122s
2026-09-03T00:59:20+00:00 GATE_SKIP id=SX0040 window=OOS reason=IS_NOT_SURVIVOR decision=IS_REJECT
2026-09-03T00:59:20+00:00 RUN_START id=SX0041 window=IS terminal=PROD family=G02_force_close_hour
2026-09-03T01:01:35+00:00 RUN_END id=SX0041 window=IS decision=IS_REJECT elapsed=134.159s
2026-09-03T01:01:35+00:00 GATE_SKIP id=SX0041 window=OOS reason=IS_NOT_SURVIVOR decision=IS_REJECT
2026-09-03T01:01:35+00:00 RUN_START id=SX0042 window=IS terminal=PROD family=G02_force_close_hour
2026-09-03T01:04:15+00:00 RUN_END id=SX0042 window=IS decision=IS_REJECT elapsed=159.264s
2026-09-03T01:04:15+00:00 GATE_SKIP id=SX0042 window=OOS reason=IS_NOT_SURVIVOR decision=IS_REJECT
2026-09-03T01:04:15+00:00 RUN_START id=SX0043 window=IS terminal=PROD family=G03_hold_winners
2026-09-03T01:06:29+00:00 RUN_END id=SX0043 window=IS decision=IS_NOISE_BAND elapsed=134.004s
2026-09-03T01:06:29+00:00 GATE_SKIP id=SX0043 window=OOS reason=IS_NOT_SURVIVOR decision=IS_NOISE_BAND
2026-09-03T01:06:29+00:00 RUN_START id=SX0044 window=IS terminal=PROD family=G03_hold_winners
2026-09-03T01:08:45+00:00 RUN_END id=SX0038 window=OOS decision=OOS_REJECT elapsed=795.109s
2026-09-03T01:08:45+00:00 RUN_START id=SX0045 window=IS terminal=BT1 family=G03_hold_winners
2026-09-03T01:08:58+00:00 RUN_END id=SX0044 window=IS decision=IS_SURVIVOR_PROFIT elapsed=148.87s
2026-09-03T01:08:58+00:00 RUN_START id=SX0044 window=OOS terminal=PROD family=G03_hold_winners
2026-09-03T01:10:49+00:00 RUN_END id=SX0045 window=IS decision=IS_REJECT elapsed=123.836s
2026-09-03T01:10:49+00:00 GATE_SKIP id=SX0045 window=OOS reason=IS_NOT_SURVIVOR decision=IS_REJECT
2026-09-03T01:10:49+00:00 RUN_START id=SX0046 window=IS terminal=BT1 family=G03_hold_winners
2026-09-03T01:13:19+00:00 RUN_END id=SX0046 window=IS decision=IS_SURVIVOR_PROFIT elapsed=149.199s
2026-09-03T01:13:19+00:00 RUN_START id=SX0046 window=OOS terminal=BT1 family=G03_hold_winners
2026-09-03T01:19:11+00:00 RUN_END id=SX0044 window=OOS decision=ADOPT_CANDIDATE elapsed=612.92s
2026-09-03T01:19:11+00:00 RUN_START id=SX0047 window=IS terminal=PROD family=G03_hold_winners
2026-09-03T01:21:16+00:00 RUN_END id=SX0047 window=IS decision=IS_REJECT elapsed=124.208s
2026-09-03T01:21:16+00:00 GATE_SKIP id=SX0047 window=OOS reason=IS_NOT_SURVIVOR decision=IS_REJECT
2026-09-03T01:21:16+00:00 RUN_START id=SX0048 window=IS terminal=PROD family=G03_hold_winners
2026-09-03T01:23:39+00:00 RUN_END id=SX0046 window=OOS decision=ADOPT_CANDIDATE elapsed=619.842s
2026-09-03T01:23:39+00:00 RUN_START id=BASELINE window=IS terminal=BT1 family=baseline
2026-09-03T01:23:40+00:00 RUN_END id=SX0048 window=IS decision=IS_SURVIVOR_PROFIT elapsed=144.164s
2026-09-03T01:23:40+00:00 RUN_START id=SX0048 window=OOS terminal=PROD family=G03_hold_winners
2026-09-03T01:25:48+00:00 REBASE window=IS net=391947 pb=199469 sca=192478 前回比=+0.00%
2026-09-03T01:25:48+00:00 RUN_START id=BASELINE window=OOS terminal=BT1 family=baseline
2026-09-03T01:33:01+00:00 RUN_END id=SX0048 window=OOS decision=ADOPT_CANDIDATE elapsed=560.157s
2026-09-03T01:33:01+00:00 RUN_START id=SX0049 window=IS terminal=PROD family=G03_hold_winners
2026-09-03T01:35:06+00:00 RUN_END id=SX0049 window=IS decision=IS_REJECT elapsed=124.349s
2026-09-03T01:35:06+00:00 GATE_SKIP id=SX0049 window=OOS reason=IS_NOT_SURVIVOR decision=IS_REJECT
2026-09-03T01:35:06+00:00 RUN_START id=SX0050 window=IS terminal=PROD family=G03_hold_winners
2026-09-03T01:35:34+00:00 REBASE window=OOS net=41516 pb=1471 sca=40045 前回比=+0.00%
2026-09-03T01:35:34+00:00 RUN_START id=SX0051 window=IS terminal=BT1 family=G03_hold_winners
2026-09-03T01:37:20+00:00 RUN_END id=SX0050 window=IS decision=IS_SURVIVOR_PROFIT elapsed=133.964s
2026-09-03T01:37:20+00:00 RUN_START id=SX0050 window=OOS terminal=PROD family=G03_hold_winners
2026-09-03T01:37:33+00:00 RUN_END id=SX0051 window=IS decision=IS_SURVIVOR_PROFIT elapsed=118.61s
2026-09-03T01:37:33+00:00 RUN_START id=SX0051 window=OOS terminal=BT1 family=G03_hold_winners
2026-09-03T01:46:43+00:00 RUN_END id=SX0051 window=OOS decision=OOS_REJECT elapsed=549.581s
2026-09-03T01:46:43+00:00 RUN_START id=SX0052 window=IS terminal=BT1 family=G03_hold_winners
2026-09-03T01:47:31+00:00 RUN_END id=SX0050 window=OOS decision=ADOPT_CANDIDATE elapsed=610.619s
2026-09-03T01:47:31+00:00 RUN_START id=SX0053 window=IS terminal=PROD family=G03_hold_winners
2026-09-03T01:48:57+00:00 RUN_END id=SX0052 window=IS decision=IS_SURVIVOR_PROFIT elapsed=133.937s
2026-09-03T01:48:57+00:00 RUN_START id=SX0052 window=OOS terminal=BT1 family=G03_hold_winners
2026-09-03T01:49:25+00:00 RUN_END id=SX0053 window=IS decision=IS_REJECT elapsed=113.796s
2026-09-03T01:49:25+00:00 GATE_SKIP id=SX0053 window=OOS reason=IS_NOT_SURVIVOR decision=IS_REJECT
2026-09-03T01:49:25+00:00 RUN_START id=SX0054 window=IS terminal=PROD family=G03_hold_winners
2026-09-03T01:51:54+00:00 RUN_END id=SX0054 window=IS decision=IS_SURVIVOR_PROFIT elapsed=148.803s
2026-09-03T01:51:54+00:00 RUN_START id=SX0054 window=OOS terminal=PROD family=G03_hold_winners
2026-09-03T01:59:17+00:00 RUN_END id=SX0052 window=OOS decision=ADOPT_CANDIDATE elapsed=619.713s
2026-09-03T01:59:17+00:00 RUN_START id=SX0055 window=IS terminal=BT1 family=G03_hold_winners
2026-09-03T02:01:21+00:00 RUN_END id=SX0055 window=IS decision=IS_REJECT elapsed=124.31s
2026-09-03T02:01:21+00:00 GATE_SKIP id=SX0055 window=OOS reason=IS_NOT_SURVIVOR decision=IS_REJECT
2026-09-03T02:01:21+00:00 RUN_START id=SX0056 window=IS terminal=BT1 family=G03_hold_winners
2026-09-03T02:02:20+00:00 RUN_END id=SX0054 window=OOS decision=ADOPT_CANDIDATE elapsed=625.678s
2026-09-03T02:02:20+00:00 RUN_START id=SX0057 window=IS terminal=PROD family=G03_hold_winners
2026-09-03T02:03:36+00:00 RUN_END id=SX0056 window=IS decision=IS_SURVIVOR_PROFIT elapsed=133.88s
2026-09-03T02:03:36+00:00 RUN_START id=SX0056 window=OOS terminal=BT1 family=G03_hold_winners
2026-09-03T02:04:19+00:00 RUN_END id=SX0057 window=IS decision=IS_REJECT elapsed=118.779s
2026-09-03T02:04:19+00:00 GATE_SKIP id=SX0057 window=OOS reason=IS_NOT_SURVIVOR decision=IS_REJECT
2026-09-03T02:04:19+00:00 RUN_START id=SX0058 window=IS terminal=PROD family=G03_hold_winners
2026-09-03T02:06:48+00:00 RUN_END id=SX0058 window=IS decision=IS_SURVIVOR_PROFIT elapsed=148.794s
2026-09-03T02:06:48+00:00 RUN_START id=SX0058 window=OOS terminal=PROD family=G03_hold_winners
2026-09-03T02:13:46+00:00 RUN_END id=SX0056 window=OOS decision=ADOPT_CANDIDATE elapsed=609.713s
2026-09-03T02:13:46+00:00 RUN_START id=SX0059 window=IS terminal=BT1 family=G03_hold_winners
2026-09-03T02:15:50+00:00 RUN_END id=SX0059 window=IS decision=IS_SURVIVOR_PROFIT elapsed=123.994s
2026-09-03T02:15:50+00:00 RUN_START id=SX0059 window=OOS terminal=BT1 family=G03_hold_winners
2026-09-03T02:17:19+00:00 RUN_END id=SX0058 window=OOS decision=ADOPT_CANDIDATE elapsed=630.605s
2026-09-03T02:17:19+00:00 RUN_START id=SX0060 window=IS terminal=PROD family=G03_hold_winners
2026-09-03T02:19:49+00:00 RUN_END id=SX0060 window=IS decision=IS_SURVIVOR_PROFIT elapsed=149.142s
2026-09-03T02:19:49+00:00 RUN_START id=SX0060 window=OOS terminal=PROD family=G03_hold_winners
2026-09-03T02:25:10+00:00 RUN_END id=SX0059 window=OOS decision=OOS_NOISE_BAND elapsed=559.825s
2026-09-03T02:25:10+00:00 RUN_START id=SX0061 window=IS terminal=BT1 family=G03_hold_winners
2026-09-03T02:27:15+00:00 RUN_END id=SX0061 window=IS decision=IS_REJECT elapsed=123.929s
2026-09-03T02:27:15+00:00 GATE_SKIP id=SX0061 window=OOS reason=IS_NOT_SURVIVOR decision=IS_REJECT
2026-09-03T02:27:15+00:00 RUN_START id=SX0062 window=IS terminal=BT1 family=G03_hold_winners
2026-09-03T02:29:39+00:00 RUN_END id=SX0062 window=IS decision=IS_SURVIVOR_PROFIT elapsed=143.973s
2026-09-03T02:29:39+00:00 RUN_START id=SX0062 window=OOS terminal=BT1 family=G03_hold_winners
2026-09-03T02:30:45+00:00 RUN_END id=SX0060 window=OOS decision=ADOPT_CANDIDATE elapsed=655.801s
2026-09-03T02:30:45+00:00 RUN_START id=SX0063 window=IS terminal=PROD family=G03_hold_winners
2026-09-03T02:32:54+00:00 RUN_END id=SX0063 window=IS decision=IS_REJECT elapsed=129.009s
2026-09-03T02:32:54+00:00 GATE_SKIP id=SX0063 window=OOS reason=IS_NOT_SURVIVOR decision=IS_REJECT
2026-09-03T02:32:54+00:00 RUN_START id=SX0064 window=IS terminal=PROD family=G03_hold_winners
2026-09-03T02:35:19+00:00 RUN_END id=SX0064 window=IS decision=IS_SURVIVOR_PROFIT elapsed=144.129s
2026-09-03T02:35:19+00:00 RUN_START id=SX0064 window=OOS terminal=PROD family=G03_hold_winners
2026-09-03T02:40:14+00:00 RUN_END id=SX0062 window=OOS decision=ADOPT_CANDIDATE elapsed=635.071s
2026-09-03T02:40:14+00:00 RUN_START id=SX0065 window=IS terminal=BT1 family=G03_hold_winners
2026-09-03T02:42:19+00:00 RUN_END id=SX0065 window=IS decision=IS_REJECT elapsed=124.019s
2026-09-03T02:42:19+00:00 GATE_SKIP id=SX0065 window=OOS reason=IS_NOT_SURVIVOR decision=IS_REJECT
2026-09-03T02:42:19+00:00 RUN_START id=SX0066 window=IS terminal=BT1 family=G03_hold_winners
2026-09-03T02:44:38+00:00 RUN_END id=SX0066 window=IS decision=IS_SURVIVOR_PROFIT elapsed=138.972s
2026-09-03T02:44:38+00:00 RUN_START id=SX0066 window=OOS terminal=BT1 family=G03_hold_winners
2026-09-03T02:45:55+00:00 RUN_END id=SX0064 window=OOS decision=ADOPT_CANDIDATE elapsed=635.677s
2026-09-03T02:45:55+00:00 RUN_START id=SX0067 window=IS terminal=PROD family=G03_hold_winners
2026-09-03T02:48:04+00:00 RUN_END id=SX0067 window=IS decision=IS_REJECT elapsed=128.978s
2026-09-03T02:48:04+00:00 GATE_SKIP id=SX0067 window=OOS reason=IS_NOT_SURVIVOR decision=IS_REJECT
2026-09-03T02:48:04+00:00 RUN_START id=SX0068 window=IS terminal=PROD family=G03_hold_winners
2026-09-03T02:50:29+00:00 RUN_END id=SX0068 window=IS decision=IS_SURVIVOR_PROFIT elapsed=144.171s
2026-09-03T02:50:29+00:00 RUN_START id=SX0068 window=OOS terminal=PROD family=G03_hold_winners
2026-09-03T02:55:04+00:00 RUN_END id=SX0066 window=OOS decision=ADOPT_CANDIDATE elapsed=625.006s
2026-09-03T02:55:04+00:00 RUN_START id=SX0069 window=IS terminal=BT1 family=G03_hold_winners
2026-09-03T02:57:08+00:00 RUN_END id=SX0069 window=IS decision=IS_REJECT elapsed=124.237s
2026-09-03T02:57:08+00:00 GATE_SKIP id=SX0069 window=OOS reason=IS_NOT_SURVIVOR decision=IS_REJECT
2026-09-03T02:57:08+00:00 RUN_START id=SX0070 window=IS terminal=BT1 family=G03_hold_winners
2026-09-03T02:59:32+00:00 RUN_END id=SX0070 window=IS decision=IS_SURVIVOR_PROFIT elapsed=143.958s
2026-09-03T02:59:32+00:00 RUN_START id=SX0070 window=OOS terminal=BT1 family=G03_hold_winners
2026-09-03T03:00:45+00:00 RUN_END id=SX0068 window=OOS decision=ADOPT_CANDIDATE elapsed=616.016s
2026-09-03T03:00:45+00:00 RUN_START id=SX0071 window=IS terminal=PROD family=G03_hold_winners
2026-09-03T03:02:54+00:00 RUN_END id=SX0071 window=IS decision=IS_SURVIVOR_PROFIT elapsed=129.004s
2026-09-03T03:02:54+00:00 RUN_START id=SX0071 window=OOS terminal=PROD family=G03_hold_winners
2026-09-03T03:10:13+00:00 RUN_END id=SX0070 window=OOS decision=ADOPT_CANDIDATE elapsed=639.993s
2026-09-03T03:10:13+00:00 RUN_START id=SX0072 window=IS terminal=BT1 family=G03_hold_winners
2026-09-03T03:12:40+00:00 RUN_END id=SX0071 window=OOS decision=OOS_REJECT elapsed=585.622s
2026-09-03T03:12:40+00:00 RUN_START id=SX0073 window=IS terminal=PROD family=G04_cut_losers_early
2026-09-03T03:12:45+00:00 RUN_END id=SX0072 window=IS decision=IS_SURVIVOR_PROFIT elapsed=151.421s
2026-09-03T03:12:45+00:00 RUN_START id=SX0072 window=OOS terminal=BT1 family=G03_hold_winners
2026-09-03T03:15:00+00:00 RUN_END id=SX0073 window=IS decision=IS_REJECT elapsed=139.228s
2026-09-03T03:15:00+00:00 GATE_SKIP id=SX0073 window=OOS reason=IS_NOT_SURVIVOR decision=IS_REJECT
2026-09-03T03:15:00+00:00 RUN_START id=SX0074 window=IS terminal=PROD family=G04_cut_losers_early
2026-09-03T03:17:09+00:00 RUN_END id=SX0074 window=IS decision=IS_REJECT elapsed=129.117s
2026-09-03T03:17:09+00:00 GATE_SKIP id=SX0074 window=OOS reason=IS_NOT_SURVIVOR decision=IS_REJECT
2026-09-03T03:17:09+00:00 RUN_START id=SX0075 window=IS terminal=PROD family=G04_cut_losers_early
2026-09-03T03:19:13+00:00 RUN_END id=SX0075 window=IS decision=IS_REJECT elapsed=123.722s
2026-09-03T03:19:13+00:00 GATE_SKIP id=SX0075 window=OOS reason=IS_NOT_SURVIVOR decision=IS_REJECT
2026-09-03T03:19:13+00:00 RUN_START id=SX0076 window=IS terminal=PROD family=G04_cut_losers_early
2026-09-03T03:21:42+00:00 RUN_END id=SX0076 window=IS decision=IS_REJECT elapsed=148.772s
2026-09-03T03:21:42+00:00 GATE_SKIP id=SX0076 window=OOS reason=IS_NOT_SURVIVOR decision=IS_REJECT
2026-09-03T03:21:42+00:00 RUN_START id=SX0077 window=IS terminal=PROD family=G04_cut_losers_early
2026-09-03T03:23:30+00:00 RUN_END id=SX0072 window=OOS decision=ADOPT_CANDIDATE elapsed=644.676s
2026-09-03T03:23:30+00:00 RUN_START id=SX0078 window=IS terminal=BT1 family=G04_cut_losers_early
2026-09-03T03:24:17+00:00 RUN_END id=SX0077 window=IS decision=IS_REJECT elapsed=154.346s
2026-09-03T03:24:17+00:00 GATE_SKIP id=SX0077 window=OOS reason=IS_NOT_SURVIVOR decision=IS_REJECT
2026-09-03T03:24:17+00:00 RUN_START id=SX0079 window=IS terminal=PROD family=G04_cut_losers_early
2026-09-03T03:25:39+00:00 RUN_END id=SX0078 window=IS decision=IS_REJECT elapsed=128.974s
2026-09-03T03:25:39+00:00 GATE_SKIP id=SX0078 window=OOS reason=IS_NOT_SURVIVOR decision=IS_REJECT
2026-09-03T03:25:39+00:00 RUN_START id=SX0080 window=IS terminal=BT1 family=G04_cut_losers_early
2026-09-03T03:26:11+00:00 RUN_END id=SX0079 window=IS decision=IS_REJECT elapsed=113.828s
2026-09-03T03:26:11+00:00 GATE_SKIP id=SX0079 window=OOS reason=IS_NOT_SURVIVOR decision=IS_REJECT
2026-09-03T03:26:11+00:00 RUN_START id=SX0081 window=IS terminal=PROD family=G04_cut_losers_early
2026-09-03T03:27:53+00:00 RUN_END id=SX0080 window=IS decision=IS_REJECT elapsed=133.594s
2026-09-03T03:27:53+00:00 GATE_SKIP id=SX0080 window=OOS reason=IS_NOT_SURVIVOR decision=IS_REJECT
2026-09-03T03:27:53+00:00 RUN_START id=SX0082 window=IS terminal=BT1 family=G04_cut_losers_early
2026-09-03T03:28:10+00:00 RUN_END id=SX0081 window=IS decision=IS_REJECT elapsed=118.668s
2026-09-03T03:28:10+00:00 GATE_SKIP id=SX0081 window=OOS reason=IS_NOT_SURVIVOR decision=IS_REJECT
2026-09-03T03:28:10+00:00 RUN_START id=SX0083 window=IS terminal=PROD family=G04_cut_losers_early
2026-09-03T03:30:07+00:00 RUN_END id=SX0082 window=IS decision=IS_SURVIVOR_PROFIT elapsed=133.594s
2026-09-03T03:30:07+00:00 RUN_START id=SX0082 window=OOS terminal=BT1 family=G04_cut_losers_early
2026-09-03T03:30:09+00:00 RUN_END id=SX0083 window=IS decision=IS_REJECT elapsed=118.711s
2026-09-03T03:30:09+00:00 GATE_SKIP id=SX0083 window=OOS reason=IS_NOT_SURVIVOR decision=IS_REJECT
2026-09-03T03:30:09+00:00 RUN_START id=SX0084 window=IS terminal=PROD family=G04_cut_losers_early
2026-09-03T03:32:23+00:00 RUN_END id=SX0084 window=IS decision=IS_REJECT elapsed=133.81s
2026-09-03T03:32:23+00:00 GATE_SKIP id=SX0084 window=OOS reason=IS_NOT_SURVIVOR decision=IS_REJECT
2026-09-03T03:32:23+00:00 RUN_START id=SX0085 window=IS terminal=PROD family=G04_cut_losers_early
2026-09-03T03:34:48+00:00 RUN_END id=SX0085 window=IS decision=IS_REJECT elapsed=144.097s
2026-09-03T03:34:48+00:00 GATE_SKIP id=SX0085 window=OOS reason=IS_NOT_SURVIVOR decision=IS_REJECT
2026-09-03T03:34:48+00:00 RUN_START id=SX0086 window=IS terminal=PROD family=G04_cut_losers_early
2026-09-03T03:37:37+00:00 RUN_END id=SX0086 window=IS decision=IS_REJECT elapsed=169.177s
2026-09-03T03:37:37+00:00 GATE_SKIP id=SX0086 window=OOS reason=IS_NOT_SURVIVOR decision=IS_REJECT
2026-09-03T03:37:37+00:00 RUN_START id=SX0087 window=IS terminal=PROD family=G04_cut_losers_early
2026-09-03T03:38:37+00:00 RUN_END id=SX0082 window=OOS decision=ADOPT_CANDIDATE elapsed=509.568s
2026-09-03T03:38:37+00:00 RUN_START id=SX0088 window=IS terminal=BT1 family=G04_cut_losers_early
2026-09-03T03:40:17+00:00 RUN_END id=SX0087 window=IS decision=IS_REJECT elapsed=159.337s
2026-09-03T03:40:17+00:00 GATE_SKIP id=SX0087 window=OOS reason=IS_NOT_SURVIVOR decision=IS_REJECT
2026-09-03T03:40:17+00:00 RUN_START id=SX0089 window=IS terminal=PROD family=G05_tp_atr
2026-09-03T03:40:51+00:00 RUN_END id=SX0088 window=IS decision=IS_SURVIVOR_PROFIT elapsed=133.915s
2026-09-03T03:40:51+00:00 RUN_START id=SX0088 window=OOS terminal=BT1 family=G04_cut_losers_early
2026-09-03T03:42:16+00:00 RUN_END id=SX0089 window=IS decision=IS_REJECT elapsed=118.8s
2026-09-03T03:42:16+00:00 GATE_SKIP id=SX0089 window=OOS reason=IS_NOT_SURVIVOR decision=IS_REJECT
2026-09-03T03:42:16+00:00 RUN_START id=SX0090 window=IS terminal=PROD family=G05_tp_atr
2026-09-03T03:44:41+00:00 RUN_END id=SX0090 window=IS decision=IS_SURVIVOR_PROFIT elapsed=144.126s
2026-09-03T03:44:41+00:00 RUN_START id=SX0090 window=OOS terminal=PROD family=G05_tp_atr
2026-09-03T03:50:41+00:00 RUN_END id=SX0088 window=OOS decision=ADOPT_CANDIDATE elapsed=589.866s
2026-09-03T03:50:41+00:00 RUN_START id=SX0091 window=IS terminal=BT1 family=G05_tp_atr
2026-09-03T03:52:46+00:00 RUN_END id=SX0091 window=IS decision=IS_SURVIVOR_PROFIT elapsed=124.098s
2026-09-03T03:52:46+00:00 RUN_START id=SX0091 window=OOS terminal=BT1 family=G05_tp_atr
2026-09-03T03:55:12+00:00 RUN_END id=SX0090 window=OOS decision=ADOPT_CANDIDATE elapsed=630.689s
2026-09-03T03:55:12+00:00 RUN_START id=SX0092 window=IS terminal=PROD family=G05_tp_atr
2026-09-03T03:57:36+00:00 RUN_END id=SX0092 window=IS decision=IS_SURVIVOR_PROFIT elapsed=144.262s
2026-09-03T03:57:36+00:00 RUN_START id=SX0092 window=OOS terminal=PROD family=G05_tp_atr
2026-09-03T04:01:56+00:00 RUN_END id=SX0091 window=OOS decision=ADOPT_CANDIDATE elapsed=549.786s
2026-09-03T04:01:56+00:00 RUN_START id=BASELINE window=IS terminal=BT1 family=baseline
2026-09-03T04:04:00+00:00 REBASE window=IS net=391947 pb=199469 sca=192478 前回比=+0.00%
2026-09-03T04:04:00+00:00 RUN_START id=BASELINE window=OOS terminal=BT1 family=baseline
2026-09-03T04:08:12+00:00 RUN_END id=SX0092 window=OOS decision=ADOPT_CANDIDATE elapsed=635.637s
2026-09-03T04:08:12+00:00 RUN_START id=SX0093 window=IS terminal=PROD family=G05_tp_atr
2026-09-03T04:10:22+00:00 RUN_END id=SX0093 window=IS decision=IS_SURVIVOR_PROFIT elapsed=129.256s
2026-09-03T04:10:22+00:00 RUN_START id=SX0093 window=OOS terminal=PROD family=G05_tp_atr
2026-09-03T04:13:11+00:00 REBASE window=OOS net=41516 pb=1471 sca=40045 前回比=+0.00%
2026-09-03T04:13:11+00:00 RUN_START id=SX0094 window=IS terminal=BT1 family=G05_tp_atr
2026-09-03T04:15:35+00:00 RUN_END id=SX0094 window=IS decision=IS_SURVIVOR_PROFIT elapsed=143.899s
2026-09-03T04:15:35+00:00 RUN_START id=SX0094 window=OOS terminal=BT1 family=G05_tp_atr
2026-09-03T04:19:48+00:00 RUN_END id=SX0093 window=OOS decision=ADOPT_CANDIDATE elapsed=565.472s
2026-09-03T04:19:48+00:00 RUN_START id=SX0095 window=IS terminal=PROD family=G05_tp_atr
2026-09-03T04:21:52+00:00 RUN_END id=SX0095 window=IS decision=IS_SURVIVOR_PROFIT elapsed=124.218s
2026-09-03T04:21:52+00:00 RUN_START id=SX0095 window=OOS terminal=PROD family=G05_tp_atr
2026-09-03T04:26:00+00:00 RUN_END id=SX0094 window=OOS decision=ADOPT_CANDIDATE elapsed=624.96s
2026-09-03T04:26:00+00:00 RUN_START id=SX0096 window=IS terminal=BT1 family=G05_tp_atr
2026-09-03T04:28:24+00:00 RUN_END id=SX0096 window=IS decision=IS_SURVIVOR_PROFIT elapsed=144.011s
2026-09-03T04:28:24+00:00 RUN_START id=SX0096 window=OOS terminal=BT1 family=G05_tp_atr
2026-09-03T04:31:13+00:00 RUN_END id=SX0095 window=OOS decision=ADOPT_CANDIDATE elapsed=560.48s
2026-09-03T04:31:13+00:00 RUN_START id=SX0097 window=IS terminal=PROD family=G05_tp_atr
2026-09-03T04:33:18+00:00 RUN_END id=SX0097 window=IS decision=IS_SURVIVOR_PROFIT elapsed=124.088s
2026-09-03T04:33:18+00:00 RUN_START id=SX0097 window=OOS terminal=PROD family=G05_tp_atr
2026-09-03T04:38:55+00:00 RUN_END id=SX0096 window=OOS decision=ADOPT_CANDIDATE elapsed=629.978s
2026-09-03T04:38:55+00:00 RUN_START id=SX0098 window=IS terminal=BT1 family=G05_tp_atr
2026-09-03T04:41:14+00:00 RUN_END id=SX0098 window=IS decision=IS_SURVIVOR_PROFIT elapsed=139.087s
2026-09-03T04:41:14+00:00 RUN_START id=SX0098 window=OOS terminal=BT1 family=G05_tp_atr
2026-09-03T04:42:24+00:00 RUN_END id=SX0097 window=OOS decision=ADOPT_CANDIDATE elapsed=545.462s
2026-09-03T04:42:24+00:00 RUN_START id=SX0099 window=IS terminal=PROD family=G05_tp_atr
2026-09-03T04:44:28+00:00 RUN_END id=SX0099 window=IS decision=IS_SURVIVOR_PROFIT elapsed=124.031s
2026-09-03T04:44:28+00:00 RUN_START id=SX0099 window=OOS terminal=PROD family=G05_tp_atr
2026-09-03T04:51:55+00:00 RUN_END id=SX0098 window=OOS decision=ADOPT_CANDIDATE elapsed=639.986s
2026-09-03T04:51:55+00:00 RUN_START id=SX0100 window=IS terminal=BT1 family=G05_tp_atr
2026-09-03T04:53:49+00:00 RUN_END id=SX0099 window=OOS decision=ADOPT_CANDIDATE elapsed=560.521s
2026-09-03T04:53:49+00:00 RUN_START id=SX0101 window=IS terminal=PROD family=G05_tp_atr
2026-09-03T04:54:14+00:00 RUN_END id=SX0100 window=IS decision=IS_SURVIVOR_PROFIT elapsed=139.078s
2026-09-03T04:54:14+00:00 RUN_START id=SX0100 window=OOS terminal=BT1 family=G05_tp_atr
2026-09-03T04:55:58+00:00 RUN_END id=SX0101 window=IS decision=IS_SURVIVOR_PROFIT elapsed=129.09s
2026-09-03T04:55:58+00:00 RUN_START id=SX0101 window=OOS terminal=PROD family=G05_tp_atr
2026-09-03T05:04:24+00:00 RUN_END id=SX0100 window=OOS decision=ADOPT_CANDIDATE elapsed=609.549s
2026-09-03T05:04:24+00:00 RUN_START id=SX0102 window=IS terminal=BT1 family=G05_tp_atr
2026-09-03T05:05:29+00:00 RUN_END id=SX0101 window=OOS decision=ADOPT_CANDIDATE elapsed=570.467s
2026-09-03T05:05:29+00:00 RUN_START id=SX0103 window=IS terminal=PROD family=G05_tp_atr
2026-09-03T05:06:43+00:00 RUN_END id=SX0102 window=IS decision=IS_SURVIVOR_PROFIT elapsed=139.28s
2026-09-03T05:06:43+00:00 RUN_START id=SX0102 window=OOS terminal=BT1 family=G05_tp_atr
2026-09-03T05:07:33+00:00 RUN_END id=SX0103 window=IS decision=IS_SURVIVOR_PROFIT elapsed=123.788s
2026-09-03T05:07:33+00:00 RUN_START id=SX0103 window=OOS terminal=PROD family=G05_tp_atr
2026-09-03T05:17:14+00:00 RUN_END id=SX0103 window=OOS decision=ADOPT_CANDIDATE elapsed=580.304s
2026-09-03T05:17:14+00:00 RUN_START id=SX0104 window=IS terminal=PROD family=G05_tp_atr
2026-09-03T05:17:18+00:00 RUN_END id=SX0102 window=OOS decision=ADOPT_CANDIDATE elapsed=634.534s
2026-09-03T05:17:18+00:00 RUN_START id=SX0105 window=IS terminal=BT1 family=G05_tp_atr
2026-09-03T05:19:22+00:00 RUN_END id=SX0105 window=IS decision=IS_SURVIVOR_PROFIT elapsed=123.572s
2026-09-03T05:19:22+00:00 RUN_START id=SX0105 window=OOS terminal=BT1 family=G05_tp_atr
2026-09-03T05:19:29+00:00 RUN_END id=SX0104 window=IS decision=IS_SURVIVOR_PROFIT elapsed=134.634s
2026-09-03T05:19:29+00:00 RUN_START id=SX0104 window=OOS terminal=PROD family=G05_tp_atr
2026-09-03T05:27:18+00:00 RUN_END id=SX0105 window=OOS decision=ADOPT_CANDIDATE elapsed=475.263s
2026-09-03T05:27:18+00:00 RUN_START id=SX0106 window=IS terminal=BT1 family=G05_tp_atr
2026-09-03T05:29:43+00:00 RUN_END id=SX0106 window=IS decision=IS_SURVIVOR_PROFIT elapsed=144.354s
2026-09-03T05:29:43+00:00 RUN_START id=SX0106 window=OOS terminal=BT1 family=G05_tp_atr
2026-09-03T05:29:50+00:00 RUN_END id=SX0104 window=OOS decision=ADOPT_CANDIDATE elapsed=620.757s
2026-09-03T05:29:50+00:00 RUN_START id=SX0107 window=IS terminal=PROD family=G05_tp_atr
2026-09-03T05:32:04+00:00 RUN_END id=SX0107 window=IS decision=IS_SURVIVOR_PROFIT elapsed=133.838s
2026-09-03T05:32:04+00:00 RUN_START id=SX0107 window=OOS terminal=PROD family=G05_tp_atr
2026-09-03T05:38:43+00:00 RUN_END id=SX0106 window=OOS decision=ADOPT_CANDIDATE elapsed=539.87s
2026-09-03T05:38:43+00:00 RUN_START id=SX0108 window=IS terminal=BT1 family=G05_tp_atr
2026-09-03T05:41:03+00:00 RUN_END id=SX0108 window=IS decision=IS_SURVIVOR_PROFIT elapsed=139.227s
2026-09-03T05:41:03+00:00 RUN_START id=SX0108 window=OOS terminal=BT1 family=G05_tp_atr
2026-09-03T05:41:30+00:00 RUN_END id=SX0107 window=OOS decision=ADOPT_CANDIDATE elapsed=565.404s
2026-09-03T05:41:30+00:00 RUN_START id=SX0109 window=IS terminal=PROD family=G05_tp_atr
2026-09-03T05:43:44+00:00 RUN_END id=SX0109 window=IS decision=IS_SURVIVOR_PROFIT elapsed=133.875s
2026-09-03T05:43:44+00:00 RUN_START id=SX0109 window=OOS terminal=PROD family=G05_tp_atr
2026-09-03T05:51:28+00:00 RUN_END id=SX0108 window=OOS decision=ADOPT_CANDIDATE elapsed=625.001s
2026-09-03T05:51:28+00:00 RUN_START id=SX0110 window=IS terminal=BT1 family=G05_tp_atr
2026-09-03T05:53:10+00:00 RUN_END id=SX0109 window=OOS decision=ADOPT_CANDIDATE elapsed=565.473s
2026-09-03T05:53:10+00:00 RUN_START id=SX0111 window=IS terminal=PROD family=G05_tp_atr
2026-09-03T05:53:47+00:00 RUN_END id=SX0110 window=IS decision=IS_SURVIVOR_PROFIT elapsed=138.967s
2026-09-03T05:53:47+00:00 RUN_START id=SX0110 window=OOS terminal=BT1 family=G05_tp_atr
2026-09-03T05:55:14+00:00 RUN_END id=SX0111 window=IS decision=IS_SURVIVOR_PROFIT elapsed=123.996s
2026-09-03T05:55:15+00:00 RUN_START id=SX0111 window=OOS terminal=PROD family=G05_tp_atr
2026-09-03T06:03:52+00:00 RUN_END id=SX0110 window=OOS decision=ADOPT_CANDIDATE elapsed=604.594s
2026-09-03T06:03:52+00:00 RUN_START id=SX0112 window=IS terminal=BT1 family=G05_tp_atr
2026-09-03T06:04:45+00:00 RUN_END id=SX0111 window=OOS decision=ADOPT_CANDIDATE elapsed=570.464s
2026-09-03T06:04:45+00:00 RUN_START id=BASELINE window=IS terminal=PROD family=baseline
2026-09-03T06:06:12+00:00 RUN_END id=SX0112 window=IS decision=IS_SURVIVOR_PROFIT elapsed=138.984s
2026-09-03T06:06:12+00:00 RUN_START id=SX0112 window=OOS terminal=BT1 family=G05_tp_atr
2026-09-03T06:06:49+00:00 REBASE window=IS net=391947 pb=199469 sca=192478 前回比=+0.00%
2026-09-03T06:06:49+00:00 RUN_START id=BASELINE window=OOS terminal=PROD family=baseline
2026-09-03T06:16:22+00:00 RUN_END id=SX0112 window=OOS decision=ADOPT_CANDIDATE elapsed=609.518s
2026-09-03T06:16:22+00:00 RUN_START id=SX0113 window=IS terminal=BT1 family=G06_trade_end_hour
2026-09-03T06:16:35+00:00 REBASE window=OOS net=41516 pb=1471 sca=40045 前回比=+0.00%
2026-09-03T06:16:35+00:00 RUN_START id=SX0114 window=IS terminal=PROD family=G06_trade_end_hour
2026-09-03T06:18:16+00:00 RUN_END id=SX0113 window=IS decision=SLEEVE_STOPPED elapsed=114.263s
2026-09-03T06:18:16+00:00 GATE_SKIP id=SX0113 window=OOS reason=IS_NOT_SURVIVOR decision=SLEEVE_STOPPED
2026-09-03T06:18:16+00:00 RUN_START id=SX0115 window=IS terminal=BT1 family=G06_trade_end_hour
2026-09-03T06:18:34+00:00 RUN_END id=SX0114 window=IS decision=SLEEVE_STOPPED elapsed=118.703s
2026-09-03T06:18:34+00:00 GATE_SKIP id=SX0114 window=OOS reason=IS_NOT_SURVIVOR decision=SLEEVE_STOPPED
2026-09-03T06:18:34+00:00 RUN_START id=SX0116 window=IS terminal=PROD family=G06_trade_end_hour
2026-09-03T06:20:10+00:00 RUN_END id=SX0115 window=IS decision=SLEEVE_STOPPED elapsed=113.605s
2026-09-03T06:20:10+00:00 GATE_SKIP id=SX0115 window=OOS reason=IS_NOT_SURVIVOR decision=SLEEVE_STOPPED
2026-09-03T06:20:10+00:00 RUN_START id=SX0117 window=IS terminal=BT1 family=G06_trade_end_hour
2026-09-03T06:20:38+00:00 RUN_END id=SX0116 window=IS decision=SLEEVE_STOPPED elapsed=123.771s
2026-09-03T06:20:38+00:00 GATE_SKIP id=SX0116 window=OOS reason=IS_NOT_SURVIVOR decision=SLEEVE_STOPPED
2026-09-03T06:20:38+00:00 RUN_START id=SX0118 window=IS terminal=PROD family=G06_trade_end_hour
2026-09-03T06:22:04+00:00 RUN_END id=SX0117 window=IS decision=IS_REJECT elapsed=113.591s
2026-09-03T06:22:04+00:00 GATE_SKIP id=SX0117 window=OOS reason=IS_NOT_SURVIVOR decision=IS_REJECT
2026-09-03T06:22:04+00:00 RUN_START id=SX0119 window=IS terminal=BT1 family=G06_trade_end_hour
2026-09-03T06:22:52+00:00 RUN_END id=SX0118 window=IS decision=IS_REJECT elapsed=133.818s
2026-09-03T06:22:52+00:00 GATE_SKIP id=SX0118 window=OOS reason=IS_NOT_SURVIVOR decision=IS_REJECT
2026-09-03T06:22:52+00:00 RUN_START id=SX0120 window=IS terminal=PROD family=G06_trade_end_hour
2026-09-03T06:24:03+00:00 RUN_END id=SX0119 window=IS decision=IS_REJECT elapsed=118.734s
2026-09-03T06:24:03+00:00 GATE_SKIP id=SX0119 window=OOS reason=IS_NOT_SURVIVOR decision=IS_REJECT
2026-09-03T06:24:03+00:00 RUN_START id=SX0121 window=IS terminal=BT1 family=G06_trade_end_hour
2026-09-03T06:25:06+00:00 RUN_END id=SX0120 window=IS decision=IS_REJECT elapsed=133.765s
2026-09-03T06:25:06+00:00 GATE_SKIP id=SX0120 window=OOS reason=IS_NOT_SURVIVOR decision=IS_REJECT
2026-09-03T06:25:06+00:00 RUN_START id=SX0122 window=IS terminal=PROD family=G06_trade_end_hour
2026-09-03T06:26:02+00:00 RUN_END id=SX0121 window=IS decision=IS_REJECT elapsed=118.622s
2026-09-03T06:26:02+00:00 GATE_SKIP id=SX0121 window=OOS reason=IS_NOT_SURVIVOR decision=IS_REJECT
2026-09-03T06:26:02+00:00 RUN_START id=SX0123 window=IS terminal=BT1 family=G06_trade_end_hour
2026-09-03T06:27:25+00:00 RUN_END id=SX0122 window=IS decision=IS_SURVIVOR_PROFIT elapsed=138.801s
2026-09-03T06:27:25+00:00 RUN_START id=SX0122 window=OOS terminal=PROD family=G06_trade_end_hour
2026-09-03T06:28:01+00:00 RUN_END id=SX0123 window=IS decision=IS_SURVIVOR_PROFIT elapsed=118.571s
2026-09-03T06:28:01+00:00 RUN_START id=SX0123 window=OOS terminal=BT1 family=G06_trade_end_hour
2026-09-03T06:37:21+00:00 RUN_END id=SX0122 window=OOS decision=OOS_REJECT elapsed=595.283s
2026-09-03T06:37:21+00:00 RUN_START id=SX0124 window=IS terminal=PROD family=G06_trade_end_hour
2026-09-03T06:37:36+00:00 RUN_END id=SX0123 window=OOS decision=ADOPT_CANDIDATE elapsed=574.609s
2026-09-03T06:37:36+00:00 RUN_START id=SX0125 window=IS terminal=BT1 family=G06_trade_end_hour
2026-09-03T06:39:40+00:00 RUN_END id=SX0125 window=IS decision=IS_REJECT elapsed=123.73s
2026-09-03T06:39:40+00:00 GATE_SKIP id=SX0125 window=OOS reason=IS_NOT_SURVIVOR decision=IS_REJECT
2026-09-03T06:39:40+00:00 RUN_START id=SX0126 window=IS terminal=BT1 family=G06_trade_end_hour
2026-09-03T06:39:40+00:00 RUN_END id=SX0124 window=IS decision=IS_SURVIVOR_PROFIT elapsed=139.137s
2026-09-03T06:39:40+00:00 RUN_START id=SX0124 window=OOS terminal=PROD family=G06_trade_end_hour
2026-09-03T06:42:19+00:00 RUN_END id=SX0126 window=IS decision=IS_REJECT elapsed=158.799s
2026-09-03T06:42:19+00:00 GATE_SKIP id=SX0126 window=OOS reason=IS_NOT_SURVIVOR decision=IS_REJECT
2026-09-03T06:42:19+00:00 RUN_START id=SX0127 window=IS terminal=BT1 family=G07_tp_extend_grid
2026-09-03T06:44:43+00:00 RUN_END id=SX0127 window=IS decision=IS_SURVIVOR_PROFIT elapsed=144.024s
2026-09-03T06:44:43+00:00 RUN_START id=SX0127 window=OOS terminal=BT1 family=G07_tp_extend_grid
2026-09-03T06:48:46+00:00 RUN_END id=SX0124 window=OOS decision=ADOPT_CANDIDATE elapsed=545.248s
2026-09-03T06:48:46+00:00 RUN_START id=SX0128 window=IS terminal=PROD family=G07_tp_extend_grid
2026-09-03T06:51:16+00:00 RUN_END id=SX0128 window=IS decision=IS_SURVIVOR_PROFIT elapsed=149.504s
2026-09-03T06:51:16+00:00 RUN_START id=SX0128 window=OOS terminal=PROD family=G07_tp_extend_grid
2026-09-03T06:55:24+00:00 RUN_END id=SX0127 window=OOS decision=ADOPT_CANDIDATE elapsed=640.106s
2026-09-03T06:55:24+00:00 RUN_START id=SX0129 window=IS terminal=BT1 family=G07_tp_extend_grid
2026-09-03T06:57:48+00:00 RUN_END id=SX0129 window=IS decision=IS_SURVIVOR_PROFIT elapsed=144.012s
2026-09-03T06:57:48+00:00 RUN_START id=SX0129 window=OOS terminal=BT1 family=G07_tp_extend_grid
2026-09-03T07:01:17+00:00 RUN_END id=SX0128 window=OOS decision=ADOPT_CANDIDATE elapsed=600.639s
2026-09-03T07:01:17+00:00 RUN_START id=SX0130 window=IS terminal=PROD family=G07_tp_extend_grid
2026-09-03T07:03:46+00:00 RUN_END id=SX0130 window=IS decision=IS_SURVIVOR_PROFIT elapsed=149.199s
2026-09-03T07:03:46+00:00 RUN_START id=SX0130 window=OOS terminal=PROD family=G07_tp_extend_grid
2026-09-03T07:08:23+00:00 RUN_END id=SX0129 window=OOS decision=ADOPT_CANDIDATE elapsed=634.848s
2026-09-03T07:08:23+00:00 RUN_START id=SX0131 window=IS terminal=BT1 family=G07_tp_extend_grid
2026-09-03T07:10:53+00:00 RUN_END id=SX0131 window=IS decision=IS_SURVIVOR_PROFIT elapsed=148.934s
2026-09-03T07:10:53+00:00 RUN_START id=SX0131 window=OOS terminal=BT1 family=G07_tp_extend_grid
2026-09-03T07:13:52+00:00 RUN_END id=SX0130 window=OOS decision=ADOPT_CANDIDATE elapsed=605.576s
2026-09-03T07:13:52+00:00 RUN_START id=SX0132 window=IS terminal=PROD family=G07_tp_extend_grid
2026-09-03T07:16:17+00:00 RUN_END id=SX0132 window=IS decision=IS_SURVIVOR_PROFIT elapsed=144.16s
2026-09-03T07:16:17+00:00 RUN_START id=SX0132 window=OOS terminal=PROD family=G07_tp_extend_grid
2026-09-03T07:21:28+00:00 RUN_END id=SX0131 window=OOS decision=ADOPT_CANDIDATE elapsed=634.905s
2026-09-03T07:21:28+00:00 RUN_START id=SX0133 window=IS terminal=BT1 family=G07_tp_extend_grid
2026-09-03T07:23:57+00:00 RUN_END id=SX0133 window=IS decision=IS_SURVIVOR_PROFIT elapsed=149.012s
2026-09-03T07:23:57+00:00 RUN_START id=SX0133 window=OOS terminal=BT1 family=G07_tp_extend_grid
2026-09-03T07:26:33+00:00 RUN_END id=SX0132 window=OOS decision=ADOPT_CANDIDATE elapsed=615.603s
2026-09-03T07:26:33+00:00 RUN_START id=SX0134 window=IS terminal=PROD family=G07_tp_extend_grid
2026-09-03T07:28:57+00:00 RUN_END id=SX0134 window=IS decision=IS_SURVIVOR_PROFIT elapsed=144.328s
2026-09-03T07:28:57+00:00 RUN_START id=SX0134 window=OOS terminal=PROD family=G07_tp_extend_grid
2026-09-03T07:34:33+00:00 RUN_END id=SX0133 window=OOS decision=ADOPT_CANDIDATE elapsed=634.896s
2026-09-03T07:34:33+00:00 RUN_START id=SX0135 window=IS terminal=BT1 family=G07_tp_extend_grid
2026-09-03T07:36:59+00:00 RUN_END id=SX0135 window=IS decision=IS_SURVIVOR_PROFIT elapsed=146.27s
2026-09-03T07:36:59+00:00 RUN_START id=SX0135 window=OOS terminal=BT1 family=G07_tp_extend_grid
2026-09-03T07:39:18+00:00 RUN_END id=SX0134 window=OOS decision=ADOPT_CANDIDATE elapsed=620.685s
2026-09-03T07:39:18+00:00 RUN_START id=SX0136 window=IS terminal=PROD family=G07_tp_extend_grid
2026-09-03T07:41:58+00:00 RUN_END id=SX0136 window=IS decision=IS_SURVIVOR_PROFIT elapsed=159.273s
2026-09-03T07:41:58+00:00 RUN_START id=SX0136 window=OOS terminal=PROD family=G07_tp_extend_grid
2026-09-03T07:47:35+00:00 RUN_END id=SX0135 window=OOS decision=ADOPT_CANDIDATE elapsed=634.84s
2026-09-03T07:47:35+00:00 RUN_START id=SX0137 window=IS terminal=BT1 family=G07_tp_extend_grid
2026-09-03T07:49:59+00:00 RUN_END id=SX0137 window=IS decision=IS_SURVIVOR_PROFIT elapsed=143.94s
2026-09-03T07:49:59+00:00 RUN_START id=SX0137 window=OOS terminal=BT1 family=G07_tp_extend_grid
2026-09-03T07:52:24+00:00 RUN_END id=SX0136 window=OOS decision=ADOPT_CANDIDATE elapsed=625.55s
2026-09-03T07:52:24+00:00 RUN_START id=SX0138 window=IS terminal=PROD family=G07_tp_extend_grid
2026-09-03T07:54:43+00:00 RUN_END id=SX0138 window=IS decision=IS_SURVIVOR_PROFIT elapsed=139.058s
2026-09-03T07:54:43+00:00 RUN_START id=SX0138 window=OOS terminal=PROD family=G07_tp_extend_grid
2026-09-03T08:00:30+00:00 RUN_END id=SX0137 window=OOS decision=ADOPT_CANDIDATE elapsed=630.323s
2026-09-03T08:00:30+00:00 RUN_START id=SX0139 window=IS terminal=BT1 family=G07_tp_extend_grid
2026-09-03T08:02:49+00:00 RUN_END id=SX0139 window=IS decision=IS_SURVIVOR_PROFIT elapsed=139.049s
2026-09-03T08:02:49+00:00 RUN_START id=SX0139 window=OOS terminal=BT1 family=G07_tp_extend_grid
2026-09-03T08:05:04+00:00 RUN_END id=SX0138 window=OOS decision=ADOPT_CANDIDATE elapsed=620.671s
2026-09-03T08:05:05+00:00 RUN_START id=SX0140 window=IS terminal=PROD family=G07_tp_extend_grid
2026-09-03T08:07:29+00:00 RUN_END id=SX0140 window=IS decision=IS_SURVIVOR_PROFIT elapsed=144.197s
2026-09-03T08:07:29+00:00 RUN_START id=SX0140 window=OOS terminal=PROD family=G07_tp_extend_grid
2026-09-03T08:13:14+00:00 RUN_END id=SX0139 window=OOS decision=ADOPT_CANDIDATE elapsed=624.893s
2026-09-03T08:13:14+00:00 RUN_START id=SX0141 window=IS terminal=BT1 family=G07_tp_extend_grid
2026-09-03T08:15:34+00:00 RUN_END id=SX0141 window=IS decision=IS_SURVIVOR_PROFIT elapsed=139.094s
2026-09-03T08:15:34+00:00 RUN_START id=SX0141 window=OOS terminal=BT1 family=G07_tp_extend_grid
2026-09-03T08:18:10+00:00 RUN_END id=SX0140 window=OOS decision=ADOPT_CANDIDATE elapsed=640.554s
2026-09-03T08:18:10+00:00 RUN_START id=SX0142 window=IS terminal=PROD family=G07_tp_extend_grid
2026-09-03T08:20:30+00:00 RUN_END id=SX0142 window=IS decision=IS_SURVIVOR_PROFIT elapsed=139.158s
2026-09-03T08:20:30+00:00 RUN_START id=SX0142 window=OOS terminal=PROD family=G07_tp_extend_grid
2026-09-03T08:26:04+00:00 RUN_END id=SX0141 window=OOS decision=ADOPT_CANDIDATE elapsed=629.909s
2026-09-03T08:26:04+00:00 RUN_START id=SX0143 window=IS terminal=BT1 family=G07_tp_extend_grid
2026-09-03T08:28:28+00:00 RUN_END id=SX0143 window=IS decision=IS_SURVIVOR_PROFIT elapsed=144.108s
2026-09-03T08:28:28+00:00 RUN_START id=SX0143 window=OOS terminal=BT1 family=G07_tp_extend_grid
2026-09-03T08:31:01+00:00 RUN_END id=SX0142 window=OOS decision=ADOPT_CANDIDATE elapsed=630.754s
2026-09-03T08:31:01+00:00 RUN_START id=BASELINE window=IS terminal=PROD family=baseline
2026-09-03T08:33:10+00:00 REBASE window=IS net=391947 pb=199469 sca=192478 前回比=+0.00%
2026-09-03T08:33:10+00:00 RUN_START id=BASELINE window=OOS terminal=PROD family=baseline
2026-09-03T08:39:09+00:00 RUN_END id=SX0143 window=OOS decision=ADOPT_CANDIDATE elapsed=639.88s
2026-09-03T08:39:09+00:00 RUN_START id=SX0144 window=IS terminal=BT1 family=G07_tp_extend_grid
2026-09-03T08:41:28+00:00 RUN_END id=SX0144 window=IS decision=IS_SURVIVOR_PROFIT elapsed=139.024s
2026-09-03T08:41:28+00:00 RUN_START id=SX0144 window=OOS terminal=BT1 family=G07_tp_extend_grid
2026-09-03T08:42:26+00:00 REBASE window=OOS net=41516 pb=1471 sca=40045 前回比=+0.00%
2026-09-03T08:42:26+00:00 RUN_START id=SX0145 window=IS terminal=PROD family=G07_tp_extend_grid
2026-09-03T08:44:51+00:00 RUN_END id=SX0145 window=IS decision=IS_SURVIVOR_PROFIT elapsed=144.032s
2026-09-03T08:44:51+00:00 RUN_START id=SX0145 window=OOS terminal=PROD family=G07_tp_extend_grid
2026-09-03T08:52:04+00:00 RUN_END id=SX0144 window=OOS decision=ADOPT_CANDIDATE elapsed=635.053s
2026-09-03T08:52:04+00:00 RUN_START id=SX0146 window=IS terminal=BT1 family=G07_tp_extend_grid
2026-09-03T08:54:23+00:00 RUN_END id=SX0146 window=IS decision=IS_SURVIVOR_PROFIT elapsed=139.01s
2026-09-03T08:54:23+00:00 RUN_START id=SX0146 window=OOS terminal=BT1 family=G07_tp_extend_grid
2026-09-03T08:55:17+00:00 RUN_END id=SX0145 window=OOS decision=ADOPT_CANDIDATE elapsed=625.733s
2026-09-03T08:55:17+00:00 RUN_START id=SX0147 window=IS terminal=PROD family=G07_tp_extend_grid
2026-09-03T08:57:41+00:00 RUN_END id=SX0147 window=IS decision=IS_SURVIVOR_PROFIT elapsed=144.141s
2026-09-03T08:57:41+00:00 RUN_START id=SX0147 window=OOS terminal=PROD family=G07_tp_extend_grid
2026-09-03T09:04:57+00:00 RUN_END id=SX0146 window=OOS decision=ADOPT_CANDIDATE elapsed=633.832s
2026-09-03T09:04:57+00:00 RUN_START id=SX0148 window=IS terminal=BT1 family=G07_tp_extend_grid
2026-09-03T09:07:21+00:00 RUN_END id=SX0148 window=IS decision=IS_SURVIVOR_PROFIT elapsed=143.848s
2026-09-03T09:07:21+00:00 RUN_START id=SX0148 window=OOS terminal=BT1 family=G07_tp_extend_grid
2026-09-03T09:08:06+00:00 RUN_END id=SX0147 window=OOS decision=ADOPT_CANDIDATE elapsed=624.54s
2026-09-03T09:08:06+00:00 RUN_START id=SX0149 window=IS terminal=PROD family=G07_tp_extend_grid
2026-09-03T09:10:36+00:00 RUN_END id=SX0149 window=IS decision=IS_SURVIVOR_PROFIT elapsed=149.249s
2026-09-03T09:10:36+00:00 RUN_START id=SX0149 window=OOS terminal=PROD family=G07_tp_extend_grid
2026-09-03T09:17:52+00:00 RUN_END id=SX0148 window=OOS decision=ADOPT_CANDIDATE elapsed=629.876s
2026-09-03T09:17:52+00:00 RUN_START id=SX0150 window=IS terminal=BT1 family=G07_tp_extend_grid
2026-09-03T09:20:16+00:00 RUN_END id=SX0150 window=IS decision=IS_SURVIVOR_PROFIT elapsed=144.162s
2026-09-03T09:20:16+00:00 RUN_START id=SX0150 window=OOS terminal=BT1 family=G07_tp_extend_grid
2026-09-03T09:20:52+00:00 RUN_END id=SX0149 window=OOS decision=ADOPT_CANDIDATE elapsed=615.727s
2026-09-03T09:20:52+00:00 RUN_START id=SX0151 window=IS terminal=PROD family=G07_tp_extend_grid
2026-09-03T09:23:21+00:00 RUN_END id=SX0151 window=IS decision=IS_SURVIVOR_PROFIT elapsed=149.106s
2026-09-03T09:23:21+00:00 RUN_START id=SX0151 window=OOS terminal=PROD family=G07_tp_extend_grid
2026-09-03T09:31:01+00:00 RUN_END id=SX0150 window=OOS decision=ADOPT_CANDIDATE elapsed=644.963s
2026-09-03T09:31:01+00:00 RUN_START id=SX0152 window=IS terminal=BT1 family=G07_tp_extend_grid
2026-09-03T09:33:21+00:00 RUN_END id=SX0152 window=IS decision=IS_SURVIVOR_PROFIT elapsed=139.19s
2026-09-03T09:33:21+00:00 RUN_START id=SX0152 window=OOS terminal=BT1 family=G07_tp_extend_grid
2026-09-03T09:33:47+00:00 RUN_END id=SX0151 window=OOS decision=ADOPT_CANDIDATE elapsed=625.728s
2026-09-03T09:33:47+00:00 RUN_START id=SX0153 window=IS terminal=PROD family=G07_tp_extend_grid
2026-09-03T09:36:16+00:00 RUN_END id=SX0153 window=IS decision=IS_SURVIVOR_PROFIT elapsed=148.805s
2026-09-03T09:36:16+00:00 RUN_START id=SX0153 window=OOS terminal=PROD family=G07_tp_extend_grid
2026-09-03T09:43:56+00:00 RUN_END id=SX0152 window=OOS decision=ADOPT_CANDIDATE elapsed=634.863s
2026-09-03T09:43:56+00:00 RUN_START id=SX0154 window=IS terminal=BT1 family=G07_tp_extend_grid
2026-09-03T09:46:21+00:00 RUN_END id=SX0154 window=IS decision=IS_SURVIVOR_PROFIT elapsed=144.153s
2026-09-03T09:46:21+00:00 RUN_START id=SX0154 window=OOS terminal=BT1 family=G07_tp_extend_grid
2026-09-03T09:46:47+00:00 RUN_END id=SX0153 window=OOS decision=ADOPT_CANDIDATE elapsed=630.633s
2026-09-03T09:46:47+00:00 RUN_START id=SX0155 window=IS terminal=PROD family=G08_rr_x_tp_extend
2026-09-03T09:49:22+00:00 RUN_END id=SX0155 window=IS decision=IS_SURVIVOR_PROFIT elapsed=153.84s
2026-09-03T09:49:22+00:00 RUN_START id=SX0155 window=OOS terminal=PROD family=G08_rr_x_tp_extend
2026-09-03T09:56:56+00:00 RUN_END id=SX0154 window=OOS decision=ADOPT_CANDIDATE elapsed=634.809s
2026-09-03T09:56:56+00:00 RUN_START id=SX0156 window=IS terminal=BT1 family=G08_rr_x_tp_extend
2026-09-03T09:59:20+00:00 RUN_END id=SX0156 window=IS decision=IS_SURVIVOR_PROFIT elapsed=143.99s
2026-09-03T09:59:20+00:00 RUN_START id=SX0156 window=OOS terminal=BT1 family=G08_rr_x_tp_extend
2026-09-03T09:59:53+00:00 RUN_END id=SX0155 window=OOS decision=ADOPT_CANDIDATE elapsed=630.671s
2026-09-03T09:59:53+00:00 RUN_START id=SX0157 window=IS terminal=PROD family=G08_rr_x_tp_extend
2026-09-03T10:02:22+00:00 RUN_END id=SX0157 window=IS decision=IS_SURVIVOR_PROFIT elapsed=149.122s
2026-09-03T10:02:22+00:00 RUN_START id=SX0157 window=OOS terminal=PROD family=G08_rr_x_tp_extend
2026-09-03T10:09:45+00:00 RUN_END id=SX0156 window=OOS decision=ADOPT_CANDIDATE elapsed=624.814s
2026-09-03T10:09:45+00:00 RUN_START id=SX0158 window=IS terminal=BT1 family=G08_rr_x_tp_extend
2026-09-03T10:12:05+00:00 RUN_END id=SX0158 window=IS decision=IS_SURVIVOR_PROFIT elapsed=138.946s
2026-09-03T10:12:05+00:00 RUN_START id=SX0158 window=OOS terminal=BT1 family=G08_rr_x_tp_extend
2026-09-03T10:12:58+00:00 RUN_END id=SX0157 window=OOS decision=ADOPT_CANDIDATE elapsed=635.594s
2026-09-03T10:12:58+00:00 RUN_START id=SX0159 window=IS terminal=PROD family=G08_rr_x_tp_extend
2026-09-03T10:15:33+00:00 RUN_END id=SX0159 window=IS decision=IS_SURVIVOR_PROFIT elapsed=154.123s
2026-09-03T10:15:33+00:00 RUN_START id=SX0159 window=OOS terminal=PROD family=G08_rr_x_tp_extend
2026-09-03T10:22:35+00:00 RUN_END id=SX0158 window=OOS decision=ADOPT_CANDIDATE elapsed=629.904s
2026-09-03T10:22:35+00:00 RUN_START id=SX0160 window=IS terminal=BT1 family=G08_rr_x_tp_extend
2026-09-03T10:24:59+00:00 RUN_END id=SX0160 window=IS decision=IS_SURVIVOR_PROFIT elapsed=144.266s
2026-09-03T10:24:59+00:00 RUN_START id=SX0160 window=OOS terminal=BT1 family=G08_rr_x_tp_extend
2026-09-03T10:26:24+00:00 RUN_END id=SX0159 window=OOS decision=ADOPT_CANDIDATE elapsed=650.696s
2026-09-03T10:26:24+00:00 RUN_START id=SX0161 window=IS terminal=PROD family=G08_rr_x_tp_extend
2026-09-03T10:28:48+00:00 RUN_END id=SX0161 window=IS decision=IS_SURVIVOR_PROFIT elapsed=144.112s
2026-09-03T10:28:48+00:00 RUN_START id=SX0161 window=OOS terminal=PROD family=G08_rr_x_tp_extend
2026-09-03T10:35:30+00:00 RUN_END id=SX0160 window=OOS decision=ADOPT_CANDIDATE elapsed=629.923s
2026-09-03T10:35:30+00:00 RUN_START id=SX0162 window=IS terminal=BT1 family=G08_rr_x_tp_extend
2026-09-03T10:37:49+00:00 RUN_END id=SX0162 window=IS decision=IS_SURVIVOR_PROFIT elapsed=138.925s
2026-09-03T10:37:49+00:00 RUN_START id=SX0162 window=OOS terminal=BT1 family=G08_rr_x_tp_extend
2026-09-03T10:39:14+00:00 RUN_END id=SX0161 window=OOS decision=ADOPT_CANDIDATE elapsed=625.773s
2026-09-03T10:39:14+00:00 RUN_START id=SX0163 window=IS terminal=PROD family=G08_rr_x_tp_extend
2026-09-03T10:41:39+00:00 RUN_END id=SX0163 window=IS decision=IS_SURVIVOR_PROFIT elapsed=144.415s
2026-09-03T10:41:39+00:00 RUN_START id=SX0163 window=OOS terminal=PROD family=G08_rr_x_tp_extend
2026-09-03T10:48:24+00:00 RUN_END id=SX0162 window=OOS decision=ADOPT_CANDIDATE elapsed=635.166s
2026-09-03T10:48:24+00:00 RUN_START id=BASELINE window=IS terminal=BT1 family=baseline
2026-09-03T10:50:29+00:00 REBASE window=IS net=391947 pb=199469 sca=192478 前回比=+0.00%
2026-09-03T10:50:29+00:00 RUN_START id=BASELINE window=OOS terminal=BT1 family=baseline
2026-09-03T10:52:10+00:00 RUN_END id=SX0163 window=OOS decision=ADOPT_CANDIDATE elapsed=630.78s
2026-09-03T10:52:10+00:00 RUN_START id=SX0164 window=IS terminal=PROD family=G08_rr_x_tp_extend
2026-09-03T10:54:40+00:00 RUN_END id=SX0164 window=IS decision=IS_SURVIVOR_PROFIT elapsed=149.117s
2026-09-03T10:54:40+00:00 RUN_START id=SX0164 window=OOS terminal=PROD family=G08_rr_x_tp_extend
2026-09-03T10:59:54+00:00 REBASE window=OOS net=41516 pb=1471 sca=40045 前回比=+0.00%
2026-09-03T10:59:54+00:00 RUN_START id=SX0165 window=IS terminal=BT1 family=G08_rr_x_tp_extend
2026-09-03T11:02:18+00:00 RUN_END id=SX0165 window=IS decision=IS_SURVIVOR_PROFIT elapsed=144.065s
2026-09-03T11:02:18+00:00 RUN_START id=SX0165 window=OOS terminal=BT1 family=G08_rr_x_tp_extend
2026-09-03T11:05:16+00:00 RUN_END id=SX0164 window=OOS decision=ADOPT_CANDIDATE elapsed=635.594s
2026-09-03T11:05:16+00:00 RUN_START id=SX0166 window=IS terminal=PROD family=G08_rr_x_tp_extend
2026-09-03T11:07:35+00:00 RUN_END id=SX0166 window=IS decision=IS_SURVIVOR_PROFIT elapsed=139.194s
2026-09-03T11:07:35+00:00 RUN_START id=SX0166 window=OOS terminal=PROD family=G08_rr_x_tp_extend
2026-09-03T11:12:49+00:00 RUN_END id=SX0165 window=OOS decision=ADOPT_CANDIDATE elapsed=629.855s
2026-09-03T11:12:49+00:00 RUN_START id=SX0167 window=IS terminal=BT1 family=G08_rr_x_tp_extend
2026-09-03T11:15:13+00:00 RUN_END id=SX0167 window=IS decision=IS_SURVIVOR_PROFIT elapsed=143.847s
2026-09-03T11:15:13+00:00 RUN_START id=SX0167 window=OOS terminal=BT1 family=G08_rr_x_tp_extend
2026-09-03T11:18:06+00:00 RUN_END id=SX0166 window=OOS decision=ADOPT_CANDIDATE elapsed=630.509s
2026-09-03T11:18:06+00:00 RUN_START id=SX0168 window=IS terminal=PROD family=G08_rr_x_tp_extend
2026-09-03T11:20:31+00:00 RUN_END id=SX0168 window=IS decision=IS_SURVIVOR_PROFIT elapsed=144.271s
2026-09-03T11:20:31+00:00 RUN_START id=SX0168 window=OOS terminal=PROD family=G08_rr_x_tp_extend
2026-09-03T11:25:38+00:00 RUN_END id=SX0167 window=OOS decision=ADOPT_CANDIDATE elapsed=624.991s
2026-09-03T11:25:38+00:00 RUN_START id=SX0169 window=IS terminal=BT1 family=G08_rr_x_tp_extend
2026-09-03T11:28:08+00:00 RUN_END id=SX0169 window=IS decision=IS_SURVIVOR_PROFIT elapsed=149.071s
2026-09-03T11:28:08+00:00 RUN_START id=SX0169 window=OOS terminal=BT1 family=G08_rr_x_tp_extend
2026-09-03T11:31:17+00:00 RUN_END id=SX0168 window=OOS decision=ADOPT_CANDIDATE elapsed=645.793s
2026-09-03T11:31:17+00:00 RUN_START id=SX0170 window=IS terminal=PROD family=G09_force_close_x_tp_extend
2026-09-03T11:33:42+00:00 RUN_END id=SX0170 window=IS decision=IS_REJECT elapsed=144.264s
2026-09-03T11:33:42+00:00 GATE_SKIP id=SX0170 window=OOS reason=IS_NOT_SURVIVOR decision=IS_REJECT
2026-09-03T11:33:42+00:00 RUN_START id=SX0171 window=IS terminal=PROD family=G09_force_close_x_tp_extend
2026-09-03T11:36:06+00:00 RUN_END id=SX0171 window=IS decision=IS_SURVIVOR_PROFIT elapsed=144.14s
2026-09-03T11:36:06+00:00 RUN_START id=SX0171 window=OOS terminal=PROD family=G09_force_close_x_tp_extend
2026-09-03T11:38:28+00:00 RUN_END id=SX0169 window=OOS decision=ADOPT_CANDIDATE elapsed=620.055s
2026-09-03T11:38:28+00:00 RUN_START id=SX0172 window=IS terminal=BT1 family=G09_force_close_x_tp_extend
2026-09-03T11:40:53+00:00 RUN_END id=SX0172 window=IS decision=IS_REJECT elapsed=144.04s
2026-09-03T11:40:53+00:00 GATE_SKIP id=SX0172 window=OOS reason=IS_NOT_SURVIVOR decision=IS_REJECT
2026-09-03T11:40:53+00:00 RUN_START id=SX0173 window=IS terminal=BT1 family=G09_force_close_x_tp_extend
2026-09-03T11:43:17+00:00 RUN_END id=SX0173 window=IS decision=IS_REJECT elapsed=143.956s
2026-09-03T11:43:17+00:00 GATE_SKIP id=SX0173 window=OOS reason=IS_NOT_SURVIVOR decision=IS_REJECT
2026-09-03T11:43:17+00:00 RUN_START id=SX0174 window=IS terminal=BT1 family=G09_force_close_x_tp_extend
2026-09-03T11:45:41+00:00 RUN_END id=SX0174 window=IS decision=IS_SURVIVOR_PROFIT elapsed=143.995s
2026-09-03T11:45:41+00:00 RUN_START id=SX0174 window=OOS terminal=BT1 family=G09_force_close_x_tp_extend
2026-09-03T11:46:17+00:00 RUN_END id=SX0171 window=OOS decision=ADOPT_CANDIDATE elapsed=610.557s
2026-09-03T11:46:17+00:00 RUN_START id=SX0175 window=IS terminal=PROD family=G09_force_close_x_tp_extend
2026-09-03T11:48:47+00:00 RUN_END id=SX0175 window=IS decision=IS_REJECT elapsed=149.094s
2026-09-03T11:48:47+00:00 GATE_SKIP id=SX0175 window=OOS reason=IS_NOT_SURVIVOR decision=IS_REJECT
2026-09-03T11:48:47+00:00 RUN_START id=SX0176 window=IS terminal=PROD family=G09_force_close_x_tp_extend
2026-09-03T11:51:11+00:00 RUN_END id=SX0176 window=IS decision=IS_SURVIVOR_PROFIT elapsed=144.452s
2026-09-03T11:51:11+00:00 RUN_START id=SX0176 window=OOS terminal=PROD family=G09_force_close_x_tp_extend
2026-09-03T11:56:07+00:00 RUN_END id=SX0174 window=OOS decision=OOS_REJECT elapsed=625.355s
2026-09-03T11:56:07+00:00 RUN_START id=SX0177 window=IS terminal=BT1 family=G09_force_close_x_tp_extend
2026-09-03T11:58:36+00:00 RUN_END id=SX0177 window=IS decision=IS_SURVIVOR_PROFIT elapsed=149.005s
2026-09-03T11:58:36+00:00 RUN_START id=SX0177 window=OOS terminal=BT1 family=G09_force_close_x_tp_extend
2026-09-03T12:04:33+00:00 RUN_END id=SX0176 window=OOS decision=OOS_REJECT elapsed=801.199s
2026-09-03T12:04:33+00:00 RUN_START id=SX0178 window=IS terminal=PROD family=G09_force_close_x_tp_extend
2026-09-03T12:06:58+00:00 RUN_END id=SX0178 window=IS decision=IS_SURVIVOR_PROFIT elapsed=144.111s
2026-09-03T12:06:58+00:00 RUN_START id=SX0178 window=OOS terminal=PROD family=G09_force_close_x_tp_extend
2026-09-03T12:12:47+00:00 RUN_END id=SX0177 window=OOS decision=OOS_REJECT elapsed=850.341s
2026-09-03T12:12:47+00:00 RUN_START id=SX0179 window=IS terminal=BT1 family=G09_force_close_x_tp_extend
2026-09-03T12:15:12+00:00 RUN_END id=SX0179 window=IS decision=IS_SURVIVOR_PROFIT elapsed=143.965s
2026-09-03T12:15:12+00:00 RUN_START id=SX0179 window=OOS terminal=BT1 family=G09_force_close_x_tp_extend
2026-09-03T12:22:14+00:00 RUN_END id=SX0178 window=OOS decision=OOS_REJECT elapsed=916.54s
2026-09-03T12:22:14+00:00 RUN_START id=SX0180 window=IS terminal=PROD family=G09_force_close_x_tp_extend
2026-09-03T12:24:34+00:00 RUN_END id=SX0180 window=IS decision=IS_SURVIVOR_PROFIT elapsed=139.267s
2026-09-03T12:24:34+00:00 RUN_START id=SX0180 window=OOS terminal=PROD family=G09_force_close_x_tp_extend
2026-09-03T12:25:37+00:00 RUN_END id=SX0179 window=OOS decision=ADOPT_CANDIDATE elapsed=624.942s
2026-09-03T12:25:37+00:00 RUN_START id=SX0181 window=IS terminal=BT1 family=G09_force_close_x_tp_extend
2026-09-03T12:28:06+00:00 RUN_END id=SX0181 window=IS decision=IS_SURVIVOR_PROFIT elapsed=148.872s
2026-09-03T12:28:06+00:00 RUN_START id=SX0181 window=OOS terminal=BT1 family=G09_force_close_x_tp_extend
2026-09-03T12:35:20+00:00 RUN_END id=SX0180 window=OOS decision=ADOPT_CANDIDATE elapsed=645.707s
2026-09-03T12:35:20+00:00 RUN_START id=SX0182 window=IS terminal=PROD family=G09_force_close_x_tp_extend
2026-09-03T12:37:45+00:00 RUN_END id=SX0182 window=IS decision=IS_SURVIVOR_PROFIT elapsed=144.48s
2026-09-03T12:37:45+00:00 RUN_START id=SX0182 window=OOS terminal=PROD family=G09_force_close_x_tp_extend
2026-09-03T12:38:27+00:00 RUN_END id=SX0181 window=OOS decision=ADOPT_CANDIDATE elapsed=620.222s
2026-09-03T12:38:27+00:00 RUN_START id=SX0183 window=IS terminal=BT1 family=G09_force_close_x_tp_extend
2026-09-03T12:40:56+00:00 RUN_END id=SX0183 window=IS decision=IS_SURVIVOR_PROFIT elapsed=148.931s
2026-09-03T12:40:56+00:00 RUN_START id=SX0183 window=OOS terminal=BT1 family=G09_force_close_x_tp_extend
2026-09-03T12:48:26+00:00 RUN_END id=SX0182 window=OOS decision=ADOPT_CANDIDATE elapsed=640.69s
2026-09-03T12:48:26+00:00 RUN_START id=SX0184 window=IS terminal=PROD family=G09_force_close_x_tp_extend
2026-09-03T12:50:51+00:00 RUN_END id=SX0184 window=IS decision=IS_SURVIVOR_PROFIT elapsed=144.13s
2026-09-03T12:50:51+00:00 RUN_START id=SX0184 window=OOS terminal=PROD family=G09_force_close_x_tp_extend
2026-09-03T12:51:22+00:00 RUN_END id=SX0183 window=OOS decision=ADOPT_CANDIDATE elapsed=625.443s
2026-09-03T12:51:22+00:00 RUN_START id=SX0185 window=IS terminal=BT1 family=G09_force_close_x_tp_extend
2026-09-03T12:53:56+00:00 RUN_END id=SX0185 window=IS decision=IS_SURVIVOR_PROFIT elapsed=153.609s
2026-09-03T12:53:56+00:00 RUN_START id=SX0185 window=OOS terminal=BT1 family=G09_force_close_x_tp_extend
2026-09-03T13:01:22+00:00 RUN_END id=SX0184 window=OOS decision=ADOPT_CANDIDATE elapsed=630.709s
2026-09-03T13:01:22+00:00 RUN_START id=SX0186 window=IS terminal=PROD family=G09_force_close_x_tp_extend
2026-09-03T13:03:52+00:00 RUN_END id=SX0186 window=IS decision=IS_SURVIVOR_PROFIT elapsed=149.28s
2026-09-03T13:03:52+00:00 RUN_START id=SX0186 window=OOS terminal=PROD family=G09_force_close_x_tp_extend
2026-09-03T13:05:06+00:00 RUN_END id=SX0185 window=OOS decision=ADOPT_CANDIDATE elapsed=670.047s
2026-09-03T13:05:06+00:00 RUN_START id=SX0187 window=IS terminal=BT1 family=G09_force_close_x_tp_extend
2026-09-03T13:07:36+00:00 RUN_END id=SX0187 window=IS decision=IS_SURVIVOR_PROFIT elapsed=148.926s
2026-09-03T13:07:36+00:00 RUN_START id=SX0187 window=OOS terminal=BT1 family=G09_force_close_x_tp_extend
2026-09-03T13:14:38+00:00 RUN_END id=SX0186 window=OOS decision=ADOPT_CANDIDATE elapsed=645.636s
2026-09-03T13:14:38+00:00 RUN_START id=BASELINE window=IS terminal=PROD family=baseline
2026-09-03T13:16:42+00:00 REBASE window=IS net=391947 pb=199469 sca=192478 前回比=+0.00%
2026-09-03T13:16:42+00:00 RUN_START id=BASELINE window=OOS terminal=PROD family=baseline
2026-09-03T13:18:16+00:00 RUN_END id=SX0187 window=OOS decision=ADOPT_CANDIDATE elapsed=639.877s
2026-09-03T13:23:33+00:00 REBASE window=OOS net=41516 pb=1471 sca=40045 前回比=+0.00%
2026-09-03T13:23:33+00:00 DRIVER_END status=OK
