2026-08-15T14:03:50+00:00 DRIVER_START pid=35800 phase=regression primary=39
2026-08-15T14:03:50+00:00 DRY_RUN candidate=BASELINE_OFF window=IS rules={'pb': [], 'sca': []}
2026-08-15T14:03:50+00:00 DRY_RUN candidate=BASELINE_OFF window=OOS rules={'pb': [], 'sca': []}
2026-08-15T14:03:50+00:00 DRIVER_END status=OK actual_runs=0 combos=0
2026-08-15T14:04:45+00:00 DRIVER_START pid=32456 phase=all primary=39
2026-08-15T14:04:45+00:00 RUN_START candidate=BASELINE_OFF window=IS run=gh_is_baseline_off_20260815230445_b108b9
2026-08-15T14:05:53+00:00 RUN_END candidate=BASELINE_OFF window=IS status=OK decision=REGRESSION_PASS
2026-08-15T14:06:39+00:00 DRIVER_START pid=27064 phase=all primary=39
2026-08-15T14:06:39+00:00 SKIP_EXISTING candidate=BASELINE_OFF window=IS
2026-08-15T14:06:39+00:00 RUN_START candidate=BASELINE_OFF window=OOS run=gh_oos_baseline_off_20260815230639_41d23f
2026-08-15T14:07:22+00:00 RUN_END candidate=BASELINE_OFF window=OOS status=OK decision=REGRESSION_PASS
2026-08-15T14:07:22+00:00 RUN_START candidate=MON_TOKYO_PB window=IS run=gh_is_mon_tokyo_pb_20260815230722_5619d2
2026-08-15T14:08:25+00:00 RUN_END candidate=MON_TOKYO_PB window=IS status=OK decision=MEASURED
2026-08-15T14:08:25+00:00 LIMIT_REACHED actual_runs=2
2026-08-15T14:10:40+00:00 DRIVER_START pid=23752 phase=all primary=39
2026-08-15T14:10:40+00:00 SKIP_EXISTING candidate=BASELINE_OFF window=IS
2026-08-15T14:10:40+00:00 SKIP_EXISTING candidate=BASELINE_OFF window=OOS
2026-08-15T14:10:40+00:00 SKIP_EXISTING candidate=MON_TOKYO_PB window=IS
2026-08-15T14:10:40+00:00 RUN_START candidate=MON_TOKYO_PB window=OOS run=gh_oos_mon_tokyo_pb_20260815231040_415c89
2026-08-15T14:11:23+00:00 RUN_END candidate=MON_TOKYO_PB window=OOS status=OK decision=MEASURED
2026-08-15T14:11:23+00:00 RUN_START candidate=MON_TOKYO_SCA window=IS run=gh_is_mon_tokyo_sca_20260815231123_0930f4
2026-08-15T14:12:27+00:00 RUN_END candidate=MON_TOKYO_SCA window=IS status=OK decision=MEASURED
2026-08-15T14:12:27+00:00 RUN_START candidate=MON_TOKYO_SCA window=OOS run=gh_oos_mon_tokyo_sca_20260815231227_e384ba
2026-08-15T14:13:10+00:00 RUN_END candidate=MON_TOKYO_SCA window=OOS status=OK decision=MEASURED
2026-08-15T14:13:10+00:00 RUN_START candidate=MON_TOKYO_BOTH window=IS run=gh_is_mon_tokyo_both_20260815231310_0163ef
2026-08-15T14:14:13+00:00 RUN_END candidate=MON_TOKYO_BOTH window=IS status=OK decision=MEASURED
2026-08-15T14:14:13+00:00 RUN_START candidate=MON_TOKYO_BOTH window=OOS run=gh_oos_mon_tokyo_both_20260815231413_e9b962
2026-08-15T14:14:56+00:00 RUN_END candidate=MON_TOKYO_BOTH window=OOS status=OK decision=MEASURED
2026-08-15T14:14:56+00:00 RUN_START candidate=MON_EU_AM_PB window=IS run=gh_is_mon_eu_am_pb_20260815231456_a15cec
2026-08-15T14:15:59+00:00 RUN_END candidate=MON_EU_AM_PB window=IS status=OK decision=MEASURED
2026-08-15T14:15:59+00:00 RUN_START candidate=MON_EU_AM_PB window=OOS run=gh_oos_mon_eu_am_pb_20260815231559_46c662
2026-08-15T14:16:42+00:00 RUN_END candidate=MON_EU_AM_PB window=OOS status=OK decision=MEASURED
2026-08-15T14:16:42+00:00 RUN_START candidate=MON_EU_AM_SCA window=IS run=gh_is_mon_eu_am_sca_20260815231642_c459cc
2026-08-15T14:17:45+00:00 RUN_END candidate=MON_EU_AM_SCA window=IS status=OK decision=MEASURED
2026-08-15T14:17:45+00:00 RUN_START candidate=MON_EU_AM_SCA window=OOS run=gh_oos_mon_eu_am_sca_20260815231745_a7e1f4
2026-08-15T14:18:28+00:00 RUN_END candidate=MON_EU_AM_SCA window=OOS status=OK decision=MEASURED
2026-08-15T14:18:28+00:00 RUN_START candidate=MON_EU_AM_BOTH window=IS run=gh_is_mon_eu_am_both_20260815231828_dc681e
2026-08-15T14:19:31+00:00 RUN_END candidate=MON_EU_AM_BOTH window=IS status=OK decision=MEASURED
2026-08-15T14:19:31+00:00 RUN_START candidate=MON_EU_AM_BOTH window=OOS run=gh_oos_mon_eu_am_both_20260815231931_77657a
2026-08-15T14:20:14+00:00 RUN_END candidate=MON_EU_AM_BOTH window=OOS status=OK decision=MEASURED
2026-08-15T14:20:14+00:00 RUN_START candidate=MON_EU_PM_PB window=IS run=gh_is_mon_eu_pm_pb_20260815232014_3b1242
2026-08-15T14:21:17+00:00 RUN_END candidate=MON_EU_PM_PB window=IS status=OK decision=MEASURED
2026-08-15T14:21:17+00:00 RUN_START candidate=MON_EU_PM_PB window=OOS run=gh_oos_mon_eu_pm_pb_20260815232117_6ed7f0
2026-08-15T14:22:00+00:00 RUN_END candidate=MON_EU_PM_PB window=OOS status=OK decision=MEASURED
2026-08-15T14:22:00+00:00 RUN_START candidate=MON_EU_PM_SCA window=IS run=gh_is_mon_eu_pm_sca_20260815232200_898ac0
2026-08-15T14:23:08+00:00 RUN_END candidate=MON_EU_PM_SCA window=IS status=OK decision=MEASURED
2026-08-15T14:23:08+00:00 RUN_START candidate=MON_EU_PM_SCA window=OOS run=gh_oos_mon_eu_pm_sca_20260815232308_df112d
2026-08-15T14:23:51+00:00 RUN_END candidate=MON_EU_PM_SCA window=OOS status=OK decision=MEASURED
2026-08-15T14:23:51+00:00 RUN_START candidate=MON_EU_PM_BOTH window=IS run=gh_is_mon_eu_pm_both_20260815232351_e63e8e
2026-08-15T14:24:54+00:00 RUN_END candidate=MON_EU_PM_BOTH window=IS status=OK decision=MEASURED
2026-08-15T14:24:54+00:00 RUN_START candidate=MON_EU_PM_BOTH window=OOS run=gh_oos_mon_eu_pm_both_20260815232454_791c3d
2026-08-15T14:25:37+00:00 RUN_END candidate=MON_EU_PM_BOTH window=OOS status=OK decision=MEASURED
2026-08-15T14:25:37+00:00 RUN_START candidate=MON_NY_PB window=IS run=gh_is_mon_ny_pb_20260815232537_104567
2026-08-15T14:26:40+00:00 RUN_END candidate=MON_NY_PB window=IS status=OK decision=MEASURED
2026-08-15T14:26:40+00:00 RUN_START candidate=MON_NY_PB window=OOS run=gh_oos_mon_ny_pb_20260815232640_3b3d15
2026-08-15T14:27:23+00:00 RUN_END candidate=MON_NY_PB window=OOS status=OK decision=MEASURED
2026-08-15T14:27:23+00:00 RUN_START candidate=MON_NY_SCA window=IS run=gh_is_mon_ny_sca_20260815232723_718b7c
2026-08-15T14:28:26+00:00 RUN_END candidate=MON_NY_SCA window=IS status=OK decision=MEASURED
2026-08-15T14:28:26+00:00 RUN_START candidate=MON_NY_SCA window=OOS run=gh_oos_mon_ny_sca_20260815232826_c88d85
2026-08-15T14:29:09+00:00 RUN_END candidate=MON_NY_SCA window=OOS status=OK decision=MEASURED
2026-08-15T14:29:09+00:00 RUN_START candidate=MON_NY_BOTH window=IS run=gh_is_mon_ny_both_20260815232909_52d689
2026-08-15T14:30:12+00:00 RUN_END candidate=MON_NY_BOTH window=IS status=OK decision=MEASURED
2026-08-15T14:30:12+00:00 RUN_START candidate=MON_NY_BOTH window=OOS run=gh_oos_mon_ny_both_20260815233012_d71c3b
2026-08-15T14:30:55+00:00 RUN_END candidate=MON_NY_BOTH window=OOS status=OK decision=MEASURED
2026-08-15T14:30:55+00:00 RUN_START candidate=MON_NY_LATE_PB window=IS run=gh_is_mon_ny_late_pb_20260815233055_6110dc
2026-08-15T14:31:58+00:00 RUN_END candidate=MON_NY_LATE_PB window=IS status=OK decision=MEASURED
2026-08-15T14:31:58+00:00 RUN_START candidate=MON_NY_LATE_PB window=OOS run=gh_oos_mon_ny_late_pb_20260815233158_c60305
2026-08-15T14:32:41+00:00 RUN_END candidate=MON_NY_LATE_PB window=OOS status=OK decision=MEASURED
2026-08-15T14:32:41+00:00 RUN_START candidate=MON_NY_LATE_SCA window=IS run=gh_is_mon_ny_late_sca_20260815233241_8646cb
2026-08-15T14:33:44+00:00 RUN_END candidate=MON_NY_LATE_SCA window=IS status=OK decision=MEASURED
2026-08-15T14:33:44+00:00 RUN_START candidate=MON_NY_LATE_SCA window=OOS run=gh_oos_mon_ny_late_sca_20260815233344_8ffb51
2026-08-15T14:34:27+00:00 RUN_END candidate=MON_NY_LATE_SCA window=OOS status=OK decision=MEASURED
2026-08-15T14:34:27+00:00 RUN_START candidate=MON_NY_LATE_BOTH window=IS run=gh_is_mon_ny_late_both_20260815233427_72021e
2026-08-15T14:35:30+00:00 RUN_END candidate=MON_NY_LATE_BOTH window=IS status=OK decision=MEASURED
2026-08-15T14:35:30+00:00 RUN_START candidate=MON_NY_LATE_BOTH window=OOS run=gh_oos_mon_ny_late_both_20260815233530_351b59
2026-08-15T14:36:13+00:00 RUN_END candidate=MON_NY_LATE_BOTH window=OOS status=OK decision=MEASURED
2026-08-15T14:36:13+00:00 RUN_START candidate=FRI_TOKYO_PB window=IS run=gh_is_fri_tokyo_pb_20260815233613_aec6df
2026-08-15T14:37:16+00:00 RUN_END candidate=FRI_TOKYO_PB window=IS status=OK decision=MEASURED
2026-08-15T14:37:16+00:00 RUN_START candidate=FRI_TOKYO_PB window=OOS run=gh_oos_fri_tokyo_pb_20260815233716_180eab
2026-08-15T14:37:59+00:00 RUN_END candidate=FRI_TOKYO_PB window=OOS status=OK decision=MEASURED
2026-08-15T14:37:59+00:00 RUN_START candidate=FRI_TOKYO_SCA window=IS run=gh_is_fri_tokyo_sca_20260815233759_a619e7
2026-08-15T14:39:02+00:00 RUN_END candidate=FRI_TOKYO_SCA window=IS status=OK decision=MEASURED
2026-08-15T14:39:02+00:00 RUN_START candidate=FRI_TOKYO_SCA window=OOS run=gh_oos_fri_tokyo_sca_20260815233902_c157d2
2026-08-15T14:39:45+00:00 RUN_END candidate=FRI_TOKYO_SCA window=OOS status=OK decision=MEASURED
2026-08-15T14:39:45+00:00 RUN_START candidate=FRI_TOKYO_BOTH window=IS run=gh_is_fri_tokyo_both_20260815233945_f1cfe9
2026-08-15T14:40:48+00:00 RUN_END candidate=FRI_TOKYO_BOTH window=IS status=OK decision=MEASURED
2026-08-15T14:40:48+00:00 RUN_START candidate=FRI_TOKYO_BOTH window=OOS run=gh_oos_fri_tokyo_both_20260815234048_797f87
2026-08-15T14:41:31+00:00 RUN_END candidate=FRI_TOKYO_BOTH window=OOS status=OK decision=MEASURED
2026-08-15T14:41:31+00:00 RUN_START candidate=FRI_EU_AM_PB window=IS run=gh_is_fri_eu_am_pb_20260815234131_29b34c
2026-08-15T14:42:34+00:00 RUN_END candidate=FRI_EU_AM_PB window=IS status=OK decision=MEASURED
2026-08-15T14:42:34+00:00 RUN_START candidate=FRI_EU_AM_PB window=OOS run=gh_oos_fri_eu_am_pb_20260815234234_a3db9a
2026-08-15T14:43:17+00:00 RUN_END candidate=FRI_EU_AM_PB window=OOS status=OK decision=MEASURED
2026-08-15T14:43:17+00:00 RUN_START candidate=FRI_EU_AM_SCA window=IS run=gh_is_fri_eu_am_sca_20260815234317_3d0693
2026-08-15T14:44:20+00:00 RUN_END candidate=FRI_EU_AM_SCA window=IS status=OK decision=MEASURED
2026-08-15T14:44:20+00:00 RUN_START candidate=FRI_EU_AM_SCA window=OOS run=gh_oos_fri_eu_am_sca_20260815234420_14467d
2026-08-15T14:45:03+00:00 RUN_END candidate=FRI_EU_AM_SCA window=OOS status=OK decision=MEASURED
2026-08-15T14:45:03+00:00 RUN_START candidate=FRI_EU_AM_BOTH window=IS run=gh_is_fri_eu_am_both_20260815234503_027c95
2026-08-15T14:46:06+00:00 RUN_END candidate=FRI_EU_AM_BOTH window=IS status=OK decision=MEASURED
2026-08-15T14:46:06+00:00 RUN_START candidate=FRI_EU_AM_BOTH window=OOS run=gh_oos_fri_eu_am_both_20260815234606_5690c2
2026-08-15T14:46:49+00:00 RUN_END candidate=FRI_EU_AM_BOTH window=OOS status=OK decision=MEASURED
2026-08-15T14:46:49+00:00 RUN_START candidate=FRI_EU_PM_PB window=IS run=gh_is_fri_eu_pm_pb_20260815234649_5547c3
2026-08-15T14:47:52+00:00 RUN_END candidate=FRI_EU_PM_PB window=IS status=OK decision=MEASURED
2026-08-15T14:47:52+00:00 RUN_START candidate=FRI_EU_PM_PB window=OOS run=gh_oos_fri_eu_pm_pb_20260815234752_891a08
2026-08-15T14:48:35+00:00 RUN_END candidate=FRI_EU_PM_PB window=OOS status=OK decision=MEASURED
2026-08-15T14:48:35+00:00 RUN_START candidate=FRI_EU_PM_SCA window=IS run=gh_is_fri_eu_pm_sca_20260815234835_f54bfc
2026-08-15T14:49:38+00:00 RUN_END candidate=FRI_EU_PM_SCA window=IS status=OK decision=MEASURED
2026-08-15T14:49:38+00:00 RUN_START candidate=FRI_EU_PM_SCA window=OOS run=gh_oos_fri_eu_pm_sca_20260815234938_fffb4e
2026-08-15T14:50:21+00:00 RUN_END candidate=FRI_EU_PM_SCA window=OOS status=OK decision=MEASURED
2026-08-15T14:50:21+00:00 RUN_START candidate=FRI_EU_PM_BOTH window=IS run=gh_is_fri_eu_pm_both_20260815235021_73df2e
2026-08-15T14:51:24+00:00 RUN_END candidate=FRI_EU_PM_BOTH window=IS status=OK decision=MEASURED
2026-08-15T14:51:24+00:00 RUN_START candidate=FRI_EU_PM_BOTH window=OOS run=gh_oos_fri_eu_pm_both_20260815235124_9fb6c6
2026-08-15T14:52:07+00:00 RUN_END candidate=FRI_EU_PM_BOTH window=OOS status=OK decision=MEASURED
2026-08-15T14:52:07+00:00 RUN_START candidate=FRI_NY_PB window=IS run=gh_is_fri_ny_pb_20260815235207_89396c
2026-08-15T14:53:15+00:00 RUN_END candidate=FRI_NY_PB window=IS status=OK decision=MEASURED
2026-08-15T14:53:15+00:00 RUN_START candidate=FRI_NY_PB window=OOS run=gh_oos_fri_ny_pb_20260815235315_9c0e35
2026-08-15T14:53:58+00:00 RUN_END candidate=FRI_NY_PB window=OOS status=OK decision=MEASURED
2026-08-15T14:53:58+00:00 RUN_START candidate=FRI_NY_SCA window=IS run=gh_is_fri_ny_sca_20260815235358_0fea94
2026-08-15T14:55:01+00:00 RUN_END candidate=FRI_NY_SCA window=IS status=OK decision=MEASURED
2026-08-15T14:55:01+00:00 RUN_START candidate=FRI_NY_SCA window=OOS run=gh_oos_fri_ny_sca_20260815235501_04e6b9
2026-08-15T14:55:44+00:00 RUN_END candidate=FRI_NY_SCA window=OOS status=OK decision=MEASURED
2026-08-15T14:55:44+00:00 RUN_START candidate=FRI_NY_BOTH window=IS run=gh_is_fri_ny_both_20260815235544_3b39b1
2026-08-15T14:56:47+00:00 RUN_END candidate=FRI_NY_BOTH window=IS status=OK decision=MEASURED
2026-08-15T14:56:47+00:00 RUN_START candidate=FRI_NY_BOTH window=OOS run=gh_oos_fri_ny_both_20260815235647_3edf62
2026-08-15T14:57:30+00:00 RUN_END candidate=FRI_NY_BOTH window=OOS status=OK decision=MEASURED
2026-08-15T14:57:30+00:00 RUN_START candidate=FRI_NY_LATE_PB window=IS run=gh_is_fri_ny_late_pb_20260815235730_4353fd
2026-08-15T14:58:33+00:00 RUN_END candidate=FRI_NY_LATE_PB window=IS status=OK decision=MEASURED
2026-08-15T14:58:33+00:00 RUN_START candidate=FRI_NY_LATE_PB window=OOS run=gh_oos_fri_ny_late_pb_20260815235833_e65316
2026-08-15T14:59:16+00:00 RUN_END candidate=FRI_NY_LATE_PB window=OOS status=OK decision=MEASURED
2026-08-15T14:59:16+00:00 RUN_START candidate=FRI_NY_LATE_SCA window=IS run=gh_is_fri_ny_late_sca_20260815235916_a80933
2026-08-15T15:00:19+00:00 RUN_END candidate=FRI_NY_LATE_SCA window=IS status=OK decision=MEASURED
2026-08-15T15:00:19+00:00 RUN_START candidate=FRI_NY_LATE_SCA window=OOS run=gh_oos_fri_ny_late_sca_20260816000019_e4321b
2026-08-15T15:01:02+00:00 RUN_END candidate=FRI_NY_LATE_SCA window=OOS status=OK decision=MEASURED
2026-08-15T15:01:02+00:00 RUN_START candidate=FRI_NY_LATE_BOTH window=IS run=gh_is_fri_ny_late_both_20260816000102_7433e2
2026-08-15T15:02:05+00:00 RUN_END candidate=FRI_NY_LATE_BOTH window=IS status=OK decision=MEASURED
2026-08-15T15:02:05+00:00 RUN_START candidate=FRI_NY_LATE_BOTH window=OOS run=gh_oos_fri_ny_late_both_20260816000205_2f1b5c
2026-08-15T15:02:48+00:00 RUN_END candidate=FRI_NY_LATE_BOTH window=OOS status=OK decision=MEASURED
2026-08-15T15:02:48+00:00 RUN_START candidate=WED_ALL_PB window=IS run=gh_is_wed_all_pb_20260816000248_7f3336
2026-08-15T15:03:51+00:00 RUN_END candidate=WED_ALL_PB window=IS status=OK decision=MEASURED
2026-08-15T15:03:51+00:00 RUN_START candidate=WED_ALL_PB window=OOS run=gh_oos_wed_all_pb_20260816000351_9489fe
2026-08-15T15:04:34+00:00 RUN_END candidate=WED_ALL_PB window=OOS status=OK decision=MEASURED
2026-08-15T15:04:34+00:00 RUN_START candidate=WED_ALL_SCA window=IS run=gh_is_wed_all_sca_20260816000434_67a7b9
2026-08-15T15:05:38+00:00 RUN_END candidate=WED_ALL_SCA window=IS status=OK decision=MEASURED
2026-08-15T15:05:38+00:00 RUN_START candidate=WED_ALL_SCA window=OOS run=gh_oos_wed_all_sca_20260816000538_e7d3b2
2026-08-15T15:06:21+00:00 RUN_END candidate=WED_ALL_SCA window=OOS status=OK decision=MEASURED
2026-08-15T15:06:21+00:00 RUN_START candidate=WED_ALL_BOTH window=IS run=gh_is_wed_all_both_20260816000621_eb90af
2026-08-15T15:07:24+00:00 RUN_END candidate=WED_ALL_BOTH window=IS status=OK decision=MEASURED
2026-08-15T15:07:24+00:00 RUN_START candidate=WED_ALL_BOTH window=OOS run=gh_oos_wed_all_both_20260816000724_765190
2026-08-15T15:08:07+00:00 RUN_END candidate=WED_ALL_BOTH window=OOS status=OK decision=MEASURED
2026-08-15T15:08:07+00:00 RUN_START candidate=MON_ALL_PB window=IS run=gh_is_mon_all_pb_20260816000807_d92866
2026-08-15T15:09:10+00:00 RUN_END candidate=MON_ALL_PB window=IS status=OK decision=MEASURED
2026-08-15T15:09:10+00:00 RUN_START candidate=MON_ALL_PB window=OOS run=gh_oos_mon_all_pb_20260816000910_7b8540
2026-08-15T15:09:53+00:00 RUN_END candidate=MON_ALL_PB window=OOS status=OK decision=MEASURED
2026-08-15T15:09:53+00:00 RUN_START candidate=MON_ALL_SCA window=IS run=gh_is_mon_all_sca_20260816000953_25a7ca
2026-08-15T15:10:56+00:00 RUN_END candidate=MON_ALL_SCA window=IS status=OK decision=MEASURED
2026-08-15T15:10:56+00:00 RUN_START candidate=MON_ALL_SCA window=OOS run=gh_oos_mon_all_sca_20260816001056_572c58
2026-08-15T15:11:39+00:00 RUN_END candidate=MON_ALL_SCA window=OOS status=OK decision=MEASURED
2026-08-15T15:11:39+00:00 RUN_START candidate=MON_ALL_BOTH window=IS run=gh_is_mon_all_both_20260816001139_44790a
2026-08-15T15:12:42+00:00 RUN_END candidate=MON_ALL_BOTH window=IS status=OK decision=MEASURED
2026-08-15T15:12:42+00:00 RUN_START candidate=MON_ALL_BOTH window=OOS run=gh_oos_mon_all_both_20260816001242_03fd29
2026-08-15T15:13:25+00:00 RUN_END candidate=MON_ALL_BOTH window=OOS status=OK decision=MEASURED
2026-08-15T15:13:25+00:00 RUN_START candidate=FRI_ALL_PB window=IS run=gh_is_fri_all_pb_20260816001325_68dd0f
2026-08-15T15:14:28+00:00 RUN_END candidate=FRI_ALL_PB window=IS status=OK decision=MEASURED
2026-08-15T15:14:28+00:00 RUN_START candidate=FRI_ALL_PB window=OOS run=gh_oos_fri_all_pb_20260816001428_8b8535
2026-08-15T15:15:11+00:00 RUN_END candidate=FRI_ALL_PB window=OOS status=OK decision=MEASURED
2026-08-15T15:15:11+00:00 RUN_START candidate=FRI_ALL_SCA window=IS run=gh_is_fri_all_sca_20260816001511_9e8910
2026-08-15T15:16:14+00:00 RUN_END candidate=FRI_ALL_SCA window=IS status=OK decision=MEASURED
2026-08-15T15:16:14+00:00 RUN_START candidate=FRI_ALL_SCA window=OOS run=gh_oos_fri_all_sca_20260816001614_1f9bc9
2026-08-15T15:16:57+00:00 RUN_END candidate=FRI_ALL_SCA window=OOS status=OK decision=MEASURED
2026-08-15T15:16:57+00:00 RUN_START candidate=FRI_ALL_BOTH window=IS run=gh_is_fri_all_both_20260816001657_1ada31
2026-08-15T15:18:00+00:00 RUN_END candidate=FRI_ALL_BOTH window=IS status=OK decision=MEASURED
2026-08-15T15:18:00+00:00 RUN_START candidate=FRI_ALL_BOTH window=OOS run=gh_oos_fri_all_both_20260816001800_5db087
2026-08-15T15:18:43+00:00 RUN_END candidate=FRI_ALL_BOTH window=OOS status=OK decision=MEASURED
2026-08-15T15:18:43+00:00 RUN_START candidate=COMBO_19E952D458 window=IS run=gh_is_combo_19e952d458_20260816001843_87a9e1
2026-08-15T15:19:46+00:00 RUN_END candidate=COMBO_19E952D458 window=IS status=OK decision=MEASURED
2026-08-15T15:19:46+00:00 RUN_START candidate=COMBO_19E952D458 window=OOS run=gh_oos_combo_19e952d458_20260816001946_12f358
2026-08-15T15:20:29+00:00 RUN_END candidate=COMBO_19E952D458 window=OOS status=OK decision=MEASURED
2026-08-15T15:20:29+00:00 RUN_START candidate=COMBO_25D21E691F window=IS run=gh_is_combo_25d21e691f_20260816002029_ac6c7f
2026-08-15T15:21:32+00:00 RUN_END candidate=COMBO_25D21E691F window=IS status=OK decision=MEASURED
2026-08-15T15:21:32+00:00 RUN_START candidate=COMBO_25D21E691F window=OOS run=gh_oos_combo_25d21e691f_20260816002132_dadcf4
2026-08-15T15:22:15+00:00 RUN_END candidate=COMBO_25D21E691F window=OOS status=OK decision=MEASURED
2026-08-15T15:22:15+00:00 RUN_START candidate=COMBO_41AB3EAB56 window=IS run=gh_is_combo_41ab3eab56_20260816002215_85865a
2026-08-15T15:23:18+00:00 RUN_END candidate=COMBO_41AB3EAB56 window=IS status=OK decision=MEASURED
2026-08-15T15:23:18+00:00 RUN_START candidate=COMBO_41AB3EAB56 window=OOS run=gh_oos_combo_41ab3eab56_20260816002318_96f746
2026-08-15T15:24:06+00:00 RUN_END candidate=COMBO_41AB3EAB56 window=OOS status=OK decision=MEASURED
2026-08-15T15:24:06+00:00 RUN_START candidate=COMBO_57EEBA9892 window=IS run=gh_is_combo_57eeba9892_20260816002406_75c62d
2026-08-15T15:25:09+00:00 RUN_END candidate=COMBO_57EEBA9892 window=IS status=OK decision=MEASURED
2026-08-15T15:25:09+00:00 RUN_START candidate=COMBO_57EEBA9892 window=OOS run=gh_oos_combo_57eeba9892_20260816002509_030758
2026-08-15T15:25:09+00:00 WAIT_MT5 elapsed=0s processes=metatester64.exe
2026-08-15T15:26:11+00:00 WAIT_MT5 elapsed=62s processes=metatester64.exe
2026-08-15T15:27:12+00:00 WAIT_MT5 elapsed=123s processes=metatester64.exe
2026-08-15T15:28:13+00:00 WAIT_MT5 elapsed=184s processes=metatester64.exe
2026-08-15T15:29:15+00:00 WAIT_MT5 elapsed=246s processes=metatester64.exe
2026-08-15T15:30:16+00:00 WAIT_MT5 elapsed=307s processes=metatester64.exe
2026-08-15T15:32:17+00:00 RUN_END candidate=COMBO_57EEBA9892 window=OOS status=OK decision=MEASURED
2026-08-15T15:32:17+00:00 RUN_START candidate=COMBO_6C5C38FA86 window=IS run=gh_is_combo_6c5c38fa86_20260816003217_5d10ec
2026-08-15T15:33:20+00:00 RUN_END candidate=COMBO_6C5C38FA86 window=IS status=OK decision=MEASURED
2026-08-15T15:33:20+00:00 RUN_START candidate=COMBO_6C5C38FA86 window=OOS run=gh_oos_combo_6c5c38fa86_20260816003320_64aa44
2026-08-15T15:34:03+00:00 RUN_END candidate=COMBO_6C5C38FA86 window=OOS status=OK decision=MEASURED
2026-08-15T15:34:03+00:00 RUN_START candidate=COMBO_98C6690BED window=IS run=gh_is_combo_98c6690bed_20260816003403_3d53c2
2026-08-15T15:35:06+00:00 RUN_END candidate=COMBO_98C6690BED window=IS status=OK decision=MEASURED
2026-08-15T15:35:06+00:00 RUN_START candidate=COMBO_98C6690BED window=OOS run=gh_oos_combo_98c6690bed_20260816003506_81c42c
2026-08-15T15:35:49+00:00 RUN_END candidate=COMBO_98C6690BED window=OOS status=OK decision=MEASURED
2026-08-15T15:35:49+00:00 RUN_START candidate=COMBO_B746E06985 window=IS run=gh_is_combo_b746e06985_20260816003549_62d99a
2026-08-15T15:36:52+00:00 RUN_END candidate=COMBO_B746E06985 window=IS status=OK decision=MEASURED
2026-08-15T15:36:52+00:00 RUN_START candidate=COMBO_B746E06985 window=OOS run=gh_oos_combo_b746e06985_20260816003652_c12095
2026-08-15T15:37:35+00:00 RUN_END candidate=COMBO_B746E06985 window=OOS status=OK decision=MEASURED
2026-08-15T15:37:35+00:00 RUN_START candidate=COMBO_BC9FA5775F window=IS run=gh_is_combo_bc9fa5775f_20260816003735_3c68a2
2026-08-15T15:38:38+00:00 RUN_END candidate=COMBO_BC9FA5775F window=IS status=OK decision=MEASURED
2026-08-15T15:38:38+00:00 RUN_START candidate=COMBO_BC9FA5775F window=OOS run=gh_oos_combo_bc9fa5775f_20260816003838_63101f
2026-08-15T15:39:21+00:00 RUN_END candidate=COMBO_BC9FA5775F window=OOS status=OK decision=MEASURED
2026-08-15T15:39:21+00:00 RUN_START candidate=COMBO_C1F0F9FBE2 window=IS run=gh_is_combo_c1f0f9fbe2_20260816003921_739725
2026-08-15T15:40:24+00:00 RUN_END candidate=COMBO_C1F0F9FBE2 window=IS status=OK decision=MEASURED
2026-08-15T15:40:24+00:00 RUN_START candidate=COMBO_C1F0F9FBE2 window=OOS run=gh_oos_combo_c1f0f9fbe2_20260816004024_b25111
2026-08-15T15:41:07+00:00 RUN_END candidate=COMBO_C1F0F9FBE2 window=OOS status=OK decision=MEASURED
2026-08-15T15:41:07+00:00 RUN_START candidate=COMBO_DA2DE2C343 window=IS run=gh_is_combo_da2de2c343_20260816004107_26ba8e
2026-08-15T15:42:10+00:00 RUN_END candidate=COMBO_DA2DE2C343 window=IS status=OK decision=MEASURED
2026-08-15T15:42:10+00:00 RUN_START candidate=COMBO_DA2DE2C343 window=OOS run=gh_oos_combo_da2de2c343_20260816004210_d717ba
2026-08-15T15:42:53+00:00 RUN_END candidate=COMBO_DA2DE2C343 window=OOS status=OK decision=MEASURED
2026-08-15T15:42:53+00:00 RUN_START candidate=COMBO_EB147ECC94 window=IS run=gh_is_combo_eb147ecc94_20260816004253_175a3e
2026-08-15T15:43:56+00:00 RUN_END candidate=COMBO_EB147ECC94 window=IS status=OK decision=MEASURED
2026-08-15T15:43:56+00:00 RUN_START candidate=COMBO_EB147ECC94 window=OOS run=gh_oos_combo_eb147ecc94_20260816004356_14d9e3
2026-08-15T15:44:39+00:00 RUN_END candidate=COMBO_EB147ECC94 window=OOS status=OK decision=MEASURED
2026-08-15T15:44:39+00:00 RUN_START candidate=COMBO_ECBEDE4532 window=IS run=gh_is_combo_ecbede4532_20260816004439_ff06c7
2026-08-15T15:45:42+00:00 RUN_END candidate=COMBO_ECBEDE4532 window=IS status=OK decision=MEASURED
2026-08-15T15:45:42+00:00 RUN_START candidate=COMBO_ECBEDE4532 window=OOS run=gh_oos_combo_ecbede4532_20260816004542_6ebc93
2026-08-15T15:46:25+00:00 RUN_END candidate=COMBO_ECBEDE4532 window=OOS status=OK decision=MEASURED
2026-08-15T15:46:25+00:00 RUN_START candidate=MON_TOKYO_PB window=XM5 run=gh_xm5_mon_tokyo_pb_20260816004625_ca642a
2026-08-15T15:54:09+00:00 RUN_END candidate=MON_TOKYO_PB window=XM5 status=OK decision=MEASURED
2026-08-15T15:54:09+00:00 RUN_START candidate=MON_TOKYO_BOTH window=XM5 run=gh_xm5_mon_tokyo_both_20260816005409_92452f
2026-08-15T16:01:43+00:00 RUN_END candidate=MON_TOKYO_BOTH window=XM5 status=OK decision=MEASURED
2026-08-15T16:01:43+00:00 RUN_START candidate=FRI_EU_AM_PB window=XM5 run=gh_xm5_fri_eu_am_pb_20260816010143_5e8a9c
2026-08-15T16:01:43+00:00 WAIT_MT5 elapsed=0s processes=metatester64.exe
2026-08-15T16:02:44+00:00 WAIT_MT5 elapsed=62s processes=metatester64.exe
2026-08-15T16:03:46+00:00 WAIT_MT5 elapsed=123s processes=metatester64.exe
2026-08-15T16:04:47+00:00 WAIT_MT5 elapsed=184s processes=metatester64.exe
2026-08-15T16:05:48+00:00 WAIT_MT5 elapsed=246s processes=metatester64.exe
2026-08-15T16:06:50+00:00 WAIT_MT5 elapsed=307s processes=metatester64.exe
2026-08-15T16:15:09+00:00 RUN_END candidate=FRI_EU_AM_PB window=XM5 status=OK decision=MEASURED
2026-08-15T16:15:09+00:00 RUN_START candidate=FRI_EU_AM_BOTH window=XM5 run=gh_xm5_fri_eu_am_both_20260816011509_63b5d1
2026-08-15T16:22:58+00:00 RUN_END candidate=FRI_EU_AM_BOTH window=XM5 status=OK decision=MEASURED
2026-08-15T16:22:58+00:00 RUN_START candidate=FRI_EU_PM_PB window=XM5 run=gh_xm5_fri_eu_pm_pb_20260816012258_2b0347
2026-08-15T16:22:58+00:00 WAIT_MT5 elapsed=1s processes=metatester64.exe
2026-08-15T16:31:02+00:00 RUN_END candidate=FRI_EU_PM_PB window=XM5 status=OK decision=MEASURED
2026-08-15T16:31:02+00:00 RUN_START candidate=FRI_EU_PM_BOTH window=XM5 run=gh_xm5_fri_eu_pm_both_20260816013102_3dbc2c
2026-08-15T16:38:30+00:00 RUN_END candidate=FRI_EU_PM_BOTH window=XM5 status=OK decision=MEASURED
2026-08-15T16:38:30+00:00 RUN_START candidate=COMBO_19E952D458 window=XM5 run=gh_xm5_combo_19e952d458_20260816013830_95b422
2026-08-15T16:45:59+00:00 RUN_END candidate=COMBO_19E952D458 window=XM5 status=OK decision=MEASURED
2026-08-15T16:45:59+00:00 RUN_START candidate=COMBO_25D21E691F window=XM5 run=gh_xm5_combo_25d21e691f_20260816014559_dff0b6
2026-08-15T16:53:43+00:00 RUN_END candidate=COMBO_25D21E691F window=XM5 status=OK decision=MEASURED
2026-08-15T16:53:43+00:00 RUN_START candidate=COMBO_41AB3EAB56 window=XM5 run=gh_xm5_combo_41ab3eab56_20260816015343_82a887
2026-08-15T17:01:32+00:00 RUN_END candidate=COMBO_41AB3EAB56 window=XM5 status=OK decision=MEASURED
2026-08-15T17:01:32+00:00 RUN_START candidate=COMBO_57EEBA9892 window=XM5 run=gh_xm5_combo_57eeba9892_20260816020132_e4287e
2026-08-15T17:09:21+00:00 RUN_END candidate=COMBO_57EEBA9892 window=XM5 status=OK decision=MEASURED
2026-08-15T17:09:21+00:00 RUN_START candidate=COMBO_6C5C38FA86 window=XM5 run=gh_xm5_combo_6c5c38fa86_20260816020921_130f2f
2026-08-15T17:17:04+00:00 RUN_END candidate=COMBO_6C5C38FA86 window=XM5 status=OK decision=MEASURED
2026-08-15T17:17:04+00:00 RUN_START candidate=COMBO_98C6690BED window=XM5 run=gh_xm5_combo_98c6690bed_20260816021704_f83ca4
2026-08-15T17:24:48+00:00 RUN_END candidate=COMBO_98C6690BED window=XM5 status=OK decision=MEASURED
2026-08-15T17:24:48+00:00 RUN_START candidate=COMBO_B746E06985 window=XM5 run=gh_xm5_combo_b746e06985_20260816022448_ddafd6
2026-08-15T17:32:27+00:00 RUN_END candidate=COMBO_B746E06985 window=XM5 status=OK decision=MEASURED
2026-08-15T17:32:27+00:00 RUN_START candidate=COMBO_BC9FA5775F window=XM5 run=gh_xm5_combo_bc9fa5775f_20260816023227_6960d8
2026-08-15T17:39:50+00:00 RUN_END candidate=COMBO_BC9FA5775F window=XM5 status=OK decision=MEASURED
2026-08-15T17:39:50+00:00 RUN_START candidate=COMBO_C1F0F9FBE2 window=XM5 run=gh_xm5_combo_c1f0f9fbe2_20260816023950_71c089
2026-08-15T17:47:19+00:00 RUN_END candidate=COMBO_C1F0F9FBE2 window=XM5 status=OK decision=MEASURED
2026-08-15T17:47:19+00:00 RUN_START candidate=COMBO_DA2DE2C343 window=XM5 run=gh_xm5_combo_da2de2c343_20260816024719_0da911
2026-08-15T17:54:47+00:00 RUN_END candidate=COMBO_DA2DE2C343 window=XM5 status=OK decision=MEASURED
2026-08-15T17:54:47+00:00 RUN_START candidate=COMBO_EB147ECC94 window=XM5 run=gh_xm5_combo_eb147ecc94_20260816025447_cd05a7
2026-08-15T17:54:48+00:00 WAIT_MT5 elapsed=1s processes=metatester64.exe
2026-08-15T18:02:31+00:00 RUN_END candidate=COMBO_EB147ECC94 window=XM5 status=OK decision=MEASURED
2026-08-15T18:02:31+00:00 RUN_START candidate=COMBO_ECBEDE4532 window=XM5 run=gh_xm5_combo_ecbede4532_20260816030231_77f049
2026-08-15T18:10:05+00:00 RUN_END candidate=COMBO_ECBEDE4532 window=XM5 status=OK decision=MEASURED
2026-08-15T18:10:05+00:00 DRIVER_END status=OK actual_runs=119 combos=12
