2026-08-23T09:45:34+00:00 DRIVER_START pid=33756 stage=all targets=900 sha_gate=True magic_gate=True
2026-08-23T09:45:34+00:00 SKIP_REGRESSION window=IS reason=existing exact pass
2026-08-23T09:45:34+00:00 SKIP_REGRESSION window=FULL reason=existing exact pass
2026-08-23T09:45:34+00:00 RUN_START id=OAFX0001 family=sca_gj_range_quality window=IS run=oafx_is_oafx0001_20260823184534_41f93a
2026-08-23T09:45:35+00:00 RUN_HEARTBEAT pid=29384 elapsed=0s
2026-08-23T09:46:37+00:00 RUN_HEARTBEAT pid=29384 elapsed=62s
2026-08-23T09:47:39+00:00 RUN_HEARTBEAT pid=29384 elapsed=124s
2026-08-23T09:48:40+00:00 RUN_HEARTBEAT pid=29384 elapsed=185s
2026-08-23T09:49:42+00:00 RUN_HEARTBEAT pid=29384 elapsed=247s
2026-08-23T09:50:44+00:00 RUN_HEARTBEAT pid=29384 elapsed=309s
2026-08-23T09:51:46+00:00 RUN_HEARTBEAT pid=29384 elapsed=371s
2026-08-23T09:52:16+00:00 RUN_END id=OAFX0001 window=IS status=OK decision=IS_REJECT_TRADEOFF elapsed=402.283s
2026-08-23T09:52:16+00:00 GATE_SKIP id=OAFX0001 window=OOS reason=IS_NOT_SURVIVOR decision=IS_REJECT_TRADEOFF net=218814.0 PF=1.3633 DD=34.2779%
2026-08-23T09:52:16+00:00 RUN_START id=OAFX0002 family=sca_gj_range_quality window=IS run=oafx_is_oafx0002_20260823185216_54393a
2026-08-23T09:52:17+00:00 RUN_HEARTBEAT pid=19036 elapsed=0s
2026-08-23T09:53:19+00:00 RUN_HEARTBEAT pid=19036 elapsed=62s
2026-08-23T09:54:21+00:00 RUN_HEARTBEAT pid=19036 elapsed=123s
2026-08-23T09:55:22+00:00 RUN_HEARTBEAT pid=19036 elapsed=185s
2026-08-23T09:56:24+00:00 RUN_HEARTBEAT pid=19036 elapsed=247s
2026-08-23T09:57:26+00:00 RUN_HEARTBEAT pid=19036 elapsed=308s
2026-08-23T09:58:27+00:00 RUN_END id=OAFX0002 window=IS status=OK decision=IS_REJECT_TRADEOFF elapsed=370.902s
2026-08-23T09:58:27+00:00 GATE_SKIP id=OAFX0002 window=OOS reason=IS_NOT_SURVIVOR decision=IS_REJECT_TRADEOFF net=224896.0 PF=1.3927 DD=35.2708%
2026-08-23T09:58:27+00:00 RUN_START id=OAFX0003 family=sca_gj_range_quality window=IS run=oafx_is_oafx0003_20260823185827_d9864b
2026-08-23T09:58:28+00:00 RUN_HEARTBEAT pid=29372 elapsed=0s
2026-08-23T09:59:30+00:00 RUN_HEARTBEAT pid=29372 elapsed=62s
2026-08-23T10:00:32+00:00 RUN_HEARTBEAT pid=29372 elapsed=123s
2026-08-23T10:01:33+00:00 RUN_HEARTBEAT pid=29372 elapsed=185s
2026-08-23T10:02:35+00:00 RUN_HEARTBEAT pid=29372 elapsed=247s
2026-08-23T10:03:37+00:00 RUN_HEARTBEAT pid=29372 elapsed=308s
2026-08-23T10:04:38+00:00 RUN_END id=OAFX0003 window=IS status=OK decision=IS_REJECT elapsed=370.985s
2026-08-23T10:04:38+00:00 GATE_SKIP id=OAFX0003 window=OOS reason=IS_NOT_SURVIVOR decision=IS_REJECT net=195996.0 PF=1.3588 DD=44.0144%
2026-08-23T10:04:38+00:00 RUN_START id=OAFX0004 family=sca_gj_range_quality window=IS run=oafx_is_oafx0004_20260823190438_e0329e
2026-08-23T10:04:39+00:00 RUN_HEARTBEAT pid=28028 elapsed=0s
2026-08-23T10:05:41+00:00 RUN_HEARTBEAT pid=28028 elapsed=62s
2026-08-23T10:06:43+00:00 RUN_HEARTBEAT pid=28028 elapsed=123s
2026-08-23T10:07:44+00:00 RUN_HEARTBEAT pid=28028 elapsed=185s
2026-08-23T10:08:46+00:00 RUN_HEARTBEAT pid=28028 elapsed=247s
2026-08-23T10:09:48+00:00 RUN_HEARTBEAT pid=28028 elapsed=309s
2026-08-23T10:10:49+00:00 RUN_END id=OAFX0004 window=IS status=OK decision=IS_REJECT elapsed=371.059s
2026-08-23T10:10:49+00:00 GATE_SKIP id=OAFX0004 window=OOS reason=IS_NOT_SURVIVOR decision=IS_REJECT net=188264.0 PF=1.3491 DD=42.8676%
2026-08-23T10:10:49+00:00 RUN_START id=OAFX0005 family=sca_gj_range_quality window=IS run=oafx_is_oafx0005_20260823191049_9e2a59
2026-08-23T10:10:50+00:00 RUN_HEARTBEAT pid=19720 elapsed=0s
2026-08-23T10:11:52+00:00 RUN_HEARTBEAT pid=19720 elapsed=62s
2026-08-23T10:12:54+00:00 RUN_HEARTBEAT pid=19720 elapsed=123s
2026-08-23T10:13:55+00:00 RUN_HEARTBEAT pid=19720 elapsed=185s
2026-08-23T10:14:57+00:00 RUN_HEARTBEAT pid=19720 elapsed=247s
2026-08-23T10:15:59+00:00 RUN_HEARTBEAT pid=19720 elapsed=309s
2026-08-23T10:17:01+00:00 RUN_END id=OAFX0005 window=IS status=OK decision=IS_REJECT_TRADEOFF elapsed=371.151s
2026-08-23T10:17:01+00:00 GATE_SKIP id=OAFX0005 window=OOS reason=IS_NOT_SURVIVOR decision=IS_REJECT_TRADEOFF net=207818.0 PF=1.4087 DD=34.1165%
2026-08-23T10:17:01+00:00 RUN_START id=OAFX0006 family=sca_gj_range_quality window=IS run=oafx_is_oafx0006_20260823191701_7ef8cc
2026-08-23T10:17:02+00:00 RUN_HEARTBEAT pid=20860 elapsed=0s
2026-08-23T10:18:03+00:00 RUN_HEARTBEAT pid=20860 elapsed=62s
2026-08-23T10:19:05+00:00 RUN_HEARTBEAT pid=20860 elapsed=123s
2026-08-23T10:20:07+00:00 RUN_HEARTBEAT pid=20860 elapsed=185s
2026-08-23T10:21:08+00:00 RUN_HEARTBEAT pid=20860 elapsed=247s
2026-08-23T10:22:10+00:00 RUN_HEARTBEAT pid=20860 elapsed=309s
2026-08-23T10:23:12+00:00 RUN_END id=OAFX0006 window=IS status=OK decision=IS_REJECT_TRADEOFF elapsed=371.140s
2026-08-23T10:23:12+00:00 GATE_SKIP id=OAFX0006 window=OOS reason=IS_NOT_SURVIVOR decision=IS_REJECT_TRADEOFF net=221289.0 PF=1.3616 DD=33.235%
2026-08-23T10:23:12+00:00 RUN_START id=OAFX0007 family=sca_gj_range_quality window=IS run=oafx_is_oafx0007_20260823192312_059dec
2026-08-23T10:23:13+00:00 RUN_HEARTBEAT pid=42416 elapsed=0s
2026-08-23T10:24:14+00:00 RUN_HEARTBEAT pid=42416 elapsed=62s
2026-08-23T10:25:16+00:00 RUN_HEARTBEAT pid=42416 elapsed=124s
2026-08-23T10:26:18+00:00 RUN_HEARTBEAT pid=42416 elapsed=185s
2026-08-23T10:27:20+00:00 RUN_HEARTBEAT pid=42416 elapsed=247s
2026-08-23T10:28:21+00:00 RUN_HEARTBEAT pid=42416 elapsed=309s
2026-08-23T10:29:23+00:00 RUN_HEARTBEAT pid=42416 elapsed=370s
2026-08-23T10:29:38+00:00 RUN_END id=OAFX0007 window=IS status=OK decision=IS_REJECT_TRADEOFF elapsed=386.710s
2026-08-23T10:29:38+00:00 GATE_SKIP id=OAFX0007 window=OOS reason=IS_NOT_SURVIVOR decision=IS_REJECT_TRADEOFF net=226574.0 PF=1.389 DD=34.2599%
2026-08-23T10:29:38+00:00 RUN_START id=OAFX0008 family=sca_gj_range_quality window=IS run=oafx_is_oafx0008_20260823192938_0beeb0
2026-08-23T10:29:39+00:00 RUN_HEARTBEAT pid=37736 elapsed=0s
2026-08-23T10:30:41+00:00 RUN_HEARTBEAT pid=37736 elapsed=62s
2026-08-23T10:31:43+00:00 RUN_HEARTBEAT pid=37736 elapsed=123s
2026-08-23T10:32:44+00:00 RUN_HEARTBEAT pid=37736 elapsed=185s
2026-08-23T10:33:46+00:00 RUN_HEARTBEAT pid=37736 elapsed=247s
2026-08-23T10:34:48+00:00 RUN_HEARTBEAT pid=37736 elapsed=309s
2026-08-23T10:35:50+00:00 RUN_HEARTBEAT pid=37736 elapsed=370s
2026-08-23T10:36:05+00:00 RUN_END id=OAFX0008 window=IS status=OK decision=IS_REJECT elapsed=386.617s
2026-08-23T10:36:05+00:00 GATE_SKIP id=OAFX0008 window=OOS reason=IS_NOT_SURVIVOR decision=IS_REJECT net=197154.0 PF=1.3553 DD=43.2011%
2026-08-23T10:36:05+00:00 RUN_START id=OAFX0009 family=sca_gj_range_quality window=IS run=oafx_is_oafx0009_20260823193605_84ce8b
2026-08-23T10:36:06+00:00 RUN_HEARTBEAT pid=18352 elapsed=0s
2026-08-23T10:37:08+00:00 RUN_HEARTBEAT pid=18352 elapsed=62s
2026-08-23T10:38:09+00:00 RUN_HEARTBEAT pid=18352 elapsed=123s
2026-08-23T10:39:11+00:00 RUN_HEARTBEAT pid=18352 elapsed=185s
2026-08-23T10:40:13+00:00 RUN_HEARTBEAT pid=18352 elapsed=247s
2026-08-23T10:41:14+00:00 RUN_HEARTBEAT pid=18352 elapsed=308s
2026-08-23T10:42:16+00:00 RUN_END id=OAFX0009 window=IS status=OK decision=IS_REJECT elapsed=370.847s
2026-08-23T10:42:16+00:00 GATE_SKIP id=OAFX0009 window=OOS reason=IS_NOT_SURVIVOR decision=IS_REJECT net=188901.0 PF=1.3455 DD=42.2005%
2026-08-23T10:42:16+00:00 RUN_START id=OAFX0010 family=sca_gj_range_quality window=IS run=oafx_is_oafx0010_20260823194216_8195be
2026-08-23T10:42:17+00:00 RUN_HEARTBEAT pid=43860 elapsed=0s
2026-08-23T10:43:18+00:00 RUN_HEARTBEAT pid=43860 elapsed=62s
2026-08-23T10:44:20+00:00 RUN_HEARTBEAT pid=43860 elapsed=123s
2026-08-23T10:45:22+00:00 RUN_HEARTBEAT pid=43860 elapsed=185s
2026-08-23T10:46:24+00:00 RUN_HEARTBEAT pid=43860 elapsed=247s
2026-08-23T10:47:25+00:00 RUN_HEARTBEAT pid=43860 elapsed=308s
2026-08-23T10:48:27+00:00 RUN_END id=OAFX0010 window=IS status=OK decision=IS_REJECT_TRADEOFF elapsed=370.963s
2026-08-23T10:48:27+00:00 GATE_SKIP id=OAFX0010 window=OOS reason=IS_NOT_SURVIVOR decision=IS_REJECT_TRADEOFF net=208333.0 PF=1.4046 DD=33.5901%
2026-08-23T10:48:27+00:00 RUN_START id=OAFX0011 family=sca_gj_range_quality window=IS run=oafx_is_oafx0011_20260823194827_dd5c02
2026-08-23T10:48:28+00:00 RUN_HEARTBEAT pid=26224 elapsed=0s
2026-08-23T10:49:29+00:00 RUN_HEARTBEAT pid=26224 elapsed=62s
2026-08-23T10:50:31+00:00 RUN_HEARTBEAT pid=26224 elapsed=123s
2026-08-23T10:51:33+00:00 RUN_HEARTBEAT pid=26224 elapsed=185s
2026-08-23T10:52:34+00:00 RUN_HEARTBEAT pid=26224 elapsed=247s
2026-08-23T10:53:36+00:00 RUN_HEARTBEAT pid=26224 elapsed=308s
2026-08-23T10:54:38+00:00 RUN_HEARTBEAT pid=26224 elapsed=370s
2026-08-23T10:54:53+00:00 RUN_END id=OAFX0011 window=IS status=OK decision=IS_REJECT_TRADEOFF elapsed=386.318s
2026-08-23T10:54:53+00:00 GATE_SKIP id=OAFX0011 window=OOS reason=IS_NOT_SURVIVOR decision=IS_REJECT_TRADEOFF net=244832.0 PF=1.3956 DD=34.9629%
2026-08-23T10:54:53+00:00 RUN_START id=OAFX0012 family=sca_gj_range_quality window=IS run=oafx_is_oafx0012_20260823195453_5c8083
2026-08-23T10:54:54+00:00 RUN_HEARTBEAT pid=11900 elapsed=0s
2026-08-23T10:55:56+00:00 RUN_HEARTBEAT pid=11900 elapsed=62s
2026-08-23T10:56:57+00:00 RUN_HEARTBEAT pid=11900 elapsed=123s
2026-08-23T10:57:59+00:00 RUN_HEARTBEAT pid=11900 elapsed=185s
2026-08-23T10:59:01+00:00 RUN_HEARTBEAT pid=11900 elapsed=247s
2026-08-23T11:00:03+00:00 RUN_HEARTBEAT pid=11900 elapsed=308s
2026-08-23T11:01:04+00:00 RUN_END id=OAFX0012 window=IS status=OK decision=IS_REJECT elapsed=371.010s
2026-08-23T11:01:04+00:00 GATE_SKIP id=OAFX0012 window=OOS reason=IS_NOT_SURVIVOR decision=IS_REJECT net=248347.0 PF=1.4208 DD=35.9879%
2026-08-23T11:01:04+00:00 RUN_START id=OAFX0013 family=sca_gj_range_quality window=IS run=oafx_is_oafx0013_20260823200104_946853
2026-08-23T11:01:05+00:00 RUN_HEARTBEAT pid=28888 elapsed=0s
2026-08-23T11:02:07+00:00 RUN_HEARTBEAT pid=28888 elapsed=62s
2026-08-23T11:03:08+00:00 RUN_HEARTBEAT pid=28888 elapsed=123s
2026-08-23T11:04:10+00:00 RUN_HEARTBEAT pid=28888 elapsed=185s
2026-08-23T11:05:12+00:00 RUN_HEARTBEAT pid=28888 elapsed=247s
2026-08-23T11:06:14+00:00 RUN_HEARTBEAT pid=28888 elapsed=309s
2026-08-23T11:07:15+00:00 RUN_END id=OAFX0013 window=IS status=OK decision=IS_REJECT elapsed=371.141s
2026-08-23T11:07:15+00:00 GATE_SKIP id=OAFX0013 window=OOS reason=IS_NOT_SURVIVOR decision=IS_REJECT net=215183.0 PF=1.3823 DD=44.9291%
2026-08-23T11:07:15+00:00 RUN_START id=OAFX0014 family=sca_gj_range_quality window=IS run=oafx_is_oafx0014_20260823200715_c9b4c6
2026-08-23T11:07:16+00:00 RUN_HEARTBEAT pid=34588 elapsed=0s
2026-08-23T11:08:18+00:00 RUN_HEARTBEAT pid=34588 elapsed=62s
2026-08-23T11:09:20+00:00 RUN_HEARTBEAT pid=34588 elapsed=123s
2026-08-23T11:10:21+00:00 RUN_HEARTBEAT pid=34588 elapsed=185s
2026-08-23T11:11:23+00:00 RUN_HEARTBEAT pid=34588 elapsed=247s
2026-08-23T11:12:25+00:00 RUN_HEARTBEAT pid=34588 elapsed=308s
2026-08-23T11:13:26+00:00 RUN_END id=OAFX0014 window=IS status=OK decision=IS_REJECT elapsed=371.028s
2026-08-23T11:13:26+00:00 GATE_SKIP id=OAFX0014 window=OOS reason=IS_NOT_SURVIVOR decision=IS_REJECT net=207814.0 PF=1.3753 DD=43.9285%
2026-08-23T11:13:26+00:00 RUN_START id=OAFX0015 family=sca_gj_range_quality window=IS run=oafx_is_oafx0015_20260823201326_eff535
2026-08-23T11:13:27+00:00 RUN_HEARTBEAT pid=21508 elapsed=0s
2026-08-23T11:14:29+00:00 RUN_HEARTBEAT pid=21508 elapsed=62s
2026-08-23T11:15:31+00:00 RUN_HEARTBEAT pid=21508 elapsed=123s
2026-08-23T11:16:32+00:00 RUN_HEARTBEAT pid=21508 elapsed=185s
2026-08-23T11:17:34+00:00 RUN_HEARTBEAT pid=21508 elapsed=247s
2026-08-23T11:18:36+00:00 RUN_HEARTBEAT pid=21508 elapsed=309s
2026-08-23T11:19:38+00:00 RUN_END id=OAFX0015 window=IS status=OK decision=IS_REJECT_TRADEOFF elapsed=371.121s
2026-08-23T11:19:38+00:00 GATE_SKIP id=OAFX0015 window=OOS reason=IS_NOT_SURVIVOR decision=IS_REJECT_TRADEOFF net=227246.0 PF=1.4354 DD=35.311%
2026-08-23T11:19:38+00:00 RUN_START id=OAFX0016 family=sca_gj_range_quality window=IS run=oafx_is_oafx0016_20260823201938_74936e
2026-08-23T11:19:38+00:00 RUN_HEARTBEAT pid=32772 elapsed=0s
2026-08-23T11:20:40+00:00 RUN_HEARTBEAT pid=32772 elapsed=62s
2026-08-23T11:21:42+00:00 RUN_HEARTBEAT pid=32772 elapsed=123s
2026-08-23T11:22:43+00:00 RUN_HEARTBEAT pid=32772 elapsed=185s
2026-08-23T11:23:45+00:00 RUN_HEARTBEAT pid=32772 elapsed=247s
2026-08-23T11:24:47+00:00 RUN_HEARTBEAT pid=32772 elapsed=308s
2026-08-23T11:25:48+00:00 RUN_END id=OAFX0016 window=IS status=OK decision=IS_REJECT_TRADEOFF elapsed=370.949s
2026-08-23T11:25:48+00:00 GATE_SKIP id=OAFX0016 window=OOS reason=IS_NOT_SURVIVOR decision=IS_REJECT_TRADEOFF net=240450.0 PF=1.3824 DD=34.9629%
2026-08-23T11:25:48+00:00 RUN_START id=OAFX0017 family=sca_gj_range_quality window=IS run=oafx_is_oafx0017_20260823202548_8aff19
2026-08-23T11:25:49+00:00 RUN_HEARTBEAT pid=42420 elapsed=0s
2026-08-23T11:26:51+00:00 RUN_HEARTBEAT pid=42420 elapsed=62s
2026-08-23T11:27:53+00:00 RUN_HEARTBEAT pid=42420 elapsed=123s
2026-08-23T11:28:54+00:00 RUN_HEARTBEAT pid=42420 elapsed=185s
2026-08-23T11:29:56+00:00 RUN_HEARTBEAT pid=42420 elapsed=247s
2026-08-23T11:30:58+00:00 RUN_HEARTBEAT pid=42420 elapsed=309s
2026-08-23T11:32:00+00:00 RUN_END id=OAFX0017 window=IS status=OK decision=IS_REJECT elapsed=371.195s
2026-08-23T11:32:00+00:00 GATE_SKIP id=OAFX0017 window=OOS reason=IS_NOT_SURVIVOR decision=IS_REJECT net=242996.0 PF=1.4049 DD=35.9879%
2026-08-23T11:32:00+00:00 RUN_START id=OAFX0018 family=sca_gj_range_quality window=IS run=oafx_is_oafx0018_20260823203200_3189e4
2026-08-23T11:32:01+00:00 RUN_HEARTBEAT pid=38452 elapsed=0s
2026-08-23T11:33:02+00:00 RUN_HEARTBEAT pid=38452 elapsed=62s
2026-08-23T11:34:04+00:00 RUN_HEARTBEAT pid=38452 elapsed=123s
2026-08-23T11:35:06+00:00 RUN_HEARTBEAT pid=38452 elapsed=185s
2026-08-23T11:36:07+00:00 RUN_HEARTBEAT pid=38452 elapsed=247s
2026-08-23T11:37:09+00:00 RUN_HEARTBEAT pid=38452 elapsed=308s
2026-08-23T11:38:11+00:00 RUN_END id=OAFX0018 window=IS status=OK decision=IS_REJECT elapsed=370.957s
2026-08-23T11:38:11+00:00 GATE_SKIP id=OAFX0018 window=OOS reason=IS_NOT_SURVIVOR decision=IS_REJECT net=209690.0 PF=1.366 DD=44.9291%
2026-08-23T11:38:11+00:00 RUN_START id=OAFX0019 family=sca_gj_range_quality window=IS run=oafx_is_oafx0019_20260823203811_39bee8
2026-08-23T11:38:12+00:00 RUN_HEARTBEAT pid=23932 elapsed=0s
2026-08-23T11:39:13+00:00 RUN_HEARTBEAT pid=23932 elapsed=62s
2026-08-23T11:40:15+00:00 RUN_HEARTBEAT pid=23932 elapsed=123s
2026-08-23T11:41:17+00:00 RUN_HEARTBEAT pid=23932 elapsed=185s
2026-08-23T11:42:18+00:00 RUN_HEARTBEAT pid=23932 elapsed=247s
2026-08-23T11:43:20+00:00 RUN_HEARTBEAT pid=23932 elapsed=309s
2026-08-23T11:44:22+00:00 RUN_END id=OAFX0019 window=IS status=OK decision=IS_REJECT elapsed=371.043s
2026-08-23T11:44:22+00:00 GATE_SKIP id=OAFX0019 window=OOS reason=IS_NOT_SURVIVOR decision=IS_REJECT net=201711.0 PF=1.3577 DD=43.9285%
2026-08-23T11:44:22+00:00 RUN_START id=OAFX0020 family=sca_gj_range_quality window=IS run=oafx_is_oafx0020_20260823204422_8d2514
2026-08-23T11:44:23+00:00 RUN_HEARTBEAT pid=38540 elapsed=0s
2026-08-23T11:45:24+00:00 RUN_HEARTBEAT pid=38540 elapsed=62s
2026-08-23T11:46:26+00:00 RUN_HEARTBEAT pid=38540 elapsed=124s
2026-08-23T11:47:28+00:00 RUN_HEARTBEAT pid=38540 elapsed=185s
2026-08-23T11:48:30+00:00 RUN_HEARTBEAT pid=38540 elapsed=247s
2026-08-23T11:49:31+00:00 RUN_HEARTBEAT pid=38540 elapsed=309s
2026-08-23T11:50:33+00:00 RUN_END id=OAFX0020 window=IS status=OK decision=IS_REJECT_TRADEOFF elapsed=371.491s
2026-08-23T11:50:33+00:00 GATE_SKIP id=OAFX0020 window=OOS reason=IS_NOT_SURVIVOR decision=IS_REJECT_TRADEOFF net=222823.0 PF=1.4203 DD=35.311%
2026-08-23T11:50:33+00:00 RUN_START id=OAFX0021 family=sca_gj_range_quality window=IS run=oafx_is_oafx0021_20260823205033_8931f5
2026-08-23T11:50:34+00:00 RUN_HEARTBEAT pid=41536 elapsed=0s
2026-08-23T11:51:36+00:00 RUN_HEARTBEAT pid=41536 elapsed=62s
2026-08-23T11:52:37+00:00 RUN_HEARTBEAT pid=41536 elapsed=123s
2026-08-23T11:53:39+00:00 RUN_HEARTBEAT pid=41536 elapsed=185s
2026-08-23T11:54:41+00:00 RUN_HEARTBEAT pid=41536 elapsed=247s
2026-08-23T11:55:42+00:00 RUN_HEARTBEAT pid=41536 elapsed=308s
2026-08-23T11:56:44+00:00 RUN_END id=OAFX0021 window=IS status=OK decision=IS_REJECT elapsed=370.814s
2026-08-23T11:56:44+00:00 GATE_SKIP id=OAFX0021 window=OOS reason=IS_NOT_SURVIVOR decision=IS_REJECT net=183245.0 PF=1.3356 DD=38.1007%
2026-08-23T11:56:44+00:00 RUN_START id=OAFX0022 family=sca_gj_range_quality window=IS run=oafx_is_oafx0022_20260823205644_29f8cf
2026-08-23T11:56:45+00:00 RUN_HEARTBEAT pid=39508 elapsed=0s
2026-08-23T11:57:47+00:00 RUN_HEARTBEAT pid=39508 elapsed=62s
2026-08-23T11:58:48+00:00 RUN_HEARTBEAT pid=39508 elapsed=124s
2026-08-23T11:59:50+00:00 RUN_HEARTBEAT pid=39508 elapsed=185s
2026-08-23T12:00:52+00:00 RUN_HEARTBEAT pid=39508 elapsed=247s
2026-08-23T12:01:54+00:00 RUN_HEARTBEAT pid=39508 elapsed=309s
2026-08-23T12:02:56+00:00 RUN_END id=OAFX0022 window=IS status=OK decision=IS_REJECT elapsed=371.668s
2026-08-23T12:02:56+00:00 GATE_SKIP id=OAFX0022 window=OOS reason=IS_NOT_SURVIVOR decision=IS_REJECT net=186376.0 PF=1.3564 DD=42.5713%
2026-08-23T12:02:56+00:00 RUN_START id=OAFX0023 family=sca_gj_range_quality window=IS run=oafx_is_oafx0023_20260823210256_8f827b
2026-08-23T12:02:57+00:00 RUN_HEARTBEAT pid=23292 elapsed=0s
2026-08-23T12:03:58+00:00 RUN_HEARTBEAT pid=23292 elapsed=62s
2026-08-23T12:05:00+00:00 RUN_HEARTBEAT pid=23292 elapsed=123s
2026-08-23T12:06:02+00:00 RUN_HEARTBEAT pid=23292 elapsed=185s
2026-08-23T12:07:03+00:00 RUN_HEARTBEAT pid=23292 elapsed=247s
2026-08-23T12:08:05+00:00 RUN_HEARTBEAT pid=23292 elapsed=309s
2026-08-23T12:09:07+00:00 RUN_END id=OAFX0023 window=IS status=OK decision=IS_REJECT elapsed=371.133s
2026-08-23T12:09:07+00:00 GATE_SKIP id=OAFX0023 window=OOS reason=IS_NOT_SURVIVOR decision=IS_REJECT net=173549.0 PF=1.3476 DD=45.1215%
2026-08-23T12:09:07+00:00 RUN_START id=OAFX0024 family=sca_gj_range_quality window=IS run=oafx_is_oafx0024_20260823210907_5c02e8
2026-08-23T12:09:08+00:00 RUN_HEARTBEAT pid=45752 elapsed=0s
2026-08-23T12:10:09+00:00 RUN_HEARTBEAT pid=45752 elapsed=62s
2026-08-23T12:11:11+00:00 RUN_HEARTBEAT pid=45752 elapsed=123s
2026-08-23T12:12:13+00:00 RUN_HEARTBEAT pid=45752 elapsed=185s
2026-08-23T12:13:15+00:00 RUN_HEARTBEAT pid=45752 elapsed=247s
2026-08-23T12:14:16+00:00 RUN_HEARTBEAT pid=45752 elapsed=309s
2026-08-23T12:15:18+00:00 RUN_END id=OAFX0024 window=IS status=OK decision=IS_REJECT elapsed=371.151s
2026-08-23T12:15:18+00:00 GATE_SKIP id=OAFX0024 window=OOS reason=IS_NOT_SURVIVOR decision=IS_REJECT net=166946.0 PF=1.3406 DD=42.2275%
2026-08-23T12:15:18+00:00 RUN_START id=OAFX0025 family=sca_gj_range_quality window=IS run=oafx_is_oafx0025_20260823211518_7f7849
2026-08-23T12:15:19+00:00 RUN_HEARTBEAT pid=6460 elapsed=0s
2026-08-23T12:16:21+00:00 RUN_HEARTBEAT pid=6460 elapsed=62s
2026-08-23T12:17:22+00:00 RUN_HEARTBEAT pid=6460 elapsed=124s
2026-08-23T12:18:24+00:00 RUN_HEARTBEAT pid=6460 elapsed=185s
2026-08-23T12:19:26+00:00 RUN_HEARTBEAT pid=6460 elapsed=247s
2026-08-23T12:20:28+00:00 RUN_HEARTBEAT pid=6460 elapsed=309s
2026-08-23T12:21:29+00:00 RUN_END id=OAFX0025 window=IS status=OK decision=IS_REJECT_TRADEOFF elapsed=371.241s
2026-08-23T12:21:29+00:00 GATE_SKIP id=OAFX0025 window=OOS reason=IS_NOT_SURVIVOR decision=IS_REJECT_TRADEOFF net=175707.0 PF=1.3729 DD=34.7495%
2026-08-23T12:21:29+00:00 RUN_START id=OAFX0026 family=sca_gj_range_quality window=IS run=oafx_is_oafx0026_20260823212129_4d65a3
2026-08-23T12:21:30+00:00 RUN_HEARTBEAT pid=26760 elapsed=0s
2026-08-23T12:22:32+00:00 RUN_HEARTBEAT pid=26760 elapsed=62s
2026-08-23T12:23:34+00:00 RUN_HEARTBEAT pid=26760 elapsed=123s
2026-08-23T12:24:35+00:00 RUN_HEARTBEAT pid=26760 elapsed=185s
2026-08-23T12:25:37+00:00 RUN_HEARTBEAT pid=26760 elapsed=247s
2026-08-23T12:26:39+00:00 RUN_HEARTBEAT pid=26760 elapsed=309s
2026-08-23T12:27:40+00:00 RUN_HEARTBEAT pid=26760 elapsed=370s
2026-08-23T12:27:56+00:00 RUN_END id=OAFX0026 window=IS status=OK decision=IS_REJECT elapsed=386.666s
2026-08-23T12:27:56+00:00 GATE_SKIP id=OAFX0026 window=OOS reason=IS_NOT_SURVIVOR decision=IS_REJECT net=185720.0 PF=1.3343 DD=37.0578%
2026-08-23T12:27:56+00:00 RUN_START id=OAFX0027 family=sca_gj_range_quality window=IS run=oafx_is_oafx0027_20260823212756_1bf0b7
2026-08-23T12:27:57+00:00 RUN_HEARTBEAT pid=4604 elapsed=0s
2026-08-23T12:28:58+00:00 RUN_HEARTBEAT pid=4604 elapsed=62s
2026-08-23T12:30:00+00:00 RUN_HEARTBEAT pid=4604 elapsed=123s
2026-08-23T12:31:02+00:00 RUN_HEARTBEAT pid=4604 elapsed=185s
2026-08-23T12:32:03+00:00 RUN_HEARTBEAT pid=4604 elapsed=247s
2026-08-23T12:33:05+00:00 RUN_HEARTBEAT pid=4604 elapsed=308s
2026-08-23T12:34:07+00:00 RUN_END id=OAFX0027 window=IS status=OK decision=IS_REJECT elapsed=370.866s
2026-08-23T12:34:07+00:00 GATE_SKIP id=OAFX0027 window=OOS reason=IS_NOT_SURVIVOR decision=IS_REJECT net=188054.0 PF=1.353 DD=41.5604%
2026-08-23T12:34:07+00:00 RUN_START id=OAFX0028 family=sca_gj_range_quality window=IS run=oafx_is_oafx0028_20260823213407_b6a86d
2026-08-23T12:34:08+00:00 RUN_HEARTBEAT pid=33684 elapsed=0s
2026-08-23T12:35:09+00:00 RUN_HEARTBEAT pid=33684 elapsed=62s
2026-08-23T12:36:11+00:00 RUN_HEARTBEAT pid=33684 elapsed=123s
2026-08-23T12:37:13+00:00 RUN_HEARTBEAT pid=33684 elapsed=185s
2026-08-23T12:38:14+00:00 RUN_HEARTBEAT pid=33684 elapsed=247s
2026-08-23T12:39:16+00:00 RUN_HEARTBEAT pid=33684 elapsed=309s
2026-08-23T12:40:18+00:00 RUN_HEARTBEAT pid=33684 elapsed=370s
2026-08-23T12:40:33+00:00 RUN_END id=OAFX0028 window=IS status=OK decision=IS_REJECT elapsed=386.618s
2026-08-23T12:40:33+00:00 GATE_SKIP id=OAFX0028 window=OOS reason=IS_NOT_SURVIVOR decision=IS_REJECT net=174707.0 PF=1.344 DD=44.3082%
2026-08-23T12:40:33+00:00 RUN_START id=OAFX0029 family=sca_gj_range_quality window=IS run=oafx_is_oafx0029_20260823214033_c5c214
2026-08-23T12:40:34+00:00 RUN_HEARTBEAT pid=31792 elapsed=0s
2026-08-23T12:41:36+00:00 RUN_HEARTBEAT pid=31792 elapsed=62s
2026-08-23T12:42:38+00:00 RUN_HEARTBEAT pid=31792 elapsed=123s
2026-08-23T12:43:39+00:00 RUN_HEARTBEAT pid=31792 elapsed=185s
2026-08-23T12:44:41+00:00 RUN_HEARTBEAT pid=31792 elapsed=247s
2026-08-23T12:45:42+00:00 RUN_HEARTBEAT pid=31792 elapsed=308s
2026-08-23T12:46:44+00:00 RUN_END id=OAFX0029 window=IS status=OK decision=IS_REJECT elapsed=370.783s
2026-08-23T12:46:44+00:00 GATE_SKIP id=OAFX0029 window=OOS reason=IS_NOT_SURVIVOR decision=IS_REJECT net=167583.0 PF=1.3367 DD=41.5604%
2026-08-23T12:46:44+00:00 RUN_START id=OAFX0030 family=sca_gj_range_quality window=IS run=oafx_is_oafx0030_20260823214644_53090d
2026-08-23T12:46:45+00:00 RUN_HEARTBEAT pid=22572 elapsed=0s
2026-08-23T12:47:47+00:00 RUN_HEARTBEAT pid=22572 elapsed=62s
2026-08-23T12:48:48+00:00 RUN_HEARTBEAT pid=22572 elapsed=123s
2026-08-23T12:49:50+00:00 RUN_HEARTBEAT pid=22572 elapsed=185s
2026-08-23T12:50:52+00:00 RUN_HEARTBEAT pid=22572 elapsed=247s
2026-08-23T12:51:53+00:00 RUN_HEARTBEAT pid=22572 elapsed=308s
2026-08-23T12:52:55+00:00 RUN_END id=OAFX0030 window=IS status=OK decision=IS_REJECT_TRADEOFF elapsed=370.992s
2026-08-23T12:52:55+00:00 GATE_SKIP id=OAFX0030 window=OOS reason=IS_NOT_SURVIVOR decision=IS_REJECT_TRADEOFF net=176222.0 PF=1.3689 DD=34.2224%
2026-08-23T12:52:55+00:00 RUN_START id=OAFX0031 family=sca_gj_range_quality window=IS run=oafx_is_oafx0031_20260823215255_ac347a
2026-08-23T12:52:56+00:00 RUN_HEARTBEAT pid=35144 elapsed=0s
2026-08-23T12:53:58+00:00 RUN_HEARTBEAT pid=35144 elapsed=62s
2026-08-23T12:54:59+00:00 RUN_HEARTBEAT pid=35144 elapsed=123s
2026-08-23T12:56:01+00:00 RUN_HEARTBEAT pid=35144 elapsed=185s
2026-08-23T12:57:03+00:00 RUN_HEARTBEAT pid=35144 elapsed=247s
2026-08-23T12:58:04+00:00 RUN_HEARTBEAT pid=35144 elapsed=308s
2026-08-23T12:59:06+00:00 RUN_END id=OAFX0031 window=IS status=OK decision=IS_REJECT elapsed=370.668s
2026-08-23T12:59:06+00:00 GATE_SKIP id=OAFX0031 window=OOS reason=IS_NOT_SURVIVOR decision=IS_REJECT net=209263.0 PF=1.3721 DD=38.7857%
2026-08-23T12:59:06+00:00 RUN_START id=OAFX0032 family=sca_gj_range_quality window=IS run=oafx_is_oafx0032_20260823215906_2639d7
2026-08-23T12:59:07+00:00 RUN_HEARTBEAT pid=12616 elapsed=0s
2026-08-23T13:00:08+00:00 RUN_HEARTBEAT pid=12616 elapsed=62s
2026-08-23T13:01:10+00:00 RUN_HEARTBEAT pid=12616 elapsed=123s
2026-08-23T13:02:12+00:00 RUN_HEARTBEAT pid=12616 elapsed=185s
2026-08-23T13:03:13+00:00 RUN_HEARTBEAT pid=12616 elapsed=247s
2026-08-23T13:04:15+00:00 RUN_HEARTBEAT pid=12616 elapsed=308s
2026-08-23T13:05:17+00:00 RUN_END id=OAFX0032 window=IS status=OK decision=IS_REJECT elapsed=370.825s
2026-08-23T13:05:17+00:00 GATE_SKIP id=OAFX0032 window=OOS reason=IS_NOT_SURVIVOR decision=IS_REJECT net=209827.0 PF=1.3883 DD=43.2883%
2026-08-23T13:05:17+00:00 RUN_START id=OAFX0033 family=sca_gj_range_quality window=IS run=oafx_is_oafx0033_20260823220517_946275
2026-08-23T13:05:18+00:00 RUN_HEARTBEAT pid=15144 elapsed=0s
2026-08-23T13:06:19+00:00 RUN_HEARTBEAT pid=15144 elapsed=62s
2026-08-23T13:07:21+00:00 RUN_HEARTBEAT pid=15144 elapsed=123s
2026-08-23T13:08:23+00:00 RUN_HEARTBEAT pid=15144 elapsed=185s
2026-08-23T13:09:24+00:00 RUN_HEARTBEAT pid=15144 elapsed=247s
2026-08-23T13:10:26+00:00 RUN_HEARTBEAT pid=15144 elapsed=308s
2026-08-23T13:11:28+00:00 RUN_END id=OAFX0033 window=IS status=OK decision=IS_REJECT elapsed=370.880s
2026-08-23T13:11:28+00:00 GATE_SKIP id=OAFX0033 window=OOS reason=IS_NOT_SURVIVOR decision=IS_REJECT net=192736.0 PF=1.3736 DD=46.0361%
2026-08-23T13:11:28+00:00 RUN_START id=OAFX0034 family=sca_gj_range_quality window=IS run=oafx_is_oafx0034_20260823221128_5eb322
2026-08-23T13:11:28+00:00 RUN_HEARTBEAT pid=43152 elapsed=0s
2026-08-23T13:12:30+00:00 RUN_HEARTBEAT pid=43152 elapsed=62s
2026-08-23T13:13:32+00:00 RUN_HEARTBEAT pid=43152 elapsed=123s
2026-08-23T13:14:33+00:00 RUN_HEARTBEAT pid=43152 elapsed=185s
2026-08-23T13:15:35+00:00 RUN_HEARTBEAT pid=43152 elapsed=247s
2026-08-23T13:16:37+00:00 RUN_HEARTBEAT pid=43152 elapsed=308s
2026-08-23T13:17:38+00:00 RUN_END id=OAFX0034 window=IS status=OK decision=IS_REJECT elapsed=370.732s
2026-08-23T13:17:38+00:00 GATE_SKIP id=OAFX0034 window=OOS reason=IS_NOT_SURVIVOR decision=IS_REJECT net=186496.0 PF=1.3695 DD=43.2883%
2026-08-23T13:17:38+00:00 RUN_START id=OAFX0035 family=sca_gj_range_quality window=IS run=oafx_is_oafx0035_20260823221738_344e8c
2026-08-23T13:17:39+00:00 RUN_HEARTBEAT pid=42320 elapsed=0s
2026-08-23T13:18:41+00:00 RUN_HEARTBEAT pid=42320 elapsed=62s
2026-08-23T13:19:42+00:00 RUN_HEARTBEAT pid=42320 elapsed=123s
2026-08-23T13:20:44+00:00 RUN_HEARTBEAT pid=42320 elapsed=185s
2026-08-23T13:21:46+00:00 RUN_HEARTBEAT pid=42320 elapsed=247s
2026-08-23T13:22:47+00:00 RUN_HEARTBEAT pid=42320 elapsed=308s
2026-08-23T13:23:49+00:00 RUN_END id=OAFX0035 window=IS status=OK decision=IS_REJECT elapsed=370.715s
2026-08-23T13:23:49+00:00 GATE_SKIP id=OAFX0035 window=OOS reason=IS_NOT_SURVIVOR decision=IS_REJECT net=195135.0 PF=1.4027 DD=35.9456%
2026-08-23T13:23:49+00:00 RUN_START id=OAFX0036 family=sca_gj_range_quality window=IS run=oafx_is_oafx0036_20260823222349_b30e40
2026-08-23T13:23:50+00:00 RUN_HEARTBEAT pid=4528 elapsed=0s
2026-08-23T13:24:51+00:00 RUN_HEARTBEAT pid=4528 elapsed=62s
2026-08-23T13:25:53+00:00 RUN_HEARTBEAT pid=4528 elapsed=123s
2026-08-23T13:26:55+00:00 RUN_HEARTBEAT pid=4528 elapsed=185s
2026-08-23T13:27:56+00:00 RUN_HEARTBEAT pid=4528 elapsed=247s
2026-08-23T13:28:58+00:00 RUN_HEARTBEAT pid=4528 elapsed=308s
2026-08-23T13:30:00+00:00 RUN_END id=OAFX0036 window=IS status=OK decision=IS_REJECT elapsed=370.828s
2026-08-23T13:30:00+00:00 GATE_SKIP id=OAFX0036 window=OOS reason=IS_NOT_SURVIVOR decision=IS_REJECT net=204881.0 PF=1.358 DD=38.7857%
2026-08-23T13:30:00+00:00 RUN_START id=OAFX0037 family=sca_gj_range_quality window=IS run=oafx_is_oafx0037_20260823223000_1c4853
2026-08-23T13:30:01+00:00 RUN_HEARTBEAT pid=13768 elapsed=0s
2026-08-23T13:31:02+00:00 RUN_HEARTBEAT pid=13768 elapsed=62s
2026-08-23T13:32:04+00:00 RUN_HEARTBEAT pid=13768 elapsed=123s
2026-08-23T13:33:06+00:00 RUN_HEARTBEAT pid=13768 elapsed=185s
2026-08-23T13:34:07+00:00 RUN_HEARTBEAT pid=13768 elapsed=247s
2026-08-23T13:35:09+00:00 RUN_HEARTBEAT pid=13768 elapsed=308s
2026-08-23T13:36:11+00:00 RUN_END id=OAFX0037 window=IS status=OK decision=IS_REJECT elapsed=370.872s
2026-08-23T13:36:11+00:00 GATE_SKIP id=OAFX0037 window=OOS reason=IS_NOT_SURVIVOR decision=IS_REJECT net=204476.0 PF=1.3715 DD=43.2883%
2026-08-23T13:36:11+00:00 RUN_START id=OAFX0038 family=sca_gj_range_quality window=IS run=oafx_is_oafx0038_20260823223611_b2a9e4
2026-08-23T13:36:12+00:00 RUN_HEARTBEAT pid=45916 elapsed=0s
2026-08-23T13:37:13+00:00 RUN_HEARTBEAT pid=45916 elapsed=62s
2026-08-23T13:38:15+00:00 RUN_HEARTBEAT pid=45916 elapsed=123s
2026-08-23T13:39:17+00:00 RUN_HEARTBEAT pid=45916 elapsed=185s
2026-08-23T13:40:18+00:00 RUN_HEARTBEAT pid=45916 elapsed=247s
2026-08-23T13:41:20+00:00 RUN_HEARTBEAT pid=45916 elapsed=309s
2026-08-23T13:42:22+00:00 RUN_END id=OAFX0038 window=IS status=OK decision=IS_REJECT elapsed=371.027s
2026-08-23T13:42:22+00:00 GATE_SKIP id=OAFX0038 window=OOS reason=IS_NOT_SURVIVOR decision=IS_REJECT net=187243.0 PF=1.3561 DD=46.0361%
2026-08-23T13:42:22+00:00 RUN_START id=OAFX0039 family=sca_gj_range_quality window=IS run=oafx_is_oafx0039_20260823224222_c5fa0f
2026-08-23T13:42:23+00:00 RUN_HEARTBEAT pid=44552 elapsed=0s
2026-08-23T13:43:24+00:00 RUN_HEARTBEAT pid=44552 elapsed=62s
2026-08-23T13:44:26+00:00 RUN_HEARTBEAT pid=44552 elapsed=123s
2026-08-23T13:45:28+00:00 RUN_HEARTBEAT pid=44552 elapsed=185s
2026-08-23T13:46:29+00:00 RUN_HEARTBEAT pid=44552 elapsed=247s
2026-08-23T13:47:31+00:00 RUN_HEARTBEAT pid=44552 elapsed=308s
2026-08-23T13:48:33+00:00 RUN_HEARTBEAT pid=44552 elapsed=370s
2026-08-23T13:48:48+00:00 RUN_END id=OAFX0039 window=IS status=OK decision=IS_REJECT elapsed=386.222s
2026-08-23T13:48:48+00:00 GATE_SKIP id=OAFX0039 window=OOS reason=IS_NOT_SURVIVOR decision=IS_REJECT net=180393.0 PF=1.3504 DD=43.2883%
2026-08-23T13:48:48+00:00 RUN_START id=OAFX0040 family=sca_gj_range_quality window=IS run=oafx_is_oafx0040_20260823224848_1c60a4
2026-08-23T13:48:49+00:00 RUN_HEARTBEAT pid=6884 elapsed=0s
2026-08-23T13:49:50+00:00 RUN_HEARTBEAT pid=6884 elapsed=62s
2026-08-23T13:50:52+00:00 RUN_HEARTBEAT pid=6884 elapsed=123s
2026-08-23T13:51:54+00:00 RUN_HEARTBEAT pid=6884 elapsed=185s
2026-08-23T13:52:55+00:00 RUN_HEARTBEAT pid=6884 elapsed=247s
2026-08-23T13:53:57+00:00 RUN_HEARTBEAT pid=6884 elapsed=308s
2026-08-23T13:54:59+00:00 RUN_END id=OAFX0040 window=IS status=OK decision=IS_REJECT elapsed=370.936s
2026-08-23T13:54:59+00:00 GATE_SKIP id=OAFX0040 window=OOS reason=IS_NOT_SURVIVOR decision=IS_REJECT net=190712.0 PF=1.3869 DD=35.9456%
2026-08-23T13:54:59+00:00 RUN_START id=OAFX0041 family=sca_gj_range_quality window=IS run=oafx_is_oafx0041_20260823225459_021a9c
2026-08-23T13:55:00+00:00 RUN_HEARTBEAT pid=24456 elapsed=0s
2026-08-23T13:56:01+00:00 RUN_HEARTBEAT pid=24456 elapsed=62s
2026-08-23T13:57:03+00:00 RUN_HEARTBEAT pid=24456 elapsed=123s
2026-08-23T13:58:05+00:00 RUN_HEARTBEAT pid=24456 elapsed=185s
2026-08-23T13:59:07+00:00 RUN_HEARTBEAT pid=24456 elapsed=247s
2026-08-23T14:00:08+00:00 RUN_HEARTBEAT pid=24456 elapsed=308s
2026-08-23T14:01:10+00:00 RUN_END id=OAFX0041 window=IS status=OK decision=IS_REJECT elapsed=370.952s
2026-08-23T14:01:10+00:00 GATE_SKIP id=OAFX0041 window=OOS reason=IS_NOT_SURVIVOR decision=IS_REJECT net=187985.0 PF=1.3948 DD=50.4067%
2026-08-23T14:01:10+00:00 RUN_START id=OAFX0042 family=sca_gj_range_quality window=IS run=oafx_is_oafx0042_20260823230110_df5dbe
2026-08-23T14:01:11+00:00 RUN_HEARTBEAT pid=41112 elapsed=0s
2026-08-23T14:02:12+00:00 RUN_HEARTBEAT pid=41112 elapsed=62s
2026-08-23T14:03:14+00:00 RUN_HEARTBEAT pid=41112 elapsed=123s
2026-08-23T14:04:16+00:00 RUN_HEARTBEAT pid=41112 elapsed=185s
2026-08-23T14:05:17+00:00 RUN_HEARTBEAT pid=41112 elapsed=247s
2026-08-23T14:06:19+00:00 RUN_HEARTBEAT pid=41112 elapsed=308s
2026-08-23T14:07:21+00:00 RUN_END id=OAFX0042 window=IS status=OK decision=IS_REJECT elapsed=370.886s
2026-08-23T14:07:21+00:00 GATE_SKIP id=OAFX0042 window=OOS reason=IS_NOT_SURVIVOR decision=IS_REJECT net=185972.0 PF=1.4002 DD=55.0119%
2026-08-23T14:07:21+00:00 RUN_START id=OAFX0043 family=sca_gj_range_quality window=IS run=oafx_is_oafx0043_20260823230721_fa48f3
2026-08-23T14:07:22+00:00 RUN_HEARTBEAT pid=33548 elapsed=0s
2026-08-23T14:08:23+00:00 RUN_HEARTBEAT pid=33548 elapsed=62s
2026-08-23T14:09:25+00:00 RUN_HEARTBEAT pid=33548 elapsed=123s
2026-08-23T14:10:27+00:00 RUN_HEARTBEAT pid=33548 elapsed=185s
2026-08-23T14:11:28+00:00 RUN_HEARTBEAT pid=33548 elapsed=247s
2026-08-23T14:12:30+00:00 RUN_HEARTBEAT pid=33548 elapsed=308s
2026-08-23T14:13:32+00:00 RUN_END id=OAFX0043 window=IS status=OK decision=IS_REJECT elapsed=370.811s
2026-08-23T14:13:32+00:00 GATE_SKIP id=OAFX0043 window=OOS reason=IS_NOT_SURVIVOR decision=IS_REJECT net=177761.0 PF=1.4021 DD=55.9997%
2026-08-23T14:13:32+00:00 RUN_START id=OAFX0044 family=sca_gj_range_quality window=IS run=oafx_is_oafx0044_20260823231332_1a685a
2026-08-23T14:13:32+00:00 RUN_HEARTBEAT pid=6684 elapsed=0s
2026-08-23T14:14:34+00:00 RUN_HEARTBEAT pid=6684 elapsed=62s
2026-08-23T14:15:36+00:00 RUN_HEARTBEAT pid=6684 elapsed=123s
2026-08-23T14:16:37+00:00 RUN_HEARTBEAT pid=6684 elapsed=185s
2026-08-23T14:17:39+00:00 RUN_HEARTBEAT pid=6684 elapsed=247s
2026-08-23T14:18:41+00:00 RUN_HEARTBEAT pid=6684 elapsed=308s
2026-08-23T14:19:42+00:00 RUN_END id=OAFX0044 window=IS status=OK decision=IS_REJECT elapsed=370.905s
2026-08-23T14:19:42+00:00 GATE_SKIP id=OAFX0044 window=OOS reason=IS_NOT_SURVIVOR decision=IS_REJECT net=175432.0 PF=1.4008 DD=59.1605%
2026-08-23T14:19:42+00:00 RUN_START id=OAFX0045 family=sca_gj_range_quality window=IS run=oafx_is_oafx0045_20260823231942_141d5b
2026-08-23T14:19:43+00:00 RUN_HEARTBEAT pid=25992 elapsed=0s
2026-08-23T14:20:45+00:00 RUN_HEARTBEAT pid=25992 elapsed=62s
2026-08-23T14:21:47+00:00 RUN_HEARTBEAT pid=25992 elapsed=123s
2026-08-23T14:22:48+00:00 RUN_HEARTBEAT pid=25992 elapsed=185s
2026-08-23T14:23:50+00:00 RUN_HEARTBEAT pid=25992 elapsed=247s
2026-08-23T14:24:52+00:00 RUN_HEARTBEAT pid=25992 elapsed=308s
2026-08-23T14:25:53+00:00 RUN_END id=OAFX0045 window=IS status=OK decision=IS_REJECT elapsed=370.797s
2026-08-23T14:25:53+00:00 GATE_SKIP id=OAFX0045 window=OOS reason=IS_NOT_SURVIVOR decision=IS_REJECT net=186375.0 PF=1.4424 DD=48.8813%
2026-08-23T14:25:53+00:00 RUN_START id=OAFX0046 family=sca_gj_range_quality window=IS run=oafx_is_oafx0046_20260823232553_6cae65
2026-08-23T14:25:54+00:00 RUN_HEARTBEAT pid=45568 elapsed=0s
2026-08-23T14:26:56+00:00 RUN_HEARTBEAT pid=45568 elapsed=62s
2026-08-23T14:27:57+00:00 RUN_HEARTBEAT pid=45568 elapsed=123s
2026-08-23T14:28:59+00:00 RUN_HEARTBEAT pid=45568 elapsed=185s
2026-08-23T14:30:01+00:00 RUN_HEARTBEAT pid=45568 elapsed=247s
2026-08-23T14:31:03+00:00 RUN_HEARTBEAT pid=45568 elapsed=309s
2026-08-23T14:32:04+00:00 RUN_END id=OAFX0046 window=IS status=OK decision=IS_REJECT elapsed=371.068s
2026-08-23T14:32:04+00:00 GATE_SKIP id=OAFX0046 window=OOS reason=IS_NOT_SURVIVOR decision=IS_REJECT net=190460.0 PF=1.3921 DD=49.3637%
2026-08-23T14:32:04+00:00 RUN_START id=OAFX0047 family=sca_gj_range_quality window=IS run=oafx_is_oafx0047_20260823233204_33288e
2026-08-23T14:32:05+00:00 RUN_HEARTBEAT pid=33420 elapsed=0s
2026-08-23T14:33:07+00:00 RUN_HEARTBEAT pid=33420 elapsed=62s
2026-08-23T14:34:08+00:00 RUN_HEARTBEAT pid=33420 elapsed=123s
2026-08-23T14:35:10+00:00 RUN_HEARTBEAT pid=33420 elapsed=185s
2026-08-23T14:36:12+00:00 RUN_HEARTBEAT pid=33420 elapsed=247s
2026-08-23T14:37:13+00:00 RUN_HEARTBEAT pid=33420 elapsed=309s
2026-08-23T14:38:15+00:00 RUN_END id=OAFX0047 window=IS status=OK decision=IS_REJECT elapsed=370.931s
2026-08-23T14:38:15+00:00 GATE_SKIP id=OAFX0047 window=OOS reason=IS_NOT_SURVIVOR decision=IS_REJECT net=187650.0 PF=1.3956 DD=54.0011%
2026-08-23T14:38:15+00:00 RUN_START id=OAFX0048 family=sca_gj_range_quality window=IS run=oafx_is_oafx0048_20260823233815_eab701
2026-08-23T14:38:16+00:00 RUN_HEARTBEAT pid=4892 elapsed=0s
2026-08-23T14:39:18+00:00 RUN_HEARTBEAT pid=4892 elapsed=62s
2026-08-23T14:40:19+00:00 RUN_HEARTBEAT pid=4892 elapsed=123s
2026-08-23T14:41:21+00:00 RUN_HEARTBEAT pid=4892 elapsed=185s
2026-08-23T14:42:23+00:00 RUN_HEARTBEAT pid=4892 elapsed=247s
2026-08-23T14:43:24+00:00 RUN_HEARTBEAT pid=4892 elapsed=308s
2026-08-23T14:44:26+00:00 RUN_END id=OAFX0048 window=IS status=OK decision=IS_REJECT elapsed=370.892s
2026-08-23T14:44:26+00:00 GATE_SKIP id=OAFX0048 window=OOS reason=IS_NOT_SURVIVOR decision=IS_REJECT net=178919.0 PF=1.3969 DD=55.1864%
2026-08-23T14:44:26+00:00 RUN_START id=OAFX0049 family=sca_gj_range_quality window=IS run=oafx_is_oafx0049_20260823234426_abbad3
2026-08-23T14:44:27+00:00 RUN_HEARTBEAT pid=27684 elapsed=0s
2026-08-23T14:45:28+00:00 RUN_HEARTBEAT pid=27684 elapsed=62s
2026-08-23T14:46:30+00:00 RUN_HEARTBEAT pid=27684 elapsed=123s
2026-08-23T14:47:32+00:00 RUN_HEARTBEAT pid=27684 elapsed=185s
2026-08-23T14:48:33+00:00 RUN_HEARTBEAT pid=27684 elapsed=247s
2026-08-23T14:49:35+00:00 RUN_HEARTBEAT pid=27684 elapsed=308s
2026-08-23T14:50:37+00:00 RUN_END id=OAFX0049 window=IS status=OK decision=IS_REJECT elapsed=370.849s
2026-08-23T14:50:37+00:00 GATE_SKIP id=OAFX0049 window=OOS reason=IS_NOT_SURVIVOR decision=IS_REJECT net=176069.0 PF=1.3955 DD=58.4935%
2026-08-23T14:50:37+00:00 RUN_START id=OAFX0050 family=sca_gj_range_quality window=IS run=oafx_is_oafx0050_20260823235037_47043f
2026-08-23T14:50:38+00:00 RUN_HEARTBEAT pid=19708 elapsed=0s
2026-08-23T14:51:39+00:00 RUN_HEARTBEAT pid=19708 elapsed=62s
2026-08-23T14:52:41+00:00 RUN_HEARTBEAT pid=19708 elapsed=123s
2026-08-23T14:53:43+00:00 RUN_HEARTBEAT pid=19708 elapsed=185s
2026-08-23T14:54:44+00:00 RUN_HEARTBEAT pid=19708 elapsed=247s
2026-08-23T14:55:46+00:00 RUN_HEARTBEAT pid=19708 elapsed=308s
2026-08-23T14:56:47+00:00 RUN_END id=OAFX0050 window=IS status=OK decision=IS_REJECT elapsed=370.820s
2026-08-23T14:56:47+00:00 GATE_SKIP id=OAFX0050 window=OOS reason=IS_NOT_SURVIVOR decision=IS_REJECT net=186890.0 PF=1.4369 DD=48.3542%
2026-08-23T14:56:47+00:00 RUN_START id=OAFX0051 family=sca_gj_range_quality window=IS run=oafx_is_oafx0051_20260823235647_f8f364
2026-08-23T14:56:48+00:00 RUN_HEARTBEAT pid=15196 elapsed=0s
2026-08-23T14:57:50+00:00 RUN_HEARTBEAT pid=15196 elapsed=62s
2026-08-23T14:58:52+00:00 RUN_HEARTBEAT pid=15196 elapsed=123s
2026-08-23T14:59:53+00:00 RUN_HEARTBEAT pid=15196 elapsed=185s
2026-08-23T15:00:55+00:00 RUN_HEARTBEAT pid=15196 elapsed=247s
2026-08-23T15:01:57+00:00 RUN_HEARTBEAT pid=15196 elapsed=309s
2026-08-23T15:02:59+00:00 RUN_HEARTBEAT pid=15196 elapsed=370s
2026-08-23T15:03:14+00:00 RUN_END id=OAFX0051 window=IS status=OK decision=IS_REJECT elapsed=386.742s
2026-08-23T15:03:14+00:00 GATE_SKIP id=OAFX0051 window=OOS reason=IS_NOT_SURVIVOR decision=IS_REJECT net=214003.0 PF=1.4344 DD=51.0917%
2026-08-23T15:03:14+00:00 RUN_START id=OAFX0052 family=sca_gj_range_quality window=IS run=oafx_is_oafx0052_20260824000314_443217
2026-08-23T15:03:15+00:00 RUN_HEARTBEAT pid=14224 elapsed=0s
2026-08-23T15:04:17+00:00 RUN_HEARTBEAT pid=14224 elapsed=62s
2026-08-23T15:05:18+00:00 RUN_HEARTBEAT pid=14224 elapsed=123s
2026-08-23T15:06:20+00:00 RUN_HEARTBEAT pid=14224 elapsed=185s
2026-08-23T15:07:22+00:00 RUN_HEARTBEAT pid=14224 elapsed=247s
2026-08-23T15:08:23+00:00 RUN_HEARTBEAT pid=14224 elapsed=308s
2026-08-23T15:09:25+00:00 RUN_END id=OAFX0052 window=IS status=OK decision=IS_REJECT elapsed=370.932s
2026-08-23T15:09:25+00:00 GATE_SKIP id=OAFX0052 window=OOS reason=IS_NOT_SURVIVOR decision=IS_REJECT net=209423.0 PF=1.4344 DD=55.729%
2026-08-23T15:09:25+00:00 RUN_START id=OAFX0053 family=sca_gj_range_quality window=IS run=oafx_is_oafx0053_20260824000925_0662a4
2026-08-23T15:09:26+00:00 RUN_HEARTBEAT pid=13508 elapsed=0s
2026-08-23T15:10:28+00:00 RUN_HEARTBEAT pid=13508 elapsed=62s
2026-08-23T15:11:29+00:00 RUN_HEARTBEAT pid=13508 elapsed=123s
2026-08-23T15:12:31+00:00 RUN_HEARTBEAT pid=13508 elapsed=185s
2026-08-23T15:13:33+00:00 RUN_HEARTBEAT pid=13508 elapsed=247s
2026-08-23T15:14:34+00:00 RUN_HEARTBEAT pid=13508 elapsed=308s
2026-08-23T15:15:36+00:00 RUN_END id=OAFX0053 window=IS status=OK decision=IS_REJECT elapsed=370.854s
2026-08-23T15:15:36+00:00 GATE_SKIP id=OAFX0053 window=OOS reason=IS_NOT_SURVIVOR decision=IS_REJECT net=196948.0 PF=1.4293 DD=56.9143%
2026-08-23T15:15:36+00:00 RUN_START id=OAFX0054 family=sca_gj_range_quality window=IS run=oafx_is_oafx0054_20260824001536_7ff335
2026-08-23T15:15:37+00:00 RUN_HEARTBEAT pid=29416 elapsed=0s
2026-08-23T15:16:38+00:00 RUN_HEARTBEAT pid=29416 elapsed=62s
2026-08-23T15:17:40+00:00 RUN_HEARTBEAT pid=29416 elapsed=123s
2026-08-23T15:18:42+00:00 RUN_HEARTBEAT pid=29416 elapsed=185s
2026-08-23T15:19:43+00:00 RUN_HEARTBEAT pid=29416 elapsed=247s
2026-08-23T15:20:45+00:00 RUN_HEARTBEAT pid=29416 elapsed=308s
2026-08-23T15:21:47+00:00 RUN_END id=OAFX0054 window=IS status=OK decision=IS_REJECT elapsed=370.914s
2026-08-23T15:21:47+00:00 GATE_SKIP id=OAFX0054 window=OOS reason=IS_NOT_SURVIVOR decision=IS_REJECT net=194982.0 PF=1.4312 DD=60.2214%
2026-08-23T15:21:47+00:00 RUN_START id=OAFX0055 family=sca_gj_range_quality window=IS run=oafx_is_oafx0055_20260824002147_abbc9b
2026-08-23T15:21:48+00:00 RUN_HEARTBEAT pid=44136 elapsed=0s
2026-08-23T15:22:49+00:00 RUN_HEARTBEAT pid=44136 elapsed=62s
2026-08-23T15:23:51+00:00 RUN_HEARTBEAT pid=44136 elapsed=123s
2026-08-23T15:24:53+00:00 RUN_HEARTBEAT pid=44136 elapsed=185s
2026-08-23T15:25:55+00:00 RUN_HEARTBEAT pid=44136 elapsed=247s
2026-08-23T19:53:34+00:00 RUN_END id=OAFX0055 window=IS status=FAILED decision=RUN_FAILED elapsed=16306.895s
2026-08-23T19:53:34+00:00 RUN_START id=OAFX0056 family=sca_gj_range_quality window=IS run=oafx_is_oafx0056_20260824045334_01b82f
2026-08-23T19:53:34+00:00 WAIT_MT5_IDLE elapsed=1s processes=metatester64.exe
2026-08-23T19:54:36+00:00 WAIT_MT5_IDLE elapsed=63s processes=metatester64.exe
2026-08-23T21:46:40+00:00 RUN_HEARTBEAT pid=23440 elapsed=0s
