スリープ抑止を有効化しました（このプロセス終了で自動解除）
2026-08-26T16:20:59+00:00 DRIVER_START pid=31784 stage=all targets=900 sha_gate=False magic_gate=False
2026-08-26T16:20:59+00:00 REGRESSION_GATE disabled
2026-08-26T16:20:59+00:00 SCREEN_SKIP_EXISTING_FULLBOOK [1/900] id=OAFX0001 reason=existing fullbook IS retained
2026-08-26T16:20:59+00:00 SKIP_EXISTING [1/900] id=OAFX0001 window=IS
2026-08-26T16:20:59+00:00 GATE_SKIP id=OAFX0001 window=OOS reason=IS_NOT_SURVIVOR decision=IS_REJECT_TRADEOFF net=218814.0 PF=1.3633 DD=34.2779%
2026-08-26T16:20:59+00:00 SCREEN_SKIP_EXISTING_FULLBOOK [2/900] id=OAFX0002 reason=existing fullbook IS retained
2026-08-26T16:20:59+00:00 SKIP_EXISTING [2/900] id=OAFX0002 window=IS
2026-08-26T16:20:59+00:00 GATE_SKIP id=OAFX0002 window=OOS reason=IS_NOT_SURVIVOR decision=IS_REJECT_TRADEOFF net=224896.0 PF=1.3927 DD=35.2708%
2026-08-26T16:20:59+00:00 SCREEN_SKIP_EXISTING_FULLBOOK [3/900] id=OAFX0003 reason=existing fullbook IS retained
2026-08-26T16:20:59+00:00 SKIP_EXISTING [3/900] id=OAFX0003 window=IS
2026-08-26T16:20:59+00:00 GATE_SKIP id=OAFX0003 window=OOS reason=IS_NOT_SURVIVOR decision=IS_REJECT net=195996.0 PF=1.3588 DD=44.0144%
2026-08-26T16:20:59+00:00 SCREEN_SKIP_EXISTING_FULLBOOK [4/900] id=OAFX0004 reason=existing fullbook IS retained
2026-08-26T16:20:59+00:00 SKIP_EXISTING [4/900] id=OAFX0004 window=IS
2026-08-26T16:20:59+00:00 GATE_SKIP id=OAFX0004 window=OOS reason=IS_NOT_SURVIVOR decision=IS_REJECT net=188264.0 PF=1.3491 DD=42.8676%
2026-08-26T16:20:59+00:00 SCREEN_SKIP_EXISTING_FULLBOOK [5/900] id=OAFX0005 reason=existing fullbook IS retained
2026-08-26T16:20:59+00:00 SKIP_EXISTING [5/900] id=OAFX0005 window=IS
2026-08-26T16:20:59+00:00 GATE_SKIP id=OAFX0005 window=OOS reason=IS_NOT_SURVIVOR decision=IS_REJECT_TRADEOFF net=207818.0 PF=1.4087 DD=34.1165%
2026-08-26T16:20:59+00:00 SCREEN_SKIP_EXISTING_FULLBOOK [6/900] id=OAFX0006 reason=existing fullbook IS retained
2026-08-26T16:20:59+00:00 SKIP_EXISTING [6/900] id=OAFX0006 window=IS
2026-08-26T16:20:59+00:00 GATE_SKIP id=OAFX0006 window=OOS reason=IS_NOT_SURVIVOR decision=IS_REJECT_TRADEOFF net=221289.0 PF=1.3616 DD=33.235%
2026-08-26T16:20:59+00:00 SCREEN_SKIP_EXISTING_FULLBOOK [7/900] id=OAFX0007 reason=existing fullbook IS retained
2026-08-26T16:20:59+00:00 SKIP_EXISTING [7/900] id=OAFX0007 window=IS
2026-08-26T16:20:59+00:00 GATE_SKIP id=OAFX0007 window=OOS reason=IS_NOT_SURVIVOR decision=IS_REJECT_TRADEOFF net=226574.0 PF=1.389 DD=34.2599%
2026-08-26T16:20:59+00:00 SCREEN_SKIP_EXISTING_FULLBOOK [8/900] id=OAFX0008 reason=existing fullbook IS retained
2026-08-26T16:20:59+00:00 SKIP_EXISTING [8/900] id=OAFX0008 window=IS
2026-08-26T16:20:59+00:00 GATE_SKIP id=OAFX0008 window=OOS reason=IS_NOT_SURVIVOR decision=IS_REJECT net=197154.0 PF=1.3553 DD=43.2011%
2026-08-26T16:20:59+00:00 SCREEN_SKIP_EXISTING_FULLBOOK [9/900] id=OAFX0009 reason=existing fullbook IS retained
2026-08-26T16:20:59+00:00 SKIP_EXISTING [9/900] id=OAFX0009 window=IS
2026-08-26T16:20:59+00:00 GATE_SKIP id=OAFX0009 window=OOS reason=IS_NOT_SURVIVOR decision=IS_REJECT net=188901.0 PF=1.3455 DD=42.2005%
2026-08-26T16:20:59+00:00 SCREEN_SKIP_EXISTING_FULLBOOK [10/900] id=OAFX0010 reason=existing fullbook IS retained
2026-08-26T16:20:59+00:00 SKIP_EXISTING [10/900] id=OAFX0010 window=IS
2026-08-26T16:20:59+00:00 GATE_SKIP id=OAFX0010 window=OOS reason=IS_NOT_SURVIVOR decision=IS_REJECT_TRADEOFF net=208333.0 PF=1.4046 DD=33.5901%
2026-08-26T16:20:59+00:00 SCREEN_SKIP_EXISTING_FULLBOOK [11/900] id=OAFX0011 reason=existing fullbook IS retained
2026-08-26T16:20:59+00:00 SKIP_EXISTING [11/900] id=OAFX0011 window=IS
2026-08-26T16:20:59+00:00 GATE_SKIP id=OAFX0011 window=OOS reason=IS_NOT_SURVIVOR decision=IS_REJECT_TRADEOFF net=244832.0 PF=1.3956 DD=34.9629%
2026-08-26T16:20:59+00:00 SCREEN_SKIP_EXISTING_FULLBOOK [12/900] id=OAFX0012 reason=existing fullbook IS retained
2026-08-26T16:20:59+00:00 SKIP_EXISTING [12/900] id=OAFX0012 window=IS
2026-08-26T16:20:59+00:00 GATE_SKIP id=OAFX0012 window=OOS reason=IS_NOT_SURVIVOR decision=IS_REJECT net=248347.0 PF=1.4208 DD=35.9879%
2026-08-26T16:20:59+00:00 SCREEN_SKIP_EXISTING_FULLBOOK [13/900] id=OAFX0013 reason=existing fullbook IS retained
2026-08-26T16:20:59+00:00 SKIP_EXISTING [13/900] id=OAFX0013 window=IS
2026-08-26T16:20:59+00:00 GATE_SKIP id=OAFX0013 window=OOS reason=IS_NOT_SURVIVOR decision=IS_REJECT net=215183.0 PF=1.3823 DD=44.9291%
2026-08-26T16:20:59+00:00 SCREEN_SKIP_EXISTING_FULLBOOK [14/900] id=OAFX0014 reason=existing fullbook IS retained
2026-08-26T16:20:59+00:00 SKIP_EXISTING [14/900] id=OAFX0014 window=IS
2026-08-26T16:20:59+00:00 GATE_SKIP id=OAFX0014 window=OOS reason=IS_NOT_SURVIVOR decision=IS_REJECT net=207814.0 PF=1.3753 DD=43.9285%
2026-08-26T16:20:59+00:00 SCREEN_SKIP_EXISTING_FULLBOOK [15/900] id=OAFX0015 reason=existing fullbook IS retained
2026-08-26T16:20:59+00:00 SKIP_EXISTING [15/900] id=OAFX0015 window=IS
2026-08-26T16:20:59+00:00 GATE_SKIP id=OAFX0015 window=OOS reason=IS_NOT_SURVIVOR decision=IS_REJECT_TRADEOFF net=227246.0 PF=1.4354 DD=35.311%
2026-08-26T16:20:59+00:00 SCREEN_SKIP_EXISTING_FULLBOOK [16/900] id=OAFX0016 reason=existing fullbook IS retained
2026-08-26T16:20:59+00:00 SKIP_EXISTING [16/900] id=OAFX0016 window=IS
2026-08-26T16:20:59+00:00 GATE_SKIP id=OAFX0016 window=OOS reason=IS_NOT_SURVIVOR decision=IS_REJECT_TRADEOFF net=240450.0 PF=1.3824 DD=34.9629%
2026-08-26T16:20:59+00:00 SCREEN_SKIP_EXISTING_FULLBOOK [17/900] id=OAFX0017 reason=existing fullbook IS retained
2026-08-26T16:20:59+00:00 SKIP_EXISTING [17/900] id=OAFX0017 window=IS
2026-08-26T16:20:59+00:00 GATE_SKIP id=OAFX0017 window=OOS reason=IS_NOT_SURVIVOR decision=IS_REJECT net=242996.0 PF=1.4049 DD=35.9879%
2026-08-26T16:20:59+00:00 SCREEN_SKIP_EXISTING_FULLBOOK [18/900] id=OAFX0018 reason=existing fullbook IS retained
2026-08-26T16:20:59+00:00 SKIP_EXISTING [18/900] id=OAFX0018 window=IS
2026-08-26T16:20:59+00:00 GATE_SKIP id=OAFX0018 window=OOS reason=IS_NOT_SURVIVOR decision=IS_REJECT net=209690.0 PF=1.366 DD=44.9291%
2026-08-26T16:20:59+00:00 SCREEN_SKIP_EXISTING_FULLBOOK [19/900] id=OAFX0019 reason=existing fullbook IS retained
2026-08-26T16:20:59+00:00 SKIP_EXISTING [19/900] id=OAFX0019 window=IS
2026-08-26T16:20:59+00:00 GATE_SKIP id=OAFX0019 window=OOS reason=IS_NOT_SURVIVOR decision=IS_REJECT net=201711.0 PF=1.3577 DD=43.9285%
2026-08-26T16:20:59+00:00 SCREEN_SKIP_EXISTING_FULLBOOK [20/900] id=OAFX0020 reason=existing fullbook IS retained
2026-08-26T16:20:59+00:00 SKIP_EXISTING [20/900] id=OAFX0020 window=IS
2026-08-26T16:20:59+00:00 GATE_SKIP id=OAFX0020 window=OOS reason=IS_NOT_SURVIVOR decision=IS_REJECT_TRADEOFF net=222823.0 PF=1.4203 DD=35.311%
2026-08-26T16:20:59+00:00 SCREEN_SKIP_EXISTING_FULLBOOK [21/900] id=OAFX0021 reason=existing fullbook IS retained
2026-08-26T16:20:59+00:00 SKIP_EXISTING [21/900] id=OAFX0021 window=IS
2026-08-26T16:20:59+00:00 GATE_SKIP id=OAFX0021 window=OOS reason=IS_NOT_SURVIVOR decision=IS_REJECT net=183245.0 PF=1.3356 DD=38.1007%
2026-08-26T16:20:59+00:00 SCREEN_SKIP_EXISTING_FULLBOOK [22/900] id=OAFX0022 reason=existing fullbook IS retained
2026-08-26T16:20:59+00:00 SKIP_EXISTING [22/900] id=OAFX0022 window=IS
2026-08-26T16:20:59+00:00 GATE_SKIP id=OAFX0022 window=OOS reason=IS_NOT_SURVIVOR decision=IS_REJECT net=186376.0 PF=1.3564 DD=42.5713%
2026-08-26T16:20:59+00:00 SCREEN_SKIP_EXISTING_FULLBOOK [23/900] id=OAFX0023 reason=existing fullbook IS retained
2026-08-26T16:20:59+00:00 SKIP_EXISTING [23/900] id=OAFX0023 window=IS
2026-08-26T16:20:59+00:00 GATE_SKIP id=OAFX0023 window=OOS reason=IS_NOT_SURVIVOR decision=IS_REJECT net=173549.0 PF=1.3476 DD=45.1215%
2026-08-26T16:20:59+00:00 SCREEN_SKIP_EXISTING_FULLBOOK [24/900] id=OAFX0024 reason=existing fullbook IS retained
2026-08-26T16:20:59+00:00 SKIP_EXISTING [24/900] id=OAFX0024 window=IS
2026-08-26T16:20:59+00:00 GATE_SKIP id=OAFX0024 window=OOS reason=IS_NOT_SURVIVOR decision=IS_REJECT net=166946.0 PF=1.3406 DD=42.2275%
2026-08-26T16:20:59+00:00 SCREEN_SKIP_EXISTING_FULLBOOK [25/900] id=OAFX0025 reason=existing fullbook IS retained
2026-08-26T16:20:59+00:00 SKIP_EXISTING [25/900] id=OAFX0025 window=IS
2026-08-26T16:20:59+00:00 GATE_SKIP id=OAFX0025 window=OOS reason=IS_NOT_SURVIVOR decision=IS_REJECT_TRADEOFF net=175707.0 PF=1.3729 DD=34.7495%
2026-08-26T16:20:59+00:00 SCREEN_SKIP_EXISTING_FULLBOOK [26/900] id=OAFX0026 reason=existing fullbook IS retained
2026-08-26T16:20:59+00:00 SKIP_EXISTING [26/900] id=OAFX0026 window=IS
2026-08-26T16:20:59+00:00 GATE_SKIP id=OAFX0026 window=OOS reason=IS_NOT_SURVIVOR decision=IS_REJECT net=185720.0 PF=1.3343 DD=37.0578%
2026-08-26T16:20:59+00:00 SCREEN_SKIP_EXISTING_FULLBOOK [27/900] id=OAFX0027 reason=existing fullbook IS retained
2026-08-26T16:20:59+00:00 SKIP_EXISTING [27/900] id=OAFX0027 window=IS
2026-08-26T16:20:59+00:00 GATE_SKIP id=OAFX0027 window=OOS reason=IS_NOT_SURVIVOR decision=IS_REJECT net=188054.0 PF=1.353 DD=41.5604%
2026-08-26T16:20:59+00:00 SCREEN_SKIP_EXISTING_FULLBOOK [28/900] id=OAFX0028 reason=existing fullbook IS retained
2026-08-26T16:20:59+00:00 SKIP_EXISTING [28/900] id=OAFX0028 window=IS
2026-08-26T16:20:59+00:00 GATE_SKIP id=OAFX0028 window=OOS reason=IS_NOT_SURVIVOR decision=IS_REJECT net=174707.0 PF=1.344 DD=44.3082%
2026-08-26T16:20:59+00:00 SCREEN_SKIP_EXISTING_FULLBOOK [29/900] id=OAFX0029 reason=existing fullbook IS retained
2026-08-26T16:20:59+00:00 SKIP_EXISTING [29/900] id=OAFX0029 window=IS
2026-08-26T16:20:59+00:00 GATE_SKIP id=OAFX0029 window=OOS reason=IS_NOT_SURVIVOR decision=IS_REJECT net=167583.0 PF=1.3367 DD=41.5604%
2026-08-26T16:20:59+00:00 SCREEN_SKIP_EXISTING_FULLBOOK [30/900] id=OAFX0030 reason=existing fullbook IS retained
2026-08-26T16:20:59+00:00 SKIP_EXISTING [30/900] id=OAFX0030 window=IS
2026-08-26T16:20:59+00:00 GATE_SKIP id=OAFX0030 window=OOS reason=IS_NOT_SURVIVOR decision=IS_REJECT_TRADEOFF net=176222.0 PF=1.3689 DD=34.2224%
2026-08-26T16:20:59+00:00 SCREEN_SKIP_EXISTING_FULLBOOK [31/900] id=OAFX0031 reason=existing fullbook IS retained
2026-08-26T16:20:59+00:00 SKIP_EXISTING [31/900] id=OAFX0031 window=IS
2026-08-26T16:20:59+00:00 GATE_SKIP id=OAFX0031 window=OOS reason=IS_NOT_SURVIVOR decision=IS_REJECT net=209263.0 PF=1.3721 DD=38.7857%
2026-08-26T16:20:59+00:00 SCREEN_SKIP_EXISTING_FULLBOOK [32/900] id=OAFX0032 reason=existing fullbook IS retained
2026-08-26T16:20:59+00:00 SKIP_EXISTING [32/900] id=OAFX0032 window=IS
2026-08-26T16:20:59+00:00 GATE_SKIP id=OAFX0032 window=OOS reason=IS_NOT_SURVIVOR decision=IS_REJECT net=209827.0 PF=1.3883 DD=43.2883%
2026-08-26T16:20:59+00:00 SCREEN_SKIP_EXISTING_FULLBOOK [33/900] id=OAFX0033 reason=existing fullbook IS retained
2026-08-26T16:20:59+00:00 SKIP_EXISTING [33/900] id=OAFX0033 window=IS
2026-08-26T16:20:59+00:00 GATE_SKIP id=OAFX0033 window=OOS reason=IS_NOT_SURVIVOR decision=IS_REJECT net=192736.0 PF=1.3736 DD=46.0361%
2026-08-26T16:20:59+00:00 SCREEN_SKIP_EXISTING_FULLBOOK [34/900] id=OAFX0034 reason=existing fullbook IS retained
2026-08-26T16:20:59+00:00 SKIP_EXISTING [34/900] id=OAFX0034 window=IS
2026-08-26T16:20:59+00:00 GATE_SKIP id=OAFX0034 window=OOS reason=IS_NOT_SURVIVOR decision=IS_REJECT net=186496.0 PF=1.3695 DD=43.2883%
2026-08-26T16:20:59+00:00 SCREEN_SKIP_EXISTING_FULLBOOK [35/900] id=OAFX0035 reason=existing fullbook IS retained
2026-08-26T16:20:59+00:00 SKIP_EXISTING [35/900] id=OAFX0035 window=IS
2026-08-26T16:20:59+00:00 GATE_SKIP id=OAFX0035 window=OOS reason=IS_NOT_SURVIVOR decision=IS_REJECT net=195135.0 PF=1.4027 DD=35.9456%
2026-08-26T16:20:59+00:00 SCREEN_SKIP_EXISTING_FULLBOOK [36/900] id=OAFX0036 reason=existing fullbook IS retained
2026-08-26T16:20:59+00:00 SKIP_EXISTING [36/900] id=OAFX0036 window=IS
2026-08-26T16:20:59+00:00 GATE_SKIP id=OAFX0036 window=OOS reason=IS_NOT_SURVIVOR decision=IS_REJECT net=204881.0 PF=1.358 DD=38.7857%
2026-08-26T16:20:59+00:00 SCREEN_SKIP_EXISTING_FULLBOOK [37/900] id=OAFX0037 reason=existing fullbook IS retained
2026-08-26T16:20:59+00:00 SKIP_EXISTING [37/900] id=OAFX0037 window=IS
2026-08-26T16:20:59+00:00 GATE_SKIP id=OAFX0037 window=OOS reason=IS_NOT_SURVIVOR decision=IS_REJECT net=204476.0 PF=1.3715 DD=43.2883%
2026-08-26T16:20:59+00:00 SCREEN_SKIP_EXISTING_FULLBOOK [38/900] id=OAFX0038 reason=existing fullbook IS retained
2026-08-26T16:20:59+00:00 SKIP_EXISTING [38/900] id=OAFX0038 window=IS
2026-08-26T16:20:59+00:00 GATE_SKIP id=OAFX0038 window=OOS reason=IS_NOT_SURVIVOR decision=IS_REJECT net=187243.0 PF=1.3561 DD=46.0361%
2026-08-26T16:20:59+00:00 SCREEN_SKIP_EXISTING_FULLBOOK [39/900] id=OAFX0039 reason=existing fullbook IS retained
2026-08-26T16:20:59+00:00 SKIP_EXISTING [39/900] id=OAFX0039 window=IS
2026-08-26T16:20:59+00:00 GATE_SKIP id=OAFX0039 window=OOS reason=IS_NOT_SURVIVOR decision=IS_REJECT net=180393.0 PF=1.3504 DD=43.2883%
2026-08-26T16:20:59+00:00 SCREEN_SKIP_EXISTING_FULLBOOK [40/900] id=OAFX0040 reason=existing fullbook IS retained
2026-08-26T16:20:59+00:00 SKIP_EXISTING [40/900] id=OAFX0040 window=IS
2026-08-26T16:20:59+00:00 GATE_SKIP id=OAFX0040 window=OOS reason=IS_NOT_SURVIVOR decision=IS_REJECT net=190712.0 PF=1.3869 DD=35.9456%
2026-08-26T16:20:59+00:00 SCREEN_SKIP_EXISTING_FULLBOOK [41/900] id=OAFX0041 reason=existing fullbook IS retained
2026-08-26T16:20:59+00:00 SKIP_EXISTING [41/900] id=OAFX0041 window=IS
2026-08-26T16:20:59+00:00 GATE_SKIP id=OAFX0041 window=OOS reason=IS_NOT_SURVIVOR decision=IS_REJECT net=187985.0 PF=1.3948 DD=50.4067%
2026-08-26T16:20:59+00:00 SCREEN_SKIP_EXISTING_FULLBOOK [42/900] id=OAFX0042 reason=existing fullbook IS retained
2026-08-26T16:20:59+00:00 SKIP_EXISTING [42/900] id=OAFX0042 window=IS
2026-08-26T16:20:59+00:00 GATE_SKIP id=OAFX0042 window=OOS reason=IS_NOT_SURVIVOR decision=IS_REJECT net=185972.0 PF=1.4002 DD=55.0119%
2026-08-26T16:20:59+00:00 SCREEN_SKIP_EXISTING_FULLBOOK [43/900] id=OAFX0043 reason=existing fullbook IS retained
2026-08-26T16:20:59+00:00 SKIP_EXISTING [43/900] id=OAFX0043 window=IS
2026-08-26T16:20:59+00:00 GATE_SKIP id=OAFX0043 window=OOS reason=IS_NOT_SURVIVOR decision=IS_REJECT net=177761.0 PF=1.4021 DD=55.9997%
2026-08-26T16:20:59+00:00 SCREEN_SKIP_EXISTING_FULLBOOK [44/900] id=OAFX0044 reason=existing fullbook IS retained
2026-08-26T16:20:59+00:00 SKIP_EXISTING [44/900] id=OAFX0044 window=IS
2026-08-26T16:20:59+00:00 GATE_SKIP id=OAFX0044 window=OOS reason=IS_NOT_SURVIVOR decision=IS_REJECT net=175432.0 PF=1.4008 DD=59.1605%
2026-08-26T16:20:59+00:00 SCREEN_SKIP_EXISTING_FULLBOOK [45/900] id=OAFX0045 reason=existing fullbook IS retained
2026-08-26T16:20:59+00:00 SKIP_EXISTING [45/900] id=OAFX0045 window=IS
2026-08-26T16:20:59+00:00 GATE_SKIP id=OAFX0045 window=OOS reason=IS_NOT_SURVIVOR decision=IS_REJECT net=186375.0 PF=1.4424 DD=48.8813%
2026-08-26T16:20:59+00:00 SCREEN_SKIP_EXISTING_FULLBOOK [46/900] id=OAFX0046 reason=existing fullbook IS retained
2026-08-26T16:20:59+00:00 SKIP_EXISTING [46/900] id=OAFX0046 window=IS
2026-08-26T16:20:59+00:00 GATE_SKIP id=OAFX0046 window=OOS reason=IS_NOT_SURVIVOR decision=IS_REJECT net=190460.0 PF=1.3921 DD=49.3637%
2026-08-26T16:20:59+00:00 SCREEN_SKIP_EXISTING_FULLBOOK [47/900] id=OAFX0047 reason=existing fullbook IS retained
2026-08-26T16:20:59+00:00 SKIP_EXISTING [47/900] id=OAFX0047 window=IS
2026-08-26T16:20:59+00:00 GATE_SKIP id=OAFX0047 window=OOS reason=IS_NOT_SURVIVOR decision=IS_REJECT net=187650.0 PF=1.3956 DD=54.0011%
2026-08-26T16:20:59+00:00 SCREEN_SKIP_EXISTING_FULLBOOK [48/900] id=OAFX0048 reason=existing fullbook IS retained
2026-08-26T16:20:59+00:00 SKIP_EXISTING [48/900] id=OAFX0048 window=IS
2026-08-26T16:20:59+00:00 GATE_SKIP id=OAFX0048 window=OOS reason=IS_NOT_SURVIVOR decision=IS_REJECT net=178919.0 PF=1.3969 DD=55.1864%
2026-08-26T16:20:59+00:00 SCREEN_SKIP_EXISTING_FULLBOOK [49/900] id=OAFX0049 reason=existing fullbook IS retained
2026-08-26T16:20:59+00:00 SKIP_EXISTING [49/900] id=OAFX0049 window=IS
2026-08-26T16:20:59+00:00 GATE_SKIP id=OAFX0049 window=OOS reason=IS_NOT_SURVIVOR decision=IS_REJECT net=176069.0 PF=1.3955 DD=58.4935%
2026-08-26T16:20:59+00:00 SCREEN_SKIP_EXISTING_FULLBOOK [50/900] id=OAFX0050 reason=existing fullbook IS retained
2026-08-26T16:20:59+00:00 SKIP_EXISTING [50/900] id=OAFX0050 window=IS
2026-08-26T16:20:59+00:00 GATE_SKIP id=OAFX0050 window=OOS reason=IS_NOT_SURVIVOR decision=IS_REJECT net=186890.0 PF=1.4369 DD=48.3542%
2026-08-26T16:20:59+00:00 SCREEN_SKIP_EXISTING_FULLBOOK [51/900] id=OAFX0051 reason=existing fullbook IS retained
2026-08-26T16:20:59+00:00 SKIP_EXISTING [51/900] id=OAFX0051 window=IS
2026-08-26T16:20:59+00:00 GATE_SKIP id=OAFX0051 window=OOS reason=IS_NOT_SURVIVOR decision=IS_REJECT net=214003.0 PF=1.4344 DD=51.0917%
2026-08-26T16:20:59+00:00 SCREEN_SKIP_EXISTING_FULLBOOK [52/900] id=OAFX0052 reason=existing fullbook IS retained
2026-08-26T16:20:59+00:00 SKIP_EXISTING [52/900] id=OAFX0052 window=IS
2026-08-26T16:20:59+00:00 GATE_SKIP id=OAFX0052 window=OOS reason=IS_NOT_SURVIVOR decision=IS_REJECT net=209423.0 PF=1.4344 DD=55.729%
2026-08-26T16:20:59+00:00 SCREEN_SKIP_EXISTING_FULLBOOK [53/900] id=OAFX0053 reason=existing fullbook IS retained
2026-08-26T16:20:59+00:00 SKIP_EXISTING [53/900] id=OAFX0053 window=IS
2026-08-26T16:20:59+00:00 GATE_SKIP id=OAFX0053 window=OOS reason=IS_NOT_SURVIVOR decision=IS_REJECT net=196948.0 PF=1.4293 DD=56.9143%
2026-08-26T16:20:59+00:00 SCREEN_SKIP_EXISTING_FULLBOOK [54/900] id=OAFX0054 reason=existing fullbook IS retained
2026-08-26T16:20:59+00:00 SKIP_EXISTING [54/900] id=OAFX0054 window=IS
2026-08-26T16:20:59+00:00 GATE_SKIP id=OAFX0054 window=OOS reason=IS_NOT_SURVIVOR decision=IS_REJECT net=194982.0 PF=1.4312 DD=60.2214%
2026-08-26T16:20:59+00:00 SKIP_EXISTING [55/900] id=OAFX0055 window=SCREEN_IS
2026-08-26T16:20:59+00:00 GATE_SKIP id=OAFX0055 window=IS reason=SINGLE_SLEEVE_INFERIOR decision=SCREEN_OUT_SINGLE_SLEEVE net=13610.0 PF=1.1123 DD=18.8358%
2026-08-26T16:20:59+00:00 SKIP_EXISTING [56/900] id=OAFX0056 window=SCREEN_IS
2026-08-26T16:20:59+00:00 GATE_SKIP id=OAFX0056 window=IS reason=SINGLE_SLEEVE_INFERIOR decision=SCREEN_OUT_SINGLE_SLEEVE net=17428.0 PF=1.0922 DD=20.7121%
2026-08-26T16:20:59+00:00 SKIP_EXISTING [57/900] id=OAFX0057 window=SCREEN_IS
2026-08-26T16:20:59+00:00 GATE_SKIP id=OAFX0057 window=IS reason=SINGLE_SLEEVE_INFERIOR decision=SCREEN_OUT_SINGLE_SLEEVE net=11879.0 PF=1.0665 DD=21.6146%
2026-08-26T16:20:59+00:00 SKIP_EXISTING [58/900] id=OAFX0058 window=SCREEN_IS
2026-08-26T16:20:59+00:00 GATE_SKIP id=OAFX0058 window=IS reason=SINGLE_SLEEVE_INFERIOR decision=SCREEN_OUT_SINGLE_SLEEVE net=-738.0 PF=0.9952 DD=23.4798%
2026-08-26T16:20:59+00:00 SKIP_EXISTING [59/900] id=OAFX0059 window=SCREEN_IS
2026-08-26T16:20:59+00:00 GATE_SKIP id=OAFX0059 window=IS reason=SINGLE_SLEEVE_INFERIOR decision=SCREEN_OUT_SINGLE_SLEEVE net=-3314.0 PF=0.9777 DD=23.9444%
2026-08-26T16:20:59+00:00 SKIP_EXISTING [60/900] id=OAFX0060 window=SCREEN_IS
2026-08-26T16:20:59+00:00 GATE_SKIP id=OAFX0060 window=IS reason=SINGLE_SLEEVE_INFERIOR decision=SCREEN_OUT_SINGLE_SLEEVE net=9187.0 PF=1.071 DD=21.1533%
2026-08-26T16:20:59+00:00 SKIP_EXISTING [61/900] id=OAFX0061 window=SCREEN_IS
2026-08-26T16:20:59+00:00 GATE_SKIP id=OAFX0061 window=IS reason=SINGLE_SLEEVE_INFERIOR decision=SCREEN_OUT_SINGLE_SLEEVE net=-19841.0 PF=0.835 DD=35.8062%
2026-08-26T16:20:59+00:00 SKIP_EXISTING [62/900] id=OAFX0062 window=SCREEN_IS
2026-08-26T16:20:59+00:00 GATE_SKIP id=OAFX0062 window=IS reason=SINGLE_SLEEVE_INFERIOR decision=SCREEN_OUT_SINGLE_SLEEVE net=-23159.0 PF=0.7908 DD=35.7798%
2026-08-26T16:20:59+00:00 SKIP_EXISTING [63/900] id=OAFX0063 window=SCREEN_IS
2026-08-26T16:20:59+00:00 GATE_SKIP id=OAFX0063 window=IS reason=SINGLE_SLEEVE_INFERIOR decision=SCREEN_OUT_SINGLE_SLEEVE net=-28960.0 PF=0.7103 DD=43.3035%
2026-08-26T16:20:59+00:00 SKIP_EXISTING [64/900] id=OAFX0064 window=SCREEN_IS
2026-08-26T16:20:59+00:00 GATE_SKIP id=OAFX0064 window=IS reason=SINGLE_SLEEVE_INFERIOR decision=SCREEN_OUT_SINGLE_SLEEVE net=-32927.0 PF=0.6662 DD=45.6263%
2026-08-26T16:20:59+00:00 SKIP_EXISTING [65/900] id=OAFX0065 window=SCREEN_IS
2026-08-26T16:20:59+00:00 GATE_SKIP id=OAFX0065 window=IS reason=SINGLE_SLEEVE_INFERIOR decision=SCREEN_OUT_SINGLE_SLEEVE net=-25439.0 PF=0.7049 DD=36.0011%
2026-08-26T16:20:59+00:00 SKIP_EXISTING [66/900] id=OAFX0066 window=SCREEN_IS
2026-08-26T16:20:59+00:00 GATE_SKIP id=OAFX0066 window=IS reason=SINGLE_SLEEVE_INFERIOR decision=SCREEN_OUT_SINGLE_SLEEVE net=-17366.0 PF=0.8662 DD=34.7172%
2026-08-26T16:20:59+00:00 SKIP_EXISTING [67/900] id=OAFX0067 window=SCREEN_IS
2026-08-26T16:20:59+00:00 GATE_SKIP id=OAFX0067 window=IS reason=SINGLE_SLEEVE_INFERIOR decision=SCREEN_OUT_SINGLE_SLEEVE net=-21481.0 PF=0.8217 DD=34.6766%
2026-08-26T16:20:59+00:00 SKIP_EXISTING [68/900] id=OAFX0068 window=SCREEN_IS
2026-08-26T16:20:59+00:00 GATE_SKIP id=OAFX0068 window=IS reason=SINGLE_SLEEVE_INFERIOR decision=SCREEN_OUT_SINGLE_SLEEVE net=-27802.0 PF=0.744 DD=43.5888%
2026-08-26T16:20:59+00:00 SKIP_EXISTING [69/900] id=OAFX0069 window=SCREEN_IS
2026-08-26T16:20:59+00:00 GATE_SKIP id=OAFX0069 window=IS reason=SINGLE_SLEEVE_INFERIOR decision=SCREEN_OUT_SINGLE_SLEEVE net=-32290.0 PF=0.6959 DD=46.1206%
2026-08-26T16:20:59+00:00 SKIP_EXISTING [70/900] id=OAFX0070 window=SCREEN_IS
2026-08-26T16:20:59+00:00 GATE_SKIP id=OAFX0070 window=IS reason=SINGLE_SLEEVE_INFERIOR decision=SCREEN_OUT_SINGLE_SLEEVE net=-24924.0 PF=0.731 DD=37.0439%
2026-08-26T16:20:59+00:00 SKIP_EXISTING [71/900] id=OAFX0071 window=SCREEN_IS
2026-08-26T16:20:59+00:00 GATE_SKIP id=OAFX0071 window=IS reason=SINGLE_SLEEVE_INFERIOR decision=SCREEN_OUT_SINGLE_SLEEVE net=6177.0 PF=1.0452 DD=22.1057%
2026-08-26T16:20:59+00:00 SKIP_EXISTING [72/900] id=OAFX0072 window=SCREEN_IS
2026-08-26T16:20:59+00:00 GATE_SKIP id=OAFX0072 window=IS reason=SINGLE_SLEEVE_INFERIOR decision=SCREEN_OUT_SINGLE_SLEEVE net=292.0 PF=1.0023 DD=21.7267%
2026-08-26T16:20:59+00:00 SKIP_EXISTING [73/900] id=OAFX0073 window=SCREEN_IS
2026-08-26T16:20:59+00:00 GATE_SKIP id=OAFX0073 window=IS reason=SINGLE_SLEEVE_INFERIOR decision=SCREEN_OUT_SINGLE_SLEEVE net=-9773.0 PF=0.9161 DD=25.4253%
2026-08-26T16:20:59+00:00 SKIP_EXISTING [74/900] id=OAFX0074 window=SCREEN_IS
2026-08-26T16:20:59+00:00 GATE_SKIP id=OAFX0074 window=IS reason=SINGLE_SLEEVE_INFERIOR decision=SCREEN_OUT_SINGLE_SLEEVE net=-13377.0 PF=0.8818 DD=26.7255%
2026-08-26T16:20:59+00:00 SKIP_EXISTING [75/900] id=OAFX0075 window=SCREEN_IS
2026-08-26T16:20:59+00:00 GATE_SKIP id=OAFX0075 window=IS reason=SINGLE_SLEEVE_INFERIOR decision=SCREEN_OUT_SINGLE_SLEEVE net=-6011.0 PF=0.9397 DD=22.1662%
2026-08-26T16:20:59+00:00 SKIP_EXISTING [76/900] id=OAFX0076 window=SCREEN_IS
2026-08-26T16:20:59+00:00 GATE_SKIP id=OAFX0076 window=IS reason=SINGLE_SLEEVE_INFERIOR decision=SCREEN_OUT_SINGLE_SLEEVE net=1795.0 PF=1.0122 DD=23.4626%
2026-08-26T16:20:59+00:00 SKIP_EXISTING [77/900] id=OAFX0077 window=SCREEN_IS
2026-08-26T16:20:59+00:00 GATE_SKIP id=OAFX0077 window=IS reason=SINGLE_SLEEVE_INFERIOR decision=SCREEN_OUT_SINGLE_SLEEVE net=-5059.0 PF=0.9634 DD=24.183%
2026-08-26T16:20:59+00:00 SKIP_EXISTING [78/900] id=OAFX0078 window=SCREEN_IS
2026-08-26T16:20:59+00:00 GATE_SKIP id=OAFX0078 window=IS reason=SINGLE_SLEEVE_INFERIOR decision=SCREEN_OUT_SINGLE_SLEEVE net=-15266.0 PF=0.8793 DD=28.5536%
2026-08-26T16:20:59+00:00 SKIP_EXISTING [79/900] id=OAFX0079 window=SCREEN_IS
2026-08-26T16:20:59+00:00 GATE_SKIP id=OAFX0079 window=IS reason=SINGLE_SLEEVE_INFERIOR decision=SCREEN_OUT_SINGLE_SLEEVE net=-19480.0 PF=0.842 DD=30.2833%
2026-08-26T16:20:59+00:00 SKIP_EXISTING [80/900] id=OAFX0080 window=SCREEN_IS
2026-08-26T16:20:59+00:00 GATE_SKIP id=OAFX0080 window=IS reason=SINGLE_SLEEVE_INFERIOR decision=SCREEN_OUT_SINGLE_SLEEVE net=-10434.0 PF=0.9033 DD=25.1771%
2026-08-26T16:20:59+00:00 SKIP_EXISTING [81/900] id=OAFX0081 window=SCREEN_IS
2026-08-26T16:20:59+00:00 GATE_SKIP id=OAFX0081 window=IS reason=SINGLE_SLEEVE_INFERIOR decision=SCREEN_OUT_SINGLE_SLEEVE net=-22702.0 PF=0.7338 DD=37.0934%
2026-08-26T16:20:59+00:00 SKIP_EXISTING [82/900] id=OAFX0082 window=SCREEN_IS
2026-08-26T16:20:59+00:00 GATE_SKIP id=OAFX0082 window=IS reason=SINGLE_SLEEVE_INFERIOR decision=SCREEN_OUT_SINGLE_SLEEVE net=-23776.0 PF=0.6873 DD=33.444%
2026-08-26T16:20:59+00:00 SKIP_EXISTING [83/900] id=OAFX0083 window=SCREEN_IS
2026-08-26T16:20:59+00:00 GATE_SKIP id=OAFX0083 window=IS reason=SINGLE_SLEEVE_INFERIOR decision=SCREEN_OUT_SINGLE_SLEEVE net=-24005.0 PF=0.6487 DD=33.4071%
2026-08-26T16:20:59+00:00 SKIP_EXISTING [84/900] id=OAFX0084 window=SCREEN_IS
2026-08-26T16:20:59+00:00 GATE_SKIP id=OAFX0084 window=IS reason=SINGLE_SLEEVE_INFERIOR decision=SCREEN_OUT_SINGLE_SLEEVE net=-24528.0 PF=0.6347 DD=33.8022%
2026-08-26T16:20:59+00:00 SKIP_EXISTING [85/900] id=OAFX0085 window=SCREEN_IS
2026-08-26T16:20:59+00:00 GATE_SKIP id=OAFX0085 window=IS reason=SINGLE_SLEEVE_INFERIOR decision=SCREEN_OUT_SINGLE_SLEEVE net=-14064.0 PF=0.7483 DD=23.3323%
2026-08-26T16:20:59+00:00 SKIP_EXISTING [86/900] id=OAFX0086 window=SCREEN_IS
2026-08-26T16:20:59+00:00 GATE_SKIP id=OAFX0086 window=IS reason=SINGLE_SLEEVE_INFERIOR decision=SCREEN_OUT_SINGLE_SLEEVE net=-20227.0 PF=0.7868 DD=35.197%
2026-08-26T16:20:59+00:00 SKIP_EXISTING [87/900] id=OAFX0087 window=SCREEN_IS
2026-08-26T16:20:59+00:00 GATE_SKIP id=OAFX0087 window=IS reason=SINGLE_SLEEVE_INFERIOR decision=SCREEN_OUT_SINGLE_SLEEVE net=-22098.0 PF=0.7423 DD=32.0671%
2026-08-26T16:20:59+00:00 SKIP_EXISTING [88/900] id=OAFX0088 window=SCREEN_IS
2026-08-26T16:20:59+00:00 GATE_SKIP id=OAFX0088 window=IS reason=SINGLE_SLEEVE_INFERIOR decision=SCREEN_OUT_SINGLE_SLEEVE net=-22847.0 PF=0.7032 DD=33.382%
2026-08-26T16:20:59+00:00 SKIP_EXISTING [89/900] id=OAFX0089 window=SCREEN_IS
2026-08-26T16:20:59+00:00 GATE_SKIP id=OAFX0089 window=IS reason=SINGLE_SLEEVE_INFERIOR decision=SCREEN_OUT_SINGLE_SLEEVE net=-23891.0 PF=0.68 DD=34.3433%
2026-08-26T16:20:59+00:00 SKIP_EXISTING [90/900] id=OAFX0090 window=SCREEN_IS
2026-08-26T16:20:59+00:00 GATE_SKIP id=OAFX0090 window=IS reason=SINGLE_SLEEVE_INFERIOR decision=SCREEN_OUT_SINGLE_SLEEVE net=-13549.0 PF=0.7826 DD=21.8339%
2026-08-26T16:20:59+00:00 SKIP_EXISTING [91/900] id=OAFX0091 window=SCREEN_IS
2026-08-26T16:20:59+00:00 GATE_SKIP id=OAFX0091 window=IS reason=SINGLE_SLEEVE_INFERIOR decision=SCREEN_OUT_SINGLE_SLEEVE net=3316.0 PF=1.0326 DD=23.7995%
2026-08-26T16:20:59+00:00 SKIP_EXISTING [92/900] id=OAFX0092 window=SCREEN_IS
2026-08-26T16:20:59+00:00 GATE_SKIP id=OAFX0092 window=IS reason=SINGLE_SLEEVE_INFERIOR decision=SCREEN_OUT_SINGLE_SLEEVE net=-325.0 PF=0.9965 DD=27.01%
2026-08-26T16:20:59+00:00 SKIP_EXISTING [93/900] id=OAFX0093 window=SCREEN_IS
2026-08-26T16:20:59+00:00 GATE_SKIP id=OAFX0093 window=IS reason=SINGLE_SLEEVE_INFERIOR decision=SCREEN_OUT_SINGLE_SLEEVE net=-4818.0 PF=0.9433 DD=26.2241%
2026-08-26T16:20:59+00:00 SKIP_EXISTING [94/900] id=OAFX0094 window=SCREEN_IS
2026-08-26T16:20:59+00:00 GATE_SKIP id=OAFX0094 window=IS reason=SINGLE_SLEEVE_INFERIOR decision=SCREEN_OUT_SINGLE_SLEEVE net=-4978.0 PF=0.939 DD=26.0918%
2026-08-26T16:20:59+00:00 SKIP_EXISTING [95/900] id=OAFX0095 window=SCREEN_IS
2026-08-26T16:20:59+00:00 GATE_SKIP id=OAFX0095 window=IS reason=SINGLE_SLEEVE_INFERIOR decision=SCREEN_OUT_SINGLE_SLEEVE net=5364.0 PF=1.0774 DD=20.5919%
2026-08-26T16:20:59+00:00 SKIP_EXISTING [96/900] id=OAFX0096 window=SCREEN_IS
2026-08-26T16:20:59+00:00 GATE_SKIP id=OAFX0096 window=IS reason=SINGLE_SLEEVE_INFERIOR decision=SCREEN_OUT_SINGLE_SLEEVE net=-1066.0 PF=0.9905 DD=26.3317%
2026-08-26T16:20:59+00:00 SKIP_EXISTING [97/900] id=OAFX0097 window=SCREEN_IS
2026-08-26T16:20:59+00:00 GATE_SKIP id=OAFX0097 window=IS reason=SINGLE_SLEEVE_INFERIOR decision=SCREEN_OUT_SINGLE_SLEEVE net=-5676.0 PF=0.9451 DD=29.7228%
2026-08-26T16:20:59+00:00 SKIP_EXISTING [98/900] id=OAFX0098 window=SCREEN_IS
2026-08-26T16:20:59+00:00 GATE_SKIP id=OAFX0098 window=IS reason=SINGLE_SLEEVE_INFERIOR decision=SCREEN_OUT_SINGLE_SLEEVE net=-10311.0 PF=0.8913 DD=26.3017%
2026-08-26T16:20:59+00:00 SKIP_EXISTING [99/900] id=OAFX0099 window=SCREEN_IS
2026-08-26T16:20:59+00:00 GATE_SKIP id=OAFX0099 window=IS reason=SINGLE_SLEEVE_INFERIOR decision=SCREEN_OUT_SINGLE_SLEEVE net=-11081.0 PF=0.8793 DD=26.7976%
2026-08-26T16:20:59+00:00 SKIP_EXISTING [100/900] id=OAFX0100 window=SCREEN_IS
2026-08-26T16:20:59+00:00 GATE_SKIP id=OAFX0100 window=IS reason=SINGLE_SLEEVE_INFERIOR decision=SCREEN_OUT_SINGLE_SLEEVE net=941.0 PF=1.0121 DD=18.928%
2026-08-26T16:20:59+00:00 SCREEN_SKIP_EXISTING_FULLBOOK [101/900] id=OAFX0101 reason=existing fullbook IS retained
2026-08-26T16:20:59+00:00 SKIP_EXISTING [101/900] id=OAFX0101 window=IS
2026-08-26T16:20:59+00:00 GATE_SKIP id=OAFX0101 window=OOS reason=IS_NOT_SURVIVOR decision=IS_REJECT net=223641.0 PF=1.4509 DD=39.0352%
2026-08-26T16:20:59+00:00 SKIP_EXISTING [102/900] id=OAFX0102 window=SCREEN_IS
2026-08-26T16:20:59+00:00 GATE_SKIP id=OAFX0102 window=IS reason=SINGLE_SLEEVE_INFERIOR decision=SCREEN_OUT_SINGLE_SLEEVE net=40227.0 PF=1.4591 DD=7.5594%
2026-08-26T16:20:59+00:00 SKIP_EXISTING [103/900] id=OAFX0103 window=SCREEN_IS
2026-08-26T16:20:59+00:00 GATE_SKIP id=OAFX0103 window=IS reason=SINGLE_SLEEVE_INFERIOR decision=SCREEN_OUT_SINGLE_SLEEVE net=31797.0 PF=1.1719 DD=11.3268%
2026-08-26T16:20:59+00:00 SKIP_EXISTING [104/900] id=OAFX0104 window=SCREEN_IS
2026-08-26T16:20:59+00:00 GATE_SKIP id=OAFX0104 window=IS reason=SINGLE_SLEEVE_INFERIOR decision=SCREEN_OUT_SINGLE_SLEEVE net=38477.0 PF=1.4308 DD=8.7357%
2026-08-26T16:20:59+00:00 SKIP_EXISTING [105/900] id=OAFX0105 window=SCREEN_IS
2026-08-26T16:20:59+00:00 GATE_SKIP id=OAFX0105 window=IS reason=SINGLE_SLEEVE_INFERIOR decision=SCREEN_OUT_SINGLE_SLEEVE net=30907.0 PF=1.1644 DD=10.8968%
2026-08-26T16:20:59+00:00 SKIP_EXISTING [106/900] id=OAFX0106 window=SCREEN_IS
2026-08-26T16:20:59+00:00 GATE_SKIP id=OAFX0106 window=IS reason=SINGLE_SLEEVE_INFERIOR decision=SCREEN_OUT_SINGLE_SLEEVE net=38634.0 PF=1.4304 DD=8.3495%
2026-08-26T16:20:59+00:00 SKIP_EXISTING [107/900] id=OAFX0107 window=SCREEN_IS
2026-08-26T16:20:59+00:00 GATE_SKIP id=OAFX0107 window=IS reason=SINGLE_SLEEVE_INFERIOR decision=SCREEN_OUT_SINGLE_SLEEVE net=32407.0 PF=1.172 DD=10.1664%
2026-08-26T16:20:59+00:00 SKIP_EXISTING [108/900] id=OAFX0108 window=SCREEN_IS
2026-08-26T16:20:59+00:00 GATE_SKIP id=OAFX0108 window=IS reason=SINGLE_SLEEVE_INFERIOR decision=SCREEN_OUT_SINGLE_SLEEVE net=40079.0 PF=1.4444 DD=7.843%
2026-08-26T16:20:59+00:00 SKIP_EXISTING [109/900] id=OAFX0109 window=SCREEN_IS
2026-08-26T16:20:59+00:00 GATE_SKIP id=OAFX0109 window=IS reason=SINGLE_SLEEVE_INFERIOR decision=SCREEN_OUT_SINGLE_SLEEVE net=36086.0 PF=1.1911 DD=10.0382%
2026-08-26T16:20:59+00:00 SKIP_EXISTING [110/900] id=OAFX0110 window=SCREEN_IS
2026-08-26T16:20:59+00:00 GATE_SKIP id=OAFX0110 window=IS reason=SINGLE_SLEEVE_INFERIOR decision=SCREEN_OUT_SINGLE_SLEEVE net=42005.0 PF=1.4638 DD=7.4187%
2026-08-26T16:20:59+00:00 SKIP_EXISTING [111/900] id=OAFX0111 window=SCREEN_IS
2026-08-26T16:20:59+00:00 GATE_SKIP id=OAFX0111 window=IS reason=SINGLE_SLEEVE_INFERIOR decision=SCREEN_OUT_SINGLE_SLEEVE net=36539.0 PF=1.1935 DD=9.9568%
2026-08-26T16:20:59+00:00 SKIP_EXISTING [112/900] id=OAFX0112 window=SCREEN_IS
2026-08-26T16:20:59+00:00 GATE_SKIP id=OAFX0112 window=IS reason=SINGLE_SLEEVE_INFERIOR decision=SCREEN_OUT_SINGLE_SLEEVE net=41204.0 PF=1.4549 DD=7.45%
2026-08-26T16:20:59+00:00 SKIP_EXISTING [113/900] id=OAFX0113 window=SCREEN_IS
2026-08-26T16:20:59+00:00 GATE_SKIP id=OAFX0113 window=IS reason=SINGLE_SLEEVE_INFERIOR decision=SCREEN_OUT_SINGLE_SLEEVE net=34095.0 PF=1.18 DD=10.1801%
2026-08-26T16:20:59+00:00 SKIP_EXISTING [114/900] id=OAFX0114 window=SCREEN_IS
2026-08-26T16:20:59+00:00 GATE_SKIP id=OAFX0114 window=IS reason=SINGLE_SLEEVE_INFERIOR decision=SCREEN_OUT_SINGLE_SLEEVE net=39375.0 PF=1.4317 DD=7.5766%
2026-08-26T16:20:59+00:00 SKIP_EXISTING [115/900] id=OAFX0115 window=SCREEN_IS
2026-08-26T16:20:59+00:00 GATE_SKIP id=OAFX0115 window=IS reason=SINGLE_SLEEVE_INFERIOR decision=SCREEN_OUT_SINGLE_SLEEVE net=33206.0 PF=1.1753 DD=10.2638%
2026-08-26T16:20:59+00:00 SKIP_EXISTING [116/900] id=OAFX0116 window=SCREEN_IS
2026-08-26T16:20:59+00:00 GATE_SKIP id=OAFX0116 window=IS reason=SINGLE_SLEEVE_INFERIOR decision=SCREEN_OUT_SINGLE_SLEEVE net=39922.0 PF=1.4377 DD=7.55%
2026-08-26T16:20:59+00:00 SKIP_EXISTING [117/900] id=OAFX0117 window=SCREEN_IS
2026-08-26T16:20:59+00:00 GATE_SKIP id=OAFX0117 window=IS reason=SINGLE_SLEEVE_INFERIOR decision=SCREEN_OUT_SINGLE_SLEEVE net=33694.0 PF=1.1778 DD=10.217%
2026-08-26T16:20:59+00:00 SKIP_EXISTING [118/900] id=OAFX0118 window=SCREEN_IS
2026-08-26T16:20:59+00:00 GATE_SKIP id=OAFX0118 window=IS reason=SINGLE_SLEEVE_INFERIOR decision=SCREEN_OUT_SINGLE_SLEEVE net=39804.0 PF=1.4364 DD=7.5262%
2026-08-26T16:20:59+00:00 SKIP_EXISTING [119/900] id=OAFX0119 window=SCREEN_IS
2026-08-26T16:20:59+00:00 GATE_SKIP id=OAFX0119 window=IS reason=SINGLE_SLEEVE_INFERIOR decision=SCREEN_OUT_SINGLE_SLEEVE net=33710.0 PF=1.1779 DD=10.2536%
2026-08-26T16:20:59+00:00 SKIP_EXISTING [120/900] id=OAFX0120 window=SCREEN_IS
2026-08-26T16:20:59+00:00 GATE_SKIP id=OAFX0120 window=IS reason=SINGLE_SLEEVE_INFERIOR decision=SCREEN_OUT_SINGLE_SLEEVE net=38935.0 PF=1.4269 DD=7.5847%
2026-08-26T16:20:59+00:00 SKIP_EXISTING [121/900] id=OAFX0121 window=SCREEN_IS
2026-08-26T16:20:59+00:00 GATE_SKIP id=OAFX0121 window=IS reason=SINGLE_SLEEVE_INFERIOR decision=SCREEN_OUT_SINGLE_SLEEVE net=40108.0 PF=1.1818 DD=11.5841%
2026-08-26T16:20:59+00:00 SKIP_EXISTING [122/900] id=OAFX0122 window=SCREEN_IS
2026-08-26T16:20:59+00:00 GATE_SKIP id=OAFX0122 window=IS reason=SINGLE_SLEEVE_INFERIOR decision=SCREEN_OUT_SINGLE_SLEEVE net=48236.0 PF=1.4808 DD=9.6309%
2026-08-26T16:20:59+00:00 SKIP_EXISTING [123/900] id=OAFX0123 window=SCREEN_IS
2026-08-26T16:20:59+00:00 GATE_SKIP id=OAFX0123 window=IS reason=SINGLE_SLEEVE_INFERIOR decision=SCREEN_OUT_SINGLE_SLEEVE net=41595.0 PF=1.1864 DD=12.8148%
2026-08-26T16:20:59+00:00 SKIP_EXISTING [124/900] id=OAFX0124 window=SCREEN_IS
2026-08-26T16:20:59+00:00 GATE_SKIP id=OAFX0124 window=IS reason=SINGLE_SLEEVE_INFERIOR decision=SCREEN_OUT_SINGLE_SLEEVE net=47719.0 PF=1.4678 DD=10.6055%
2026-08-26T16:20:59+00:00 SKIP_EXISTING [125/900] id=OAFX0125 window=SCREEN_IS
2026-08-26T16:20:59+00:00 GATE_SKIP id=OAFX0125 window=IS reason=SINGLE_SLEEVE_INFERIOR decision=SCREEN_OUT_SINGLE_SLEEVE net=38920.0 PF=1.171 DD=12.4031%
2026-08-26T16:20:59+00:00 SKIP_EXISTING [126/900] id=OAFX0126 window=SCREEN_IS
2026-08-26T16:20:59+00:00 GATE_SKIP id=OAFX0126 window=IS reason=SINGLE_SLEEVE_INFERIOR decision=SCREEN_OUT_SINGLE_SLEEVE net=48000.0 PF=1.4684 DD=10.2365%
2026-08-26T16:20:59+00:00 SKIP_EXISTING [127/900] id=OAFX0127 window=SCREEN_IS
2026-08-26T16:20:59+00:00 GATE_SKIP id=OAFX0127 window=IS reason=SINGLE_SLEEVE_INFERIOR decision=SCREEN_OUT_SINGLE_SLEEVE net=42154.0 PF=1.1848 DD=12.4685%
2026-08-26T16:20:59+00:00 SKIP_EXISTING [128/900] id=OAFX0128 window=SCREEN_IS
2026-08-26T16:20:59+00:00 GATE_SKIP id=OAFX0128 window=IS reason=SINGLE_SLEEVE_INFERIOR decision=SCREEN_OUT_SINGLE_SLEEVE net=50160.0 PF=1.4875 DD=9.7059%
2026-08-26T16:20:59+00:00 SKIP_EXISTING [129/900] id=OAFX0129 window=SCREEN_IS
2026-08-26T16:20:59+00:00 GATE_SKIP id=OAFX0129 window=IS reason=SINGLE_SLEEVE_INFERIOR decision=SCREEN_OUT_SINGLE_SLEEVE net=46377.0 PF=1.2027 DD=11.5504%
2026-08-26T16:20:59+00:00 SKIP_EXISTING [130/900] id=OAFX0130 window=SCREEN_IS
2026-08-26T16:20:59+00:00 GATE_SKIP id=OAFX0130 window=IS reason=SINGLE_SLEEVE_INFERIOR decision=SCREEN_OUT_SINGLE_SLEEVE net=52031.0 PF=1.5019 DD=9.0618%
2026-08-26T16:20:59+00:00 SKIP_EXISTING [131/900] id=OAFX0131 window=SCREEN_IS
2026-08-26T16:20:59+00:00 GATE_SKIP id=OAFX0131 window=IS reason=SINGLE_SLEEVE_INFERIOR decision=SCREEN_OUT_SINGLE_SLEEVE net=46719.0 PF=1.2042 DD=11.465%
2026-08-26T16:20:59+00:00 SKIP_EXISTING [132/900] id=OAFX0132 window=SCREEN_IS
2026-08-26T16:20:59+00:00 GATE_SKIP id=OAFX0132 window=IS reason=SINGLE_SLEEVE_INFERIOR decision=SCREEN_OUT_SINGLE_SLEEVE net=50718.0 PF=1.4893 DD=9.0419%
2026-08-26T16:20:59+00:00 SKIP_EXISTING [133/900] id=OAFX0133 window=SCREEN_IS
2026-08-26T16:20:59+00:00 GATE_SKIP id=OAFX0133 window=IS reason=SINGLE_SLEEVE_INFERIOR decision=SCREEN_OUT_SINGLE_SLEEVE net=44589.0 PF=1.1943 DD=11.6872%
2026-08-26T16:20:59+00:00 SKIP_EXISTING [134/900] id=OAFX0134 window=SCREEN_IS
2026-08-26T16:20:59+00:00 GATE_SKIP id=OAFX0134 window=IS reason=SINGLE_SLEEVE_INFERIOR decision=SCREEN_OUT_SINGLE_SLEEVE net=49078.0 PF=1.4706 DD=9.1155%
2026-08-26T16:20:59+00:00 SKIP_EXISTING [135/900] id=OAFX0135 window=SCREEN_IS
2026-08-26T16:20:59+00:00 GATE_SKIP id=OAFX0135 window=IS reason=SINGLE_SLEEVE_INFERIOR decision=SCREEN_OUT_SINGLE_SLEEVE net=42623.0 PF=1.1857 DD=11.9626%
2026-08-26T16:20:59+00:00 SKIP_EXISTING [136/900] id=OAFX0136 window=SCREEN_IS
2026-08-26T16:20:59+00:00 GATE_SKIP id=OAFX0136 window=IS reason=SINGLE_SLEEVE_INFERIOR decision=SCREEN_OUT_SINGLE_SLEEVE net=49732.0 PF=1.4769 DD=9.0778%
2026-08-26T16:20:59+00:00 SKIP_EXISTING [137/900] id=OAFX0137 window=SCREEN_IS
2026-08-26T16:20:59+00:00 GATE_SKIP id=OAFX0137 window=IS reason=SINGLE_SLEEVE_INFERIOR decision=SCREEN_OUT_SINGLE_SLEEVE net=42940.0 PF=1.1871 DD=11.9501%
2026-08-26T16:20:59+00:00 SKIP_EXISTING [138/900] id=OAFX0138 window=SCREEN_IS
2026-08-26T16:20:59+00:00 GATE_SKIP id=OAFX0138 window=IS reason=SINGLE_SLEEVE_INFERIOR decision=SCREEN_OUT_SINGLE_SLEEVE net=49683.0 PF=1.4764 DD=9.2401%
2026-08-26T16:20:59+00:00 SKIP_EXISTING [139/900] id=OAFX0139 window=SCREEN_IS
2026-08-26T16:20:59+00:00 GATE_SKIP id=OAFX0139 window=IS reason=SINGLE_SLEEVE_INFERIOR decision=SCREEN_OUT_SINGLE_SLEEVE net=42887.0 PF=1.1869 DD=11.9706%
2026-08-26T16:20:59+00:00 SKIP_EXISTING [140/900] id=OAFX0140 window=SCREEN_IS
2026-08-26T16:20:59+00:00 GATE_SKIP id=OAFX0140 window=IS reason=SINGLE_SLEEVE_INFERIOR decision=SCREEN_OUT_SINGLE_SLEEVE net=48488.0 PF=1.465 DD=9.3318%
2026-08-26T16:20:59+00:00 SKIP_EXISTING [141/900] id=OAFX0141 window=SCREEN_IS
2026-08-26T16:20:59+00:00 GATE_SKIP id=OAFX0141 window=IS reason=SINGLE_SLEEVE_INFERIOR decision=SCREEN_OUT_SINGLE_SLEEVE net=48768.0 PF=1.1885 DD=13.294%
2026-08-26T16:20:59+00:00 SKIP_EXISTING [142/900] id=OAFX0142 window=SCREEN_IS
2026-08-26T16:20:59+00:00 GATE_SKIP id=OAFX0142 window=IS reason=SINGLE_SLEEVE_INFERIOR decision=SCREEN_OUT_SINGLE_SLEEVE net=56245.0 PF=1.4976 DD=11.583%
2026-08-26T16:20:59+00:00 SKIP_EXISTING [143/900] id=OAFX0143 window=SCREEN_IS
2026-08-26T16:20:59+00:00 GATE_SKIP id=OAFX0143 window=IS reason=SINGLE_SLEEVE_INFERIOR decision=SCREEN_OUT_SINGLE_SLEEVE net=51393.0 PF=1.1967 DD=15.3588%
2026-08-26T16:20:59+00:00 SKIP_EXISTING [144/900] id=OAFX0144 window=SCREEN_IS
2026-08-26T16:20:59+00:00 GATE_SKIP id=OAFX0144 window=IS reason=SINGLE_SLEEVE_INFERIOR decision=SCREEN_OUT_SINGLE_SLEEVE net=56961.0 PF=1.4965 DD=12.4658%
2026-08-26T16:20:59+00:00 SKIP_EXISTING [145/900] id=OAFX0145 window=SCREEN_IS
2026-08-26T16:20:59+00:00 GATE_SKIP id=OAFX0145 window=IS reason=SINGLE_SLEEVE_INFERIOR decision=SCREEN_OUT_SINGLE_SLEEVE net=46933.0 PF=1.1756 DD=15.2255%
2026-08-26T16:20:59+00:00 SKIP_EXISTING [146/900] id=OAFX0146 window=SCREEN_IS
2026-08-26T16:20:59+00:00 GATE_SKIP id=OAFX0146 window=IS reason=SINGLE_SLEEVE_INFERIOR decision=SCREEN_OUT_SINGLE_SLEEVE net=57366.0 PF=1.4981 DD=12.1044%
2026-08-26T16:20:59+00:00 SKIP_EXISTING [147/900] id=OAFX0147 window=SCREEN_IS
2026-08-26T16:20:59+00:00 GATE_SKIP id=OAFX0147 window=IS reason=SINGLE_SLEEVE_INFERIOR decision=SCREEN_OUT_SINGLE_SLEEVE net=51901.0 PF=1.1939 DD=14.9479%
2026-08-26T16:20:59+00:00 SKIP_EXISTING [148/900] id=OAFX0148 window=SCREEN_IS
2026-08-26T16:20:59+00:00 GATE_SKIP id=OAFX0148 window=IS reason=SINGLE_SLEEVE_INFERIOR decision=SCREEN_OUT_SINGLE_SLEEVE net=60241.0 PF=1.5211 DD=11.5402%
2026-08-26T16:20:59+00:00 SKIP_EXISTING [149/900] id=OAFX0149 window=SCREEN_IS
2026-08-26T16:20:59+00:00 GATE_SKIP id=OAFX0149 window=IS reason=SINGLE_SLEEVE_INFERIOR decision=SCREEN_OUT_SINGLE_SLEEVE net=56668.0 PF=1.2108 DD=13.7552%
2026-08-26T16:20:59+00:00 SKIP_EXISTING [150/900] id=OAFX0150 window=SCREEN_IS
2026-08-26T16:20:59+00:00 GATE_SKIP id=OAFX0150 window=IS reason=SINGLE_SLEEVE_INFERIOR decision=SCREEN_OUT_SINGLE_SLEEVE net=62057.0 PF=1.5316 DD=10.8425%
2026-08-26T16:20:59+00:00 SKIP_EXISTING [151/900] id=OAFX0151 window=SCREEN_IS
2026-08-26T16:20:59+00:00 GATE_SKIP id=OAFX0151 window=IS reason=SINGLE_SLEEVE_INFERIOR decision=SCREEN_OUT_SINGLE_SLEEVE net=56899.0 PF=1.2116 DD=13.6869%
2026-08-26T16:20:59+00:00 SKIP_EXISTING [152/900] id=OAFX0152 window=SCREEN_IS
2026-08-26T16:20:59+00:00 GATE_SKIP id=OAFX0152 window=IS reason=SINGLE_SLEEVE_INFERIOR decision=SCREEN_OUT_SINGLE_SLEEVE net=60232.0 PF=1.5159 DD=10.8456%
2026-08-26T16:20:59+00:00 SKIP_EXISTING [153/900] id=OAFX0153 window=SCREEN_IS
2026-08-26T16:20:59+00:00 GATE_SKIP id=OAFX0153 window=IS reason=SINGLE_SLEEVE_INFERIOR decision=SCREEN_OUT_SINGLE_SLEEVE net=55083.0 PF=1.2044 DD=13.8169%
2026-08-26T16:20:59+00:00 SKIP_EXISTING [154/900] id=OAFX0154 window=SCREEN_IS
2026-08-26T16:20:59+00:00 GATE_SKIP id=OAFX0154 window=IS reason=SINGLE_SLEEVE_INFERIOR decision=SCREEN_OUT_SINGLE_SLEEVE net=58781.0 PF=1.5008 DD=10.8565%
2026-08-26T16:20:59+00:00 SKIP_EXISTING [155/900] id=OAFX0155 window=SCREEN_IS
2026-08-26T16:20:59+00:00 GATE_SKIP id=OAFX0155 window=IS reason=SINGLE_SLEEVE_INFERIOR decision=SCREEN_OUT_SINGLE_SLEEVE net=52040.0 PF=1.1931 DD=14.43%
2026-08-26T16:20:59+00:00 SKIP_EXISTING [156/900] id=OAFX0156 window=SCREEN_IS
2026-08-26T16:20:59+00:00 GATE_SKIP id=OAFX0156 window=IS reason=SINGLE_SLEEVE_INFERIOR decision=SCREEN_OUT_SINGLE_SLEEVE net=59542.0 PF=1.5073 DD=10.6887%
2026-08-26T16:20:59+00:00 SKIP_EXISTING [157/900] id=OAFX0157 window=SCREEN_IS
2026-08-26T16:20:59+00:00 GATE_SKIP id=OAFX0157 window=IS reason=SINGLE_SLEEVE_INFERIOR decision=SCREEN_OUT_SINGLE_SLEEVE net=52186.0 PF=1.1937 DD=14.4422%
2026-08-26T16:20:59+00:00 SKIP_EXISTING [158/900] id=OAFX0158 window=SCREEN_IS
2026-08-26T16:20:59+00:00 GATE_SKIP id=OAFX0158 window=IS reason=SINGLE_SLEEVE_INFERIOR decision=SCREEN_OUT_SINGLE_SLEEVE net=59562.0 PF=1.5075 DD=11.0103%
2026-08-26T16:20:59+00:00 SKIP_EXISTING [159/900] id=OAFX0159 window=SCREEN_IS
2026-08-26T16:20:59+00:00 GATE_SKIP id=OAFX0159 window=IS reason=SINGLE_SLEEVE_INFERIOR decision=SCREEN_OUT_SINGLE_SLEEVE net=52064.0 PF=1.1932 DD=14.4797%
2026-08-26T16:20:59+00:00 SKIP_EXISTING [160/900] id=OAFX0160 window=SCREEN_IS
2026-08-26T16:20:59+00:00 GATE_SKIP id=OAFX0160 window=IS reason=SINGLE_SLEEVE_INFERIOR decision=SCREEN_OUT_SINGLE_SLEEVE net=58041.0 PF=1.4945 DD=11.1396%
2026-08-26T16:20:59+00:00 SKIP_EXISTING [161/900] id=OAFX0161 window=SCREEN_IS
2026-08-26T16:20:59+00:00 GATE_SKIP id=OAFX0161 window=IS reason=SINGLE_SLEEVE_INFERIOR decision=SCREEN_OUT_SINGLE_SLEEVE net=57428.0 PF=1.1934 DD=15.5622%
2026-08-26T16:20:59+00:00 SKIP_EXISTING [162/900] id=OAFX0162 window=SCREEN_IS
2026-08-26T16:20:59+00:00 GATE_SKIP id=OAFX0162 window=IS reason=SINGLE_SLEEVE_INFERIOR decision=SCREEN_OUT_SINGLE_SLEEVE net=64254.0 PF=1.5111 DD=13.3277%
2026-08-26T16:20:59+00:00 SKIP_EXISTING [163/900] id=OAFX0163 window=SCREEN_IS
2026-08-26T16:20:59+00:00 GATE_SKIP id=OAFX0163 window=IS reason=SINGLE_SLEEVE_INFERIOR decision=SCREEN_OUT_SINGLE_SLEEVE net=61191.0 PF=1.2044 DD=17.4147%
2026-08-26T16:20:59+00:00 SKIP_EXISTING [164/900] id=OAFX0164 window=SCREEN_IS
2026-08-26T16:20:59+00:00 GATE_SKIP id=OAFX0164 window=IS reason=SINGLE_SLEEVE_INFERIOR decision=SCREEN_OUT_SINGLE_SLEEVE net=66203.0 PF=1.5196 DD=14.114%
2026-08-26T16:20:59+00:00 SKIP_EXISTING [165/900] id=OAFX0165 window=SCREEN_IS
2026-08-26T16:20:59+00:00 GATE_SKIP id=OAFX0165 window=IS reason=SINGLE_SLEEVE_INFERIOR decision=SCREEN_OUT_SINGLE_SLEEVE net=54946.0 PF=1.179 DD=17.6341%
2026-08-26T16:20:59+00:00 SKIP_EXISTING [166/900] id=OAFX0166 window=SCREEN_IS
2026-08-26T16:20:59+00:00 GATE_SKIP id=OAFX0166 window=IS reason=SINGLE_SLEEVE_INFERIOR decision=SCREEN_OUT_SINGLE_SLEEVE net=66732.0 PF=1.5219 DD=13.7511%
2026-08-26T16:20:59+00:00 SKIP_EXISTING [167/900] id=OAFX0167 window=SCREEN_IS
2026-08-26T16:20:59+00:00 GATE_SKIP id=OAFX0167 window=IS reason=SINGLE_SLEEVE_INFERIOR decision=SCREEN_OUT_SINGLE_SLEEVE net=61648.0 PF=1.2006 DD=16.9657%
2026-08-26T16:20:59+00:00 SKIP_EXISTING [168/900] id=OAFX0168 window=SCREEN_IS
2026-08-26T16:20:59+00:00 GATE_SKIP id=OAFX0168 window=IS reason=SINGLE_SLEEVE_INFERIOR decision=SCREEN_OUT_SINGLE_SLEEVE net=70322.0 PF=1.5481 DD=13.1484%
2026-08-26T16:20:59+00:00 SKIP_EXISTING [169/900] id=OAFX0169 window=SCREEN_IS
2026-08-26T16:20:59+00:00 GATE_SKIP id=OAFX0169 window=IS reason=SINGLE_SLEEVE_INFERIOR decision=SCREEN_OUT_SINGLE_SLEEVE net=66959.0 PF=1.2168 DD=15.7568%
2026-08-26T16:20:59+00:00 SKIP_EXISTING [170/900] id=OAFX0170 window=SCREEN_IS
2026-08-26T16:20:59+00:00 GATE_SKIP id=OAFX0170 window=IS reason=SINGLE_SLEEVE_INFERIOR decision=SCREEN_OUT_SINGLE_SLEEVE net=72083.0 PF=1.5552 DD=12.3903%
2026-08-26T16:20:59+00:00 SKIP_EXISTING [171/900] id=OAFX0171 window=SCREEN_IS
2026-08-26T16:20:59+00:00 GATE_SKIP id=OAFX0171 window=IS reason=SINGLE_SLEEVE_INFERIOR decision=SCREEN_OUT_SINGLE_SLEEVE net=67079.0 PF=1.2172 DD=15.7051%
2026-08-26T16:20:59+00:00 SKIP_EXISTING [172/900] id=OAFX0172 window=SCREEN_IS
2026-08-26T16:20:59+00:00 GATE_SKIP id=OAFX0172 window=IS reason=SINGLE_SLEEVE_INFERIOR decision=SCREEN_OUT_SINGLE_SLEEVE net=69746.0 PF=1.5372 DD=12.4184%
2026-08-26T16:20:59+00:00 SKIP_EXISTING [173/900] id=OAFX0173 window=SCREEN_IS
2026-08-26T16:20:59+00:00 GATE_SKIP id=OAFX0173 window=IS reason=SINGLE_SLEEVE_INFERIOR decision=SCREEN_OUT_SINGLE_SLEEVE net=65577.0 PF=1.2119 DD=15.8271%
2026-08-26T16:20:59+00:00 SKIP_EXISTING [174/900] id=OAFX0174 window=SCREEN_IS
2026-08-26T16:20:59+00:00 GATE_SKIP id=OAFX0174 window=IS reason=SINGLE_SLEEVE_INFERIOR decision=SCREEN_OUT_SINGLE_SLEEVE net=68484.0 PF=1.525 DD=12.429%
2026-08-26T16:20:59+00:00 SKIP_EXISTING [175/900] id=OAFX0175 window=SCREEN_IS
2026-08-26T16:20:59+00:00 GATE_SKIP id=OAFX0175 window=IS reason=SINGLE_SLEEVE_INFERIOR decision=SCREEN_OUT_SINGLE_SLEEVE net=61457.0 PF=1.1986 DD=16.531%
2026-08-26T16:20:59+00:00 SKIP_EXISTING [176/900] id=OAFX0176 window=SCREEN_IS
2026-08-26T16:20:59+00:00 GATE_SKIP id=OAFX0176 window=IS reason=SINGLE_SLEEVE_INFERIOR decision=SCREEN_OUT_SINGLE_SLEEVE net=69352.0 PF=1.5316 DD=12.256%
2026-08-26T16:20:59+00:00 SKIP_EXISTING [177/900] id=OAFX0177 window=SCREEN_IS
2026-08-26T16:20:59+00:00 GATE_SKIP id=OAFX0177 window=IS reason=SINGLE_SLEEVE_INFERIOR decision=SCREEN_OUT_SINGLE_SLEEVE net=61432.0 PF=1.1985 DD=16.5704%
2026-08-26T16:20:59+00:00 SKIP_EXISTING [178/900] id=OAFX0178 window=SCREEN_IS
2026-08-26T16:20:59+00:00 GATE_SKIP id=OAFX0178 window=IS reason=SINGLE_SLEEVE_INFERIOR decision=SCREEN_OUT_SINGLE_SLEEVE net=69441.0 PF=1.5323 DD=12.5445%
2026-08-26T16:20:59+00:00 SKIP_EXISTING [179/900] id=OAFX0179 window=SCREEN_IS
2026-08-26T16:20:59+00:00 GATE_SKIP id=OAFX0179 window=IS reason=SINGLE_SLEEVE_INFERIOR decision=SCREEN_OUT_SINGLE_SLEEVE net=61241.0 PF=1.1979 DD=16.6254%
2026-08-26T16:20:59+00:00 SKIP_EXISTING [180/900] id=OAFX0180 window=SCREEN_IS
2026-08-26T16:20:59+00:00 GATE_SKIP id=OAFX0180 window=IS reason=SINGLE_SLEEVE_INFERIOR decision=SCREEN_OUT_SINGLE_SLEEVE net=67594.0 PF=1.5181 DD=12.7118%
2026-08-26T16:20:59+00:00 SKIP_EXISTING [181/900] id=OAFX0181 window=SCREEN_IS
2026-08-26T16:20:59+00:00 GATE_SKIP id=OAFX0181 window=IS reason=SINGLE_SLEEVE_INFERIOR decision=SCREEN_OUT_SINGLE_SLEEVE net=66088.0 PF=1.1973 DD=18.2405%
2026-08-26T16:20:59+00:00 SKIP_EXISTING [182/900] id=OAFX0182 window=SCREEN_IS
2026-08-26T16:20:59+00:00 GATE_SKIP id=OAFX0182 window=IS reason=SINGLE_SLEEVE_INFERIOR decision=SCREEN_OUT_SINGLE_SLEEVE net=72263.0 PF=1.522 DD=14.8964%
2026-08-26T16:20:59+00:00 SKIP_EXISTING [183/900] id=OAFX0183 window=SCREEN_IS
2026-08-26T16:20:59+00:00 GATE_SKIP id=OAFX0183 window=IS reason=SINGLE_SLEEVE_INFERIOR decision=SCREEN_OUT_SINGLE_SLEEVE net=70989.0 PF=1.2103 DD=19.274%
2026-08-26T16:20:59+00:00 SKIP_EXISTING [184/900] id=OAFX0184 window=SCREEN_IS
2026-08-26T16:20:59+00:00 GATE_SKIP id=OAFX0184 window=IS reason=SINGLE_SLEEVE_INFERIOR decision=SCREEN_OUT_SINGLE_SLEEVE net=75445.0 PF=1.5384 DD=15.5844%
2026-08-26T16:20:59+00:00 SKIP_EXISTING [185/900] id=OAFX0185 window=SCREEN_IS
2026-08-26T16:20:59+00:00 GATE_SKIP id=OAFX0185 window=IS reason=SINGLE_SLEEVE_INFERIOR decision=SCREEN_OUT_SINGLE_SLEEVE net=62959.0 PF=1.1817 DD=19.6492%
2026-08-26T16:20:59+00:00 SKIP_EXISTING [186/900] id=OAFX0186 window=SCREEN_IS
2026-08-26T16:20:59+00:00 GATE_SKIP id=OAFX0186 window=IS reason=SINGLE_SLEEVE_INFERIOR decision=SCREEN_OUT_SINGLE_SLEEVE net=76098.0 PF=1.5413 DD=15.2137%
2026-08-26T16:20:59+00:00 SKIP_EXISTING [187/900] id=OAFX0187 window=SCREEN_IS
2026-08-26T16:20:59+00:00 GATE_SKIP id=OAFX0187 window=IS reason=SINGLE_SLEEVE_INFERIOR decision=SCREEN_OUT_SINGLE_SLEEVE net=71395.0 PF=1.2058 DD=18.9363%
2026-08-26T16:20:59+00:00 SCREEN_SKIP_EXISTING_FULLBOOK [188/900] id=OAFX0188 reason=existing fullbook IS retained
2026-08-26T16:20:59+00:00 SKIP_EXISTING [188/900] id=OAFX0188 window=IS
2026-08-26T16:20:59+00:00 GATE_SKIP id=OAFX0188 window=OOS reason=IS_NOT_SURVIVOR decision=IS_REJECT net=272596.0 PF=1.5997 DD=36.8905%
2026-08-26T16:20:59+00:00 SCREEN_SKIP_EXISTING_FULLBOOK [189/900] id=OAFX0189 reason=existing fullbook IS retained
2026-08-26T16:20:59+00:00 SKIP_EXISTING [189/900] id=OAFX0189 window=IS
2026-08-26T16:20:59+00:00 GATE_SKIP id=OAFX0189 window=OOS reason=IS_NOT_SURVIVOR decision=IS_REJECT net=269443.0 PF=1.4068 DD=35.8647%
2026-08-26T16:20:59+00:00 SCREEN_SKIP_EXISTING_FULLBOOK [190/900] id=OAFX0190 reason=existing fullbook IS retained
2026-08-26T16:20:59+00:00 SKIP_EXISTING [190/900] id=OAFX0190 window=IS
2026-08-26T16:20:59+00:00 GATE_SKIP id=OAFX0190 window=OOS reason=IS_NOT_SURVIVOR decision=IS_REJECT net=274302.0 PF=1.601 DD=36.4886%
2026-08-26T16:20:59+00:00 SCREEN_SKIP_EXISTING_FULLBOOK [191/900] id=OAFX0191 reason=existing fullbook IS retained
2026-08-26T16:20:59+00:00 SKIP_EXISTING [191/900] id=OAFX0191 window=IS
2026-08-26T16:20:59+00:00 SKIP_EXISTING [191/900] id=OAFX0191 window=OOS
2026-08-26T16:20:59+00:00 SKIP_EXISTING [192/900] id=OAFX0192 window=SCREEN_IS
2026-08-26T16:20:59+00:00 RUN_START id=OAFX0192 family=sca_gj_boost_rr_direction window=IS run=oafx_is_oafx0192_20260827012059_461982
2026-08-26T16:21:00+00:00 RUN_HEARTBEAT pid=49320 elapsed=0s
2026-08-26T16:22:02+00:00 RUN_HEARTBEAT pid=49320 elapsed=62s
2026-08-26T16:23:05+00:00 RUN_HEARTBEAT pid=49320 elapsed=124s
2026-08-26T16:24:07+00:00 RUN_HEARTBEAT pid=49320 elapsed=187s
2026-08-26T16:25:10+00:00 RUN_HEARTBEAT pid=49320 elapsed=250s
2026-08-26T16:26:12+00:00 RUN_HEARTBEAT pid=49320 elapsed=312s
2026-08-26T16:27:15+00:00 RUN_HEARTBEAT pid=49320 elapsed=374s
2026-08-26T16:28:17+00:00 RUN_HEARTBEAT pid=49320 elapsed=436s
2026-08-26T16:28:48+00:00 WAIT_MT5_IDLE elapsed=0s processes=terminal64.exe
2026-08-26T16:29:50+00:00 WAIT_MT5_IDLE elapsed=63s processes=terminal64.exe
2026-08-26T16:30:52+00:00 WAIT_MT5_IDLE elapsed=124s processes=terminal64.exe
