2026-08-23T22:23:24+00:00 DRIVER_START pid=21092 stage=all targets=900 sha_gate=False magic_gate=False
2026-08-23T22:23:24+00:00 REGRESSION_GATE disabled
2026-08-23T22:23:24+00:00 SCREEN_SKIP_EXISTING_FULLBOOK [1/900] id=OAFX0001 reason=existing fullbook IS retained
2026-08-23T22:23:24+00:00 SKIP_EXISTING [1/900] id=OAFX0001 window=IS
2026-08-23T22:23:24+00:00 GATE_SKIP id=OAFX0001 window=OOS reason=IS_NOT_SURVIVOR decision=IS_REJECT_TRADEOFF net=218814.0 PF=1.3633 DD=34.2779%
2026-08-23T22:23:24+00:00 SCREEN_SKIP_EXISTING_FULLBOOK [2/900] id=OAFX0002 reason=existing fullbook IS retained
2026-08-23T22:23:24+00:00 SKIP_EXISTING [2/900] id=OAFX0002 window=IS
2026-08-23T22:23:24+00:00 GATE_SKIP id=OAFX0002 window=OOS reason=IS_NOT_SURVIVOR decision=IS_REJECT_TRADEOFF net=224896.0 PF=1.3927 DD=35.2708%
2026-08-23T22:23:24+00:00 SCREEN_SKIP_EXISTING_FULLBOOK [3/900] id=OAFX0003 reason=existing fullbook IS retained
2026-08-23T22:23:24+00:00 SKIP_EXISTING [3/900] id=OAFX0003 window=IS
2026-08-23T22:23:24+00:00 GATE_SKIP id=OAFX0003 window=OOS reason=IS_NOT_SURVIVOR decision=IS_REJECT net=195996.0 PF=1.3588 DD=44.0144%
2026-08-23T22:23:24+00:00 SCREEN_SKIP_EXISTING_FULLBOOK [4/900] id=OAFX0004 reason=existing fullbook IS retained
2026-08-23T22:23:24+00:00 SKIP_EXISTING [4/900] id=OAFX0004 window=IS
2026-08-23T22:23:24+00:00 GATE_SKIP id=OAFX0004 window=OOS reason=IS_NOT_SURVIVOR decision=IS_REJECT net=188264.0 PF=1.3491 DD=42.8676%
2026-08-23T22:23:24+00:00 SCREEN_SKIP_EXISTING_FULLBOOK [5/900] id=OAFX0005 reason=existing fullbook IS retained
2026-08-23T22:23:24+00:00 SKIP_EXISTING [5/900] id=OAFX0005 window=IS
2026-08-23T22:23:24+00:00 GATE_SKIP id=OAFX0005 window=OOS reason=IS_NOT_SURVIVOR decision=IS_REJECT_TRADEOFF net=207818.0 PF=1.4087 DD=34.1165%
2026-08-23T22:23:24+00:00 SCREEN_SKIP_EXISTING_FULLBOOK [6/900] id=OAFX0006 reason=existing fullbook IS retained
2026-08-23T22:23:24+00:00 SKIP_EXISTING [6/900] id=OAFX0006 window=IS
2026-08-23T22:23:24+00:00 GATE_SKIP id=OAFX0006 window=OOS reason=IS_NOT_SURVIVOR decision=IS_REJECT_TRADEOFF net=221289.0 PF=1.3616 DD=33.235%
2026-08-23T22:23:24+00:00 SCREEN_SKIP_EXISTING_FULLBOOK [7/900] id=OAFX0007 reason=existing fullbook IS retained
2026-08-23T22:23:24+00:00 SKIP_EXISTING [7/900] id=OAFX0007 window=IS
2026-08-23T22:23:24+00:00 GATE_SKIP id=OAFX0007 window=OOS reason=IS_NOT_SURVIVOR decision=IS_REJECT_TRADEOFF net=226574.0 PF=1.389 DD=34.2599%
2026-08-23T22:23:24+00:00 SCREEN_SKIP_EXISTING_FULLBOOK [8/900] id=OAFX0008 reason=existing fullbook IS retained
2026-08-23T22:23:24+00:00 SKIP_EXISTING [8/900] id=OAFX0008 window=IS
2026-08-23T22:23:24+00:00 GATE_SKIP id=OAFX0008 window=OOS reason=IS_NOT_SURVIVOR decision=IS_REJECT net=197154.0 PF=1.3553 DD=43.2011%
2026-08-23T22:23:24+00:00 SCREEN_SKIP_EXISTING_FULLBOOK [9/900] id=OAFX0009 reason=existing fullbook IS retained
2026-08-23T22:23:24+00:00 SKIP_EXISTING [9/900] id=OAFX0009 window=IS
2026-08-23T22:23:24+00:00 GATE_SKIP id=OAFX0009 window=OOS reason=IS_NOT_SURVIVOR decision=IS_REJECT net=188901.0 PF=1.3455 DD=42.2005%
2026-08-23T22:23:24+00:00 SCREEN_SKIP_EXISTING_FULLBOOK [10/900] id=OAFX0010 reason=existing fullbook IS retained
2026-08-23T22:23:24+00:00 SKIP_EXISTING [10/900] id=OAFX0010 window=IS
2026-08-23T22:23:24+00:00 GATE_SKIP id=OAFX0010 window=OOS reason=IS_NOT_SURVIVOR decision=IS_REJECT_TRADEOFF net=208333.0 PF=1.4046 DD=33.5901%
2026-08-23T22:23:24+00:00 SCREEN_SKIP_EXISTING_FULLBOOK [11/900] id=OAFX0011 reason=existing fullbook IS retained
2026-08-23T22:23:24+00:00 SKIP_EXISTING [11/900] id=OAFX0011 window=IS
2026-08-23T22:23:24+00:00 GATE_SKIP id=OAFX0011 window=OOS reason=IS_NOT_SURVIVOR decision=IS_REJECT_TRADEOFF net=244832.0 PF=1.3956 DD=34.9629%
2026-08-23T22:23:24+00:00 SCREEN_SKIP_EXISTING_FULLBOOK [12/900] id=OAFX0012 reason=existing fullbook IS retained
2026-08-23T22:23:24+00:00 SKIP_EXISTING [12/900] id=OAFX0012 window=IS
2026-08-23T22:23:24+00:00 GATE_SKIP id=OAFX0012 window=OOS reason=IS_NOT_SURVIVOR decision=IS_REJECT net=248347.0 PF=1.4208 DD=35.9879%
2026-08-23T22:23:24+00:00 SCREEN_SKIP_EXISTING_FULLBOOK [13/900] id=OAFX0013 reason=existing fullbook IS retained
2026-08-23T22:23:24+00:00 SKIP_EXISTING [13/900] id=OAFX0013 window=IS
2026-08-23T22:23:24+00:00 GATE_SKIP id=OAFX0013 window=OOS reason=IS_NOT_SURVIVOR decision=IS_REJECT net=215183.0 PF=1.3823 DD=44.9291%
2026-08-23T22:23:24+00:00 SCREEN_SKIP_EXISTING_FULLBOOK [14/900] id=OAFX0014 reason=existing fullbook IS retained
2026-08-23T22:23:24+00:00 SKIP_EXISTING [14/900] id=OAFX0014 window=IS
2026-08-23T22:23:24+00:00 GATE_SKIP id=OAFX0014 window=OOS reason=IS_NOT_SURVIVOR decision=IS_REJECT net=207814.0 PF=1.3753 DD=43.9285%
2026-08-23T22:23:24+00:00 SCREEN_SKIP_EXISTING_FULLBOOK [15/900] id=OAFX0015 reason=existing fullbook IS retained
2026-08-23T22:23:24+00:00 SKIP_EXISTING [15/900] id=OAFX0015 window=IS
2026-08-23T22:23:24+00:00 GATE_SKIP id=OAFX0015 window=OOS reason=IS_NOT_SURVIVOR decision=IS_REJECT_TRADEOFF net=227246.0 PF=1.4354 DD=35.311%
2026-08-23T22:23:24+00:00 SCREEN_SKIP_EXISTING_FULLBOOK [16/900] id=OAFX0016 reason=existing fullbook IS retained
2026-08-23T22:23:24+00:00 SKIP_EXISTING [16/900] id=OAFX0016 window=IS
2026-08-23T22:23:24+00:00 GATE_SKIP id=OAFX0016 window=OOS reason=IS_NOT_SURVIVOR decision=IS_REJECT_TRADEOFF net=240450.0 PF=1.3824 DD=34.9629%
2026-08-23T22:23:24+00:00 SCREEN_SKIP_EXISTING_FULLBOOK [17/900] id=OAFX0017 reason=existing fullbook IS retained
2026-08-23T22:23:24+00:00 SKIP_EXISTING [17/900] id=OAFX0017 window=IS
2026-08-23T22:23:24+00:00 GATE_SKIP id=OAFX0017 window=OOS reason=IS_NOT_SURVIVOR decision=IS_REJECT net=242996.0 PF=1.4049 DD=35.9879%
2026-08-23T22:23:24+00:00 SCREEN_SKIP_EXISTING_FULLBOOK [18/900] id=OAFX0018 reason=existing fullbook IS retained
2026-08-23T22:23:24+00:00 SKIP_EXISTING [18/900] id=OAFX0018 window=IS
2026-08-23T22:23:24+00:00 GATE_SKIP id=OAFX0018 window=OOS reason=IS_NOT_SURVIVOR decision=IS_REJECT net=209690.0 PF=1.366 DD=44.9291%
2026-08-23T22:23:24+00:00 SCREEN_SKIP_EXISTING_FULLBOOK [19/900] id=OAFX0019 reason=existing fullbook IS retained
2026-08-23T22:23:24+00:00 SKIP_EXISTING [19/900] id=OAFX0019 window=IS
2026-08-23T22:23:24+00:00 GATE_SKIP id=OAFX0019 window=OOS reason=IS_NOT_SURVIVOR decision=IS_REJECT net=201711.0 PF=1.3577 DD=43.9285%
2026-08-23T22:23:24+00:00 SCREEN_SKIP_EXISTING_FULLBOOK [20/900] id=OAFX0020 reason=existing fullbook IS retained
2026-08-23T22:23:24+00:00 SKIP_EXISTING [20/900] id=OAFX0020 window=IS
2026-08-23T22:23:24+00:00 GATE_SKIP id=OAFX0020 window=OOS reason=IS_NOT_SURVIVOR decision=IS_REJECT_TRADEOFF net=222823.0 PF=1.4203 DD=35.311%
2026-08-23T22:23:24+00:00 SCREEN_SKIP_EXISTING_FULLBOOK [21/900] id=OAFX0021 reason=existing fullbook IS retained
2026-08-23T22:23:24+00:00 SKIP_EXISTING [21/900] id=OAFX0021 window=IS
2026-08-23T22:23:24+00:00 GATE_SKIP id=OAFX0021 window=OOS reason=IS_NOT_SURVIVOR decision=IS_REJECT net=183245.0 PF=1.3356 DD=38.1007%
2026-08-23T22:23:24+00:00 SCREEN_SKIP_EXISTING_FULLBOOK [22/900] id=OAFX0022 reason=existing fullbook IS retained
2026-08-23T22:23:24+00:00 SKIP_EXISTING [22/900] id=OAFX0022 window=IS
2026-08-23T22:23:24+00:00 GATE_SKIP id=OAFX0022 window=OOS reason=IS_NOT_SURVIVOR decision=IS_REJECT net=186376.0 PF=1.3564 DD=42.5713%
2026-08-23T22:23:24+00:00 SCREEN_SKIP_EXISTING_FULLBOOK [23/900] id=OAFX0023 reason=existing fullbook IS retained
2026-08-23T22:23:24+00:00 SKIP_EXISTING [23/900] id=OAFX0023 window=IS
2026-08-23T22:23:24+00:00 GATE_SKIP id=OAFX0023 window=OOS reason=IS_NOT_SURVIVOR decision=IS_REJECT net=173549.0 PF=1.3476 DD=45.1215%
2026-08-23T22:23:24+00:00 SCREEN_SKIP_EXISTING_FULLBOOK [24/900] id=OAFX0024 reason=existing fullbook IS retained
2026-08-23T22:23:24+00:00 SKIP_EXISTING [24/900] id=OAFX0024 window=IS
2026-08-23T22:23:24+00:00 GATE_SKIP id=OAFX0024 window=OOS reason=IS_NOT_SURVIVOR decision=IS_REJECT net=166946.0 PF=1.3406 DD=42.2275%
2026-08-23T22:23:24+00:00 SCREEN_SKIP_EXISTING_FULLBOOK [25/900] id=OAFX0025 reason=existing fullbook IS retained
2026-08-23T22:23:24+00:00 SKIP_EXISTING [25/900] id=OAFX0025 window=IS
2026-08-23T22:23:24+00:00 GATE_SKIP id=OAFX0025 window=OOS reason=IS_NOT_SURVIVOR decision=IS_REJECT_TRADEOFF net=175707.0 PF=1.3729 DD=34.7495%
2026-08-23T22:23:24+00:00 SCREEN_SKIP_EXISTING_FULLBOOK [26/900] id=OAFX0026 reason=existing fullbook IS retained
2026-08-23T22:23:24+00:00 SKIP_EXISTING [26/900] id=OAFX0026 window=IS
2026-08-23T22:23:24+00:00 GATE_SKIP id=OAFX0026 window=OOS reason=IS_NOT_SURVIVOR decision=IS_REJECT net=185720.0 PF=1.3343 DD=37.0578%
2026-08-23T22:23:24+00:00 SCREEN_SKIP_EXISTING_FULLBOOK [27/900] id=OAFX0027 reason=existing fullbook IS retained
2026-08-23T22:23:24+00:00 SKIP_EXISTING [27/900] id=OAFX0027 window=IS
2026-08-23T22:23:24+00:00 GATE_SKIP id=OAFX0027 window=OOS reason=IS_NOT_SURVIVOR decision=IS_REJECT net=188054.0 PF=1.353 DD=41.5604%
2026-08-23T22:23:24+00:00 SCREEN_SKIP_EXISTING_FULLBOOK [28/900] id=OAFX0028 reason=existing fullbook IS retained
2026-08-23T22:23:24+00:00 SKIP_EXISTING [28/900] id=OAFX0028 window=IS
2026-08-23T22:23:24+00:00 GATE_SKIP id=OAFX0028 window=OOS reason=IS_NOT_SURVIVOR decision=IS_REJECT net=174707.0 PF=1.344 DD=44.3082%
2026-08-23T22:23:24+00:00 SCREEN_SKIP_EXISTING_FULLBOOK [29/900] id=OAFX0029 reason=existing fullbook IS retained
2026-08-23T22:23:24+00:00 SKIP_EXISTING [29/900] id=OAFX0029 window=IS
2026-08-23T22:23:24+00:00 GATE_SKIP id=OAFX0029 window=OOS reason=IS_NOT_SURVIVOR decision=IS_REJECT net=167583.0 PF=1.3367 DD=41.5604%
2026-08-23T22:23:24+00:00 SCREEN_SKIP_EXISTING_FULLBOOK [30/900] id=OAFX0030 reason=existing fullbook IS retained
2026-08-23T22:23:24+00:00 SKIP_EXISTING [30/900] id=OAFX0030 window=IS
2026-08-23T22:23:24+00:00 GATE_SKIP id=OAFX0030 window=OOS reason=IS_NOT_SURVIVOR decision=IS_REJECT_TRADEOFF net=176222.0 PF=1.3689 DD=34.2224%
2026-08-23T22:23:24+00:00 SCREEN_SKIP_EXISTING_FULLBOOK [31/900] id=OAFX0031 reason=existing fullbook IS retained
2026-08-23T22:23:24+00:00 SKIP_EXISTING [31/900] id=OAFX0031 window=IS
2026-08-23T22:23:24+00:00 GATE_SKIP id=OAFX0031 window=OOS reason=IS_NOT_SURVIVOR decision=IS_REJECT net=209263.0 PF=1.3721 DD=38.7857%
2026-08-23T22:23:24+00:00 SCREEN_SKIP_EXISTING_FULLBOOK [32/900] id=OAFX0032 reason=existing fullbook IS retained
2026-08-23T22:23:24+00:00 SKIP_EXISTING [32/900] id=OAFX0032 window=IS
2026-08-23T22:23:24+00:00 GATE_SKIP id=OAFX0032 window=OOS reason=IS_NOT_SURVIVOR decision=IS_REJECT net=209827.0 PF=1.3883 DD=43.2883%
2026-08-23T22:23:24+00:00 SCREEN_SKIP_EXISTING_FULLBOOK [33/900] id=OAFX0033 reason=existing fullbook IS retained
2026-08-23T22:23:24+00:00 SKIP_EXISTING [33/900] id=OAFX0033 window=IS
2026-08-23T22:23:24+00:00 GATE_SKIP id=OAFX0033 window=OOS reason=IS_NOT_SURVIVOR decision=IS_REJECT net=192736.0 PF=1.3736 DD=46.0361%
2026-08-23T22:23:24+00:00 SCREEN_SKIP_EXISTING_FULLBOOK [34/900] id=OAFX0034 reason=existing fullbook IS retained
2026-08-23T22:23:24+00:00 SKIP_EXISTING [34/900] id=OAFX0034 window=IS
2026-08-23T22:23:24+00:00 GATE_SKIP id=OAFX0034 window=OOS reason=IS_NOT_SURVIVOR decision=IS_REJECT net=186496.0 PF=1.3695 DD=43.2883%
2026-08-23T22:23:24+00:00 SCREEN_SKIP_EXISTING_FULLBOOK [35/900] id=OAFX0035 reason=existing fullbook IS retained
2026-08-23T22:23:24+00:00 SKIP_EXISTING [35/900] id=OAFX0035 window=IS
2026-08-23T22:23:24+00:00 GATE_SKIP id=OAFX0035 window=OOS reason=IS_NOT_SURVIVOR decision=IS_REJECT net=195135.0 PF=1.4027 DD=35.9456%
2026-08-23T22:23:24+00:00 SCREEN_SKIP_EXISTING_FULLBOOK [36/900] id=OAFX0036 reason=existing fullbook IS retained
2026-08-23T22:23:24+00:00 SKIP_EXISTING [36/900] id=OAFX0036 window=IS
2026-08-23T22:23:24+00:00 GATE_SKIP id=OAFX0036 window=OOS reason=IS_NOT_SURVIVOR decision=IS_REJECT net=204881.0 PF=1.358 DD=38.7857%
2026-08-23T22:23:24+00:00 SCREEN_SKIP_EXISTING_FULLBOOK [37/900] id=OAFX0037 reason=existing fullbook IS retained
2026-08-23T22:23:24+00:00 SKIP_EXISTING [37/900] id=OAFX0037 window=IS
2026-08-23T22:23:24+00:00 GATE_SKIP id=OAFX0037 window=OOS reason=IS_NOT_SURVIVOR decision=IS_REJECT net=204476.0 PF=1.3715 DD=43.2883%
2026-08-23T22:23:24+00:00 SCREEN_SKIP_EXISTING_FULLBOOK [38/900] id=OAFX0038 reason=existing fullbook IS retained
2026-08-23T22:23:24+00:00 SKIP_EXISTING [38/900] id=OAFX0038 window=IS
2026-08-23T22:23:24+00:00 GATE_SKIP id=OAFX0038 window=OOS reason=IS_NOT_SURVIVOR decision=IS_REJECT net=187243.0 PF=1.3561 DD=46.0361%
2026-08-23T22:23:24+00:00 SCREEN_SKIP_EXISTING_FULLBOOK [39/900] id=OAFX0039 reason=existing fullbook IS retained
2026-08-23T22:23:24+00:00 SKIP_EXISTING [39/900] id=OAFX0039 window=IS
2026-08-23T22:23:24+00:00 GATE_SKIP id=OAFX0039 window=OOS reason=IS_NOT_SURVIVOR decision=IS_REJECT net=180393.0 PF=1.3504 DD=43.2883%
2026-08-23T22:23:24+00:00 SCREEN_SKIP_EXISTING_FULLBOOK [40/900] id=OAFX0040 reason=existing fullbook IS retained
2026-08-23T22:23:24+00:00 SKIP_EXISTING [40/900] id=OAFX0040 window=IS
2026-08-23T22:23:24+00:00 GATE_SKIP id=OAFX0040 window=OOS reason=IS_NOT_SURVIVOR decision=IS_REJECT net=190712.0 PF=1.3869 DD=35.9456%
2026-08-23T22:23:24+00:00 SCREEN_SKIP_EXISTING_FULLBOOK [41/900] id=OAFX0041 reason=existing fullbook IS retained
2026-08-23T22:23:24+00:00 SKIP_EXISTING [41/900] id=OAFX0041 window=IS
2026-08-23T22:23:24+00:00 GATE_SKIP id=OAFX0041 window=OOS reason=IS_NOT_SURVIVOR decision=IS_REJECT net=187985.0 PF=1.3948 DD=50.4067%
2026-08-23T22:23:24+00:00 SCREEN_SKIP_EXISTING_FULLBOOK [42/900] id=OAFX0042 reason=existing fullbook IS retained
2026-08-23T22:23:24+00:00 SKIP_EXISTING [42/900] id=OAFX0042 window=IS
2026-08-23T22:23:24+00:00 GATE_SKIP id=OAFX0042 window=OOS reason=IS_NOT_SURVIVOR decision=IS_REJECT net=185972.0 PF=1.4002 DD=55.0119%
2026-08-23T22:23:24+00:00 SCREEN_SKIP_EXISTING_FULLBOOK [43/900] id=OAFX0043 reason=existing fullbook IS retained
2026-08-23T22:23:24+00:00 SKIP_EXISTING [43/900] id=OAFX0043 window=IS
2026-08-23T22:23:24+00:00 GATE_SKIP id=OAFX0043 window=OOS reason=IS_NOT_SURVIVOR decision=IS_REJECT net=177761.0 PF=1.4021 DD=55.9997%
2026-08-23T22:23:24+00:00 SCREEN_SKIP_EXISTING_FULLBOOK [44/900] id=OAFX0044 reason=existing fullbook IS retained
2026-08-23T22:23:24+00:00 SKIP_EXISTING [44/900] id=OAFX0044 window=IS
2026-08-23T22:23:24+00:00 GATE_SKIP id=OAFX0044 window=OOS reason=IS_NOT_SURVIVOR decision=IS_REJECT net=175432.0 PF=1.4008 DD=59.1605%
2026-08-23T22:23:24+00:00 SCREEN_SKIP_EXISTING_FULLBOOK [45/900] id=OAFX0045 reason=existing fullbook IS retained
2026-08-23T22:23:24+00:00 SKIP_EXISTING [45/900] id=OAFX0045 window=IS
2026-08-23T22:23:24+00:00 GATE_SKIP id=OAFX0045 window=OOS reason=IS_NOT_SURVIVOR decision=IS_REJECT net=186375.0 PF=1.4424 DD=48.8813%
2026-08-23T22:23:24+00:00 SCREEN_SKIP_EXISTING_FULLBOOK [46/900] id=OAFX0046 reason=existing fullbook IS retained
2026-08-23T22:23:24+00:00 SKIP_EXISTING [46/900] id=OAFX0046 window=IS
2026-08-23T22:23:24+00:00 GATE_SKIP id=OAFX0046 window=OOS reason=IS_NOT_SURVIVOR decision=IS_REJECT net=190460.0 PF=1.3921 DD=49.3637%
2026-08-23T22:23:24+00:00 SCREEN_SKIP_EXISTING_FULLBOOK [47/900] id=OAFX0047 reason=existing fullbook IS retained
2026-08-23T22:23:24+00:00 SKIP_EXISTING [47/900] id=OAFX0047 window=IS
2026-08-23T22:23:24+00:00 GATE_SKIP id=OAFX0047 window=OOS reason=IS_NOT_SURVIVOR decision=IS_REJECT net=187650.0 PF=1.3956 DD=54.0011%
2026-08-23T22:23:24+00:00 SCREEN_SKIP_EXISTING_FULLBOOK [48/900] id=OAFX0048 reason=existing fullbook IS retained
2026-08-23T22:23:24+00:00 SKIP_EXISTING [48/900] id=OAFX0048 window=IS
2026-08-23T22:23:24+00:00 GATE_SKIP id=OAFX0048 window=OOS reason=IS_NOT_SURVIVOR decision=IS_REJECT net=178919.0 PF=1.3969 DD=55.1864%
2026-08-23T22:23:24+00:00 SCREEN_SKIP_EXISTING_FULLBOOK [49/900] id=OAFX0049 reason=existing fullbook IS retained
2026-08-23T22:23:24+00:00 SKIP_EXISTING [49/900] id=OAFX0049 window=IS
2026-08-23T22:23:24+00:00 GATE_SKIP id=OAFX0049 window=OOS reason=IS_NOT_SURVIVOR decision=IS_REJECT net=176069.0 PF=1.3955 DD=58.4935%
2026-08-23T22:23:24+00:00 SCREEN_SKIP_EXISTING_FULLBOOK [50/900] id=OAFX0050 reason=existing fullbook IS retained
2026-08-23T22:23:24+00:00 SKIP_EXISTING [50/900] id=OAFX0050 window=IS
2026-08-23T22:23:24+00:00 GATE_SKIP id=OAFX0050 window=OOS reason=IS_NOT_SURVIVOR decision=IS_REJECT net=186890.0 PF=1.4369 DD=48.3542%
2026-08-23T22:23:24+00:00 SCREEN_SKIP_EXISTING_FULLBOOK [51/900] id=OAFX0051 reason=existing fullbook IS retained
2026-08-23T22:23:24+00:00 SKIP_EXISTING [51/900] id=OAFX0051 window=IS
2026-08-23T22:23:24+00:00 GATE_SKIP id=OAFX0051 window=OOS reason=IS_NOT_SURVIVOR decision=IS_REJECT net=214003.0 PF=1.4344 DD=51.0917%
2026-08-23T22:23:24+00:00 SCREEN_SKIP_EXISTING_FULLBOOK [52/900] id=OAFX0052 reason=existing fullbook IS retained
2026-08-23T22:23:24+00:00 SKIP_EXISTING [52/900] id=OAFX0052 window=IS
2026-08-23T22:23:24+00:00 GATE_SKIP id=OAFX0052 window=OOS reason=IS_NOT_SURVIVOR decision=IS_REJECT net=209423.0 PF=1.4344 DD=55.729%
2026-08-23T22:23:24+00:00 SCREEN_SKIP_EXISTING_FULLBOOK [53/900] id=OAFX0053 reason=existing fullbook IS retained
2026-08-23T22:23:24+00:00 SKIP_EXISTING [53/900] id=OAFX0053 window=IS
2026-08-23T22:23:24+00:00 GATE_SKIP id=OAFX0053 window=OOS reason=IS_NOT_SURVIVOR decision=IS_REJECT net=196948.0 PF=1.4293 DD=56.9143%
2026-08-23T22:23:24+00:00 SCREEN_SKIP_EXISTING_FULLBOOK [54/900] id=OAFX0054 reason=existing fullbook IS retained
2026-08-23T22:23:24+00:00 SKIP_EXISTING [54/900] id=OAFX0054 window=IS
2026-08-23T22:23:24+00:00 GATE_SKIP id=OAFX0054 window=OOS reason=IS_NOT_SURVIVOR decision=IS_REJECT net=194982.0 PF=1.4312 DD=60.2214%
2026-08-23T22:23:24+00:00 RUN_START id=OAFX0055 family=sca_gj_range_quality window=SCREEN_IS run=oafx_screen_is_oafx0055_20260824072324_83e149
2026-08-23T22:23:25+00:00 RUN_HEARTBEAT pid=43452 elapsed=0s
2026-08-23T22:24:27+00:00 RUN_HEARTBEAT pid=43452 elapsed=62s
2026-08-23T22:24:42+00:00 RUN_END id=OAFX0055 window=SCREEN_IS status=OK decision=SCREEN_OUT_SINGLE_SLEEVE elapsed=77.936s
2026-08-23T22:24:42+00:00 GATE_SKIP id=OAFX0055 window=IS reason=SINGLE_SLEEVE_INFERIOR decision=SCREEN_OUT_SINGLE_SLEEVE net=13610.0 PF=1.1123 DD=18.8358%
2026-08-23T22:24:42+00:00 RUN_START id=OAFX0056 family=sca_gj_range_quality window=SCREEN_IS run=oafx_screen_is_oafx0056_20260824072442_b95b1c
2026-08-23T22:24:43+00:00 RUN_HEARTBEAT pid=43468 elapsed=0s
2026-08-23T22:25:45+00:00 RUN_HEARTBEAT pid=43468 elapsed=62s
2026-08-23T22:26:00+00:00 RUN_END id=OAFX0056 window=SCREEN_IS status=OK decision=SCREEN_OUT_SINGLE_SLEEVE elapsed=77.751s
2026-08-23T22:26:00+00:00 GATE_SKIP id=OAFX0056 window=IS reason=SINGLE_SLEEVE_INFERIOR decision=SCREEN_OUT_SINGLE_SLEEVE net=17428.0 PF=1.0922 DD=20.7121%
2026-08-23T22:26:00+00:00 RUN_START id=OAFX0057 family=sca_gj_range_quality window=SCREEN_IS run=oafx_screen_is_oafx0057_20260824072600_ed2989
2026-08-23T22:26:01+00:00 RUN_HEARTBEAT pid=2212 elapsed=0s
2026-08-23T22:27:02+00:00 RUN_HEARTBEAT pid=2212 elapsed=62s
2026-08-23T22:27:18+00:00 RUN_END id=OAFX0057 window=SCREEN_IS status=OK decision=SCREEN_OUT_SINGLE_SLEEVE elapsed=77.831s
2026-08-23T22:27:18+00:00 GATE_SKIP id=OAFX0057 window=IS reason=SINGLE_SLEEVE_INFERIOR decision=SCREEN_OUT_SINGLE_SLEEVE net=11879.0 PF=1.0665 DD=21.6146%
2026-08-23T22:27:18+00:00 RUN_START id=OAFX0058 family=sca_gj_range_quality window=SCREEN_IS run=oafx_screen_is_oafx0058_20260824072718_1af8d4
2026-08-23T22:27:19+00:00 RUN_HEARTBEAT pid=43292 elapsed=0s
2026-08-23T22:28:20+00:00 RUN_HEARTBEAT pid=43292 elapsed=62s
2026-08-23T22:28:36+00:00 RUN_END id=OAFX0058 window=SCREEN_IS status=OK decision=SCREEN_OUT_SINGLE_SLEEVE elapsed=77.817s
2026-08-23T22:28:36+00:00 GATE_SKIP id=OAFX0058 window=IS reason=SINGLE_SLEEVE_INFERIOR decision=SCREEN_OUT_SINGLE_SLEEVE net=-738.0 PF=0.9952 DD=23.4798%
2026-08-23T22:28:36+00:00 RUN_START id=OAFX0059 family=sca_gj_range_quality window=SCREEN_IS run=oafx_screen_is_oafx0059_20260824072836_7a7702
2026-08-23T22:28:36+00:00 RUN_HEARTBEAT pid=33132 elapsed=0s
2026-08-23T22:29:38+00:00 RUN_HEARTBEAT pid=33132 elapsed=62s
2026-08-23T22:29:53+00:00 RUN_END id=OAFX0059 window=SCREEN_IS status=OK decision=SCREEN_OUT_SINGLE_SLEEVE elapsed=77.762s
2026-08-23T22:29:53+00:00 GATE_SKIP id=OAFX0059 window=IS reason=SINGLE_SLEEVE_INFERIOR decision=SCREEN_OUT_SINGLE_SLEEVE net=-3314.0 PF=0.9777 DD=23.9444%
2026-08-23T22:29:53+00:00 RUN_START id=OAFX0060 family=sca_gj_range_quality window=SCREEN_IS run=oafx_screen_is_oafx0060_20260824072953_7074b5
2026-08-23T22:29:54+00:00 RUN_HEARTBEAT pid=38320 elapsed=0s
2026-08-23T22:30:56+00:00 RUN_HEARTBEAT pid=38320 elapsed=62s
2026-08-23T22:31:11+00:00 RUN_END id=OAFX0060 window=SCREEN_IS status=OK decision=SCREEN_OUT_SINGLE_SLEEVE elapsed=77.762s
2026-08-23T22:31:11+00:00 GATE_SKIP id=OAFX0060 window=IS reason=SINGLE_SLEEVE_INFERIOR decision=SCREEN_OUT_SINGLE_SLEEVE net=9187.0 PF=1.071 DD=21.1533%
2026-08-23T22:31:11+00:00 RUN_START id=OAFX0061 family=sca_gj_range_quality window=SCREEN_IS run=oafx_screen_is_oafx0061_20260824073111_333500
2026-08-23T22:31:12+00:00 RUN_HEARTBEAT pid=27864 elapsed=0s
2026-08-23T22:32:14+00:00 RUN_HEARTBEAT pid=27864 elapsed=62s
2026-08-23T22:32:29+00:00 RUN_END id=OAFX0061 window=SCREEN_IS status=OK decision=SCREEN_OUT_SINGLE_SLEEVE elapsed=77.745s
2026-08-23T22:32:29+00:00 GATE_SKIP id=OAFX0061 window=IS reason=SINGLE_SLEEVE_INFERIOR decision=SCREEN_OUT_SINGLE_SLEEVE net=-19841.0 PF=0.835 DD=35.8062%
2026-08-23T22:32:29+00:00 RUN_START id=OAFX0062 family=sca_gj_range_quality window=SCREEN_IS run=oafx_screen_is_oafx0062_20260824073229_dce529
2026-08-23T22:32:30+00:00 RUN_HEARTBEAT pid=41992 elapsed=0s
2026-08-23T22:33:31+00:00 RUN_HEARTBEAT pid=41992 elapsed=62s
2026-08-23T22:33:47+00:00 RUN_END id=OAFX0062 window=SCREEN_IS status=OK decision=SCREEN_OUT_SINGLE_SLEEVE elapsed=77.705s
2026-08-23T22:33:47+00:00 GATE_SKIP id=OAFX0062 window=IS reason=SINGLE_SLEEVE_INFERIOR decision=SCREEN_OUT_SINGLE_SLEEVE net=-23159.0 PF=0.7908 DD=35.7798%
2026-08-23T22:33:47+00:00 RUN_START id=OAFX0063 family=sca_gj_range_quality window=SCREEN_IS run=oafx_screen_is_oafx0063_20260824073347_3bcc29
2026-08-23T22:33:47+00:00 RUN_HEARTBEAT pid=39800 elapsed=0s
2026-08-23T22:34:49+00:00 RUN_HEARTBEAT pid=39800 elapsed=62s
2026-08-23T22:35:04+00:00 RUN_END id=OAFX0063 window=SCREEN_IS status=OK decision=SCREEN_OUT_SINGLE_SLEEVE elapsed=77.748s
2026-08-23T22:35:04+00:00 GATE_SKIP id=OAFX0063 window=IS reason=SINGLE_SLEEVE_INFERIOR decision=SCREEN_OUT_SINGLE_SLEEVE net=-28960.0 PF=0.7103 DD=43.3035%
2026-08-23T22:35:04+00:00 RUN_START id=OAFX0064 family=sca_gj_range_quality window=SCREEN_IS run=oafx_screen_is_oafx0064_20260824073504_de21de
2026-08-23T22:35:05+00:00 RUN_HEARTBEAT pid=39772 elapsed=0s
2026-08-23T22:36:07+00:00 RUN_HEARTBEAT pid=39772 elapsed=62s
2026-08-23T22:36:22+00:00 RUN_END id=OAFX0064 window=SCREEN_IS status=OK decision=SCREEN_OUT_SINGLE_SLEEVE elapsed=77.786s
2026-08-23T22:36:22+00:00 GATE_SKIP id=OAFX0064 window=IS reason=SINGLE_SLEEVE_INFERIOR decision=SCREEN_OUT_SINGLE_SLEEVE net=-32927.0 PF=0.6662 DD=45.6263%
2026-08-23T22:36:22+00:00 RUN_START id=OAFX0065 family=sca_gj_range_quality window=SCREEN_IS run=oafx_screen_is_oafx0065_20260824073622_297b83
2026-08-23T22:36:23+00:00 RUN_HEARTBEAT pid=5216 elapsed=0s
2026-08-23T22:37:24+00:00 RUN_HEARTBEAT pid=5216 elapsed=62s
2026-08-23T22:37:40+00:00 RUN_END id=OAFX0065 window=SCREEN_IS status=OK decision=SCREEN_OUT_SINGLE_SLEEVE elapsed=77.713s
2026-08-23T22:37:40+00:00 GATE_SKIP id=OAFX0065 window=IS reason=SINGLE_SLEEVE_INFERIOR decision=SCREEN_OUT_SINGLE_SLEEVE net=-25439.0 PF=0.7049 DD=36.0011%
2026-08-23T22:37:40+00:00 RUN_START id=OAFX0066 family=sca_gj_range_quality window=SCREEN_IS run=oafx_screen_is_oafx0066_20260824073740_a92eb0
2026-08-23T22:37:41+00:00 RUN_HEARTBEAT pid=40688 elapsed=0s
2026-08-23T22:38:42+00:00 RUN_HEARTBEAT pid=40688 elapsed=62s
2026-08-23T22:38:58+00:00 RUN_END id=OAFX0066 window=SCREEN_IS status=OK decision=SCREEN_OUT_SINGLE_SLEEVE elapsed=77.795s
2026-08-23T22:38:58+00:00 GATE_SKIP id=OAFX0066 window=IS reason=SINGLE_SLEEVE_INFERIOR decision=SCREEN_OUT_SINGLE_SLEEVE net=-17366.0 PF=0.8662 DD=34.7172%
2026-08-23T22:38:58+00:00 RUN_START id=OAFX0067 family=sca_gj_range_quality window=SCREEN_IS run=oafx_screen_is_oafx0067_20260824073858_dad314
2026-08-23T22:38:58+00:00 RUN_HEARTBEAT pid=40360 elapsed=0s
2026-08-23T22:40:00+00:00 RUN_HEARTBEAT pid=40360 elapsed=62s
2026-08-23T22:40:15+00:00 RUN_END id=OAFX0067 window=SCREEN_IS status=OK decision=SCREEN_OUT_SINGLE_SLEEVE elapsed=77.751s
2026-08-23T22:40:15+00:00 GATE_SKIP id=OAFX0067 window=IS reason=SINGLE_SLEEVE_INFERIOR decision=SCREEN_OUT_SINGLE_SLEEVE net=-21481.0 PF=0.8217 DD=34.6766%
2026-08-23T22:40:15+00:00 RUN_START id=OAFX0068 family=sca_gj_range_quality window=SCREEN_IS run=oafx_screen_is_oafx0068_20260824074015_535f1a
2026-08-23T22:40:16+00:00 RUN_HEARTBEAT pid=25496 elapsed=0s
2026-08-23T22:41:18+00:00 RUN_HEARTBEAT pid=25496 elapsed=62s
2026-08-23T22:41:33+00:00 RUN_END id=OAFX0068 window=SCREEN_IS status=OK decision=SCREEN_OUT_SINGLE_SLEEVE elapsed=77.747s
2026-08-23T22:41:33+00:00 GATE_SKIP id=OAFX0068 window=IS reason=SINGLE_SLEEVE_INFERIOR decision=SCREEN_OUT_SINGLE_SLEEVE net=-27802.0 PF=0.744 DD=43.5888%
2026-08-23T22:41:33+00:00 RUN_START id=OAFX0069 family=sca_gj_range_quality window=SCREEN_IS run=oafx_screen_is_oafx0069_20260824074133_624b37
2026-08-23T22:41:34+00:00 RUN_HEARTBEAT pid=23788 elapsed=0s
2026-08-23T22:42:36+00:00 RUN_HEARTBEAT pid=23788 elapsed=62s
2026-08-23T22:42:51+00:00 RUN_END id=OAFX0069 window=SCREEN_IS status=OK decision=SCREEN_OUT_SINGLE_SLEEVE elapsed=77.722s
2026-08-23T22:42:51+00:00 GATE_SKIP id=OAFX0069 window=IS reason=SINGLE_SLEEVE_INFERIOR decision=SCREEN_OUT_SINGLE_SLEEVE net=-32290.0 PF=0.6959 DD=46.1206%
2026-08-23T22:42:51+00:00 RUN_START id=OAFX0070 family=sca_gj_range_quality window=SCREEN_IS run=oafx_screen_is_oafx0070_20260824074251_65b494
2026-08-23T22:42:52+00:00 RUN_HEARTBEAT pid=25216 elapsed=0s
2026-08-23T22:43:53+00:00 RUN_HEARTBEAT pid=25216 elapsed=62s
2026-08-23T22:44:09+00:00 RUN_END id=OAFX0070 window=SCREEN_IS status=OK decision=SCREEN_OUT_SINGLE_SLEEVE elapsed=77.715s
2026-08-23T22:44:09+00:00 GATE_SKIP id=OAFX0070 window=IS reason=SINGLE_SLEEVE_INFERIOR decision=SCREEN_OUT_SINGLE_SLEEVE net=-24924.0 PF=0.731 DD=37.0439%
2026-08-23T22:44:09+00:00 RUN_START id=OAFX0071 family=sca_gj_range_quality window=SCREEN_IS run=oafx_screen_is_oafx0071_20260824074409_c91947
2026-08-23T22:44:09+00:00 RUN_HEARTBEAT pid=42016 elapsed=0s
2026-08-23T22:45:11+00:00 RUN_HEARTBEAT pid=42016 elapsed=62s
2026-08-23T22:45:26+00:00 RUN_END id=OAFX0071 window=SCREEN_IS status=OK decision=SCREEN_OUT_SINGLE_SLEEVE elapsed=77.691s
2026-08-23T22:45:26+00:00 GATE_SKIP id=OAFX0071 window=IS reason=SINGLE_SLEEVE_INFERIOR decision=SCREEN_OUT_SINGLE_SLEEVE net=6177.0 PF=1.0452 DD=22.1057%
2026-08-23T22:45:26+00:00 RUN_START id=OAFX0072 family=sca_gj_range_quality window=SCREEN_IS run=oafx_screen_is_oafx0072_20260824074526_090d33
2026-08-23T22:45:27+00:00 RUN_HEARTBEAT pid=35624 elapsed=0s
2026-08-23T22:46:29+00:00 RUN_HEARTBEAT pid=35624 elapsed=62s
2026-08-23T22:46:44+00:00 RUN_END id=OAFX0072 window=SCREEN_IS status=OK decision=SCREEN_OUT_SINGLE_SLEEVE elapsed=77.713s
2026-08-23T22:46:44+00:00 GATE_SKIP id=OAFX0072 window=IS reason=SINGLE_SLEEVE_INFERIOR decision=SCREEN_OUT_SINGLE_SLEEVE net=292.0 PF=1.0023 DD=21.7267%
2026-08-23T22:46:44+00:00 RUN_START id=OAFX0073 family=sca_gj_range_quality window=SCREEN_IS run=oafx_screen_is_oafx0073_20260824074644_c8fa9a
2026-08-23T22:46:45+00:00 RUN_HEARTBEAT pid=44864 elapsed=0s
2026-08-23T22:47:46+00:00 RUN_HEARTBEAT pid=44864 elapsed=62s
2026-08-23T22:48:02+00:00 RUN_END id=OAFX0073 window=SCREEN_IS status=OK decision=SCREEN_OUT_SINGLE_SLEEVE elapsed=77.742s
2026-08-23T22:48:02+00:00 GATE_SKIP id=OAFX0073 window=IS reason=SINGLE_SLEEVE_INFERIOR decision=SCREEN_OUT_SINGLE_SLEEVE net=-9773.0 PF=0.9161 DD=25.4253%
2026-08-23T22:48:02+00:00 RUN_START id=OAFX0074 family=sca_gj_range_quality window=SCREEN_IS run=oafx_screen_is_oafx0074_20260824074802_6a3bb5
2026-08-23T22:48:03+00:00 RUN_HEARTBEAT pid=44108 elapsed=0s
2026-08-23T22:49:04+00:00 RUN_HEARTBEAT pid=44108 elapsed=62s
2026-08-23T22:49:20+00:00 RUN_END id=OAFX0074 window=SCREEN_IS status=OK decision=SCREEN_OUT_SINGLE_SLEEVE elapsed=77.831s
2026-08-23T22:49:20+00:00 GATE_SKIP id=OAFX0074 window=IS reason=SINGLE_SLEEVE_INFERIOR decision=SCREEN_OUT_SINGLE_SLEEVE net=-13377.0 PF=0.8818 DD=26.7255%
2026-08-23T22:49:20+00:00 RUN_START id=OAFX0075 family=sca_gj_range_quality window=SCREEN_IS run=oafx_screen_is_oafx0075_20260824074920_c000be
2026-08-23T22:49:20+00:00 RUN_HEARTBEAT pid=6504 elapsed=0s
2026-08-23T22:50:22+00:00 RUN_HEARTBEAT pid=6504 elapsed=62s
2026-08-23T22:50:37+00:00 RUN_END id=OAFX0075 window=SCREEN_IS status=OK decision=SCREEN_OUT_SINGLE_SLEEVE elapsed=77.793s
2026-08-23T22:50:37+00:00 GATE_SKIP id=OAFX0075 window=IS reason=SINGLE_SLEEVE_INFERIOR decision=SCREEN_OUT_SINGLE_SLEEVE net=-6011.0 PF=0.9397 DD=22.1662%
2026-08-23T22:50:37+00:00 RUN_START id=OAFX0076 family=sca_gj_range_quality window=SCREEN_IS run=oafx_screen_is_oafx0076_20260824075037_60bc28
2026-08-23T22:50:38+00:00 RUN_HEARTBEAT pid=3032 elapsed=0s
2026-08-23T22:51:40+00:00 RUN_HEARTBEAT pid=3032 elapsed=62s
2026-08-23T22:51:55+00:00 RUN_END id=OAFX0076 window=SCREEN_IS status=OK decision=SCREEN_OUT_SINGLE_SLEEVE elapsed=77.744s
2026-08-23T22:51:55+00:00 GATE_SKIP id=OAFX0076 window=IS reason=SINGLE_SLEEVE_INFERIOR decision=SCREEN_OUT_SINGLE_SLEEVE net=1795.0 PF=1.0122 DD=23.4626%
2026-08-23T22:51:55+00:00 RUN_START id=OAFX0077 family=sca_gj_range_quality window=SCREEN_IS run=oafx_screen_is_oafx0077_20260824075155_3cba12
2026-08-23T22:51:56+00:00 RUN_HEARTBEAT pid=3716 elapsed=0s
2026-08-23T22:52:57+00:00 RUN_HEARTBEAT pid=3716 elapsed=62s
2026-08-23T22:53:13+00:00 RUN_END id=OAFX0077 window=SCREEN_IS status=OK decision=SCREEN_OUT_SINGLE_SLEEVE elapsed=77.719s
2026-08-23T22:53:13+00:00 GATE_SKIP id=OAFX0077 window=IS reason=SINGLE_SLEEVE_INFERIOR decision=SCREEN_OUT_SINGLE_SLEEVE net=-5059.0 PF=0.9634 DD=24.183%
2026-08-23T22:53:13+00:00 RUN_START id=OAFX0078 family=sca_gj_range_quality window=SCREEN_IS run=oafx_screen_is_oafx0078_20260824075313_45a4a3
2026-08-23T22:53:14+00:00 RUN_HEARTBEAT pid=26296 elapsed=0s
2026-08-23T22:54:15+00:00 RUN_HEARTBEAT pid=26296 elapsed=62s
2026-08-23T22:54:31+00:00 RUN_END id=OAFX0078 window=SCREEN_IS status=OK decision=SCREEN_OUT_SINGLE_SLEEVE elapsed=77.791s
2026-08-23T22:54:31+00:00 GATE_SKIP id=OAFX0078 window=IS reason=SINGLE_SLEEVE_INFERIOR decision=SCREEN_OUT_SINGLE_SLEEVE net=-15266.0 PF=0.8793 DD=28.5536%
2026-08-23T22:54:31+00:00 RUN_START id=OAFX0079 family=sca_gj_range_quality window=SCREEN_IS run=oafx_screen_is_oafx0079_20260824075431_5fd837
2026-08-23T22:54:31+00:00 RUN_HEARTBEAT pid=44612 elapsed=0s
2026-08-23T22:55:33+00:00 RUN_HEARTBEAT pid=44612 elapsed=62s
2026-08-23T22:55:48+00:00 RUN_END id=OAFX0079 window=SCREEN_IS status=OK decision=SCREEN_OUT_SINGLE_SLEEVE elapsed=77.781s
2026-08-23T22:55:48+00:00 GATE_SKIP id=OAFX0079 window=IS reason=SINGLE_SLEEVE_INFERIOR decision=SCREEN_OUT_SINGLE_SLEEVE net=-19480.0 PF=0.842 DD=30.2833%
2026-08-23T22:55:48+00:00 RUN_START id=OAFX0080 family=sca_gj_range_quality window=SCREEN_IS run=oafx_screen_is_oafx0080_20260824075548_677937
2026-08-23T22:55:49+00:00 RUN_HEARTBEAT pid=36024 elapsed=0s
2026-08-23T22:56:51+00:00 RUN_HEARTBEAT pid=36024 elapsed=62s
2026-08-23T22:57:06+00:00 RUN_END id=OAFX0080 window=SCREEN_IS status=OK decision=SCREEN_OUT_SINGLE_SLEEVE elapsed=77.749s
2026-08-23T22:57:06+00:00 GATE_SKIP id=OAFX0080 window=IS reason=SINGLE_SLEEVE_INFERIOR decision=SCREEN_OUT_SINGLE_SLEEVE net=-10434.0 PF=0.9033 DD=25.1771%
2026-08-23T22:57:06+00:00 RUN_START id=OAFX0081 family=sca_gj_range_quality window=SCREEN_IS run=oafx_screen_is_oafx0081_20260824075706_4a2341
2026-08-23T22:57:07+00:00 RUN_HEARTBEAT pid=43232 elapsed=0s
2026-08-23T22:58:09+00:00 RUN_HEARTBEAT pid=43232 elapsed=62s
2026-08-23T22:58:24+00:00 RUN_END id=OAFX0081 window=SCREEN_IS status=OK decision=SCREEN_OUT_SINGLE_SLEEVE elapsed=77.735s
2026-08-23T22:58:24+00:00 GATE_SKIP id=OAFX0081 window=IS reason=SINGLE_SLEEVE_INFERIOR decision=SCREEN_OUT_SINGLE_SLEEVE net=-22702.0 PF=0.7338 DD=37.0934%
2026-08-23T22:58:24+00:00 RUN_START id=OAFX0082 family=sca_gj_range_quality window=SCREEN_IS run=oafx_screen_is_oafx0082_20260824075824_fed76c
2026-08-23T22:58:25+00:00 RUN_HEARTBEAT pid=26204 elapsed=0s
2026-08-23T22:59:26+00:00 RUN_HEARTBEAT pid=26204 elapsed=62s
2026-08-23T22:59:42+00:00 RUN_END id=OAFX0082 window=SCREEN_IS status=OK decision=SCREEN_OUT_SINGLE_SLEEVE elapsed=77.664s
2026-08-23T22:59:42+00:00 GATE_SKIP id=OAFX0082 window=IS reason=SINGLE_SLEEVE_INFERIOR decision=SCREEN_OUT_SINGLE_SLEEVE net=-23776.0 PF=0.6873 DD=33.444%
2026-08-23T22:59:42+00:00 RUN_START id=OAFX0083 family=sca_gj_range_quality window=SCREEN_IS run=oafx_screen_is_oafx0083_20260824075942_21eb52
2026-08-23T22:59:42+00:00 RUN_HEARTBEAT pid=33248 elapsed=0s
2026-08-23T23:00:44+00:00 RUN_HEARTBEAT pid=33248 elapsed=62s
2026-08-23T23:00:59+00:00 RUN_END id=OAFX0083 window=SCREEN_IS status=OK decision=SCREEN_OUT_SINGLE_SLEEVE elapsed=77.754s
2026-08-23T23:00:59+00:00 GATE_SKIP id=OAFX0083 window=IS reason=SINGLE_SLEEVE_INFERIOR decision=SCREEN_OUT_SINGLE_SLEEVE net=-24005.0 PF=0.6487 DD=33.4071%
2026-08-23T23:00:59+00:00 RUN_START id=OAFX0084 family=sca_gj_range_quality window=SCREEN_IS run=oafx_screen_is_oafx0084_20260824080059_cac377
2026-08-23T23:01:00+00:00 RUN_HEARTBEAT pid=44776 elapsed=0s
2026-08-23T23:02:02+00:00 RUN_HEARTBEAT pid=44776 elapsed=62s
2026-08-23T23:02:17+00:00 RUN_END id=OAFX0084 window=SCREEN_IS status=OK decision=SCREEN_OUT_SINGLE_SLEEVE elapsed=77.732s
2026-08-23T23:02:17+00:00 GATE_SKIP id=OAFX0084 window=IS reason=SINGLE_SLEEVE_INFERIOR decision=SCREEN_OUT_SINGLE_SLEEVE net=-24528.0 PF=0.6347 DD=33.8022%
2026-08-23T23:02:17+00:00 RUN_START id=OAFX0085 family=sca_gj_range_quality window=SCREEN_IS run=oafx_screen_is_oafx0085_20260824080217_0417fe
2026-08-23T23:02:18+00:00 RUN_HEARTBEAT pid=41328 elapsed=0s
2026-08-23T23:03:19+00:00 RUN_HEARTBEAT pid=41328 elapsed=62s
2026-08-23T23:03:35+00:00 RUN_END id=OAFX0085 window=SCREEN_IS status=OK decision=SCREEN_OUT_SINGLE_SLEEVE elapsed=77.654s
2026-08-23T23:03:35+00:00 GATE_SKIP id=OAFX0085 window=IS reason=SINGLE_SLEEVE_INFERIOR decision=SCREEN_OUT_SINGLE_SLEEVE net=-14064.0 PF=0.7483 DD=23.3323%
2026-08-23T23:03:35+00:00 RUN_START id=OAFX0086 family=sca_gj_range_quality window=SCREEN_IS run=oafx_screen_is_oafx0086_20260824080335_a0dead
2026-08-23T23:03:35+00:00 RUN_HEARTBEAT pid=25144 elapsed=0s
2026-08-23T23:04:37+00:00 RUN_HEARTBEAT pid=25144 elapsed=62s
2026-08-23T23:04:52+00:00 RUN_END id=OAFX0086 window=SCREEN_IS status=OK decision=SCREEN_OUT_SINGLE_SLEEVE elapsed=77.719s
2026-08-23T23:04:52+00:00 GATE_SKIP id=OAFX0086 window=IS reason=SINGLE_SLEEVE_INFERIOR decision=SCREEN_OUT_SINGLE_SLEEVE net=-20227.0 PF=0.7868 DD=35.197%
2026-08-23T23:04:52+00:00 RUN_START id=OAFX0087 family=sca_gj_range_quality window=SCREEN_IS run=oafx_screen_is_oafx0087_20260824080452_6277f5
2026-08-23T23:04:53+00:00 RUN_HEARTBEAT pid=32536 elapsed=0s
2026-08-23T23:05:55+00:00 RUN_HEARTBEAT pid=32536 elapsed=62s
2026-08-23T23:06:10+00:00 RUN_END id=OAFX0087 window=SCREEN_IS status=OK decision=SCREEN_OUT_SINGLE_SLEEVE elapsed=77.739s
2026-08-23T23:06:10+00:00 GATE_SKIP id=OAFX0087 window=IS reason=SINGLE_SLEEVE_INFERIOR decision=SCREEN_OUT_SINGLE_SLEEVE net=-22098.0 PF=0.7423 DD=32.0671%
2026-08-23T23:06:10+00:00 RUN_START id=OAFX0088 family=sca_gj_range_quality window=SCREEN_IS run=oafx_screen_is_oafx0088_20260824080610_b251e5
2026-08-23T23:06:11+00:00 RUN_HEARTBEAT pid=42932 elapsed=0s
2026-08-23T23:07:13+00:00 RUN_HEARTBEAT pid=42932 elapsed=62s
2026-08-23T23:07:28+00:00 RUN_END id=OAFX0088 window=SCREEN_IS status=OK decision=SCREEN_OUT_SINGLE_SLEEVE elapsed=77.746s
2026-08-23T23:07:28+00:00 GATE_SKIP id=OAFX0088 window=IS reason=SINGLE_SLEEVE_INFERIOR decision=SCREEN_OUT_SINGLE_SLEEVE net=-22847.0 PF=0.7032 DD=33.382%
2026-08-23T23:07:28+00:00 RUN_START id=OAFX0089 family=sca_gj_range_quality window=SCREEN_IS run=oafx_screen_is_oafx0089_20260824080728_d75ed4
2026-08-23T23:07:29+00:00 RUN_HEARTBEAT pid=31620 elapsed=0s
2026-08-23T23:08:30+00:00 RUN_HEARTBEAT pid=31620 elapsed=62s
2026-08-23T23:08:46+00:00 RUN_END id=OAFX0089 window=SCREEN_IS status=OK decision=SCREEN_OUT_SINGLE_SLEEVE elapsed=77.729s
2026-08-23T23:08:46+00:00 GATE_SKIP id=OAFX0089 window=IS reason=SINGLE_SLEEVE_INFERIOR decision=SCREEN_OUT_SINGLE_SLEEVE net=-23891.0 PF=0.68 DD=34.3433%
2026-08-23T23:08:46+00:00 RUN_START id=OAFX0090 family=sca_gj_range_quality window=SCREEN_IS run=oafx_screen_is_oafx0090_20260824080846_f24c7f
2026-08-23T23:08:46+00:00 RUN_HEARTBEAT pid=26208 elapsed=0s
2026-08-23T23:09:48+00:00 RUN_HEARTBEAT pid=26208 elapsed=62s
2026-08-23T23:10:04+00:00 RUN_END id=OAFX0090 window=SCREEN_IS status=OK decision=SCREEN_OUT_SINGLE_SLEEVE elapsed=77.817s
2026-08-23T23:10:04+00:00 GATE_SKIP id=OAFX0090 window=IS reason=SINGLE_SLEEVE_INFERIOR decision=SCREEN_OUT_SINGLE_SLEEVE net=-13549.0 PF=0.7826 DD=21.8339%
2026-08-23T23:10:04+00:00 RUN_START id=OAFX0091 family=sca_gj_range_quality window=SCREEN_IS run=oafx_screen_is_oafx0091_20260824081004_b700ff
2026-08-23T23:10:04+00:00 RUN_HEARTBEAT pid=39772 elapsed=0s
2026-08-23T23:11:06+00:00 RUN_HEARTBEAT pid=39772 elapsed=62s
2026-08-23T23:11:21+00:00 RUN_END id=OAFX0091 window=SCREEN_IS status=OK decision=SCREEN_OUT_SINGLE_SLEEVE elapsed=77.741s
2026-08-23T23:11:21+00:00 GATE_SKIP id=OAFX0091 window=IS reason=SINGLE_SLEEVE_INFERIOR decision=SCREEN_OUT_SINGLE_SLEEVE net=3316.0 PF=1.0326 DD=23.7995%
2026-08-23T23:11:21+00:00 RUN_START id=OAFX0092 family=sca_gj_range_quality window=SCREEN_IS run=oafx_screen_is_oafx0092_20260824081121_719d1b
2026-08-23T23:11:22+00:00 RUN_HEARTBEAT pid=41024 elapsed=0s
2026-08-23T23:12:24+00:00 RUN_HEARTBEAT pid=41024 elapsed=62s
2026-08-23T23:12:39+00:00 RUN_END id=OAFX0092 window=SCREEN_IS status=OK decision=SCREEN_OUT_SINGLE_SLEEVE elapsed=77.762s
2026-08-23T23:12:39+00:00 GATE_SKIP id=OAFX0092 window=IS reason=SINGLE_SLEEVE_INFERIOR decision=SCREEN_OUT_SINGLE_SLEEVE net=-325.0 PF=0.9965 DD=27.01%
2026-08-23T23:12:39+00:00 RUN_START id=OAFX0093 family=sca_gj_range_quality window=SCREEN_IS run=oafx_screen_is_oafx0093_20260824081239_056004
2026-08-23T23:12:40+00:00 RUN_HEARTBEAT pid=39036 elapsed=0s
2026-08-23T23:13:41+00:00 RUN_HEARTBEAT pid=39036 elapsed=62s
2026-08-23T23:13:57+00:00 RUN_END id=OAFX0093 window=SCREEN_IS status=OK decision=SCREEN_OUT_SINGLE_SLEEVE elapsed=77.737s
2026-08-23T23:13:57+00:00 GATE_SKIP id=OAFX0093 window=IS reason=SINGLE_SLEEVE_INFERIOR decision=SCREEN_OUT_SINGLE_SLEEVE net=-4818.0 PF=0.9433 DD=26.2241%
2026-08-23T23:13:57+00:00 RUN_START id=OAFX0094 family=sca_gj_range_quality window=SCREEN_IS run=oafx_screen_is_oafx0094_20260824081357_ef084e
2026-08-23T23:13:58+00:00 RUN_HEARTBEAT pid=29532 elapsed=0s
2026-08-23T23:14:59+00:00 RUN_HEARTBEAT pid=29532 elapsed=62s
2026-08-23T23:15:15+00:00 RUN_END id=OAFX0094 window=SCREEN_IS status=OK decision=SCREEN_OUT_SINGLE_SLEEVE elapsed=77.771s
2026-08-23T23:15:15+00:00 GATE_SKIP id=OAFX0094 window=IS reason=SINGLE_SLEEVE_INFERIOR decision=SCREEN_OUT_SINGLE_SLEEVE net=-4978.0 PF=0.939 DD=26.0918%
2026-08-23T23:15:15+00:00 RUN_START id=OAFX0095 family=sca_gj_range_quality window=SCREEN_IS run=oafx_screen_is_oafx0095_20260824081515_97c892
2026-08-23T23:15:15+00:00 RUN_HEARTBEAT pid=44500 elapsed=0s
2026-08-23T23:16:17+00:00 RUN_HEARTBEAT pid=44500 elapsed=62s
2026-08-23T23:16:32+00:00 RUN_END id=OAFX0095 window=SCREEN_IS status=OK decision=SCREEN_OUT_SINGLE_SLEEVE elapsed=77.713s
2026-08-23T23:16:32+00:00 GATE_SKIP id=OAFX0095 window=IS reason=SINGLE_SLEEVE_INFERIOR decision=SCREEN_OUT_SINGLE_SLEEVE net=5364.0 PF=1.0774 DD=20.5919%
2026-08-23T23:16:32+00:00 RUN_START id=OAFX0096 family=sca_gj_range_quality window=SCREEN_IS run=oafx_screen_is_oafx0096_20260824081632_8c5bd0
2026-08-23T23:16:33+00:00 RUN_HEARTBEAT pid=33432 elapsed=0s
2026-08-23T23:17:35+00:00 RUN_HEARTBEAT pid=33432 elapsed=62s
2026-08-23T23:17:50+00:00 RUN_END id=OAFX0096 window=SCREEN_IS status=OK decision=SCREEN_OUT_SINGLE_SLEEVE elapsed=77.735s
2026-08-23T23:17:50+00:00 GATE_SKIP id=OAFX0096 window=IS reason=SINGLE_SLEEVE_INFERIOR decision=SCREEN_OUT_SINGLE_SLEEVE net=-1066.0 PF=0.9905 DD=26.3317%
2026-08-23T23:17:50+00:00 RUN_START id=OAFX0097 family=sca_gj_range_quality window=SCREEN_IS run=oafx_screen_is_oafx0097_20260824081750_179276
2026-08-23T23:17:51+00:00 RUN_HEARTBEAT pid=42452 elapsed=0s
2026-08-23T23:18:52+00:00 RUN_HEARTBEAT pid=42452 elapsed=62s
2026-08-23T23:19:08+00:00 RUN_END id=OAFX0097 window=SCREEN_IS status=OK decision=SCREEN_OUT_SINGLE_SLEEVE elapsed=77.750s
2026-08-23T23:19:08+00:00 GATE_SKIP id=OAFX0097 window=IS reason=SINGLE_SLEEVE_INFERIOR decision=SCREEN_OUT_SINGLE_SLEEVE net=-5676.0 PF=0.9451 DD=29.7228%
2026-08-23T23:19:08+00:00 RUN_START id=OAFX0098 family=sca_gj_range_quality window=SCREEN_IS run=oafx_screen_is_oafx0098_20260824081908_57e22d
2026-08-23T23:19:09+00:00 RUN_HEARTBEAT pid=29832 elapsed=0s
2026-08-23T23:20:10+00:00 RUN_HEARTBEAT pid=29832 elapsed=62s
2026-08-23T23:20:26+00:00 RUN_END id=OAFX0098 window=SCREEN_IS status=OK decision=SCREEN_OUT_SINGLE_SLEEVE elapsed=77.812s
2026-08-23T23:20:26+00:00 GATE_SKIP id=OAFX0098 window=IS reason=SINGLE_SLEEVE_INFERIOR decision=SCREEN_OUT_SINGLE_SLEEVE net=-10311.0 PF=0.8913 DD=26.3017%
2026-08-23T23:20:26+00:00 RUN_START id=OAFX0099 family=sca_gj_range_quality window=SCREEN_IS run=oafx_screen_is_oafx0099_20260824082026_733303
2026-08-23T23:20:26+00:00 RUN_HEARTBEAT pid=46044 elapsed=0s
2026-08-23T23:21:28+00:00 RUN_HEARTBEAT pid=46044 elapsed=62s
2026-08-23T23:21:43+00:00 RUN_END id=OAFX0099 window=SCREEN_IS status=OK decision=SCREEN_OUT_SINGLE_SLEEVE elapsed=77.756s
2026-08-23T23:21:43+00:00 GATE_SKIP id=OAFX0099 window=IS reason=SINGLE_SLEEVE_INFERIOR decision=SCREEN_OUT_SINGLE_SLEEVE net=-11081.0 PF=0.8793 DD=26.7976%
2026-08-23T23:21:43+00:00 RUN_START id=OAFX0100 family=sca_gj_range_quality window=SCREEN_IS run=oafx_screen_is_oafx0100_20260824082143_871eab
2026-08-23T23:21:44+00:00 RUN_HEARTBEAT pid=40072 elapsed=0s
2026-08-23T23:22:46+00:00 RUN_HEARTBEAT pid=40072 elapsed=62s
2026-08-23T23:23:01+00:00 RUN_END id=OAFX0100 window=SCREEN_IS status=OK decision=SCREEN_OUT_SINGLE_SLEEVE elapsed=77.762s
2026-08-23T23:23:01+00:00 GATE_SKIP id=OAFX0100 window=IS reason=SINGLE_SLEEVE_INFERIOR decision=SCREEN_OUT_SINGLE_SLEEVE net=941.0 PF=1.0121 DD=18.928%
2026-08-23T23:23:01+00:00 SCREEN_SKIP_EXISTING_FULLBOOK [101/900] id=OAFX0101 reason=existing fullbook IS retained
2026-08-23T23:23:01+00:00 SKIP_EXISTING [101/900] id=OAFX0101 window=IS
2026-08-23T23:23:01+00:00 GATE_SKIP id=OAFX0101 window=OOS reason=IS_NOT_SURVIVOR decision=IS_REJECT net=223641.0 PF=1.4509 DD=39.0352%
2026-08-23T23:23:01+00:00 RUN_START id=OAFX0102 family=sca_gj_boost_rr_direction window=SCREEN_IS run=oafx_screen_is_oafx0102_20260824082301_7fc80f
2026-08-23T23:23:02+00:00 RUN_HEARTBEAT pid=40240 elapsed=0s
2026-08-23T23:24:04+00:00 RUN_HEARTBEAT pid=40240 elapsed=62s
2026-08-23T23:24:19+00:00 RUN_END id=OAFX0102 window=SCREEN_IS status=OK decision=SCREEN_OUT_SINGLE_SLEEVE elapsed=77.812s
2026-08-23T23:24:19+00:00 GATE_SKIP id=OAFX0102 window=IS reason=SINGLE_SLEEVE_INFERIOR decision=SCREEN_OUT_SINGLE_SLEEVE net=40227.0 PF=1.4591 DD=7.5594%
2026-08-23T23:24:19+00:00 RUN_START id=OAFX0103 family=sca_gj_boost_rr_direction window=SCREEN_IS run=oafx_screen_is_oafx0103_20260824082419_d750f4
2026-08-23T23:24:20+00:00 RUN_HEARTBEAT pid=36436 elapsed=0s
2026-08-23T23:25:21+00:00 RUN_HEARTBEAT pid=36436 elapsed=62s
2026-08-23T23:25:37+00:00 RUN_END id=OAFX0103 window=SCREEN_IS status=OK decision=SCREEN_OUT_SINGLE_SLEEVE elapsed=77.745s
2026-08-23T23:25:37+00:00 GATE_SKIP id=OAFX0103 window=IS reason=SINGLE_SLEEVE_INFERIOR decision=SCREEN_OUT_SINGLE_SLEEVE net=31797.0 PF=1.1719 DD=11.3268%
2026-08-23T23:25:37+00:00 RUN_START id=OAFX0104 family=sca_gj_boost_rr_direction window=SCREEN_IS run=oafx_screen_is_oafx0104_20260824082537_a522e4
2026-08-23T23:25:37+00:00 RUN_HEARTBEAT pid=43444 elapsed=0s
2026-08-23T23:26:39+00:00 RUN_HEARTBEAT pid=43444 elapsed=62s
2026-08-23T23:26:54+00:00 RUN_END id=OAFX0104 window=SCREEN_IS status=OK decision=SCREEN_OUT_SINGLE_SLEEVE elapsed=77.752s
2026-08-23T23:26:54+00:00 GATE_SKIP id=OAFX0104 window=IS reason=SINGLE_SLEEVE_INFERIOR decision=SCREEN_OUT_SINGLE_SLEEVE net=38477.0 PF=1.4308 DD=8.7357%
2026-08-23T23:26:54+00:00 RUN_START id=OAFX0105 family=sca_gj_boost_rr_direction window=SCREEN_IS run=oafx_screen_is_oafx0105_20260824082654_d2c723
2026-08-23T23:26:55+00:00 RUN_HEARTBEAT pid=31508 elapsed=0s
2026-08-23T23:27:57+00:00 RUN_HEARTBEAT pid=31508 elapsed=62s
2026-08-23T23:28:12+00:00 RUN_END id=OAFX0105 window=SCREEN_IS status=OK decision=SCREEN_OUT_SINGLE_SLEEVE elapsed=77.683s
2026-08-23T23:28:12+00:00 GATE_SKIP id=OAFX0105 window=IS reason=SINGLE_SLEEVE_INFERIOR decision=SCREEN_OUT_SINGLE_SLEEVE net=30907.0 PF=1.1644 DD=10.8968%
2026-08-23T23:28:12+00:00 RUN_START id=OAFX0106 family=sca_gj_boost_rr_direction window=SCREEN_IS run=oafx_screen_is_oafx0106_20260824082812_7eabeb
2026-08-23T23:28:13+00:00 RUN_HEARTBEAT pid=3320 elapsed=0s
2026-08-23T23:29:14+00:00 RUN_HEARTBEAT pid=3320 elapsed=62s
2026-08-23T23:29:30+00:00 RUN_END id=OAFX0106 window=SCREEN_IS status=OK decision=SCREEN_OUT_SINGLE_SLEEVE elapsed=77.695s
2026-08-23T23:29:30+00:00 GATE_SKIP id=OAFX0106 window=IS reason=SINGLE_SLEEVE_INFERIOR decision=SCREEN_OUT_SINGLE_SLEEVE net=38634.0 PF=1.4304 DD=8.3495%
2026-08-23T23:29:30+00:00 RUN_START id=OAFX0107 family=sca_gj_boost_rr_direction window=SCREEN_IS run=oafx_screen_is_oafx0107_20260824082930_b6c5bc
2026-08-23T23:29:31+00:00 RUN_HEARTBEAT pid=33936 elapsed=0s
2026-08-23T23:30:32+00:00 RUN_HEARTBEAT pid=33936 elapsed=62s
2026-08-23T23:30:48+00:00 RUN_END id=OAFX0107 window=SCREEN_IS status=OK decision=SCREEN_OUT_SINGLE_SLEEVE elapsed=77.715s
2026-08-23T23:30:48+00:00 GATE_SKIP id=OAFX0107 window=IS reason=SINGLE_SLEEVE_INFERIOR decision=SCREEN_OUT_SINGLE_SLEEVE net=32407.0 PF=1.172 DD=10.1664%
2026-08-23T23:30:48+00:00 RUN_START id=OAFX0108 family=sca_gj_boost_rr_direction window=SCREEN_IS run=oafx_screen_is_oafx0108_20260824083048_c748c2
2026-08-23T23:30:48+00:00 RUN_HEARTBEAT pid=37008 elapsed=0s
2026-08-23T23:31:50+00:00 RUN_HEARTBEAT pid=37008 elapsed=62s
2026-08-23T23:32:05+00:00 RUN_END id=OAFX0108 window=SCREEN_IS status=OK decision=SCREEN_OUT_SINGLE_SLEEVE elapsed=77.707s
2026-08-23T23:32:05+00:00 GATE_SKIP id=OAFX0108 window=IS reason=SINGLE_SLEEVE_INFERIOR decision=SCREEN_OUT_SINGLE_SLEEVE net=40079.0 PF=1.4444 DD=7.843%
2026-08-23T23:32:05+00:00 RUN_START id=OAFX0109 family=sca_gj_boost_rr_direction window=SCREEN_IS run=oafx_screen_is_oafx0109_20260824083205_4a86ff
2026-08-23T23:32:06+00:00 RUN_HEARTBEAT pid=32536 elapsed=0s
2026-08-23T23:33:08+00:00 RUN_HEARTBEAT pid=32536 elapsed=62s
2026-08-23T23:33:23+00:00 RUN_END id=OAFX0109 window=SCREEN_IS status=OK decision=SCREEN_OUT_SINGLE_SLEEVE elapsed=77.685s
2026-08-23T23:33:23+00:00 GATE_SKIP id=OAFX0109 window=IS reason=SINGLE_SLEEVE_INFERIOR decision=SCREEN_OUT_SINGLE_SLEEVE net=36086.0 PF=1.1911 DD=10.0382%
2026-08-23T23:33:23+00:00 RUN_START id=OAFX0110 family=sca_gj_boost_rr_direction window=SCREEN_IS run=oafx_screen_is_oafx0110_20260824083323_761f38
2026-08-23T23:33:24+00:00 RUN_HEARTBEAT pid=43632 elapsed=0s
2026-08-23T23:34:25+00:00 RUN_HEARTBEAT pid=43632 elapsed=62s
2026-08-23T23:34:41+00:00 RUN_END id=OAFX0110 window=SCREEN_IS status=OK decision=SCREEN_OUT_SINGLE_SLEEVE elapsed=77.766s
2026-08-23T23:34:41+00:00 GATE_SKIP id=OAFX0110 window=IS reason=SINGLE_SLEEVE_INFERIOR decision=SCREEN_OUT_SINGLE_SLEEVE net=42005.0 PF=1.4638 DD=7.4187%
2026-08-23T23:34:41+00:00 RUN_START id=OAFX0111 family=sca_gj_boost_rr_direction window=SCREEN_IS run=oafx_screen_is_oafx0111_20260824083441_e2a659
2026-08-23T23:34:41+00:00 RUN_HEARTBEAT pid=21444 elapsed=0s
2026-08-23T23:35:43+00:00 RUN_HEARTBEAT pid=21444 elapsed=62s
2026-08-23T23:35:58+00:00 RUN_END id=OAFX0111 window=SCREEN_IS status=OK decision=SCREEN_OUT_SINGLE_SLEEVE elapsed=77.777s
2026-08-23T23:35:58+00:00 GATE_SKIP id=OAFX0111 window=IS reason=SINGLE_SLEEVE_INFERIOR decision=SCREEN_OUT_SINGLE_SLEEVE net=36539.0 PF=1.1935 DD=9.9568%
2026-08-23T23:35:58+00:00 RUN_START id=OAFX0112 family=sca_gj_boost_rr_direction window=SCREEN_IS run=oafx_screen_is_oafx0112_20260824083558_9f107f
2026-08-23T23:35:59+00:00 RUN_HEARTBEAT pid=44124 elapsed=0s
2026-08-23T23:37:01+00:00 RUN_HEARTBEAT pid=44124 elapsed=62s
2026-08-23T23:37:16+00:00 RUN_END id=OAFX0112 window=SCREEN_IS status=OK decision=SCREEN_OUT_SINGLE_SLEEVE elapsed=77.713s
2026-08-23T23:37:16+00:00 GATE_SKIP id=OAFX0112 window=IS reason=SINGLE_SLEEVE_INFERIOR decision=SCREEN_OUT_SINGLE_SLEEVE net=41204.0 PF=1.4549 DD=7.45%
2026-08-23T23:37:16+00:00 RUN_START id=OAFX0113 family=sca_gj_boost_rr_direction window=SCREEN_IS run=oafx_screen_is_oafx0113_20260824083716_b64a34
2026-08-23T23:37:17+00:00 RUN_HEARTBEAT pid=40624 elapsed=0s
2026-08-23T23:38:19+00:00 RUN_HEARTBEAT pid=40624 elapsed=62s
2026-08-23T23:38:34+00:00 RUN_END id=OAFX0113 window=SCREEN_IS status=OK decision=SCREEN_OUT_SINGLE_SLEEVE elapsed=77.752s
2026-08-23T23:38:34+00:00 GATE_SKIP id=OAFX0113 window=IS reason=SINGLE_SLEEVE_INFERIOR decision=SCREEN_OUT_SINGLE_SLEEVE net=34095.0 PF=1.18 DD=10.1801%
2026-08-23T23:38:34+00:00 RUN_START id=OAFX0114 family=sca_gj_boost_rr_direction window=SCREEN_IS run=oafx_screen_is_oafx0114_20260824083834_85261a
2026-08-23T23:38:35+00:00 RUN_HEARTBEAT pid=10408 elapsed=0s
2026-08-23T23:39:36+00:00 RUN_HEARTBEAT pid=10408 elapsed=62s
2026-08-23T23:39:52+00:00 RUN_END id=OAFX0114 window=SCREEN_IS status=OK decision=SCREEN_OUT_SINGLE_SLEEVE elapsed=77.805s
2026-08-23T23:39:52+00:00 GATE_SKIP id=OAFX0114 window=IS reason=SINGLE_SLEEVE_INFERIOR decision=SCREEN_OUT_SINGLE_SLEEVE net=39375.0 PF=1.4317 DD=7.5766%
2026-08-23T23:39:52+00:00 RUN_START id=OAFX0115 family=sca_gj_boost_rr_direction window=SCREEN_IS run=oafx_screen_is_oafx0115_20260824083952_188df7
2026-08-23T23:39:52+00:00 RUN_HEARTBEAT pid=13028 elapsed=0s
2026-08-23T23:40:54+00:00 RUN_HEARTBEAT pid=13028 elapsed=62s
2026-08-23T23:41:09+00:00 RUN_END id=OAFX0115 window=SCREEN_IS status=OK decision=SCREEN_OUT_SINGLE_SLEEVE elapsed=77.702s
2026-08-23T23:41:09+00:00 GATE_SKIP id=OAFX0115 window=IS reason=SINGLE_SLEEVE_INFERIOR decision=SCREEN_OUT_SINGLE_SLEEVE net=33206.0 PF=1.1753 DD=10.2638%
2026-08-23T23:41:09+00:00 RUN_START id=OAFX0116 family=sca_gj_boost_rr_direction window=SCREEN_IS run=oafx_screen_is_oafx0116_20260824084109_4198b4
2026-08-23T23:41:10+00:00 RUN_HEARTBEAT pid=13856 elapsed=0s
2026-08-23T23:42:12+00:00 RUN_HEARTBEAT pid=13856 elapsed=62s
2026-08-23T23:42:27+00:00 RUN_END id=OAFX0116 window=SCREEN_IS status=OK decision=SCREEN_OUT_SINGLE_SLEEVE elapsed=77.702s
2026-08-23T23:42:27+00:00 GATE_SKIP id=OAFX0116 window=IS reason=SINGLE_SLEEVE_INFERIOR decision=SCREEN_OUT_SINGLE_SLEEVE net=39922.0 PF=1.4377 DD=7.55%
2026-08-23T23:42:27+00:00 RUN_START id=OAFX0117 family=sca_gj_boost_rr_direction window=SCREEN_IS run=oafx_screen_is_oafx0117_20260824084227_03719d
2026-08-23T23:42:28+00:00 RUN_HEARTBEAT pid=39084 elapsed=0s
2026-08-23T23:43:29+00:00 RUN_HEARTBEAT pid=39084 elapsed=62s
2026-08-23T23:43:45+00:00 RUN_END id=OAFX0117 window=SCREEN_IS status=OK decision=SCREEN_OUT_SINGLE_SLEEVE elapsed=77.777s
2026-08-23T23:43:45+00:00 GATE_SKIP id=OAFX0117 window=IS reason=SINGLE_SLEEVE_INFERIOR decision=SCREEN_OUT_SINGLE_SLEEVE net=33694.0 PF=1.1778 DD=10.217%
2026-08-23T23:43:45+00:00 RUN_START id=OAFX0118 family=sca_gj_boost_rr_direction window=SCREEN_IS run=oafx_screen_is_oafx0118_20260824084345_f039ab
2026-08-23T23:43:46+00:00 RUN_HEARTBEAT pid=41076 elapsed=0s
2026-08-23T23:44:47+00:00 RUN_HEARTBEAT pid=41076 elapsed=62s
2026-08-23T23:45:03+00:00 RUN_END id=OAFX0118 window=SCREEN_IS status=OK decision=SCREEN_OUT_SINGLE_SLEEVE elapsed=77.775s
2026-08-23T23:45:03+00:00 GATE_SKIP id=OAFX0118 window=IS reason=SINGLE_SLEEVE_INFERIOR decision=SCREEN_OUT_SINGLE_SLEEVE net=39804.0 PF=1.4364 DD=7.5262%
2026-08-23T23:45:03+00:00 RUN_START id=OAFX0119 family=sca_gj_boost_rr_direction window=SCREEN_IS run=oafx_screen_is_oafx0119_20260824084503_a2db02
2026-08-23T23:45:03+00:00 RUN_HEARTBEAT pid=42864 elapsed=0s
2026-08-23T23:46:05+00:00 RUN_HEARTBEAT pid=42864 elapsed=62s
2026-08-23T23:46:20+00:00 RUN_END id=OAFX0119 window=SCREEN_IS status=OK decision=SCREEN_OUT_SINGLE_SLEEVE elapsed=77.736s
2026-08-23T23:46:20+00:00 GATE_SKIP id=OAFX0119 window=IS reason=SINGLE_SLEEVE_INFERIOR decision=SCREEN_OUT_SINGLE_SLEEVE net=33710.0 PF=1.1779 DD=10.2536%
2026-08-23T23:46:20+00:00 RUN_START id=OAFX0120 family=sca_gj_boost_rr_direction window=SCREEN_IS run=oafx_screen_is_oafx0120_20260824084620_831417
2026-08-23T23:46:21+00:00 RUN_HEARTBEAT pid=39972 elapsed=0s
2026-08-23T23:47:23+00:00 RUN_HEARTBEAT pid=39972 elapsed=62s
2026-08-23T23:47:38+00:00 RUN_END id=OAFX0120 window=SCREEN_IS status=OK decision=SCREEN_OUT_SINGLE_SLEEVE elapsed=77.772s
2026-08-23T23:47:38+00:00 GATE_SKIP id=OAFX0120 window=IS reason=SINGLE_SLEEVE_INFERIOR decision=SCREEN_OUT_SINGLE_SLEEVE net=38935.0 PF=1.4269 DD=7.5847%
2026-08-23T23:47:38+00:00 RUN_START id=OAFX0121 family=sca_gj_boost_rr_direction window=SCREEN_IS run=oafx_screen_is_oafx0121_20260824084738_e11bb4
2026-08-23T23:47:39+00:00 RUN_HEARTBEAT pid=19352 elapsed=0s
2026-08-23T23:48:41+00:00 RUN_HEARTBEAT pid=19352 elapsed=62s
2026-08-23T23:48:56+00:00 RUN_END id=OAFX0121 window=SCREEN_IS status=OK decision=SCREEN_OUT_SINGLE_SLEEVE elapsed=77.808s
2026-08-23T23:48:56+00:00 GATE_SKIP id=OAFX0121 window=IS reason=SINGLE_SLEEVE_INFERIOR decision=SCREEN_OUT_SINGLE_SLEEVE net=40108.0 PF=1.1818 DD=11.5841%
2026-08-23T23:48:56+00:00 RUN_START id=OAFX0122 family=sca_gj_boost_rr_direction window=SCREEN_IS run=oafx_screen_is_oafx0122_20260824084856_9762f1
2026-08-23T23:48:57+00:00 RUN_HEARTBEAT pid=24000 elapsed=0s
2026-08-23T23:49:58+00:00 RUN_HEARTBEAT pid=24000 elapsed=62s
2026-08-23T23:50:14+00:00 RUN_END id=OAFX0122 window=SCREEN_IS status=OK decision=SCREEN_OUT_SINGLE_SLEEVE elapsed=77.755s
2026-08-23T23:50:14+00:00 GATE_SKIP id=OAFX0122 window=IS reason=SINGLE_SLEEVE_INFERIOR decision=SCREEN_OUT_SINGLE_SLEEVE net=48236.0 PF=1.4808 DD=9.6309%
2026-08-23T23:50:14+00:00 RUN_START id=OAFX0123 family=sca_gj_boost_rr_direction window=SCREEN_IS run=oafx_screen_is_oafx0123_20260824085014_cfa106
2026-08-23T23:50:14+00:00 RUN_HEARTBEAT pid=30684 elapsed=0s
2026-08-23T23:51:16+00:00 RUN_HEARTBEAT pid=30684 elapsed=62s
2026-08-23T23:51:31+00:00 RUN_END id=OAFX0123 window=SCREEN_IS status=OK decision=SCREEN_OUT_SINGLE_SLEEVE elapsed=77.771s
2026-08-23T23:51:31+00:00 GATE_SKIP id=OAFX0123 window=IS reason=SINGLE_SLEEVE_INFERIOR decision=SCREEN_OUT_SINGLE_SLEEVE net=41595.0 PF=1.1864 DD=12.8148%
2026-08-23T23:51:31+00:00 RUN_START id=OAFX0124 family=sca_gj_boost_rr_direction window=SCREEN_IS run=oafx_screen_is_oafx0124_20260824085131_1ed039
2026-08-23T23:51:32+00:00 RUN_HEARTBEAT pid=32320 elapsed=0s
2026-08-23T23:52:34+00:00 RUN_HEARTBEAT pid=32320 elapsed=62s
2026-08-23T23:52:49+00:00 RUN_END id=OAFX0124 window=SCREEN_IS status=OK decision=SCREEN_OUT_SINGLE_SLEEVE elapsed=77.817s
2026-08-23T23:52:49+00:00 GATE_SKIP id=OAFX0124 window=IS reason=SINGLE_SLEEVE_INFERIOR decision=SCREEN_OUT_SINGLE_SLEEVE net=47719.0 PF=1.4678 DD=10.6055%
2026-08-23T23:52:49+00:00 RUN_START id=OAFX0125 family=sca_gj_boost_rr_direction window=SCREEN_IS run=oafx_screen_is_oafx0125_20260824085249_47ab85
2026-08-23T23:52:50+00:00 RUN_HEARTBEAT pid=44496 elapsed=0s
2026-08-23T23:53:52+00:00 RUN_HEARTBEAT pid=44496 elapsed=62s
2026-08-23T23:54:07+00:00 RUN_END id=OAFX0125 window=SCREEN_IS status=OK decision=SCREEN_OUT_SINGLE_SLEEVE elapsed=77.731s
2026-08-23T23:54:07+00:00 GATE_SKIP id=OAFX0125 window=IS reason=SINGLE_SLEEVE_INFERIOR decision=SCREEN_OUT_SINGLE_SLEEVE net=38920.0 PF=1.171 DD=12.4031%
2026-08-23T23:54:07+00:00 RUN_START id=OAFX0126 family=sca_gj_boost_rr_direction window=SCREEN_IS run=oafx_screen_is_oafx0126_20260824085407_96944f
2026-08-23T23:54:08+00:00 RUN_HEARTBEAT pid=23844 elapsed=0s
2026-08-23T23:55:09+00:00 RUN_HEARTBEAT pid=23844 elapsed=62s
2026-08-23T23:55:25+00:00 RUN_END id=OAFX0126 window=SCREEN_IS status=OK decision=SCREEN_OUT_SINGLE_SLEEVE elapsed=77.824s
2026-08-23T23:55:25+00:00 GATE_SKIP id=OAFX0126 window=IS reason=SINGLE_SLEEVE_INFERIOR decision=SCREEN_OUT_SINGLE_SLEEVE net=48000.0 PF=1.4684 DD=10.2365%
2026-08-23T23:55:25+00:00 RUN_START id=OAFX0127 family=sca_gj_boost_rr_direction window=SCREEN_IS run=oafx_screen_is_oafx0127_20260824085525_ef4168
2026-08-23T23:55:26+00:00 RUN_HEARTBEAT pid=15236 elapsed=0s
2026-08-23T23:56:27+00:00 RUN_HEARTBEAT pid=15236 elapsed=62s
2026-08-23T23:56:43+00:00 RUN_END id=OAFX0127 window=SCREEN_IS status=OK decision=SCREEN_OUT_SINGLE_SLEEVE elapsed=77.746s
2026-08-23T23:56:43+00:00 GATE_SKIP id=OAFX0127 window=IS reason=SINGLE_SLEEVE_INFERIOR decision=SCREEN_OUT_SINGLE_SLEEVE net=42154.0 PF=1.1848 DD=12.4685%
2026-08-23T23:56:43+00:00 RUN_START id=OAFX0128 family=sca_gj_boost_rr_direction window=SCREEN_IS run=oafx_screen_is_oafx0128_20260824085643_d0e97b
2026-08-23T23:56:43+00:00 RUN_HEARTBEAT pid=43448 elapsed=0s
2026-08-23T23:57:45+00:00 RUN_HEARTBEAT pid=43448 elapsed=62s
2026-08-23T23:58:00+00:00 RUN_END id=OAFX0128 window=SCREEN_IS status=OK decision=SCREEN_OUT_SINGLE_SLEEVE elapsed=77.743s
2026-08-23T23:58:00+00:00 GATE_SKIP id=OAFX0128 window=IS reason=SINGLE_SLEEVE_INFERIOR decision=SCREEN_OUT_SINGLE_SLEEVE net=50160.0 PF=1.4875 DD=9.7059%
2026-08-23T23:58:00+00:00 RUN_START id=OAFX0129 family=sca_gj_boost_rr_direction window=SCREEN_IS run=oafx_screen_is_oafx0129_20260824085800_fb6d3b
2026-08-23T23:58:01+00:00 RUN_HEARTBEAT pid=2164 elapsed=0s
2026-08-23T23:59:03+00:00 RUN_HEARTBEAT pid=2164 elapsed=62s
2026-08-23T23:59:18+00:00 RUN_END id=OAFX0129 window=SCREEN_IS status=OK decision=SCREEN_OUT_SINGLE_SLEEVE elapsed=77.742s
2026-08-23T23:59:18+00:00 GATE_SKIP id=OAFX0129 window=IS reason=SINGLE_SLEEVE_INFERIOR decision=SCREEN_OUT_SINGLE_SLEEVE net=46377.0 PF=1.2027 DD=11.5504%
2026-08-23T23:59:18+00:00 RUN_START id=OAFX0130 family=sca_gj_boost_rr_direction window=SCREEN_IS run=oafx_screen_is_oafx0130_20260824085918_3aa4cc
2026-08-23T23:59:19+00:00 RUN_HEARTBEAT pid=35612 elapsed=0s
2026-08-24T00:00:20+00:00 RUN_HEARTBEAT pid=35612 elapsed=62s
2026-08-24T00:00:36+00:00 RUN_END id=OAFX0130 window=SCREEN_IS status=OK decision=SCREEN_OUT_SINGLE_SLEEVE elapsed=77.724s
2026-08-24T00:00:36+00:00 GATE_SKIP id=OAFX0130 window=IS reason=SINGLE_SLEEVE_INFERIOR decision=SCREEN_OUT_SINGLE_SLEEVE net=52031.0 PF=1.5019 DD=9.0618%
2026-08-24T00:00:36+00:00 RUN_START id=OAFX0131 family=sca_gj_boost_rr_direction window=SCREEN_IS run=oafx_screen_is_oafx0131_20260824090036_1ceaf8
2026-08-24T00:00:37+00:00 RUN_HEARTBEAT pid=36236 elapsed=0s
2026-08-24T00:01:38+00:00 RUN_HEARTBEAT pid=36236 elapsed=62s
2026-08-24T00:01:53+00:00 RUN_END id=OAFX0131 window=SCREEN_IS status=OK decision=SCREEN_OUT_SINGLE_SLEEVE elapsed=77.697s
2026-08-24T00:01:53+00:00 GATE_SKIP id=OAFX0131 window=IS reason=SINGLE_SLEEVE_INFERIOR decision=SCREEN_OUT_SINGLE_SLEEVE net=46719.0 PF=1.2042 DD=11.465%
2026-08-24T00:01:53+00:00 RUN_START id=OAFX0132 family=sca_gj_boost_rr_direction window=SCREEN_IS run=oafx_screen_is_oafx0132_20260824090153_768a67
2026-08-24T00:01:54+00:00 RUN_HEARTBEAT pid=14640 elapsed=0s
2026-08-24T00:02:56+00:00 RUN_HEARTBEAT pid=14640 elapsed=62s
2026-08-24T00:03:11+00:00 RUN_END id=OAFX0132 window=SCREEN_IS status=OK decision=SCREEN_OUT_SINGLE_SLEEVE elapsed=77.703s
2026-08-24T00:03:11+00:00 GATE_SKIP id=OAFX0132 window=IS reason=SINGLE_SLEEVE_INFERIOR decision=SCREEN_OUT_SINGLE_SLEEVE net=50718.0 PF=1.4893 DD=9.0419%
2026-08-24T00:03:11+00:00 RUN_START id=OAFX0133 family=sca_gj_boost_rr_direction window=SCREEN_IS run=oafx_screen_is_oafx0133_20260824090311_912a12
2026-08-24T00:03:12+00:00 RUN_HEARTBEAT pid=37140 elapsed=0s
2026-08-24T00:04:14+00:00 RUN_HEARTBEAT pid=37140 elapsed=62s
2026-08-24T00:04:29+00:00 RUN_END id=OAFX0133 window=SCREEN_IS status=OK decision=SCREEN_OUT_SINGLE_SLEEVE elapsed=77.759s
2026-08-24T00:04:29+00:00 GATE_SKIP id=OAFX0133 window=IS reason=SINGLE_SLEEVE_INFERIOR decision=SCREEN_OUT_SINGLE_SLEEVE net=44589.0 PF=1.1943 DD=11.6872%
2026-08-24T00:04:29+00:00 RUN_START id=OAFX0134 family=sca_gj_boost_rr_direction window=SCREEN_IS run=oafx_screen_is_oafx0134_20260824090429_029273
2026-08-24T00:04:30+00:00 RUN_HEARTBEAT pid=21028 elapsed=0s
2026-08-24T00:05:31+00:00 RUN_HEARTBEAT pid=21028 elapsed=62s
2026-08-24T00:05:47+00:00 RUN_END id=OAFX0134 window=SCREEN_IS status=OK decision=SCREEN_OUT_SINGLE_SLEEVE elapsed=77.757s
2026-08-24T00:05:47+00:00 GATE_SKIP id=OAFX0134 window=IS reason=SINGLE_SLEEVE_INFERIOR decision=SCREEN_OUT_SINGLE_SLEEVE net=49078.0 PF=1.4706 DD=9.1155%
2026-08-24T00:05:47+00:00 RUN_START id=OAFX0135 family=sca_gj_boost_rr_direction window=SCREEN_IS run=oafx_screen_is_oafx0135_20260824090547_fd18ad
2026-08-24T00:05:47+00:00 RUN_HEARTBEAT pid=7928 elapsed=0s
2026-08-24T00:06:49+00:00 RUN_HEARTBEAT pid=7928 elapsed=62s
2026-08-24T00:07:04+00:00 RUN_END id=OAFX0135 window=SCREEN_IS status=OK decision=SCREEN_OUT_SINGLE_SLEEVE elapsed=77.762s
2026-08-24T00:07:04+00:00 GATE_SKIP id=OAFX0135 window=IS reason=SINGLE_SLEEVE_INFERIOR decision=SCREEN_OUT_SINGLE_SLEEVE net=42623.0 PF=1.1857 DD=11.9626%
2026-08-24T00:07:04+00:00 RUN_START id=OAFX0136 family=sca_gj_boost_rr_direction window=SCREEN_IS run=oafx_screen_is_oafx0136_20260824090704_afbb96
2026-08-24T00:07:05+00:00 RUN_HEARTBEAT pid=40428 elapsed=0s
2026-08-24T00:08:07+00:00 RUN_HEARTBEAT pid=40428 elapsed=62s
2026-08-24T00:08:22+00:00 RUN_END id=OAFX0136 window=SCREEN_IS status=OK decision=SCREEN_OUT_SINGLE_SLEEVE elapsed=77.720s
2026-08-24T00:08:22+00:00 GATE_SKIP id=OAFX0136 window=IS reason=SINGLE_SLEEVE_INFERIOR decision=SCREEN_OUT_SINGLE_SLEEVE net=49732.0 PF=1.4769 DD=9.0778%
2026-08-24T00:08:22+00:00 RUN_START id=OAFX0137 family=sca_gj_boost_rr_direction window=SCREEN_IS run=oafx_screen_is_oafx0137_20260824090822_c0a70b
2026-08-24T00:08:23+00:00 RUN_HEARTBEAT pid=43612 elapsed=0s
2026-08-24T00:09:24+00:00 RUN_HEARTBEAT pid=43612 elapsed=62s
2026-08-24T00:09:40+00:00 RUN_END id=OAFX0137 window=SCREEN_IS status=OK decision=SCREEN_OUT_SINGLE_SLEEVE elapsed=77.714s
2026-08-24T00:09:40+00:00 GATE_SKIP id=OAFX0137 window=IS reason=SINGLE_SLEEVE_INFERIOR decision=SCREEN_OUT_SINGLE_SLEEVE net=42940.0 PF=1.1871 DD=11.9501%
2026-08-24T00:09:40+00:00 RUN_START id=OAFX0138 family=sca_gj_boost_rr_direction window=SCREEN_IS run=oafx_screen_is_oafx0138_20260824090940_8c79e6
2026-08-24T00:09:41+00:00 RUN_HEARTBEAT pid=25756 elapsed=0s
2026-08-24T00:10:42+00:00 RUN_HEARTBEAT pid=25756 elapsed=62s
2026-08-24T00:10:58+00:00 RUN_END id=OAFX0138 window=SCREEN_IS status=OK decision=SCREEN_OUT_SINGLE_SLEEVE elapsed=77.752s
2026-08-24T00:10:58+00:00 GATE_SKIP id=OAFX0138 window=IS reason=SINGLE_SLEEVE_INFERIOR decision=SCREEN_OUT_SINGLE_SLEEVE net=49683.0 PF=1.4764 DD=9.2401%
2026-08-24T00:10:58+00:00 RUN_START id=OAFX0139 family=sca_gj_boost_rr_direction window=SCREEN_IS run=oafx_screen_is_oafx0139_20260824091058_428a67
2026-08-24T00:10:58+00:00 RUN_HEARTBEAT pid=30972 elapsed=0s
2026-08-24T00:12:00+00:00 RUN_HEARTBEAT pid=30972 elapsed=62s
2026-08-24T00:12:15+00:00 RUN_END id=OAFX0139 window=SCREEN_IS status=OK decision=SCREEN_OUT_SINGLE_SLEEVE elapsed=77.776s
2026-08-24T00:12:15+00:00 GATE_SKIP id=OAFX0139 window=IS reason=SINGLE_SLEEVE_INFERIOR decision=SCREEN_OUT_SINGLE_SLEEVE net=42887.0 PF=1.1869 DD=11.9706%
2026-08-24T00:12:15+00:00 RUN_START id=OAFX0140 family=sca_gj_boost_rr_direction window=SCREEN_IS run=oafx_screen_is_oafx0140_20260824091215_c53471
2026-08-24T00:12:16+00:00 RUN_HEARTBEAT pid=27556 elapsed=0s
2026-08-24T00:13:18+00:00 RUN_HEARTBEAT pid=27556 elapsed=62s
2026-08-24T00:13:33+00:00 RUN_END id=OAFX0140 window=SCREEN_IS status=OK decision=SCREEN_OUT_SINGLE_SLEEVE elapsed=77.762s
2026-08-24T00:13:33+00:00 GATE_SKIP id=OAFX0140 window=IS reason=SINGLE_SLEEVE_INFERIOR decision=SCREEN_OUT_SINGLE_SLEEVE net=48488.0 PF=1.465 DD=9.3318%
2026-08-24T00:13:33+00:00 RUN_START id=OAFX0141 family=sca_gj_boost_rr_direction window=SCREEN_IS run=oafx_screen_is_oafx0141_20260824091333_6fb964
2026-08-24T00:13:34+00:00 RUN_HEARTBEAT pid=31692 elapsed=0s
2026-08-24T00:14:36+00:00 RUN_HEARTBEAT pid=31692 elapsed=62s
2026-08-24T00:14:51+00:00 RUN_END id=OAFX0141 window=SCREEN_IS status=OK decision=SCREEN_OUT_SINGLE_SLEEVE elapsed=77.746s
2026-08-24T00:14:51+00:00 GATE_SKIP id=OAFX0141 window=IS reason=SINGLE_SLEEVE_INFERIOR decision=SCREEN_OUT_SINGLE_SLEEVE net=48768.0 PF=1.1885 DD=13.294%
2026-08-24T00:14:51+00:00 RUN_START id=OAFX0142 family=sca_gj_boost_rr_direction window=SCREEN_IS run=oafx_screen_is_oafx0142_20260824091451_0c3591
2026-08-24T00:14:52+00:00 RUN_HEARTBEAT pid=24284 elapsed=0s
2026-08-24T00:15:53+00:00 RUN_HEARTBEAT pid=24284 elapsed=62s
2026-08-24T00:16:09+00:00 RUN_END id=OAFX0142 window=SCREEN_IS status=OK decision=SCREEN_OUT_SINGLE_SLEEVE elapsed=77.735s
2026-08-24T00:16:09+00:00 GATE_SKIP id=OAFX0142 window=IS reason=SINGLE_SLEEVE_INFERIOR decision=SCREEN_OUT_SINGLE_SLEEVE net=56245.0 PF=1.4976 DD=11.583%
2026-08-24T00:16:09+00:00 RUN_START id=OAFX0143 family=sca_gj_boost_rr_direction window=SCREEN_IS run=oafx_screen_is_oafx0143_20260824091609_444057
2026-08-24T00:16:09+00:00 RUN_HEARTBEAT pid=27116 elapsed=0s
2026-08-24T00:17:11+00:00 RUN_HEARTBEAT pid=27116 elapsed=62s
2026-08-24T00:17:26+00:00 RUN_END id=OAFX0143 window=SCREEN_IS status=OK decision=SCREEN_OUT_SINGLE_SLEEVE elapsed=77.788s
2026-08-24T00:17:26+00:00 GATE_SKIP id=OAFX0143 window=IS reason=SINGLE_SLEEVE_INFERIOR decision=SCREEN_OUT_SINGLE_SLEEVE net=51393.0 PF=1.1967 DD=15.3588%
2026-08-24T00:17:26+00:00 RUN_START id=OAFX0144 family=sca_gj_boost_rr_direction window=SCREEN_IS run=oafx_screen_is_oafx0144_20260824091726_f5f977
2026-08-24T00:17:27+00:00 RUN_HEARTBEAT pid=4292 elapsed=0s
2026-08-24T00:18:29+00:00 RUN_HEARTBEAT pid=4292 elapsed=62s
2026-08-24T00:18:44+00:00 RUN_END id=OAFX0144 window=SCREEN_IS status=OK decision=SCREEN_OUT_SINGLE_SLEEVE elapsed=77.808s
2026-08-24T00:18:44+00:00 GATE_SKIP id=OAFX0144 window=IS reason=SINGLE_SLEEVE_INFERIOR decision=SCREEN_OUT_SINGLE_SLEEVE net=56961.0 PF=1.4965 DD=12.4658%
2026-08-24T00:18:44+00:00 RUN_START id=OAFX0145 family=sca_gj_boost_rr_direction window=SCREEN_IS run=oafx_screen_is_oafx0145_20260824091844_01e82b
2026-08-24T00:18:45+00:00 RUN_HEARTBEAT pid=39408 elapsed=0s
2026-08-24T00:19:47+00:00 RUN_HEARTBEAT pid=39408 elapsed=62s
2026-08-24T00:20:02+00:00 RUN_END id=OAFX0145 window=SCREEN_IS status=OK decision=SCREEN_OUT_SINGLE_SLEEVE elapsed=77.728s
2026-08-24T00:20:02+00:00 GATE_SKIP id=OAFX0145 window=IS reason=SINGLE_SLEEVE_INFERIOR decision=SCREEN_OUT_SINGLE_SLEEVE net=46933.0 PF=1.1756 DD=15.2255%
2026-08-24T00:20:02+00:00 RUN_START id=OAFX0146 family=sca_gj_boost_rr_direction window=SCREEN_IS run=oafx_screen_is_oafx0146_20260824092002_42081d
2026-08-24T00:20:03+00:00 RUN_HEARTBEAT pid=4120 elapsed=0s
2026-08-24T00:21:04+00:00 RUN_HEARTBEAT pid=4120 elapsed=62s
2026-08-24T00:21:20+00:00 RUN_END id=OAFX0146 window=SCREEN_IS status=OK decision=SCREEN_OUT_SINGLE_SLEEVE elapsed=77.770s
2026-08-24T00:21:20+00:00 GATE_SKIP id=OAFX0146 window=IS reason=SINGLE_SLEEVE_INFERIOR decision=SCREEN_OUT_SINGLE_SLEEVE net=57366.0 PF=1.4981 DD=12.1044%
2026-08-24T00:21:20+00:00 RUN_START id=OAFX0147 family=sca_gj_boost_rr_direction window=SCREEN_IS run=oafx_screen_is_oafx0147_20260824092120_c018ef
2026-08-24T00:21:21+00:00 RUN_HEARTBEAT pid=29880 elapsed=0s
2026-08-24T00:22:22+00:00 RUN_HEARTBEAT pid=29880 elapsed=62s
2026-08-24T00:22:38+00:00 RUN_END id=OAFX0147 window=SCREEN_IS status=OK decision=SCREEN_OUT_SINGLE_SLEEVE elapsed=77.809s
2026-08-24T00:22:38+00:00 GATE_SKIP id=OAFX0147 window=IS reason=SINGLE_SLEEVE_INFERIOR decision=SCREEN_OUT_SINGLE_SLEEVE net=51901.0 PF=1.1939 DD=14.9479%
2026-08-24T00:22:38+00:00 RUN_START id=OAFX0148 family=sca_gj_boost_rr_direction window=SCREEN_IS run=oafx_screen_is_oafx0148_20260824092238_ed7ace
2026-08-24T00:22:38+00:00 RUN_HEARTBEAT pid=2352 elapsed=0s
2026-08-24T00:23:40+00:00 RUN_HEARTBEAT pid=2352 elapsed=62s
2026-08-24T00:23:55+00:00 RUN_END id=OAFX0148 window=SCREEN_IS status=OK decision=SCREEN_OUT_SINGLE_SLEEVE elapsed=77.741s
2026-08-24T00:23:55+00:00 GATE_SKIP id=OAFX0148 window=IS reason=SINGLE_SLEEVE_INFERIOR decision=SCREEN_OUT_SINGLE_SLEEVE net=60241.0 PF=1.5211 DD=11.5402%
2026-08-24T00:23:55+00:00 RUN_START id=OAFX0149 family=sca_gj_boost_rr_direction window=SCREEN_IS run=oafx_screen_is_oafx0149_20260824092355_9c36c0
2026-08-24T00:23:56+00:00 RUN_HEARTBEAT pid=35864 elapsed=0s
2026-08-24T00:24:58+00:00 RUN_HEARTBEAT pid=35864 elapsed=62s
2026-08-24T00:25:13+00:00 RUN_END id=OAFX0149 window=SCREEN_IS status=OK decision=SCREEN_OUT_SINGLE_SLEEVE elapsed=77.706s
2026-08-24T00:25:13+00:00 GATE_SKIP id=OAFX0149 window=IS reason=SINGLE_SLEEVE_INFERIOR decision=SCREEN_OUT_SINGLE_SLEEVE net=56668.0 PF=1.2108 DD=13.7552%
2026-08-24T00:25:13+00:00 RUN_START id=OAFX0150 family=sca_gj_boost_rr_direction window=SCREEN_IS run=oafx_screen_is_oafx0150_20260824092513_c8feca
2026-08-24T00:25:14+00:00 RUN_HEARTBEAT pid=19724 elapsed=0s
2026-08-24T00:26:15+00:00 RUN_HEARTBEAT pid=19724 elapsed=62s
2026-08-24T00:26:31+00:00 RUN_END id=OAFX0150 window=SCREEN_IS status=OK decision=SCREEN_OUT_SINGLE_SLEEVE elapsed=77.764s
2026-08-24T00:26:31+00:00 GATE_SKIP id=OAFX0150 window=IS reason=SINGLE_SLEEVE_INFERIOR decision=SCREEN_OUT_SINGLE_SLEEVE net=62057.0 PF=1.5316 DD=10.8425%
2026-08-24T00:26:31+00:00 RUN_START id=OAFX0151 family=sca_gj_boost_rr_direction window=SCREEN_IS run=oafx_screen_is_oafx0151_20260824092631_3800c8
2026-08-24T00:26:32+00:00 RUN_HEARTBEAT pid=41816 elapsed=0s
2026-08-24T00:27:33+00:00 RUN_HEARTBEAT pid=41816 elapsed=62s
2026-08-24T00:27:49+00:00 RUN_END id=OAFX0151 window=SCREEN_IS status=OK decision=SCREEN_OUT_SINGLE_SLEEVE elapsed=77.794s
2026-08-24T00:27:49+00:00 GATE_SKIP id=OAFX0151 window=IS reason=SINGLE_SLEEVE_INFERIOR decision=SCREEN_OUT_SINGLE_SLEEVE net=56899.0 PF=1.2116 DD=13.6869%
2026-08-24T00:27:49+00:00 RUN_START id=OAFX0152 family=sca_gj_boost_rr_direction window=SCREEN_IS run=oafx_screen_is_oafx0152_20260824092749_89469c
2026-08-24T00:27:49+00:00 RUN_HEARTBEAT pid=41992 elapsed=0s
2026-08-24T00:28:51+00:00 RUN_HEARTBEAT pid=41992 elapsed=62s
2026-08-24T00:29:06+00:00 RUN_END id=OAFX0152 window=SCREEN_IS status=OK decision=SCREEN_OUT_SINGLE_SLEEVE elapsed=77.706s
2026-08-24T00:29:06+00:00 GATE_SKIP id=OAFX0152 window=IS reason=SINGLE_SLEEVE_INFERIOR decision=SCREEN_OUT_SINGLE_SLEEVE net=60232.0 PF=1.5159 DD=10.8456%
2026-08-24T00:29:06+00:00 RUN_START id=OAFX0153 family=sca_gj_boost_rr_direction window=SCREEN_IS run=oafx_screen_is_oafx0153_20260824092906_ee60bc
2026-08-24T00:29:07+00:00 RUN_HEARTBEAT pid=40340 elapsed=0s
2026-08-24T00:30:09+00:00 RUN_HEARTBEAT pid=40340 elapsed=62s
2026-08-24T00:30:24+00:00 RUN_END id=OAFX0153 window=SCREEN_IS status=OK decision=SCREEN_OUT_SINGLE_SLEEVE elapsed=77.793s
2026-08-24T00:30:24+00:00 GATE_SKIP id=OAFX0153 window=IS reason=SINGLE_SLEEVE_INFERIOR decision=SCREEN_OUT_SINGLE_SLEEVE net=55083.0 PF=1.2044 DD=13.8169%
2026-08-24T00:30:24+00:00 RUN_START id=OAFX0154 family=sca_gj_boost_rr_direction window=SCREEN_IS run=oafx_screen_is_oafx0154_20260824093024_5034e5
2026-08-24T00:30:25+00:00 RUN_HEARTBEAT pid=8268 elapsed=0s
2026-08-24T00:31:26+00:00 RUN_HEARTBEAT pid=8268 elapsed=62s
2026-08-24T00:31:42+00:00 RUN_END id=OAFX0154 window=SCREEN_IS status=OK decision=SCREEN_OUT_SINGLE_SLEEVE elapsed=77.789s
2026-08-24T00:31:42+00:00 GATE_SKIP id=OAFX0154 window=IS reason=SINGLE_SLEEVE_INFERIOR decision=SCREEN_OUT_SINGLE_SLEEVE net=58781.0 PF=1.5008 DD=10.8565%
2026-08-24T00:31:42+00:00 RUN_START id=OAFX0155 family=sca_gj_boost_rr_direction window=SCREEN_IS run=oafx_screen_is_oafx0155_20260824093142_0ac0f5
2026-08-24T00:31:43+00:00 RUN_HEARTBEAT pid=37712 elapsed=0s
2026-08-24T00:32:44+00:00 RUN_HEARTBEAT pid=37712 elapsed=62s
2026-08-24T00:33:00+00:00 RUN_END id=OAFX0155 window=SCREEN_IS status=OK decision=SCREEN_OUT_SINGLE_SLEEVE elapsed=77.779s
2026-08-24T00:33:00+00:00 GATE_SKIP id=OAFX0155 window=IS reason=SINGLE_SLEEVE_INFERIOR decision=SCREEN_OUT_SINGLE_SLEEVE net=52040.0 PF=1.1931 DD=14.43%
2026-08-24T00:33:00+00:00 RUN_START id=OAFX0156 family=sca_gj_boost_rr_direction window=SCREEN_IS run=oafx_screen_is_oafx0156_20260824093300_541917
2026-08-24T00:33:00+00:00 RUN_HEARTBEAT pid=44412 elapsed=0s
2026-08-24T00:34:02+00:00 RUN_HEARTBEAT pid=44412 elapsed=62s
2026-08-24T00:34:17+00:00 RUN_END id=OAFX0156 window=SCREEN_IS status=OK decision=SCREEN_OUT_SINGLE_SLEEVE elapsed=77.760s
2026-08-24T00:34:17+00:00 GATE_SKIP id=OAFX0156 window=IS reason=SINGLE_SLEEVE_INFERIOR decision=SCREEN_OUT_SINGLE_SLEEVE net=59542.0 PF=1.5073 DD=10.6887%
2026-08-24T00:34:17+00:00 RUN_START id=OAFX0157 family=sca_gj_boost_rr_direction window=SCREEN_IS run=oafx_screen_is_oafx0157_20260824093417_a8686a
2026-08-24T00:34:18+00:00 RUN_HEARTBEAT pid=20952 elapsed=0s
2026-08-24T00:35:20+00:00 RUN_HEARTBEAT pid=20952 elapsed=62s
2026-08-24T00:35:35+00:00 RUN_END id=OAFX0157 window=SCREEN_IS status=OK decision=SCREEN_OUT_SINGLE_SLEEVE elapsed=77.743s
2026-08-24T00:35:35+00:00 GATE_SKIP id=OAFX0157 window=IS reason=SINGLE_SLEEVE_INFERIOR decision=SCREEN_OUT_SINGLE_SLEEVE net=52186.0 PF=1.1937 DD=14.4422%
2026-08-24T00:35:35+00:00 RUN_START id=OAFX0158 family=sca_gj_boost_rr_direction window=SCREEN_IS run=oafx_screen_is_oafx0158_20260824093535_82150c
2026-08-24T00:35:36+00:00 RUN_HEARTBEAT pid=33096 elapsed=0s
2026-08-24T00:36:38+00:00 RUN_HEARTBEAT pid=33096 elapsed=62s
2026-08-24T00:36:53+00:00 RUN_END id=OAFX0158 window=SCREEN_IS status=OK decision=SCREEN_OUT_SINGLE_SLEEVE elapsed=77.779s
2026-08-24T00:36:53+00:00 GATE_SKIP id=OAFX0158 window=IS reason=SINGLE_SLEEVE_INFERIOR decision=SCREEN_OUT_SINGLE_SLEEVE net=59562.0 PF=1.5075 DD=11.0103%
2026-08-24T00:36:53+00:00 RUN_START id=OAFX0159 family=sca_gj_boost_rr_direction window=SCREEN_IS run=oafx_screen_is_oafx0159_20260824093653_249c69
2026-08-24T00:36:54+00:00 RUN_HEARTBEAT pid=44512 elapsed=0s
2026-08-24T00:37:55+00:00 RUN_HEARTBEAT pid=44512 elapsed=62s
2026-08-24T00:38:11+00:00 RUN_END id=OAFX0159 window=SCREEN_IS status=OK decision=SCREEN_OUT_SINGLE_SLEEVE elapsed=77.755s
2026-08-24T00:38:11+00:00 GATE_SKIP id=OAFX0159 window=IS reason=SINGLE_SLEEVE_INFERIOR decision=SCREEN_OUT_SINGLE_SLEEVE net=52064.0 PF=1.1932 DD=14.4797%
2026-08-24T00:38:11+00:00 RUN_START id=OAFX0160 family=sca_gj_boost_rr_direction window=SCREEN_IS run=oafx_screen_is_oafx0160_20260824093811_030f4d
2026-08-24T00:38:11+00:00 RUN_HEARTBEAT pid=38744 elapsed=0s
2026-08-24T00:39:13+00:00 RUN_HEARTBEAT pid=38744 elapsed=62s
2026-08-24T00:39:28+00:00 RUN_END id=OAFX0160 window=SCREEN_IS status=OK decision=SCREEN_OUT_SINGLE_SLEEVE elapsed=77.752s
2026-08-24T00:39:28+00:00 GATE_SKIP id=OAFX0160 window=IS reason=SINGLE_SLEEVE_INFERIOR decision=SCREEN_OUT_SINGLE_SLEEVE net=58041.0 PF=1.4945 DD=11.1396%
2026-08-24T00:39:28+00:00 RUN_START id=OAFX0161 family=sca_gj_boost_rr_direction window=SCREEN_IS run=oafx_screen_is_oafx0161_20260824093928_50c60d
2026-08-24T00:39:29+00:00 RUN_HEARTBEAT pid=41312 elapsed=0s
2026-08-24T00:40:31+00:00 RUN_HEARTBEAT pid=41312 elapsed=62s
2026-08-24T00:40:46+00:00 RUN_END id=OAFX0161 window=SCREEN_IS status=OK decision=SCREEN_OUT_SINGLE_SLEEVE elapsed=77.796s
2026-08-24T00:40:46+00:00 GATE_SKIP id=OAFX0161 window=IS reason=SINGLE_SLEEVE_INFERIOR decision=SCREEN_OUT_SINGLE_SLEEVE net=57428.0 PF=1.1934 DD=15.5622%
2026-08-24T00:40:46+00:00 RUN_START id=OAFX0162 family=sca_gj_boost_rr_direction window=SCREEN_IS run=oafx_screen_is_oafx0162_20260824094046_f23045
2026-08-24T00:40:47+00:00 RUN_HEARTBEAT pid=43996 elapsed=0s
2026-08-24T00:41:49+00:00 RUN_HEARTBEAT pid=43996 elapsed=62s
2026-08-24T00:42:04+00:00 RUN_END id=OAFX0162 window=SCREEN_IS status=OK decision=SCREEN_OUT_SINGLE_SLEEVE elapsed=77.805s
2026-08-24T00:42:04+00:00 GATE_SKIP id=OAFX0162 window=IS reason=SINGLE_SLEEVE_INFERIOR decision=SCREEN_OUT_SINGLE_SLEEVE net=64254.0 PF=1.5111 DD=13.3277%
2026-08-24T00:42:04+00:00 RUN_START id=OAFX0163 family=sca_gj_boost_rr_direction window=SCREEN_IS run=oafx_screen_is_oafx0163_20260824094204_c59c34
2026-08-24T00:42:05+00:00 RUN_HEARTBEAT pid=20176 elapsed=0s
2026-08-24T00:43:06+00:00 RUN_HEARTBEAT pid=20176 elapsed=62s
2026-08-24T00:43:22+00:00 RUN_END id=OAFX0163 window=SCREEN_IS status=OK decision=SCREEN_OUT_SINGLE_SLEEVE elapsed=77.740s
2026-08-24T00:43:22+00:00 GATE_SKIP id=OAFX0163 window=IS reason=SINGLE_SLEEVE_INFERIOR decision=SCREEN_OUT_SINGLE_SLEEVE net=61191.0 PF=1.2044 DD=17.4147%
2026-08-24T00:43:22+00:00 RUN_START id=OAFX0164 family=sca_gj_boost_rr_direction window=SCREEN_IS run=oafx_screen_is_oafx0164_20260824094322_2d896f
2026-08-24T00:43:23+00:00 RUN_HEARTBEAT pid=13504 elapsed=0s
2026-08-24T00:44:24+00:00 RUN_HEARTBEAT pid=13504 elapsed=62s
2026-08-24T00:44:40+00:00 RUN_END id=OAFX0164 window=SCREEN_IS status=OK decision=SCREEN_OUT_SINGLE_SLEEVE elapsed=77.766s
2026-08-24T00:44:40+00:00 GATE_SKIP id=OAFX0164 window=IS reason=SINGLE_SLEEVE_INFERIOR decision=SCREEN_OUT_SINGLE_SLEEVE net=66203.0 PF=1.5196 DD=14.114%
2026-08-24T00:44:40+00:00 RUN_START id=OAFX0165 family=sca_gj_boost_rr_direction window=SCREEN_IS run=oafx_screen_is_oafx0165_20260824094440_d5fe64
2026-08-24T00:44:40+00:00 RUN_HEARTBEAT pid=32320 elapsed=0s
2026-08-24T00:45:42+00:00 RUN_HEARTBEAT pid=32320 elapsed=62s
2026-08-24T00:45:57+00:00 RUN_END id=OAFX0165 window=SCREEN_IS status=OK decision=SCREEN_OUT_SINGLE_SLEEVE elapsed=77.728s
2026-08-24T00:45:57+00:00 GATE_SKIP id=OAFX0165 window=IS reason=SINGLE_SLEEVE_INFERIOR decision=SCREEN_OUT_SINGLE_SLEEVE net=54946.0 PF=1.179 DD=17.6341%
2026-08-24T00:45:57+00:00 RUN_START id=OAFX0166 family=sca_gj_boost_rr_direction window=SCREEN_IS run=oafx_screen_is_oafx0166_20260824094557_3e75a6
2026-08-24T00:45:58+00:00 RUN_HEARTBEAT pid=45232 elapsed=0s
2026-08-24T00:47:00+00:00 RUN_HEARTBEAT pid=45232 elapsed=62s
2026-08-24T00:47:15+00:00 RUN_END id=OAFX0166 window=SCREEN_IS status=OK decision=SCREEN_OUT_SINGLE_SLEEVE elapsed=77.680s
2026-08-24T00:47:15+00:00 GATE_SKIP id=OAFX0166 window=IS reason=SINGLE_SLEEVE_INFERIOR decision=SCREEN_OUT_SINGLE_SLEEVE net=66732.0 PF=1.5219 DD=13.7511%
2026-08-24T00:47:15+00:00 RUN_START id=OAFX0167 family=sca_gj_boost_rr_direction window=SCREEN_IS run=oafx_screen_is_oafx0167_20260824094715_e8e170
2026-08-24T00:47:16+00:00 RUN_HEARTBEAT pid=36472 elapsed=0s
2026-08-24T00:48:17+00:00 RUN_HEARTBEAT pid=36472 elapsed=62s
2026-08-24T00:48:33+00:00 RUN_END id=OAFX0167 window=SCREEN_IS status=OK decision=SCREEN_OUT_SINGLE_SLEEVE elapsed=77.766s
2026-08-24T00:48:33+00:00 GATE_SKIP id=OAFX0167 window=IS reason=SINGLE_SLEEVE_INFERIOR decision=SCREEN_OUT_SINGLE_SLEEVE net=61648.0 PF=1.2006 DD=16.9657%
2026-08-24T00:48:33+00:00 RUN_START id=OAFX0168 family=sca_gj_boost_rr_direction window=SCREEN_IS run=oafx_screen_is_oafx0168_20260824094833_0d1ab6
2026-08-24T00:48:33+00:00 RUN_HEARTBEAT pid=42344 elapsed=0s
2026-08-24T00:49:35+00:00 RUN_HEARTBEAT pid=42344 elapsed=62s
2026-08-24T00:49:50+00:00 RUN_END id=OAFX0168 window=SCREEN_IS status=OK decision=SCREEN_OUT_SINGLE_SLEEVE elapsed=77.781s
2026-08-24T00:49:50+00:00 GATE_SKIP id=OAFX0168 window=IS reason=SINGLE_SLEEVE_INFERIOR decision=SCREEN_OUT_SINGLE_SLEEVE net=70322.0 PF=1.5481 DD=13.1484%
2026-08-24T00:49:50+00:00 RUN_START id=OAFX0169 family=sca_gj_boost_rr_direction window=SCREEN_IS run=oafx_screen_is_oafx0169_20260824094950_2c9b38
2026-08-24T00:49:51+00:00 RUN_HEARTBEAT pid=45548 elapsed=0s
2026-08-24T00:50:53+00:00 RUN_HEARTBEAT pid=45548 elapsed=62s
2026-08-24T00:51:08+00:00 RUN_END id=OAFX0169 window=SCREEN_IS status=OK decision=SCREEN_OUT_SINGLE_SLEEVE elapsed=77.821s
2026-08-24T00:51:08+00:00 GATE_SKIP id=OAFX0169 window=IS reason=SINGLE_SLEEVE_INFERIOR decision=SCREEN_OUT_SINGLE_SLEEVE net=66959.0 PF=1.2168 DD=15.7568%
2026-08-24T00:51:08+00:00 RUN_START id=OAFX0170 family=sca_gj_boost_rr_direction window=SCREEN_IS run=oafx_screen_is_oafx0170_20260824095108_329ff3
2026-08-24T00:51:09+00:00 RUN_HEARTBEAT pid=27068 elapsed=0s
2026-08-24T00:52:11+00:00 RUN_HEARTBEAT pid=27068 elapsed=62s
2026-08-24T00:52:26+00:00 RUN_END id=OAFX0170 window=SCREEN_IS status=OK decision=SCREEN_OUT_SINGLE_SLEEVE elapsed=77.784s
2026-08-24T00:52:26+00:00 GATE_SKIP id=OAFX0170 window=IS reason=SINGLE_SLEEVE_INFERIOR decision=SCREEN_OUT_SINGLE_SLEEVE net=72083.0 PF=1.5552 DD=12.3903%
2026-08-24T00:52:26+00:00 RUN_START id=OAFX0171 family=sca_gj_boost_rr_direction window=SCREEN_IS run=oafx_screen_is_oafx0171_20260824095226_6f0da1
2026-08-24T00:52:27+00:00 RUN_HEARTBEAT pid=22892 elapsed=0s
2026-08-24T00:53:28+00:00 RUN_HEARTBEAT pid=22892 elapsed=62s
2026-08-24T00:53:44+00:00 RUN_END id=OAFX0171 window=SCREEN_IS status=OK decision=SCREEN_OUT_SINGLE_SLEEVE elapsed=77.764s
2026-08-24T00:53:44+00:00 GATE_SKIP id=OAFX0171 window=IS reason=SINGLE_SLEEVE_INFERIOR decision=SCREEN_OUT_SINGLE_SLEEVE net=67079.0 PF=1.2172 DD=15.7051%
2026-08-24T00:53:44+00:00 RUN_START id=OAFX0172 family=sca_gj_boost_rr_direction window=SCREEN_IS run=oafx_screen_is_oafx0172_20260824095344_70ad2f
2026-08-24T00:53:45+00:00 RUN_HEARTBEAT pid=38116 elapsed=0s
2026-08-24T00:54:46+00:00 RUN_HEARTBEAT pid=38116 elapsed=62s
2026-08-24T00:55:02+00:00 RUN_END id=OAFX0172 window=SCREEN_IS status=OK decision=SCREEN_OUT_SINGLE_SLEEVE elapsed=77.767s
2026-08-24T00:55:02+00:00 GATE_SKIP id=OAFX0172 window=IS reason=SINGLE_SLEEVE_INFERIOR decision=SCREEN_OUT_SINGLE_SLEEVE net=69746.0 PF=1.5372 DD=12.4184%
2026-08-24T00:55:02+00:00 RUN_START id=OAFX0173 family=sca_gj_boost_rr_direction window=SCREEN_IS run=oafx_screen_is_oafx0173_20260824095502_31b66c
2026-08-24T00:55:02+00:00 RUN_HEARTBEAT pid=26652 elapsed=0s
2026-08-24T00:56:04+00:00 RUN_HEARTBEAT pid=26652 elapsed=62s
2026-08-24T00:56:19+00:00 RUN_END id=OAFX0173 window=SCREEN_IS status=OK decision=SCREEN_OUT_SINGLE_SLEEVE elapsed=77.803s
2026-08-24T00:56:19+00:00 GATE_SKIP id=OAFX0173 window=IS reason=SINGLE_SLEEVE_INFERIOR decision=SCREEN_OUT_SINGLE_SLEEVE net=65577.0 PF=1.2119 DD=15.8271%
2026-08-24T00:56:19+00:00 RUN_START id=OAFX0174 family=sca_gj_boost_rr_direction window=SCREEN_IS run=oafx_screen_is_oafx0174_20260824095619_9168d4
2026-08-24T00:56:20+00:00 RUN_HEARTBEAT pid=27484 elapsed=0s
2026-08-24T00:57:22+00:00 RUN_HEARTBEAT pid=27484 elapsed=62s
2026-08-24T00:57:37+00:00 RUN_END id=OAFX0174 window=SCREEN_IS status=OK decision=SCREEN_OUT_SINGLE_SLEEVE elapsed=77.774s
2026-08-24T00:57:37+00:00 GATE_SKIP id=OAFX0174 window=IS reason=SINGLE_SLEEVE_INFERIOR decision=SCREEN_OUT_SINGLE_SLEEVE net=68484.0 PF=1.525 DD=12.429%
2026-08-24T00:57:37+00:00 RUN_START id=OAFX0175 family=sca_gj_boost_rr_direction window=SCREEN_IS run=oafx_screen_is_oafx0175_20260824095737_9066b6
2026-08-24T00:57:38+00:00 RUN_HEARTBEAT pid=41172 elapsed=0s
2026-08-24T00:58:40+00:00 RUN_HEARTBEAT pid=41172 elapsed=62s
2026-08-24T00:58:55+00:00 RUN_END id=OAFX0175 window=SCREEN_IS status=OK decision=SCREEN_OUT_SINGLE_SLEEVE elapsed=77.753s
2026-08-24T00:58:55+00:00 GATE_SKIP id=OAFX0175 window=IS reason=SINGLE_SLEEVE_INFERIOR decision=SCREEN_OUT_SINGLE_SLEEVE net=61457.0 PF=1.1986 DD=16.531%
2026-08-24T00:58:55+00:00 RUN_START id=OAFX0176 family=sca_gj_boost_rr_direction window=SCREEN_IS run=oafx_screen_is_oafx0176_20260824095855_012bf7
2026-08-24T00:58:56+00:00 RUN_HEARTBEAT pid=7452 elapsed=0s
2026-08-24T00:59:57+00:00 RUN_HEARTBEAT pid=7452 elapsed=62s
2026-08-24T01:00:13+00:00 RUN_END id=OAFX0176 window=SCREEN_IS status=OK decision=SCREEN_OUT_SINGLE_SLEEVE elapsed=77.792s
2026-08-24T01:00:13+00:00 GATE_SKIP id=OAFX0176 window=IS reason=SINGLE_SLEEVE_INFERIOR decision=SCREEN_OUT_SINGLE_SLEEVE net=69352.0 PF=1.5316 DD=12.256%
2026-08-24T01:00:13+00:00 RUN_START id=OAFX0177 family=sca_gj_boost_rr_direction window=SCREEN_IS run=oafx_screen_is_oafx0177_20260824100013_b9d6a3
2026-08-24T01:00:14+00:00 RUN_HEARTBEAT pid=7320 elapsed=0s
2026-08-24T01:01:15+00:00 RUN_HEARTBEAT pid=7320 elapsed=62s
2026-08-24T01:01:31+00:00 RUN_END id=OAFX0177 window=SCREEN_IS status=OK decision=SCREEN_OUT_SINGLE_SLEEVE elapsed=77.765s
2026-08-24T01:01:31+00:00 GATE_SKIP id=OAFX0177 window=IS reason=SINGLE_SLEEVE_INFERIOR decision=SCREEN_OUT_SINGLE_SLEEVE net=61432.0 PF=1.1985 DD=16.5704%
2026-08-24T01:01:31+00:00 RUN_START id=OAFX0178 family=sca_gj_boost_rr_direction window=SCREEN_IS run=oafx_screen_is_oafx0178_20260824100131_70dccd
2026-08-24T01:01:31+00:00 RUN_HEARTBEAT pid=2304 elapsed=0s
2026-08-24T01:02:33+00:00 RUN_HEARTBEAT pid=2304 elapsed=62s
2026-08-24T01:02:48+00:00 RUN_END id=OAFX0178 window=SCREEN_IS status=OK decision=SCREEN_OUT_SINGLE_SLEEVE elapsed=77.806s
2026-08-24T01:02:48+00:00 GATE_SKIP id=OAFX0178 window=IS reason=SINGLE_SLEEVE_INFERIOR decision=SCREEN_OUT_SINGLE_SLEEVE net=69441.0 PF=1.5323 DD=12.5445%
2026-08-24T01:02:48+00:00 RUN_START id=OAFX0179 family=sca_gj_boost_rr_direction window=SCREEN_IS run=oafx_screen_is_oafx0179_20260824100248_5078dc
2026-08-24T01:02:49+00:00 RUN_HEARTBEAT pid=26760 elapsed=0s
2026-08-24T01:03:51+00:00 RUN_HEARTBEAT pid=26760 elapsed=62s
2026-08-24T01:04:06+00:00 RUN_END id=OAFX0179 window=SCREEN_IS status=OK decision=SCREEN_OUT_SINGLE_SLEEVE elapsed=77.798s
2026-08-24T01:04:06+00:00 GATE_SKIP id=OAFX0179 window=IS reason=SINGLE_SLEEVE_INFERIOR decision=SCREEN_OUT_SINGLE_SLEEVE net=61241.0 PF=1.1979 DD=16.6254%
2026-08-24T01:04:06+00:00 RUN_START id=OAFX0180 family=sca_gj_boost_rr_direction window=SCREEN_IS run=oafx_screen_is_oafx0180_20260824100406_e8716e
2026-08-24T01:04:07+00:00 RUN_HEARTBEAT pid=40072 elapsed=0s
2026-08-24T01:05:08+00:00 RUN_HEARTBEAT pid=40072 elapsed=62s
2026-08-24T01:05:24+00:00 RUN_END id=OAFX0180 window=SCREEN_IS status=OK decision=SCREEN_OUT_SINGLE_SLEEVE elapsed=77.733s
2026-08-24T01:05:24+00:00 GATE_SKIP id=OAFX0180 window=IS reason=SINGLE_SLEEVE_INFERIOR decision=SCREEN_OUT_SINGLE_SLEEVE net=67594.0 PF=1.5181 DD=12.7118%
2026-08-24T01:05:24+00:00 RUN_START id=OAFX0181 family=sca_gj_boost_rr_direction window=SCREEN_IS run=oafx_screen_is_oafx0181_20260824100524_ed3e70
2026-08-24T01:05:25+00:00 RUN_HEARTBEAT pid=37140 elapsed=0s
2026-08-24T01:06:26+00:00 RUN_HEARTBEAT pid=37140 elapsed=62s
2026-08-24T01:06:42+00:00 RUN_END id=OAFX0181 window=SCREEN_IS status=OK decision=SCREEN_OUT_SINGLE_SLEEVE elapsed=77.725s
2026-08-24T01:06:42+00:00 GATE_SKIP id=OAFX0181 window=IS reason=SINGLE_SLEEVE_INFERIOR decision=SCREEN_OUT_SINGLE_SLEEVE net=66088.0 PF=1.1973 DD=18.2405%
2026-08-24T01:06:42+00:00 RUN_START id=OAFX0182 family=sca_gj_boost_rr_direction window=SCREEN_IS run=oafx_screen_is_oafx0182_20260824100642_8ad222
2026-08-24T01:06:42+00:00 RUN_HEARTBEAT pid=14516 elapsed=0s
2026-08-24T01:07:44+00:00 RUN_HEARTBEAT pid=14516 elapsed=62s
2026-08-24T01:07:59+00:00 RUN_END id=OAFX0182 window=SCREEN_IS status=OK decision=SCREEN_OUT_SINGLE_SLEEVE elapsed=77.692s
2026-08-24T01:07:59+00:00 GATE_SKIP id=OAFX0182 window=IS reason=SINGLE_SLEEVE_INFERIOR decision=SCREEN_OUT_SINGLE_SLEEVE net=72263.0 PF=1.522 DD=14.8964%
2026-08-24T01:07:59+00:00 RUN_START id=OAFX0183 family=sca_gj_boost_rr_direction window=SCREEN_IS run=oafx_screen_is_oafx0183_20260824100759_92b14a
2026-08-24T01:08:00+00:00 RUN_HEARTBEAT pid=35284 elapsed=0s
2026-08-24T01:09:02+00:00 RUN_HEARTBEAT pid=35284 elapsed=62s
2026-08-24T01:09:17+00:00 RUN_END id=OAFX0183 window=SCREEN_IS status=OK decision=SCREEN_OUT_SINGLE_SLEEVE elapsed=77.731s
2026-08-24T01:09:17+00:00 GATE_SKIP id=OAFX0183 window=IS reason=SINGLE_SLEEVE_INFERIOR decision=SCREEN_OUT_SINGLE_SLEEVE net=70989.0 PF=1.2103 DD=19.274%
2026-08-24T01:09:17+00:00 RUN_START id=OAFX0184 family=sca_gj_boost_rr_direction window=SCREEN_IS run=oafx_screen_is_oafx0184_20260824100917_b79904
2026-08-24T01:09:18+00:00 RUN_HEARTBEAT pid=41432 elapsed=0s
2026-08-24T01:10:19+00:00 RUN_HEARTBEAT pid=41432 elapsed=62s
2026-08-24T01:10:35+00:00 RUN_END id=OAFX0184 window=SCREEN_IS status=OK decision=SCREEN_OUT_SINGLE_SLEEVE elapsed=77.807s
2026-08-24T01:10:35+00:00 GATE_SKIP id=OAFX0184 window=IS reason=SINGLE_SLEEVE_INFERIOR decision=SCREEN_OUT_SINGLE_SLEEVE net=75445.0 PF=1.5384 DD=15.5844%
2026-08-24T01:10:35+00:00 RUN_START id=OAFX0185 family=sca_gj_boost_rr_direction window=SCREEN_IS run=oafx_screen_is_oafx0185_20260824101035_abc26d
2026-08-24T01:10:36+00:00 RUN_HEARTBEAT pid=45360 elapsed=0s
2026-08-24T01:11:37+00:00 RUN_HEARTBEAT pid=45360 elapsed=62s
2026-08-24T01:11:53+00:00 RUN_END id=OAFX0185 window=SCREEN_IS status=OK decision=SCREEN_OUT_SINGLE_SLEEVE elapsed=77.807s
2026-08-24T01:11:53+00:00 GATE_SKIP id=OAFX0185 window=IS reason=SINGLE_SLEEVE_INFERIOR decision=SCREEN_OUT_SINGLE_SLEEVE net=62959.0 PF=1.1817 DD=19.6492%
2026-08-24T01:11:53+00:00 RUN_START id=OAFX0186 family=sca_gj_boost_rr_direction window=SCREEN_IS run=oafx_screen_is_oafx0186_20260824101153_a655f8
2026-08-24T01:11:53+00:00 RUN_HEARTBEAT pid=18932 elapsed=0s
2026-08-24T01:12:55+00:00 RUN_HEARTBEAT pid=18932 elapsed=62s
2026-08-24T01:13:10+00:00 RUN_END id=OAFX0186 window=SCREEN_IS status=OK decision=SCREEN_OUT_SINGLE_SLEEVE elapsed=77.753s
2026-08-24T01:13:10+00:00 GATE_SKIP id=OAFX0186 window=IS reason=SINGLE_SLEEVE_INFERIOR decision=SCREEN_OUT_SINGLE_SLEEVE net=76098.0 PF=1.5413 DD=15.2137%
2026-08-24T01:13:10+00:00 RUN_START id=OAFX0187 family=sca_gj_boost_rr_direction window=SCREEN_IS run=oafx_screen_is_oafx0187_20260824101310_5f8189
2026-08-24T01:13:11+00:00 RUN_HEARTBEAT pid=30400 elapsed=0s
2026-08-24T01:14:13+00:00 RUN_HEARTBEAT pid=30400 elapsed=62s
2026-08-24T01:14:28+00:00 RUN_END id=OAFX0187 window=SCREEN_IS status=OK decision=SCREEN_OUT_SINGLE_SLEEVE elapsed=77.737s
2026-08-24T01:14:28+00:00 GATE_SKIP id=OAFX0187 window=IS reason=SINGLE_SLEEVE_INFERIOR decision=SCREEN_OUT_SINGLE_SLEEVE net=71395.0 PF=1.2058 DD=18.9363%
2026-08-24T01:14:28+00:00 RUN_START id=OAFX0188 family=sca_gj_boost_rr_direction window=SCREEN_IS run=oafx_screen_is_oafx0188_20260824101428_cce079
2026-08-24T01:14:29+00:00 RUN_HEARTBEAT pid=45564 elapsed=0s
2026-08-24T01:15:30+00:00 RUN_HEARTBEAT pid=45564 elapsed=62s
2026-08-24T01:15:46+00:00 RUN_END id=OAFX0188 window=SCREEN_IS status=OK decision=SCREEN_PASS_DD elapsed=77.719s
2026-08-24T01:15:46+00:00 RUN_START id=OAFX0188 family=sca_gj_boost_rr_direction window=IS run=oafx_is_oafx0188_20260824101546_da43ec
2026-08-24T01:15:47+00:00 RUN_HEARTBEAT pid=38728 elapsed=0s
2026-08-24T01:16:48+00:00 RUN_HEARTBEAT pid=38728 elapsed=62s
2026-08-24T01:17:50+00:00 RUN_HEARTBEAT pid=38728 elapsed=123s
2026-08-24T01:18:52+00:00 RUN_HEARTBEAT pid=38728 elapsed=185s
2026-08-24T01:19:53+00:00 RUN_HEARTBEAT pid=38728 elapsed=247s
2026-08-24T01:20:55+00:00 RUN_HEARTBEAT pid=38728 elapsed=308s
2026-08-24T01:21:56+00:00 RUN_HEARTBEAT pid=38728 elapsed=370s
2026-08-24T01:22:27+00:00 RUN_END id=OAFX0188 window=IS status=OK decision=IS_REJECT elapsed=401.297s
2026-08-24T01:22:27+00:00 GATE_SKIP id=OAFX0188 window=OOS reason=IS_NOT_SURVIVOR decision=IS_REJECT net=272596.0 PF=1.5997 DD=36.8905%
2026-08-24T01:22:27+00:00 SCREEN_SKIP_EXISTING_FULLBOOK [189/900] id=OAFX0189 reason=existing fullbook IS retained
2026-08-24T01:22:27+00:00 SKIP_EXISTING [189/900] id=OAFX0189 window=IS
2026-08-24T01:22:27+00:00 GATE_SKIP id=OAFX0189 window=OOS reason=IS_NOT_SURVIVOR decision=IS_REJECT net=269443.0 PF=1.4068 DD=35.8647%
2026-08-24T01:22:27+00:00 RUN_START id=OAFX0190 family=sca_gj_boost_rr_direction window=SCREEN_IS run=oafx_screen_is_oafx0190_20260824102227_633907
2026-08-24T01:22:28+00:00 RUN_HEARTBEAT pid=35800 elapsed=0s
2026-08-24T01:23:30+00:00 RUN_HEARTBEAT pid=35800 elapsed=62s
2026-08-24T01:23:45+00:00 RUN_END id=OAFX0190 window=SCREEN_IS status=OK decision=SCREEN_PASS_DD elapsed=77.729s
2026-08-24T01:23:45+00:00 RUN_START id=OAFX0190 family=sca_gj_boost_rr_direction window=IS run=oafx_is_oafx0190_20260824102345_7b90da
2026-08-24T01:23:46+00:00 RUN_HEARTBEAT pid=39456 elapsed=0s
2026-08-24T01:24:47+00:00 RUN_HEARTBEAT pid=39456 elapsed=62s
2026-08-24T01:25:49+00:00 RUN_HEARTBEAT pid=39456 elapsed=123s
2026-08-24T01:26:51+00:00 RUN_HEARTBEAT pid=39456 elapsed=185s
2026-08-24T01:27:52+00:00 RUN_HEARTBEAT pid=39456 elapsed=247s
2026-08-24T01:28:54+00:00 RUN_HEARTBEAT pid=39456 elapsed=309s
2026-08-24T01:29:56+00:00 RUN_HEARTBEAT pid=39456 elapsed=370s
2026-08-24T01:30:27+00:00 RUN_END id=OAFX0190 window=IS status=OK decision=IS_REJECT elapsed=401.948s
2026-08-24T01:30:27+00:00 GATE_SKIP id=OAFX0190 window=OOS reason=IS_NOT_SURVIVOR decision=IS_REJECT net=274302.0 PF=1.601 DD=36.4886%
2026-08-24T01:30:27+00:00 RUN_START id=OAFX0191 family=sca_gj_boost_rr_direction window=SCREEN_IS run=oafx_screen_is_oafx0191_20260824103027_35b1b3
2026-08-24T01:30:28+00:00 RUN_HEARTBEAT pid=12916 elapsed=0s
2026-08-24T01:31:29+00:00 RUN_HEARTBEAT pid=12916 elapsed=62s
2026-08-24T01:31:45+00:00 RUN_END id=OAFX0191 window=SCREEN_IS status=OK decision=SCREEN_PASS_DD elapsed=77.828s
2026-08-24T01:31:45+00:00 RUN_START id=OAFX0191 family=sca_gj_boost_rr_direction window=IS run=oafx_is_oafx0191_20260824103145_f20eda
2026-08-24T01:31:45+00:00 RUN_HEARTBEAT pid=41020 elapsed=0s
2026-08-24T01:32:47+00:00 RUN_HEARTBEAT pid=41020 elapsed=62s
2026-08-24T01:33:49+00:00 RUN_HEARTBEAT pid=41020 elapsed=123s
2026-08-24T01:34:50+00:00 RUN_HEARTBEAT pid=41020 elapsed=185s
2026-08-24T01:35:55+00:00 RUN_HEARTBEAT pid=41020 elapsed=247s
2026-08-24T01:36:57+00:00 RUN_HEARTBEAT pid=41020 elapsed=311s
2026-08-24T01:37:58+00:00 RUN_HEARTBEAT pid=41020 elapsed=373s
2026-08-24T01:38:29+00:00 RUN_END id=OAFX0191 window=IS status=OK decision=IS_SURVIVOR_DD elapsed=404.630s
2026-08-24T01:38:29+00:00 RUN_START id=BASELINE_OOS family=baseline window=OOS run=oafx_oos_baseline_oos_20260824103829_7c5a62
2026-08-24T01:38:30+00:00 RUN_HEARTBEAT pid=45864 elapsed=0s
2026-08-24T01:39:32+00:00 RUN_HEARTBEAT pid=45864 elapsed=62s
2026-08-24T01:40:33+00:00 RUN_HEARTBEAT pid=45864 elapsed=123s
2026-08-24T01:41:35+00:00 RUN_HEARTBEAT pid=45864 elapsed=185s
2026-08-24T01:42:37+00:00 RUN_HEARTBEAT pid=45864 elapsed=247s
2026-08-24T01:43:38+00:00 RUN_END id=BASELINE_OOS window=OOS status=OK decision=BASELINE_MEASURED elapsed=309.038s
2026-08-24T01:43:38+00:00 RUN_START id=OAFX0191 family=sca_gj_boost_rr_direction window=OOS run=oafx_oos_oafx0191_20260824104338_9733e5
2026-08-24T01:43:39+00:00 RUN_HEARTBEAT pid=45452 elapsed=0s
2026-08-24T01:44:41+00:00 RUN_HEARTBEAT pid=45452 elapsed=62s
2026-08-24T01:45:42+00:00 RUN_HEARTBEAT pid=45452 elapsed=123s
2026-08-24T01:46:44+00:00 RUN_HEARTBEAT pid=45452 elapsed=185s
2026-08-24T01:47:46+00:00 RUN_HEARTBEAT pid=45452 elapsed=247s
2026-08-24T01:48:47+00:00 RUN_END id=OAFX0191 window=OOS status=OK decision=REJECT elapsed=309.093s
2026-08-24T01:48:47+00:00 RUN_START id=OAFX0192 family=sca_gj_boost_rr_direction window=SCREEN_IS run=oafx_screen_is_oafx0192_20260824104847_8714b0
2026-08-24T01:48:48+00:00 RUN_HEARTBEAT pid=33356 elapsed=0s
2026-08-24T01:49:50+00:00 RUN_HEARTBEAT pid=33356 elapsed=62s
2026-08-24T01:50:05+00:00 RUN_END id=OAFX0192 window=SCREEN_IS status=OK decision=SCREEN_PASS_DD elapsed=77.830s
2026-08-24T01:50:05+00:00 RUN_START id=OAFX0192 family=sca_gj_boost_rr_direction window=IS run=oafx_is_oafx0192_20260824105005_ea042d
2026-08-24T01:50:06+00:00 RUN_HEARTBEAT pid=26208 elapsed=0s
2026-08-24T19:53:30+00:00 RUN_HEARTBEAT pid=26208 elapsed=65002s
2026-08-24T19:53:31+00:00 RUN_END id=OAFX0192 window=IS status=FAILED decision=RUN_FAILED elapsed=65005.753s
2026-08-24T19:53:31+00:00 RUN_START id=OAFX0193 family=sca_gj_boost_rr_direction window=SCREEN_IS run=oafx_screen_is_oafx0193_20260825045331_f9bd15
2026-08-24T19:53:32+00:00 WAIT_MT5_IDLE elapsed=1s processes=metatester64.exe
2026-08-24T19:53:48+00:00 RUN_HEARTBEAT pid=34780 elapsed=0s
2026-08-24T19:54:50+00:00 RUN_HEARTBEAT pid=34780 elapsed=62s
2026-08-24T19:55:21+00:00 RUN_END id=OAFX0193 window=SCREEN_IS status=OK decision=SCREEN_OUT_SINGLE_SLEEVE elapsed=110.421s
2026-08-24T19:55:21+00:00 GATE_SKIP id=OAFX0193 window=IS reason=SINGLE_SLEEVE_INFERIOR decision=SCREEN_OUT_SINGLE_SLEEVE net=76071.0 PF=1.2177 DD=17.7554%
2026-08-24T19:55:21+00:00 RUN_START id=OAFX0194 family=sca_gj_boost_rr_direction window=SCREEN_IS run=oafx_screen_is_oafx0194_20260825045521_4fac2f
2026-08-24T19:55:22+00:00 RUN_HEARTBEAT pid=42032 elapsed=0s
2026-08-24T19:55:38+00:00 WAIT_MT5_IDLE elapsed=0s processes=terminal64.exe
2026-08-24T19:56:40+00:00 WAIT_MT5_IDLE elapsed=62s processes=terminal64.exe
2026-08-24T22:03:32+00:00 WAIT_MT5_IDLE elapsed=7674s processes=terminal64.exe
2026-08-24T22:04:33+00:00 WAIT_MT5_IDLE elapsed=7736s processes=terminal64.exe
2026-08-24T22:05:35+00:00 WAIT_MT5_IDLE elapsed=7798s processes=terminal64.exe
2026-08-24T22:06:37+00:00 WAIT_MT5_IDLE elapsed=7860s processes=terminal64.exe
