=== 段階A: 各端末を単独で順に実行 ===
  PROD     72.7秒  純利益=  84921.0 PF=1.2184 DD= 19.5314% 取引=685
  BT1      92.6秒  純利益=  84921.0 PF=1.2184 DD= 19.5314% 取引=685
  BT2     132.5秒  純利益=  84921.0 PF=1.2184 DD= 19.5314% 取引=685
  BT3     132.7秒  純利益=  84921.0 PF=1.2184 DD= 19.5314% 取引=685
  BT4     137.6秒  純利益=  84921.0 PF=1.2184 DD= 19.5314% 取引=685

--- 本番との一致 ---
  PROD   完全一致 ✓
  BT1    完全一致 ✓
  BT2    完全一致 ✓
  BT3    完全一致 ✓
  BT4    完全一致 ✓

=== 段階B: 5端末を同時実行 ===
  PROD    158.7秒  純利益=  84921.0 PF=1.2184 DD= 19.5314% 取引=685
  BT1     158.6秒  純利益=  84921.0 PF=1.2184 DD= 19.5314% 取引=685
  BT2    失敗
  BT3     158.6秒  純利益=  84921.0 PF=1.2184 DD= 19.5314% 取引=685
  BT4     143.7秒  純利益=  84921.0 PF=1.2184 DD= 19.5314% 取引=685

同時実行の実時間: 158.7秒

=== 判定 ===
⚠️並列で数値がずれた。並列は不可。直列を維持すること。
