2026-09-05T15:20:25+00:00 EA_SHA a39418039c607083 145778bytes
2026-09-05T15:20:25+00:00 MEASURE_START proposals=47 remaining=94 done=0
2026-09-05T15:20:25+00:00 RUN_START PB2001 IS [P1_timeframe]
2026-09-05T15:22:09+00:00 RUN_END PB2001 IS net=420758.0 dd=6.8757 sca2_n=None sca2_net=None 104.1s
2026-09-05T15:22:09+00:00 RUN_START PB2002 IS [P1_timeframe]
2026-09-05T15:23:58+00:00 RUN_END PB2002 IS net=406941.0 dd=7.5679 sca2_n=None sca2_net=None 109.1s
2026-09-05T15:23:58+00:00 RUN_START PB2003 IS [P1_timeframe]
2026-09-05T15:25:42+00:00 RUN_END PB2003 IS net=423159.0 dd=8.2618 sca2_n=None sca2_net=None 104.1s
2026-09-05T15:25:42+00:00 RUN_START PB2004 IS [P1_timeframe]
2026-09-05T15:27:16+00:00 RUN_END PB2004 IS net=575259.0 dd=6.1544 sca2_n=None sca2_net=None 94.1s
2026-09-05T15:27:16+00:00 RUN_START PB2005 IS [P2_rr]
2026-09-05T15:29:00+00:00 RUN_END PB2005 IS net=380235.0 dd=7.0714 sca2_n=None sca2_net=None 104.1s
2026-09-05T15:29:00+00:00 RUN_START PB2006 IS [P2_rr]
2026-09-05T15:30:44+00:00 RUN_END PB2006 IS net=380256.0 dd=7.1896 sca2_n=None sca2_net=None 104.0s
2026-09-05T15:30:44+00:00 RUN_START PB2007 IS [P2_rr]
2026-09-05T15:32:29+00:00 RUN_END PB2007 IS net=404488.0 dd=7.1008 sca2_n=None sca2_net=None 104.0s
2026-09-05T15:32:29+00:00 RUN_START PB2008 IS [P2_rr]
2026-09-05T15:34:13+00:00 RUN_END PB2008 IS net=434031.0 dd=7.4447 sca2_n=None sca2_net=None 104.2s
2026-09-05T15:34:13+00:00 RUN_START PB2009 IS [P2_rr]
2026-09-05T15:35:57+00:00 RUN_END PB2009 IS net=449196.0 dd=8.4548 sca2_n=None sca2_net=None 104.2s
2026-09-05T15:35:57+00:00 RUN_START PB2010 IS [P3_atr_stop]
2026-09-05T15:37:36+00:00 RUN_END PB2010 IS net=364902.0 dd=6.1119 sca2_n=None sca2_net=None 99.0s
2026-09-05T15:37:36+00:00 RUN_START PB2011 IS [P3_atr_stop]
2026-09-05T15:39:20+00:00 RUN_END PB2011 IS net=412355.0 dd=6.3563 sca2_n=None sca2_net=None 104.1s
2026-09-05T15:39:20+00:00 RUN_START PB2012 IS [P3_atr_stop]
2026-09-05T15:41:04+00:00 RUN_END PB2012 IS net=436263.0 dd=6.7923 sca2_n=None sca2_net=None 104.1s
2026-09-05T15:41:04+00:00 RUN_START PB2013 IS [P3_atr_stop]
2026-09-05T15:42:53+00:00 RUN_END PB2013 IS net=422005.0 dd=7.8309 sca2_n=None sca2_net=None 109.0s
2026-09-05T15:42:53+00:00 RUN_START PB2014 IS [P4_adx]
2026-09-05T15:44:37+00:00 RUN_END PB2014 IS net=424984.0 dd=6.2678 sca2_n=None sca2_net=None 104.1s
2026-09-05T15:44:37+00:00 RUN_START PB2015 IS [P4_adx]
2026-09-05T15:46:21+00:00 RUN_END PB2015 IS net=425368.0 dd=6.0951 sca2_n=None sca2_net=None 104.1s
2026-09-05T15:46:21+00:00 RUN_START PB2016 IS [P4_adx]
2026-09-05T15:48:05+00:00 RUN_END PB2016 IS net=363303.0 dd=6.1478 sca2_n=None sca2_net=None 104.0s
2026-09-05T15:48:05+00:00 RUN_START PB2017 IS [P4_adx]
2026-09-05T15:49:49+00:00 RUN_END PB2017 IS net=405843.0 dd=5.9659 sca2_n=None sca2_net=None 104.0s
2026-09-05T15:49:49+00:00 RUN_START PB2018 IS [P5_slope]
2026-09-05T15:51:43+00:00 RUN_END PB2018 IS net=485234.0 dd=7.5221 sca2_n=None sca2_net=None 114.0s
2026-09-05T15:51:43+00:00 RUN_START PB2019 IS [P5_slope]
2026-09-05T15:53:32+00:00 RUN_END PB2019 IS net=495742.0 dd=7.2767 sca2_n=None sca2_net=None 109.0s
2026-09-05T15:53:32+00:00 RUN_START PB2020 IS [P5_slope]
2026-09-05T15:55:16+00:00 RUN_END PB2020 IS net=436287.0 dd=5.5225 sca2_n=None sca2_net=None 104.0s
2026-09-05T15:55:16+00:00 RUN_START PB2021 IS [P5_slope]
2026-09-05T15:56:55+00:00 RUN_END PB2021 IS net=418199.0 dd=4.4714 sca2_n=None sca2_net=None 99.0s
2026-09-05T15:56:55+00:00 RUN_START PB2022 IS [P6_hold]
2026-09-05T15:58:34+00:00 RUN_END PB2022 IS net=425537.0 dd=7.3984 sca2_n=None sca2_net=None 99.2s
2026-09-05T15:58:34+00:00 RUN_START PB2023 IS [P6_hold]
2026-09-05T16:00:19+00:00 RUN_END PB2023 IS net=419457.0 dd=6.0448 sca2_n=None sca2_net=None 104.2s
2026-09-05T16:00:19+00:00 RUN_START PB2024 IS [P6_hold]
2026-09-05T16:02:03+00:00 RUN_END PB2024 IS net=438823.0 dd=6.8375 sca2_n=None sca2_net=None 104.1s
2026-09-05T16:02:03+00:00 RUN_START PB2025 IS [P6_hold]
2026-09-05T16:03:47+00:00 RUN_END PB2025 IS net=425537.0 dd=7.3984 sca2_n=None sca2_net=None 104.1s
2026-09-05T16:03:47+00:00 RUN_START PB2026 IS [P6_hold]
2026-09-05T16:05:31+00:00 RUN_END PB2026 IS net=425537.0 dd=7.3984 sca2_n=None sca2_net=None 104.0s
2026-09-05T16:05:31+00:00 RUN_START PB2027 IS [P7_hour_gate]
2026-09-05T16:07:15+00:00 RUN_END PB2027 IS net=335316.0 dd=8.0306 sca2_n=None sca2_net=None 104.0s
2026-09-05T16:07:15+00:00 RUN_START PB2028 IS [P7_hour_gate]
2026-09-05T16:08:59+00:00 RUN_END PB2028 IS net=428289.0 dd=7.0584 sca2_n=None sca2_net=None 104.2s
2026-09-05T16:08:59+00:00 RUN_START PB2029 IS [P7_hour_gate]
2026-09-05T16:10:48+00:00 RUN_END PB2029 IS net=425118.0 dd=8.6327 sca2_n=None sca2_net=None 109.0s
2026-09-05T16:10:48+00:00 RUN_START PB2030 IS [P8_timeframe_x_rr]
2026-09-05T16:12:32+00:00 RUN_END PB2030 IS net=385568.0 dd=7.5487 sca2_n=None sca2_net=None 104.0s
2026-09-05T16:12:32+00:00 RUN_START PB2031 IS [P8_timeframe_x_rr]
2026-09-05T16:14:16+00:00 RUN_END PB2031 IS net=419133.0 dd=7.7314 sca2_n=None sca2_net=None 104.0s
2026-09-05T16:14:16+00:00 RUN_START PB2032 IS [P8_timeframe_x_rr]
2026-09-05T16:16:00+00:00 RUN_END PB2032 IS net=408081.0 dd=8.7124 sca2_n=None sca2_net=None 104.2s
2026-09-05T16:16:00+00:00 RUN_START PB2033 IS [P8_timeframe_x_rr]
2026-09-05T16:17:44+00:00 RUN_END PB2033 IS net=431161.0 dd=7.716 sca2_n=None sca2_net=None 104.0s
2026-09-05T16:17:44+00:00 RUN_START PB2034 IS [P8_timeframe_x_rr]
2026-09-05T16:19:28+00:00 RUN_END PB2034 IS net=447555.0 dd=9.3513 sca2_n=None sca2_net=None 104.0s
2026-09-05T16:19:28+00:00 RUN_START PB2035 IS [P8_timeframe_x_rr]
2026-09-05T16:21:12+00:00 RUN_END PB2035 IS net=478596.0 dd=8.0506 sca2_n=None sca2_net=None 104.0s
2026-09-05T16:21:12+00:00 RUN_START PB2036 IS [P9_timeframe_x_atr]
2026-09-05T16:22:56+00:00 RUN_END PB2036 IS net=390781.0 dd=6.8015 sca2_n=None sca2_net=None 104.0s
2026-09-05T16:22:56+00:00 RUN_START PB2037 IS [P9_timeframe_x_atr]
2026-09-05T16:24:45+00:00 RUN_END PB2037 IS net=420801.0 dd=6.617 sca2_n=None sca2_net=None 108.9s
2026-09-05T16:24:45+00:00 RUN_START PB2038 IS [P9_timeframe_x_atr]
2026-09-05T16:26:29+00:00 RUN_END PB2038 IS net=446370.0 dd=6.1013 sca2_n=None sca2_net=None 104.0s
2026-09-05T16:26:29+00:00 RUN_START PB2039 IS [P9_timeframe_x_atr]
2026-09-05T16:28:13+00:00 RUN_END PB2039 IS net=438826.0 dd=10.1667 sca2_n=None sca2_net=None 104.1s
2026-09-05T16:28:13+00:00 RUN_START PB2040 IS [P10_refine]
2026-09-05T16:29:58+00:00 RUN_END PB2040 IS net=482069.0 dd=6.0447 sca2_n=None sca2_net=None 104.2s
2026-09-05T16:29:58+00:00 RUN_START PB2041 IS [P10_refine]
2026-09-05T16:31:47+00:00 RUN_END PB2041 IS net=470425.0 dd=8.2197 sca2_n=None sca2_net=None 109.1s
2026-09-05T16:31:47+00:00 RUN_START PB2042 IS [P10_refine]
2026-09-05T16:33:31+00:00 RUN_END PB2042 IS net=441309.0 dd=5.5115 sca2_n=None sca2_net=None 104.0s
2026-09-05T16:33:31+00:00 RUN_START PB2043 IS [P10_refine]
2026-09-05T16:35:15+00:00 RUN_END PB2043 IS net=426982.0 dd=5.6371 sca2_n=None sca2_net=None 104.1s
2026-09-05T16:35:15+00:00 RUN_START PB2044 IS [P10_refine]
2026-09-05T16:36:59+00:00 RUN_END PB2044 IS net=418802.0 dd=6.3821 sca2_n=None sca2_net=None 104.1s
2026-09-05T16:36:59+00:00 RUN_START PB2045 IS [P10_refine]
2026-09-05T16:38:48+00:00 RUN_END PB2045 IS net=453940.0 dd=5.6307 sca2_n=None sca2_net=None 109.0s
2026-09-05T16:38:48+00:00 RUN_START PB2046 IS [P10_refine]
2026-09-05T16:40:27+00:00 RUN_END PB2046 IS net=437888.0 dd=5.4982 sca2_n=None sca2_net=None 99.0s
2026-09-05T16:40:27+00:00 RUN_START PB2047 IS [P10_refine]
2026-09-05T16:42:06+00:00 RUN_END PB2047 IS net=436755.0 dd=5.491 sca2_n=None sca2_net=None 99.1s
2026-09-05T16:42:06+00:00 RUN_START PB2001 OOS [P1_timeframe]
2026-09-05T16:43:25+00:00 RUN_END PB2001 OOS net=64184.0 dd=3.3653 sca2_n=None sca2_net=None 79.0s
2026-09-05T16:43:25+00:00 RUN_START PB2002 OOS [P1_timeframe]
2026-09-05T16:44:44+00:00 RUN_END PB2002 OOS net=59042.0 dd=4.0148 sca2_n=None sca2_net=None 79.0s
2026-09-05T16:44:44+00:00 RUN_START PB2003 OOS [P1_timeframe]
2026-09-05T16:46:03+00:00 RUN_END PB2003 OOS net=52661.0 dd=3.1512 sca2_n=None sca2_net=None 79.0s
2026-09-05T16:46:03+00:00 RUN_START PB2004 OOS [P1_timeframe]
2026-09-05T16:47:12+00:00 RUN_END PB2004 OOS net=94912.0 dd=2.7982 sca2_n=None sca2_net=None 69.0s
2026-09-05T16:47:12+00:00 RUN_START PB2005 OOS [P2_rr]
2026-09-05T16:48:26+00:00 RUN_END PB2005 OOS net=65337.0 dd=3.1483 sca2_n=None sca2_net=None 74.0s
2026-09-05T16:48:26+00:00 RUN_START PB2006 OOS [P2_rr]
2026-09-05T16:49:45+00:00 RUN_END PB2006 OOS net=67858.0 dd=3.4661 sca2_n=None sca2_net=None 79.0s
2026-09-05T16:49:45+00:00 RUN_START PB2007 OOS [P2_rr]
2026-09-05T16:51:04+00:00 RUN_END PB2007 OOS net=62240.0 dd=3.5083 sca2_n=None sca2_net=None 78.9s
2026-09-05T16:51:04+00:00 RUN_START PB2008 OOS [P2_rr]
2026-09-05T16:52:23+00:00 RUN_END PB2008 OOS net=64133.0 dd=3.671 sca2_n=None sca2_net=None 78.9s
2026-09-05T16:52:23+00:00 RUN_START PB2009 OOS [P2_rr]
2026-09-05T16:53:42+00:00 RUN_END PB2009 OOS net=73366.0 dd=3.3767 sca2_n=None sca2_net=None 79.0s
2026-09-05T16:53:42+00:00 RUN_START PB2010 OOS [P3_atr_stop]
2026-09-05T16:54:56+00:00 RUN_END PB2010 OOS net=61935.0 dd=3.0266 sca2_n=None sca2_net=None 74.0s
2026-09-05T16:54:56+00:00 RUN_START PB2011 OOS [P3_atr_stop]
2026-09-05T16:56:10+00:00 RUN_END PB2011 OOS net=69484.0 dd=3.1314 sca2_n=None sca2_net=None 73.9s
2026-09-05T16:56:10+00:00 RUN_START PB2012 OOS [P3_atr_stop]
2026-09-05T16:57:29+00:00 RUN_END PB2012 OOS net=66362.0 dd=3.3463 sca2_n=None sca2_net=None 79.0s
2026-09-05T16:57:29+00:00 RUN_START PB2013 OOS [P3_atr_stop]
2026-09-05T16:58:53+00:00 RUN_END PB2013 OOS net=72547.0 dd=3.5981 sca2_n=None sca2_net=None 84.0s
2026-09-05T16:58:53+00:00 RUN_START PB2014 OOS [P4_adx]
2026-09-05T17:00:12+00:00 RUN_END PB2014 OOS net=52044.0 dd=4.1087 sca2_n=None sca2_net=None 79.0s
2026-09-05T17:00:12+00:00 RUN_START PB2015 OOS [P4_adx]
2026-09-05T17:01:31+00:00 RUN_END PB2015 OOS net=62578.0 dd=3.2071 sca2_n=None sca2_net=None 79.1s
2026-09-05T17:01:31+00:00 RUN_START PB2016 OOS [P4_adx]
2026-09-05T17:02:50+00:00 RUN_END PB2016 OOS net=84776.0 dd=2.2554 sca2_n=None sca2_net=None 78.9s
2026-09-05T17:02:50+00:00 RUN_START PB2017 OOS [P4_adx]
2026-09-05T17:04:04+00:00 RUN_END PB2017 OOS net=85170.0 dd=2.3856 sca2_n=None sca2_net=None 74.0s
2026-09-05T17:04:04+00:00 RUN_START PB2018 OOS [P5_slope]
2026-09-05T17:05:23+00:00 RUN_END PB2018 OOS net=68114.0 dd=4.6525 sca2_n=None sca2_net=None 79.0s
2026-09-05T17:05:23+00:00 RUN_START PB2019 OOS [P5_slope]
2026-09-05T17:06:42+00:00 RUN_END PB2019 OOS net=60454.0 dd=3.5948 sca2_n=None sca2_net=None 79.0s
2026-09-05T17:06:42+00:00 RUN_START PB2020 OOS [P5_slope]
2026-09-05T17:07:56+00:00 RUN_END PB2020 OOS net=76733.0 dd=2.8817 sca2_n=None sca2_net=None 74.0s
2026-09-05T17:07:56+00:00 RUN_START PB2021 OOS [P5_slope]
2026-09-05T17:09:10+00:00 RUN_END PB2021 OOS net=79435.0 dd=2.297 sca2_n=None sca2_net=None 74.1s
2026-09-05T17:09:10+00:00 RUN_START PB2022 OOS [P6_hold]
2026-09-05T17:10:24+00:00 RUN_END PB2022 OOS net=69597.0 dd=3.6798 sca2_n=None sca2_net=None 73.9s
2026-09-05T17:10:24+00:00 RUN_START PB2023 OOS [P6_hold]
2026-09-05T17:11:38+00:00 RUN_END PB2023 OOS net=62551.0 dd=3.2677 sca2_n=None sca2_net=None 73.9s
2026-09-05T17:11:38+00:00 RUN_START PB2024 OOS [P6_hold]
2026-09-05T17:12:57+00:00 RUN_END PB2024 OOS net=63400.0 dd=3.4112 sca2_n=None sca2_net=None 79.0s
2026-09-05T17:12:57+00:00 RUN_START PB2025 OOS [P6_hold]
2026-09-05T17:14:16+00:00 RUN_END PB2025 OOS net=66800.0 dd=3.6988 sca2_n=None sca2_net=None 78.9s
2026-09-05T17:14:16+00:00 RUN_START PB2026 OOS [P6_hold]
2026-09-05T17:15:35+00:00 RUN_END PB2026 OOS net=69597.0 dd=3.6798 sca2_n=None sca2_net=None 78.9s
2026-09-05T17:15:35+00:00 RUN_START PB2027 OOS [P7_hour_gate]
2026-09-05T17:16:53+00:00 RUN_END PB2027 OOS net=60984.0 dd=3.7742 sca2_n=None sca2_net=None 78.8s
2026-09-05T17:16:53+00:00 RUN_START PB2028 OOS [P7_hour_gate]
2026-09-05T17:18:12+00:00 RUN_END PB2028 OOS net=68348.0 dd=3.5848 sca2_n=None sca2_net=None 78.9s
2026-09-05T17:18:12+00:00 RUN_START PB2029 OOS [P7_hour_gate]
2026-09-05T17:19:26+00:00 RUN_END PB2029 OOS net=54819.0 dd=3.0705 sca2_n=None sca2_net=None 74.0s
2026-09-05T17:19:26+00:00 RUN_START PB2030 OOS [P8_timeframe_x_rr]
2026-09-05T17:20:45+00:00 RUN_END PB2030 OOS net=52699.0 dd=3.8054 sca2_n=None sca2_net=None 79.0s
2026-09-05T17:20:45+00:00 RUN_START PB2031 OOS [P8_timeframe_x_rr]
2026-09-05T17:22:04+00:00 RUN_END PB2031 OOS net=68698.0 dd=4.4872 sca2_n=None sca2_net=None 78.9s
2026-09-05T17:22:04+00:00 RUN_START PB2032 OOS [P8_timeframe_x_rr]
2026-09-05T17:23:23+00:00 RUN_END PB2032 OOS net=61889.0 dd=4.2912 sca2_n=None sca2_net=None 78.9s
2026-09-05T17:23:23+00:00 RUN_START PB2033 OOS [P8_timeframe_x_rr]
2026-09-05T17:24:37+00:00 RUN_END PB2033 OOS net=50111.0 dd=3.0283 sca2_n=None sca2_net=None 74.0s
2026-09-05T17:24:37+00:00 RUN_START PB2034 OOS [P8_timeframe_x_rr]
2026-09-05T17:25:51+00:00 RUN_END PB2034 OOS net=61115.0 dd=3.1361 sca2_n=None sca2_net=None 74.0s
2026-09-05T17:25:51+00:00 RUN_START PB2035 OOS [P8_timeframe_x_rr]
2026-09-05T17:27:05+00:00 RUN_END PB2035 OOS net=62624.0 dd=3.6108 sca2_n=None sca2_net=None 74.1s
2026-09-05T17:27:05+00:00 RUN_START PB2036 OOS [P9_timeframe_x_atr]
2026-09-05T17:28:19+00:00 RUN_END PB2036 OOS net=58008.0 dd=3.832 sca2_n=None sca2_net=None 74.1s
2026-09-05T17:28:19+00:00 RUN_START PB2037 OOS [P9_timeframe_x_atr]
2026-09-05T17:29:38+00:00 RUN_END PB2037 OOS net=66753.0 dd=4.4102 sca2_n=None sca2_net=None 79.0s
2026-09-05T17:29:38+00:00 RUN_START PB2038 OOS [P9_timeframe_x_atr]
2026-09-05T17:30:52+00:00 RUN_END PB2038 OOS net=56761.0 dd=2.6018 sca2_n=None sca2_net=None 73.9s
2026-09-05T17:30:52+00:00 RUN_START PB2039 OOS [P9_timeframe_x_atr]
2026-09-05T17:32:11+00:00 RUN_END PB2039 OOS net=58703.0 dd=3.3015 sca2_n=None sca2_net=None 79.0s
2026-09-05T17:32:11+00:00 RUN_START PB2040 OOS [P10_refine]
2026-09-05T17:33:30+00:00 RUN_END PB2040 OOS net=59737.0 dd=3.3171 sca2_n=None sca2_net=None 78.9s
2026-09-05T17:33:30+00:00 RUN_START PB2041 OOS [P10_refine]
2026-09-05T17:34:49+00:00 RUN_END PB2041 OOS net=63674.0 dd=2.9357 sca2_n=None sca2_net=None 78.9s
2026-09-05T17:34:49+00:00 RUN_START PB2042 OOS [P10_refine]
2026-09-05T17:36:03+00:00 RUN_END PB2042 OOS net=74770.0 dd=2.8298 sca2_n=None sca2_net=None 74.1s
2026-09-05T17:36:03+00:00 RUN_START PB2043 OOS [P10_refine]
2026-09-05T17:37:17+00:00 RUN_END PB2043 OOS net=73691.0 dd=2.8636 sca2_n=None sca2_net=None 74.0s
2026-09-05T17:37:17+00:00 RUN_START PB2044 OOS [P10_refine]
2026-09-05T17:38:36+00:00 RUN_END PB2044 OOS net=72591.0 dd=3.2215 sca2_n=None sca2_net=None 79.0s
2026-09-05T17:38:36+00:00 RUN_START PB2045 OOS [P10_refine]
2026-09-05T17:39:55+00:00 RUN_END PB2045 OOS net=73078.0 dd=2.8985 sca2_n=None sca2_net=None 78.9s
2026-09-05T17:39:55+00:00 RUN_START PB2046 OOS [P10_refine]
2026-09-05T17:41:09+00:00 RUN_END PB2046 OOS net=86505.0 dd=2.2768 sca2_n=None sca2_net=None 74.0s
2026-09-05T17:41:09+00:00 RUN_START PB2047 OOS [P10_refine]
2026-09-05T17:42:23+00:00 RUN_END PB2047 OOS net=80994.0 dd=2.4741 sca2_n=None sca2_net=None 74.0s
2026-09-05T17:42:23+00:00 MEASURE_END rows=94 ok=94 -> C:\Users\f\source\repos\mt5_backtester\ml\pb2\results.csv
