2026-09-15T09:22:19Z CHAIN_START fxeff1 の完了を待つ
2026-09-15T19:54:25Z EA をデプロイして再コンパイルする
2026-09-15T19:54:31Z COMPILE Result: 0 errors, 0 warnings, 1915 ms elapsed, cpu='X64 Regular'
2026-09-15T19:54:31Z FXINSTR1 を開始する
2026-09-15T19:54:31+00:00 FXINSTR1_START jobs=12 cap計装=ON
2026-09-15T19:54:31+00:00 RUN_START I000 OOS cap=90
2026-09-15T19:59:06+00:00 RUN_END I000 OOS net=45221926.0 dd%=68.2165 trades=1309 275.0s
2026-09-15T19:59:06+00:00 I000_CHECK OOS expected net=45221926.0 trades=1309 got net=45221926.0 trades=1309 -> OK
2026-09-15T19:59:06+00:00 RUN_START I000 W1 cap=90
2026-09-15T20:02:54+00:00 RUN_END I000 W1 net=6094303.0 dd%=47.4527 trades=579 228.1s
2026-09-15T20:02:54+00:00 I000_CHECK W1 expected net=6094303.0 trades=579 got net=6094303.0 trades=579 -> OK
2026-09-15T20:02:54+00:00 RUN_START I000 W2 cap=90
2026-09-15T20:04:18+00:00 RUN_END I000 W2 net=1133625.0 dd%=54.9757 trades=527 83.9s
2026-09-15T20:04:18+00:00 I000_CHECK W2 expected net=1133625.0 trades=527 got net=1133625.0 trades=527 -> OK
2026-09-15T20:04:18+00:00 RUN_START I000 W3 cap=90
2026-09-15T20:05:12+00:00 RUN_END I000 W3 net=1155866.0 dd%=47.4205 trades=508 53.7s
2026-09-15T20:05:12+00:00 I000_CHECK W3 expected net=1155866.0 trades=508 got net=1155866.0 trades=508 -> OK
2026-09-15T20:05:12+00:00 RUN_START I001 OOS cap=100
2026-09-15T20:09:06+00:00 RUN_END I001 OOS net=51320738.0 dd%=64.4765 trades=1310 234.2s
2026-09-15T20:09:06+00:00 RUN_START I001 W1 cap=100
2026-09-15T20:11:55+00:00 RUN_END I001 W1 net=6725965.0 dd%=51.9383 trades=579 169.5s
2026-09-15T20:11:55+00:00 RUN_START I001 W2 cap=100
2026-09-15T20:13:19+00:00 RUN_END I001 W2 net=1348701.0 dd%=57.2271 trades=529 83.8s
2026-09-15T20:13:19+00:00 RUN_START I001 W3 cap=100
2026-09-15T20:14:13+00:00 RUN_END I001 W3 net=1097587.0 dd%=50.3021 trades=508 53.7s
2026-09-15T20:14:13+00:00 RUN_START I002 OOS cap=80
2026-09-15T20:18:02+00:00 RUN_END I002 OOS net=45876091.0 dd%=62.0008 trades=1306 229.2s
2026-09-15T20:18:02+00:00 RUN_START I002 W1 cap=80
2026-09-15T20:20:47+00:00 RUN_END I002 W1 net=6607649.0 dd%=43.6996 trades=580 164.5s
2026-09-15T20:20:47+00:00 RUN_START I002 W2 cap=80
2026-09-15T20:22:05+00:00 RUN_END I002 W2 net=920432.0 dd%=51.937 trades=523 78.8s
2026-09-15T20:22:05+00:00 RUN_START I002 W3 cap=80
2026-09-15T20:22:59+00:00 RUN_END I002 W3 net=1048012.0 dd%=45.0251 trades=498 53.7s
2026-09-15T20:22:59+00:00 FXINSTR1_END -> C:\Users\f\source\repos\mt5_backtester\ml\fxinstr1\results.csv
2026-09-15T20:22:59Z CHAIN_END exit=0
