2026-09-05T12:45:03+00:00 EA_SHA bd9e38e0486c07a3 144074bytes
2026-09-05T12:45:03+00:00 MEASURE_START proposals=56 remaining=112 done=0
2026-09-05T12:45:03+00:00 RUN_START S2B001 IS [W1_window]
2026-09-05T12:46:37+00:00 RUN_END S2B001 IS net=465088.0 dd=4.3159 sca2_n=34 sca2_net=89028 94.1s
2026-09-05T12:46:37+00:00 RUN_START S2B002 IS [W1_window]
2026-09-05T12:48:16+00:00 RUN_END S2B002 IS net=485216.0 dd=4.3105 sca2_n=147 sca2_net=109156 99.1s
2026-09-05T12:48:16+00:00 RUN_START S2B003 IS [W1_window]
2026-09-05T12:49:50+00:00 RUN_END S2B003 IS net=412996.0 dd=7.2377 sca2_n=251 sca2_net=36936 94.0s
2026-09-05T12:49:50+00:00 RUN_START S2B004 IS [W1_window]
2026-09-05T12:51:24+00:00 RUN_END S2B004 IS net=476102.0 dd=3.6808 sca2_n=40 sca2_net=100042 94.2s
2026-09-05T12:51:24+00:00 RUN_START S2B005 IS [W1_window]
2026-09-05T12:52:58+00:00 RUN_END S2B005 IS net=410756.0 dd=5.9696 sca2_n=128 sca2_net=34696 94.1s
2026-09-05T12:52:58+00:00 RUN_START S2B006 IS [W1_window]
2026-09-05T12:54:32+00:00 RUN_END S2B006 IS net=392067.0 dd=6.8196 sca2_n=216 sca2_net=16007 94.0s
2026-09-05T12:54:32+00:00 RUN_START S2B007 IS [W1_window]
2026-09-05T12:56:06+00:00 RUN_END S2B007 IS net=390488.0 dd=4.129 sca2_n=38 sca2_net=14428 94.1s
2026-09-05T12:56:06+00:00 RUN_START S2B008 IS [W1_window]
2026-09-05T12:57:41+00:00 RUN_END S2B008 IS net=446107.0 dd=3.9633 sca2_n=74 sca2_net=70047 94.2s
2026-09-05T12:57:41+00:00 RUN_START S2B009 IS [W1_window]
2026-09-05T12:59:20+00:00 RUN_END S2B009 IS net=485125.0 dd=4.6306 sca2_n=155 sca2_net=109065 99.0s
2026-09-05T12:59:20+00:00 RUN_START S2B010 IS [W1_window]
2026-09-05T13:00:49+00:00 RUN_END S2B010 IS net=401104.0 dd=3.9258 sca2_n=15 sca2_net=25044 89.1s
2026-09-05T13:00:49+00:00 RUN_START S2B011 IS [W1_window]
2026-09-05T13:02:23+00:00 RUN_END S2B011 IS net=443738.0 dd=3.8438 sca2_n=71 sca2_net=67678 94.2s
2026-09-05T13:02:23+00:00 RUN_START S2B012 IS [W1_window]
2026-09-05T13:03:57+00:00 RUN_END S2B012 IS net=481837.0 dd=4.8922 sca2_n=150 sca2_net=105777 94.0s
2026-09-05T13:03:57+00:00 RUN_START S2B013 IS [W1_window]
2026-09-05T13:05:26+00:00 RUN_END S2B013 IS net=449838.0 dd=3.6709 sca2_n=30 sca2_net=73778 89.0s
2026-09-05T13:05:26+00:00 RUN_START S2B014 IS [W1_window]
2026-09-05T13:06:55+00:00 RUN_END S2B014 IS net=502827.0 dd=4.3512 sca2_n=91 sca2_net=126767 89.2s
2026-09-05T13:06:55+00:00 RUN_START S2B015 IS [W1_window]
2026-09-05T13:08:29+00:00 RUN_END S2B015 IS net=416242.0 dd=5.2882 sca2_n=334 sca2_net=40182 94.1s
2026-09-05T13:08:29+00:00 RUN_START S2B016 IS [W1_window]
2026-09-05T13:10:03+00:00 RUN_END S2B016 IS net=382666.0 dd=5.2809 sca2_n=36 sca2_net=6606 94.0s
2026-09-05T13:10:03+00:00 RUN_START S2B017 IS [W1_window]
2026-09-05T13:11:37+00:00 RUN_END S2B017 IS net=331203.0 dd=5.1524 sca2_n=269 sca2_net=-44857 94.0s
2026-09-05T13:11:37+00:00 RUN_START S2B018 IS [W1_window]
2026-09-05T13:13:11+00:00 RUN_END S2B018 IS net=358428.0 dd=8.8758 sca2_n=347 sca2_net=-17632 94.0s
2026-09-05T13:13:11+00:00 RUN_START S2B019 IS [W1_window]
2026-09-05T13:14:45+00:00 RUN_END S2B019 IS net=329826.0 dd=7.7153 sca2_n=202 sca2_net=-46234 94.0s
2026-09-05T13:14:45+00:00 RUN_START S2B020 IS [W1_window]
2026-09-05T13:16:19+00:00 RUN_END S2B020 IS net=361149.0 dd=7.0656 sca2_n=308 sca2_net=-14911 94.0s
2026-09-05T13:16:19+00:00 RUN_START S2B021 IS [W1_window]
2026-09-05T13:17:53+00:00 RUN_END S2B021 IS net=382246.0 dd=6.2737 sca2_n=229 sca2_net=6186 94.0s
2026-09-05T13:17:53+00:00 RUN_START S2B022 IS [W1_window]
2026-09-05T13:19:27+00:00 RUN_END S2B022 IS net=334573.0 dd=6.6178 sca2_n=192 sca2_net=-41487 94.0s
2026-09-05T13:19:27+00:00 RUN_START S2B023 IS [W1_window]
2026-09-05T13:21:01+00:00 RUN_END S2B023 IS net=394249.0 dd=4.8453 sca2_n=226 sca2_net=18189 94.0s
2026-09-05T13:21:01+00:00 RUN_START S2B024 IS [W2_trade_end]
2026-09-05T13:22:35+00:00 RUN_END S2B024 IS net=429036.0 dd=4.0563 sca2_n=38 sca2_net=52976 94.0s
2026-09-05T13:22:35+00:00 RUN_START S2B025 IS [W2_trade_end]
2026-09-05T13:24:04+00:00 RUN_END S2B025 IS net=411664.0 dd=4.2586 sca2_n=60 sca2_net=35604 89.0s
2026-09-05T13:24:04+00:00 RUN_START S2B026 IS [W2_trade_end]
2026-09-05T13:25:38+00:00 RUN_END S2B026 IS net=501982.0 dd=4.2054 sca2_n=78 sca2_net=125922 94.1s
2026-09-05T13:25:38+00:00 RUN_START S2B027 IS [W2_trade_end]
2026-09-05T13:27:12+00:00 RUN_END S2B027 IS net=504971.0 dd=4.22 sca2_n=85 sca2_net=128911 94.0s
2026-09-05T13:27:12+00:00 RUN_START S2B028 IS [W2_trade_end]
2026-09-05T13:28:46+00:00 RUN_END S2B028 IS net=502827.0 dd=4.3512 sca2_n=91 sca2_net=126767 94.0s
2026-09-05T13:28:46+00:00 RUN_START S2B029 IS [W2_trade_end]
2026-09-05T13:30:15+00:00 RUN_END S2B029 IS net=501914.0 dd=4.3583 sca2_n=92 sca2_net=125854 89.0s
2026-09-05T13:30:15+00:00 RUN_START S2B030 IS [W3_force_close]
2026-09-05T13:31:49+00:00 RUN_END S2B030 IS net=478655.0 dd=4.1232 sca2_n=91 sca2_net=102595 94.1s
2026-09-05T13:31:49+00:00 RUN_START S2B031 IS [W3_force_close]
2026-09-05T13:33:23+00:00 RUN_END S2B031 IS net=473177.0 dd=4.1896 sca2_n=91 sca2_net=97117 93.9s
2026-09-05T13:33:23+00:00 RUN_START S2B032 IS [W3_force_close]
2026-09-05T13:34:57+00:00 RUN_END S2B032 IS net=464025.0 dd=4.3372 sca2_n=91 sca2_net=87965 94.0s
2026-09-05T13:34:57+00:00 RUN_START S2B033 IS [W3_force_close]
2026-09-05T13:36:31+00:00 RUN_END S2B033 IS net=424271.0 dd=6.159 sca2_n=89 sca2_net=48211 94.1s
2026-09-05T13:36:31+00:00 RUN_START S2B034 IS [W4_range_filter]
2026-09-05T13:38:05+00:00 RUN_END S2B034 IS net=414596.0 dd=17.6875 sca2_n=692 sca2_net=38536 94.0s
2026-09-05T13:38:05+00:00 RUN_START S2B035 IS [W4_range_filter]
2026-09-05T13:39:39+00:00 RUN_END S2B035 IS net=418139.0 dd=17.6385 sca2_n=692 sca2_net=42079 94.2s
2026-09-05T13:39:39+00:00 RUN_START S2B036 IS [W4_range_filter]
2026-09-05T13:41:19+00:00 RUN_END S2B036 IS net=410602.0 dd=17.5314 sca2_n=697 sca2_net=34542 99.1s
2026-09-05T13:41:19+00:00 RUN_START S2B037 IS [W4_range_filter]
2026-09-05T13:42:52+00:00 RUN_END S2B037 IS net=402522.0 dd=6.0508 sca2_n=261 sca2_net=26462 94.0s
2026-09-05T13:42:52+00:00 RUN_START S2B038 IS [W4_range_filter]
2026-09-05T13:44:26+00:00 RUN_END S2B038 IS net=403981.0 dd=6.072 sca2_n=262 sca2_net=27921 93.9s
2026-09-05T13:44:26+00:00 RUN_START S2B039 IS [W4_range_filter]
2026-09-05T13:46:01+00:00 RUN_END S2B039 IS net=396444.0 dd=6.9993 sca2_n=267 sca2_net=20384 94.1s
2026-09-05T13:46:01+00:00 RUN_START S2B040 IS [W4_range_filter]
2026-09-05T13:47:30+00:00 RUN_END S2B040 IS net=485171.0 dd=4.3331 sca2_n=31 sca2_net=109111 89.0s
2026-09-05T13:47:30+00:00 RUN_START S2B041 IS [W4_range_filter]
2026-09-05T13:49:04+00:00 RUN_END S2B041 IS net=485022.0 dd=4.3603 sca2_n=33 sca2_net=108962 94.1s
2026-09-05T13:49:04+00:00 RUN_START S2B042 IS [W4_range_filter]
2026-09-05T13:50:38+00:00 RUN_END S2B042 IS net=477485.0 dd=5.2734 sca2_n=38 sca2_net=101425 94.0s
2026-09-05T13:50:38+00:00 RUN_START S2B043 IS [W4_range_filter]
2026-09-05T13:52:07+00:00 RUN_END S2B043 IS net=487140.0 dd=4.0093 sca2_n=10 sca2_net=111080 89.0s
2026-09-05T13:52:07+00:00 RUN_START S2B044 IS [W4_range_filter]
2026-09-05T13:53:41+00:00 RUN_END S2B044 IS net=486991.0 dd=4.0346 sca2_n=12 sca2_net=110931 94.1s
2026-09-05T13:53:41+00:00 RUN_START S2B045 IS [W4_range_filter]
2026-09-05T13:55:10+00:00 RUN_END S2B045 IS net=479454.0 dd=4.9601 sca2_n=17 sca2_net=103394 89.1s
2026-09-05T13:55:10+00:00 RUN_START S2B046 IS [W5_rr]
2026-09-05T13:56:39+00:00 RUN_END S2B046 IS net=469006.0 dd=4.3579 sca2_n=91 sca2_net=92946 89.1s
2026-09-05T13:56:39+00:00 RUN_START S2B047 IS [W5_rr]
2026-09-05T13:58:13+00:00 RUN_END S2B047 IS net=483499.0 dd=4.3565 sca2_n=91 sca2_net=107439 94.1s
2026-09-05T13:58:13+00:00 RUN_START S2B048 IS [W5_rr]
2026-09-05T13:59:47+00:00 RUN_END S2B048 IS net=418742.0 dd=4.3923 sca2_n=91 sca2_net=42682 93.9s
2026-09-05T13:59:47+00:00 RUN_START S2B049 IS [W5_rr]
2026-09-05T14:01:21+00:00 RUN_END S2B049 IS net=424713.0 dd=4.3923 sca2_n=91 sca2_net=48653 93.9s
2026-09-05T14:01:21+00:00 RUN_START S2B050 IS [W5_rr]
2026-09-05T14:02:55+00:00 RUN_END S2B050 IS net=437053.0 dd=4.3848 sca2_n=91 sca2_net=60993 94.0s
2026-09-05T14:02:55+00:00 RUN_START S2B051 IS [W6_window_x_rr]
2026-09-05T14:04:29+00:00 RUN_END S2B051 IS net=439959.0 dd=3.8489 sca2_n=71 sca2_net=63899 94.0s
2026-09-05T14:04:29+00:00 RUN_START S2B052 IS [W6_window_x_rr]
2026-09-05T14:06:03+00:00 RUN_END S2B052 IS net=455829.0 dd=3.8479 sca2_n=71 sca2_net=79769 93.9s
2026-09-05T14:06:03+00:00 RUN_START S2B053 IS [W6_window_x_rr]
2026-09-05T14:07:37+00:00 RUN_END S2B053 IS net=331465.0 dd=5.1427 sca2_n=269 sca2_net=-44595 94.0s
2026-09-05T14:07:37+00:00 RUN_START S2B054 IS [W6_window_x_rr]
2026-09-05T14:09:11+00:00 RUN_END S2B054 IS net=333268.0 dd=5.1531 sca2_n=268 sca2_net=-42792 94.0s
2026-09-05T14:09:11+00:00 RUN_START S2B055 IS [W6_window_x_rr]
2026-09-05T14:10:45+00:00 RUN_END S2B055 IS net=407475.0 dd=5.2744 sca2_n=335 sca2_net=31415 94.2s
2026-09-05T14:10:45+00:00 RUN_START S2B056 IS [W6_window_x_rr]
2026-09-05T14:12:19+00:00 RUN_END S2B056 IS net=331054.0 dd=5.2758 sca2_n=333 sca2_net=-45006 94.0s
2026-09-05T14:12:19+00:00 RUN_START S2B001 OOS [W1_window]
2026-09-05T14:13:28+00:00 RUN_END S2B001 OOS net=65022.0 dd=3.8598 sca2_n=34 sca2_net=-8270 68.9s
2026-09-05T14:13:28+00:00 RUN_START S2B002 OOS [W1_window]
2026-09-05T14:14:37+00:00 RUN_END S2B002 OOS net=93816.0 dd=2.7503 sca2_n=150 sca2_net=20524 68.9s
2026-09-05T14:14:37+00:00 RUN_START S2B003 OOS [W1_window]
2026-09-05T14:15:46+00:00 RUN_END S2B003 OOS net=77235.0 dd=3.3588 sca2_n=244 sca2_net=3943 68.9s
2026-09-05T14:15:46+00:00 RUN_START S2B004 OOS [W1_window]
2026-09-05T14:16:55+00:00 RUN_END S2B004 OOS net=83913.0 dd=2.4623 sca2_n=59 sca2_net=10621 68.9s
2026-09-05T14:16:55+00:00 RUN_START S2B005 OOS [W1_window]
2026-09-05T14:18:04+00:00 RUN_END S2B005 OOS net=78530.0 dd=4.1607 sca2_n=137 sca2_net=5238 68.9s
2026-09-05T14:18:04+00:00 RUN_START S2B006 OOS [W1_window]
2026-09-05T14:19:13+00:00 RUN_END S2B006 OOS net=78564.0 dd=4.3676 sca2_n=214 sca2_net=5272 68.9s
2026-09-05T14:19:13+00:00 RUN_START S2B007 OOS [W1_window]
2026-09-05T14:20:21+00:00 RUN_END S2B007 OOS net=71098.0 dd=2.5923 sca2_n=36 sca2_net=-2194 68.9s
2026-09-05T14:20:21+00:00 RUN_START S2B008 OOS [W1_window]
2026-09-05T14:21:30+00:00 RUN_END S2B008 OOS net=54275.0 dd=4.8742 sca2_n=98 sca2_net=-19017 68.9s
2026-09-05T14:21:30+00:00 RUN_START S2B009 OOS [W1_window]
2026-09-05T14:22:39+00:00 RUN_END S2B009 OOS net=57344.0 dd=4.2966 sca2_n=165 sca2_net=-15948 68.9s
2026-09-05T14:22:39+00:00 RUN_START S2B010 OOS [W1_window]
2026-09-05T14:23:48+00:00 RUN_END S2B010 OOS net=84777.0 dd=2.4776 sca2_n=26 sca2_net=11485 68.9s
2026-09-05T14:23:48+00:00 RUN_START S2B011 OOS [W1_window]
2026-09-05T14:24:57+00:00 RUN_END S2B011 OOS net=87785.0 dd=4.415 sca2_n=70 sca2_net=14493 68.9s
2026-09-05T14:24:57+00:00 RUN_START S2B012 OOS [W1_window]
2026-09-05T14:26:06+00:00 RUN_END S2B012 OOS net=78819.0 dd=3.0983 sca2_n=148 sca2_net=5527 68.9s
2026-09-05T14:26:06+00:00 RUN_START S2B013 OOS [W1_window]
2026-09-05T14:27:15+00:00 RUN_END S2B013 OOS net=100528.0 dd=2.2391 sca2_n=25 sca2_net=27236 68.9s
2026-09-05T14:27:15+00:00 RUN_START S2B014 OOS [W1_window]
2026-09-05T14:28:29+00:00 RUN_END S2B014 OOS net=97336.0 dd=2.2237 sca2_n=94 sca2_net=24044 73.8s
2026-09-05T14:28:29+00:00 RUN_START S2B015 OOS [W1_window]
2026-09-05T14:29:38+00:00 RUN_END S2B015 OOS net=52566.0 dd=4.6402 sca2_n=300 sca2_net=-20726 68.9s
2026-09-05T14:29:38+00:00 RUN_START S2B016 OOS [W1_window]
2026-09-05T14:30:47+00:00 RUN_END S2B016 OOS net=93653.0 dd=2.2101 sca2_n=45 sca2_net=20361 69.0s
2026-09-05T14:30:47+00:00 RUN_START S2B017 OOS [W1_window]
2026-09-05T14:31:56+00:00 RUN_END S2B017 OOS net=48913.0 dd=3.7042 sca2_n=266 sca2_net=-24379 68.9s
2026-09-05T14:31:56+00:00 RUN_START S2B018 OOS [W1_window]
2026-09-05T14:33:05+00:00 RUN_END S2B018 OOS net=51796.0 dd=2.6452 sca2_n=314 sca2_net=-21496 69.0s
2026-09-05T14:33:05+00:00 RUN_START S2B019 OOS [W1_window]
2026-09-05T14:34:14+00:00 RUN_END S2B019 OOS net=87336.0 dd=2.8207 sca2_n=184 sca2_net=14044 69.0s
2026-09-05T14:34:14+00:00 RUN_START S2B020 OOS [W1_window]
2026-09-05T14:35:23+00:00 RUN_END S2B020 OOS net=53568.0 dd=2.4984 sca2_n=285 sca2_net=-19724 69.0s
2026-09-05T14:35:23+00:00 RUN_START S2B021 OOS [W1_window]
2026-09-05T14:36:32+00:00 RUN_END S2B021 OOS net=76073.0 dd=2.9345 sca2_n=229 sca2_net=2781 69.0s
2026-09-05T14:36:32+00:00 RUN_START S2B022 OOS [W1_window]
2026-09-05T14:37:40+00:00 RUN_END S2B022 OOS net=59061.0 dd=3.9192 sca2_n=149 sca2_net=-14231 68.9s
2026-09-05T14:37:41+00:00 RUN_START S2B023 OOS [W1_window]
2026-09-05T14:38:49+00:00 RUN_END S2B023 OOS net=62887.0 dd=3.9651 sca2_n=189 sca2_net=-10405 68.9s
2026-09-05T14:38:49+00:00 RUN_START S2B024 OOS [W2_trade_end]
2026-09-05T14:39:58+00:00 RUN_END S2B024 OOS net=102718.0 dd=2.0883 sca2_n=47 sca2_net=29426 68.9s
2026-09-05T14:39:58+00:00 RUN_START S2B025 OOS [W2_trade_end]
2026-09-05T14:41:07+00:00 RUN_END S2B025 OOS net=117055.0 dd=2.1345 sca2_n=71 sca2_net=43763 68.9s
2026-09-05T14:41:07+00:00 RUN_START S2B026 OOS [W2_trade_end]
2026-09-05T14:42:16+00:00 RUN_END S2B026 OOS net=103227.0 dd=2.1427 sca2_n=82 sca2_net=29935 68.9s
2026-09-05T14:42:16+00:00 RUN_START S2B027 OOS [W2_trade_end]
2026-09-05T14:43:25+00:00 RUN_END S2B027 OOS net=95023.0 dd=2.2274 sca2_n=88 sca2_net=21731 68.9s
2026-09-05T14:43:25+00:00 RUN_START S2B028 OOS [W2_trade_end]
2026-09-05T14:44:34+00:00 RUN_END S2B028 OOS net=97386.0 dd=2.2362 sca2_n=99 sca2_net=24094 68.9s
2026-09-05T14:44:34+00:00 RUN_START S2B029 OOS [W2_trade_end]
2026-09-05T14:45:43+00:00 RUN_END S2B029 OOS net=95506.0 dd=2.2436 sca2_n=102 sca2_net=22214 69.0s
2026-09-05T14:45:43+00:00 RUN_START S2B030 OOS [W3_force_close]
2026-09-05T14:46:52+00:00 RUN_END S2B030 OOS net=80219.0 dd=2.3419 sca2_n=96 sca2_net=6927 68.9s
2026-09-05T14:46:52+00:00 RUN_START S2B031 OOS [W3_force_close]
2026-09-05T14:48:01+00:00 RUN_END S2B031 OOS net=81493.0 dd=2.331 sca2_n=96 sca2_net=8201 68.9s
2026-09-05T14:48:01+00:00 RUN_START S2B032 OOS [W3_force_close]
2026-09-05T14:49:10+00:00 RUN_END S2B032 OOS net=86103.0 dd=2.3119 sca2_n=96 sca2_net=12811 68.9s
2026-09-05T14:49:10+00:00 RUN_START S2B033 OOS [W3_force_close]
2026-09-05T14:50:19+00:00 RUN_END S2B033 OOS net=100961.0 dd=3.0583 sca2_n=93 sca2_net=26250 68.9s
2026-09-05T14:50:19+00:00 RUN_START S2B034 OOS [W4_range_filter]
2026-09-05T14:51:33+00:00 RUN_END S2B034 OOS net=35841.0 dd=11.1236 sca2_n=696 sca2_net=-37451 74.0s
2026-09-05T14:51:33+00:00 RUN_START S2B035 OOS [W4_range_filter]
2026-09-05T14:52:41+00:00 RUN_END S2B035 OOS net=43289.0 dd=11.1236 sca2_n=698 sca2_net=-30003 68.9s
2026-09-05T14:52:41+00:00 RUN_START S2B036 OOS [W4_range_filter]
2026-09-05T14:53:55+00:00 RUN_END S2B036 OOS net=41808.0 dd=11.5235 sca2_n=700 sca2_net=-31484 74.0s
2026-09-05T14:53:55+00:00 RUN_START S2B037 OOS [W4_range_filter]
2026-09-05T14:55:04+00:00 RUN_END S2B037 OOS net=61728.0 dd=3.4106 sca2_n=259 sca2_net=-11564 69.0s
2026-09-05T14:55:05+00:00 RUN_START S2B038 OOS [W4_range_filter]
2026-09-05T14:56:13+00:00 RUN_END S2B038 OOS net=69176.0 dd=3.3628 sca2_n=261 sca2_net=-4116 68.9s
2026-09-05T14:56:13+00:00 RUN_START S2B039 OOS [W4_range_filter]
2026-09-05T14:57:23+00:00 RUN_END S2B039 OOS net=67695.0 dd=3.3762 sca2_n=263 sca2_net=-5597 69.2s
2026-09-05T14:57:23+00:00 RUN_START S2B040 OOS [W4_range_filter]
2026-09-05T14:58:32+00:00 RUN_END S2B040 OOS net=98434.0 dd=2.1217 sca2_n=38 sca2_net=25142 68.9s
2026-09-05T14:58:32+00:00 RUN_START S2B041 OOS [W4_range_filter]
2026-09-05T14:59:40+00:00 RUN_END S2B041 OOS net=105882.0 dd=2.1217 sca2_n=40 sca2_net=32590 68.9s
2026-09-05T14:59:40+00:00 RUN_START S2B042 OOS [W4_range_filter]
2026-09-05T15:00:49+00:00 RUN_END S2B042 OOS net=104401.0 dd=2.5164 sca2_n=42 sca2_net=31109 68.9s
2026-09-05T15:00:49+00:00 RUN_START S2B043 OOS [W4_range_filter]
2026-09-05T15:01:58+00:00 RUN_END S2B043 OOS net=75778.0 dd=2.4103 sca2_n=17 sca2_net=2486 68.9s
2026-09-05T15:01:58+00:00 RUN_START S2B044 OOS [W4_range_filter]
2026-09-05T15:03:07+00:00 RUN_END S2B044 OOS net=83226.0 dd=2.4103 sca2_n=19 sca2_net=9934 68.9s
2026-09-05T15:03:07+00:00 RUN_START S2B045 OOS [W4_range_filter]
2026-09-05T15:04:16+00:00 RUN_END S2B045 OOS net=81745.0 dd=2.8078 sca2_n=21 sca2_net=8453 68.9s
2026-09-05T15:04:16+00:00 RUN_START S2B046 OOS [W5_rr]
2026-09-05T15:05:25+00:00 RUN_END S2B046 OOS net=86278.0 dd=2.2525 sca2_n=94 sca2_net=12986 68.9s
2026-09-05T15:05:25+00:00 RUN_START S2B047 OOS [W5_rr]
2026-09-05T15:06:34+00:00 RUN_END S2B047 OOS net=92655.0 dd=2.2104 sca2_n=94 sca2_net=19363 68.9s
2026-09-05T15:06:34+00:00 RUN_START S2B048 OOS [W5_rr]
2026-09-05T15:07:43+00:00 RUN_END S2B048 OOS net=99874.0 dd=2.2247 sca2_n=93 sca2_net=26582 68.9s
2026-09-05T15:07:43+00:00 RUN_START S2B049 OOS [W5_rr]
2026-09-05T15:08:52+00:00 RUN_END S2B049 OOS net=93014.0 dd=2.2247 sca2_n=93 sca2_net=19722 68.9s
2026-09-05T15:08:52+00:00 RUN_START S2B050 OOS [W5_rr]
2026-09-05T15:10:01+00:00 RUN_END S2B050 OOS net=97025.0 dd=2.2247 sca2_n=93 sca2_net=23733 68.9s
2026-09-05T15:10:01+00:00 RUN_START S2B051 OOS [W6_window_x_rr]
2026-09-05T15:11:09+00:00 RUN_END S2B051 OOS net=88859.0 dd=4.4241 sca2_n=70 sca2_net=15567 68.9s
2026-09-05T15:11:09+00:00 RUN_START S2B052 OOS [W6_window_x_rr]
2026-09-05T15:12:18+00:00 RUN_END S2B052 OOS net=89621.0 dd=4.4058 sca2_n=70 sca2_net=16329 68.9s
2026-09-05T15:12:18+00:00 RUN_START S2B053 OOS [W6_window_x_rr]
2026-09-05T15:13:27+00:00 RUN_END S2B053 OOS net=47048.0 dd=3.6458 sca2_n=266 sca2_net=-26244 68.9s
2026-09-05T15:13:27+00:00 RUN_START S2B054 OOS [W6_window_x_rr]
2026-09-05T15:14:36+00:00 RUN_END S2B054 OOS net=54789.0 dd=3.8686 sca2_n=265 sca2_net=-18503 69.0s
2026-09-05T15:14:36+00:00 RUN_START S2B055 OOS [W6_window_x_rr]
2026-09-05T15:15:50+00:00 RUN_END S2B055 OOS net=51030.0 dd=4.4897 sca2_n=300 sca2_net=-22262 74.0s
2026-09-05T15:15:50+00:00 RUN_START S2B056 OOS [W6_window_x_rr]
2026-09-05T15:16:59+00:00 RUN_END S2B056 OOS net=60749.0 dd=4.6343 sca2_n=298 sca2_net=-12543 68.9s
2026-09-05T15:16:59+00:00 MEASURE_END rows=112 ok=112 -> C:\Users\f\source\repos\mt5_backtester\ml\sca2b\results.csv
