2026-09-05T11:14:12+00:00 CONFIRM_START jobs=12
2026-09-05T11:14:12+00:00 RUN_START BASELINE IS
2026-09-05T11:15:36+00:00 RUN_END BASELINE IS net=379590.0 dd=4.0552 sca2= 83.7s
2026-09-05T11:15:36+00:00 RUN_START S2046 IS
2026-09-05T11:17:04+00:00 RUN_END S2046 IS net=502827.0 dd=4.3512 sca2=126767 88.6s
2026-09-05T11:17:04+00:00 RUN_START S2047 IS
2026-09-05T11:18:33+00:00 RUN_END S2047 IS net=514474.0 dd=4.3588 sca2=138414 88.6s
2026-09-05T11:18:33+00:00 RUN_START S2057 IS
2026-09-05T11:20:01+00:00 RUN_END S2057 IS net=509779.0 dd=4.0473 sca2=133719 88.6s
2026-09-05T11:20:01+00:00 RUN_START FULL_BASE IS
2026-09-05T11:24:30+00:00 RUN_END FULL_BASE IS net=487081.0 dd=5.2386 sca2= 269.1s
2026-09-05T11:24:30+00:00 RUN_START FULL_S2046 IS
2026-09-05T11:29:04+00:00 RUN_END FULL_S2046 IS net=610318.0 dd=5.4575 sca2=123237 274.0s
2026-09-05T11:29:04+00:00 RUN_START BASELINE OOS
2026-09-05T11:30:08+00:00 RUN_END BASELINE OOS net=76603.0 dd=2.2509 sca2= 63.6s
2026-09-05T11:30:08+00:00 RUN_START S2046 OOS
2026-09-05T11:31:16+00:00 RUN_END S2046 OOS net=97336.0 dd=2.2237 sca2=24044 68.5s
2026-09-05T11:31:16+00:00 RUN_START S2047 OOS
2026-09-05T11:32:20+00:00 RUN_END S2047 OOS net=101478.0 dd=2.2238 sca2=28186 63.5s
2026-09-05T11:32:20+00:00 RUN_START S2057 OOS
2026-09-05T11:33:24+00:00 RUN_END S2057 OOS net=95933.0 dd=2.1641 sca2=22641 63.6s
2026-09-05T11:33:24+00:00 RUN_START FULL_BASE OOS
2026-09-05T11:35:57+00:00 RUN_END FULL_BASE OOS net=98202.0 dd=3.094 sca2= 153.8s
2026-09-05T11:35:57+00:00 RUN_START FULL_S2046 OOS
2026-09-05T11:38:31+00:00 RUN_END FULL_S2046 OOS net=118935.0 dd=2.9946 sca2=20733 153.8s
2026-09-05T11:38:31+00:00 CONFIRM_END rows=12 -> C:\Users\f\source\repos\mt5_backtester\ml\sca2\confirm_results.csv
