2026-09-05T08:05:18+00:00 MEASURE_START proposals=70 remaining=140 done=0
2026-09-05T08:05:18+00:00 RUN_START S2001 IS [S01_window]
2026-09-05T08:06:46+00:00 RUN_END S2001 IS net=445655.0 dd=4.1736 sca2_n=133 sca2_net=10422555 88.6s
2026-09-05T08:06:46+00:00 RUN_START S2002 IS [S01_window]
2026-09-05T08:08:15+00:00 RUN_END S2002 IS net=401884.0 dd=6.6501 sca2_n=227 sca2_net=4183986 88.6s
2026-09-05T08:08:15+00:00 RUN_START S2003 IS [S01_window]
2026-09-05T08:09:44+00:00 RUN_END S2003 IS net=417913.0 dd=6.7722 sca2_n=295 sca2_net=7179978 88.6s
2026-09-05T08:09:44+00:00 RUN_START S2004 IS [S01_window]
2026-09-05T08:11:12+00:00 RUN_END S2004 IS net=446751.0 dd=4.2962 sca2_n=67 sca2_net=10582594 88.7s
2026-09-05T08:11:12+00:00 RUN_START S2005 IS [S01_window]
2026-09-05T08:12:41+00:00 RUN_END S2005 IS net=446144.0 dd=4.8226 sca2_n=134 sca2_net=10424530 88.6s
2026-09-05T08:12:41+00:00 RUN_START S2006 IS [S01_window]
2026-09-05T08:14:10+00:00 RUN_END S2006 IS net=521485.0 dd=5.7982 sca2_n=216 sca2_net=23081048 88.7s
2026-09-05T08:14:10+00:00 RUN_START S2007 IS [S01_window]
2026-09-05T08:15:38+00:00 RUN_END S2007 IS net=474065.0 dd=4.1867 sca2_n=65 sca2_net=14473828 88.6s
2026-09-05T08:15:38+00:00 RUN_START S2008 IS [S01_window]
2026-09-05T08:17:07+00:00 RUN_END S2008 IS net=500456.0 dd=5.5927 sca2_n=136 sca2_net=19493892 88.6s
2026-09-05T08:17:07+00:00 RUN_START S2009 IS [S01_window]
2026-09-05T08:18:35+00:00 RUN_END S2009 IS net=445213.0 dd=7.1309 sca2_n=320 sca2_net=10532016 88.7s
2026-09-05T08:18:35+00:00 RUN_START S2010 IS [S01_window]
2026-09-05T08:20:04+00:00 RUN_END S2010 IS net=522798.0 dd=4.4935 sca2_n=84 sca2_net=22247992 88.7s
2026-09-05T08:20:04+00:00 RUN_START S2011 IS [S01_window]
2026-09-05T08:21:33+00:00 RUN_END S2011 IS net=508031.0 dd=5.0208 sca2_n=279 sca2_net=19742094 88.6s
2026-09-05T08:21:33+00:00 RUN_START S2012 IS [S01_window]
2026-09-05T08:23:01+00:00 RUN_END S2012 IS net=417428.0 dd=5.4884 sca2_n=311 sca2_net=6252570 88.6s
2026-09-05T08:23:01+00:00 RUN_START S2013 IS [S01_window]
2026-09-05T08:24:30+00:00 RUN_END S2013 IS net=381975.0 dd=5.1569 sca2_n=232 sca2_net=-25128 88.6s
2026-09-05T08:24:30+00:00 RUN_START S2014 IS [S01_window]
2026-09-05T08:25:59+00:00 RUN_END S2014 IS net=390859.0 dd=8.6852 sca2_n=292 sca2_net=2354771 88.6s
2026-09-05T08:25:59+00:00 RUN_START S2015 IS [S01_window]
2026-09-05T08:27:27+00:00 RUN_END S2015 IS net=376357.0 dd=5.8376 sca2_n=264 sca2_net=-18834 88.7s
2026-09-05T08:27:27+00:00 RUN_START S2016 IS [S01_window]
2026-09-05T08:28:56+00:00 RUN_END S2016 IS net=374516.0 dd=6.0397 sca2_n=166 sca2_net=-363933 88.6s
2026-09-05T08:28:56+00:00 RUN_START S2017 IS [S02_timing]
2026-09-05T08:30:20+00:00 RUN_END S2017 IS net=398461.0 dd=4.3023 sca2_n=51 sca2_net=3333338 83.6s
2026-09-05T08:30:20+00:00 RUN_START S2018 IS [S02_timing]
2026-09-05T08:31:48+00:00 RUN_END S2018 IS net=394554.0 dd=4.4402 sca2_n=51 sca2_net=2839126 88.7s
2026-09-05T08:31:48+00:00 RUN_START S2019 IS [S02_timing]
2026-09-05T08:33:17+00:00 RUN_END S2019 IS net=479222.0 dd=4.1837 sca2_n=69 sca2_net=15861583 88.6s
2026-09-05T08:33:17+00:00 RUN_START S2020 IS [S02_timing]
2026-09-05T08:34:46+00:00 RUN_END S2020 IS net=515974.0 dd=4.3913 sca2_n=69 sca2_net=21477581 88.6s
2026-09-05T08:34:46+00:00 RUN_START S2021 IS [S02_timing]
2026-09-05T08:36:14+00:00 RUN_END S2021 IS net=478815.0 dd=4.3651 sca2_n=79 sca2_net=15609156 88.6s
2026-09-05T08:36:14+00:00 RUN_START S2022 IS [S02_timing]
2026-09-05T08:37:43+00:00 RUN_END S2022 IS net=523824.0 dd=4.3718 sca2_n=79 sca2_net=22453979 88.6s
2026-09-05T08:37:43+00:00 RUN_START S2023 IS [S02_timing]
2026-09-05T08:39:11+00:00 RUN_END S2023 IS net=478391.0 dd=4.4722 sca2_n=84 sca2_net=15497077 88.6s
2026-09-05T08:39:11+00:00 RUN_START S2024 IS [S02_timing]
2026-09-05T08:40:40+00:00 RUN_END S2024 IS net=522798.0 dd=4.4935 sca2_n=84 sca2_net=22247992 88.6s
2026-09-05T08:40:40+00:00 RUN_START S2025 IS [S02_timing]
2026-09-05T08:42:09+00:00 RUN_END S2025 IS net=412868.0 dd=4.0111 sca2_n=31 sca2_net=5469948 88.6s
2026-09-05T08:42:09+00:00 RUN_START S2026 IS [S02_timing]
2026-09-05T08:43:37+00:00 RUN_END S2026 IS net=414998.0 dd=3.8697 sca2_n=31 sca2_net=5927653 88.6s
2026-09-05T08:43:37+00:00 RUN_START S2027 IS [S02_timing]
2026-09-05T08:45:06+00:00 RUN_END S2027 IS net=522087.0 dd=4.4993 sca2_n=86 sca2_net=22150660 88.6s
2026-09-05T08:45:06+00:00 RUN_START S2028 IS [S03_range_filter]
2026-09-05T08:46:34+00:00 RUN_END S2028 IS net=497952.0 dd=20.855 sca2_n=596 sca2_net=18736075 88.6s
2026-09-05T08:46:34+00:00 RUN_START S2029 IS [S03_range_filter]
2026-09-05T08:48:03+00:00 RUN_END S2029 IS net=461170.0 dd=7.2243 sca2_n=230 sca2_net=13215252 88.7s
2026-09-05T08:48:03+00:00 RUN_START S2030 IS [S03_range_filter]
2026-09-05T08:49:32+00:00 RUN_END S2030 IS net=494536.0 dd=4.4033 sca2_n=30 sca2_net=18204482 88.6s
2026-09-05T08:49:32+00:00 RUN_START S2031 IS [S03_range_filter]
2026-09-05T08:51:00+00:00 RUN_END S2031 IS net=489111.0 dd=4.9742 sca2_n=16 sca2_net=17057152 88.6s
2026-09-05T08:51:00+00:00 RUN_START S2032 IS [S03_range_filter]
2026-09-05T08:52:29+00:00 RUN_END S2032 IS net=522947.0 dd=4.4656 sca2_n=82 sca2_net=22259232 88.5s
2026-09-05T08:52:29+00:00 RUN_START S2033 IS [S03_range_filter]
2026-09-05T08:53:57+00:00 RUN_END S2033 IS net=505895.0 dd=5.4004 sca2_n=90 sca2_net=19467082 88.6s
2026-09-05T08:53:57+00:00 RUN_START S2034 IS [S03_range_filter]
2026-09-05T08:55:26+00:00 RUN_END S2034 IS net=505895.0 dd=5.4004 sca2_n=90 sca2_net=19467082 88.7s
2026-09-05T08:55:26+00:00 RUN_START S2035 IS [S03_range_filter]
2026-09-05T08:56:55+00:00 RUN_END S2035 IS net=472178.0 dd=14.9614 sca2_n=362 sca2_net=14832632 88.6s
2026-09-05T08:56:55+00:00 RUN_START S2036 IS [S03_range_filter]
2026-09-05T08:58:24+00:00 RUN_END S2036 IS net=444267.0 dd=8.1287 sca2_n=236 sca2_net=10434342 88.7s
2026-09-05T08:58:24+00:00 RUN_START S2037 IS [S03_range_filter]
2026-09-05T08:59:52+00:00 RUN_END S2037 IS net=477633.0 dd=5.3245 sca2_n=36 sca2_net=15423572 88.6s
2026-09-05T08:59:52+00:00 RUN_START S2038 IS [S04_rr]
2026-09-05T09:01:21+00:00 RUN_END S2038 IS net=457456.0 dd=4.5123 sca2_n=84 sca2_net=12243842 88.6s
2026-09-05T09:01:21+00:00 RUN_START S2039 IS [S04_rr]
2026-09-05T09:02:49+00:00 RUN_END S2039 IS net=484366.0 dd=4.5092 sca2_n=84 sca2_net=16387862 88.6s
2026-09-05T09:02:49+00:00 RUN_START S2040 IS [S04_rr]
2026-09-05T09:04:18+00:00 RUN_END S2040 IS net=503605.0 dd=4.4979 sca2_n=84 sca2_net=19316029 88.6s
2026-09-05T09:04:18+00:00 RUN_START S2041 IS [S04_rr]
2026-09-05T09:05:47+00:00 RUN_END S2041 IS net=439761.0 dd=4.5462 sca2_n=84 sca2_net=9722261 88.6s
2026-09-05T09:05:47+00:00 RUN_START S2042 IS [S04_rr]
2026-09-05T09:07:15+00:00 RUN_END S2042 IS net=453419.0 dd=4.5377 sca2_n=84 sca2_net=11885005 88.6s
2026-09-05T09:07:15+00:00 RUN_START S2043 IS [S04_rr]
2026-09-05T09:08:44+00:00 RUN_END S2043 IS net=469565.0 dd=4.5291 sca2_n=84 sca2_net=14415491 88.6s
2026-09-05T09:08:44+00:00 RUN_START S2044 IS [S04_rr]
2026-09-05T09:10:12+00:00 RUN_END S2044 IS net=479547.0 dd=4.5484 sca2_n=84 sca2_net=16059834 88.6s
2026-09-05T09:10:12+00:00 RUN_START S2045 IS [S04_rr]
2026-09-05T09:11:41+00:00 RUN_END S2045 IS net=498087.0 dd=4.5484 sca2_n=84 sca2_net=18995865 88.6s
2026-09-05T09:11:41+00:00 RUN_START S2046 IS [S05_buffer]
2026-09-05T09:13:10+00:00 RUN_END S2046 IS net=502827.0 dd=4.3512 sca2_n=91 sca2_net=18939493 88.6s
2026-09-05T09:13:10+00:00 RUN_START S2047 IS [S05_buffer]
2026-09-05T09:14:38+00:00 RUN_END S2047 IS net=514474.0 dd=4.3588 sca2_n=88 sca2_net=20733446 88.6s
2026-09-05T09:14:38+00:00 RUN_START S2048 IS [S05_buffer]
2026-09-05T09:16:07+00:00 RUN_END S2048 IS net=506733.0 dd=4.437 sca2_n=77 sca2_net=19768837 88.6s
2026-09-05T09:16:07+00:00 RUN_START S2049 IS [S05_buffer]
2026-09-05T09:17:36+00:00 RUN_END S2049 IS net=490683.0 dd=4.8987 sca2_n=62 sca2_net=17433913 88.6s
2026-09-05T09:17:36+00:00 RUN_START S2050 IS [S05_buffer]
2026-09-05T09:19:09+00:00 RUN_END S2050 IS net=485150.0 dd=4.8167 sca2_n=55 sca2_net=16596784 93.6s
2026-09-05T09:19:09+00:00 RUN_START S2051 IS [S05_buffer]
2026-09-05T09:20:38+00:00 RUN_END S2051 IS net=478835.0 dd=4.0991 sca2_n=38 sca2_net=15839571 88.6s
2026-09-05T09:20:38+00:00 RUN_START S2052 IS [S06_boost]
2026-09-05T09:22:06+00:00 RUN_END S2052 IS net=461587.0 dd=4.1674 sca2_n=84 sca2_net=12982713 88.6s
2026-09-05T09:22:06+00:00 RUN_START S2053 IS [S06_boost]
2026-09-05T09:23:35+00:00 RUN_END S2053 IS net=461587.0 dd=4.1674 sca2_n=84 sca2_net=12982713 88.6s
2026-09-05T09:23:35+00:00 RUN_START S2054 IS [S06_boost]
2026-09-05T09:25:04+00:00 RUN_END S2054 IS net=522798.0 dd=4.4935 sca2_n=84 sca2_net=22247992 88.6s
2026-09-05T09:25:04+00:00 RUN_START S2055 IS [S06_boost]
2026-09-05T09:26:32+00:00 RUN_END S2055 IS net=584012.0 dd=5.2974 sca2_n=84 sca2_net=31513704 88.7s
2026-09-05T09:26:32+00:00 RUN_START S2056 IS [S06_boost]
2026-09-05T09:28:01+00:00 RUN_END S2056 IS net=645227.0 dd=6.0847 sca2_n=84 sca2_net=40779513 88.6s
2026-09-05T09:28:01+00:00 RUN_START S2057 IS [S06_boost]
2026-09-05T09:29:30+00:00 RUN_END S2057 IS net=509779.0 dd=4.0473 sca2_n=111 sca2_net=20107932 88.6s
2026-09-05T09:29:30+00:00 RUN_START S2058 IS [S07_friday]
2026-09-05T09:31:03+00:00 RUN_END S2058 IS net=576474.0 dd=4.3091 sca2_n=111 sca2_net=30123272 93.6s
2026-09-05T09:31:03+00:00 RUN_START S2059 IS [S08_window_x_rr]
2026-09-05T09:32:32+00:00 RUN_END S2059 IS net=425957.0 dd=4.2993 sca2_n=69 sca2_net=7473028 88.6s
2026-09-05T09:32:32+00:00 RUN_START S2060 IS [S08_window_x_rr]
2026-09-05T09:34:00+00:00 RUN_END S2060 IS net=393525.0 dd=5.4011 sca2_n=67 sca2_net=2504790 88.6s
2026-09-05T09:34:00+00:00 RUN_START S2061 IS [S08_window_x_rr]
2026-09-05T09:35:29+00:00 RUN_END S2061 IS net=362538.0 dd=5.371 sca2_n=66 sca2_net=-2462069 88.6s
2026-09-05T09:35:29+00:00 RUN_START S2062 IS [S08_window_x_rr]
2026-09-05T09:36:58+00:00 RUN_END S2062 IS net=367305.0 dd=5.3375 sca2_n=66 sca2_net=-1764521 88.6s
2026-09-05T09:36:58+00:00 RUN_START S2063 IS [S08_window_x_rr]
2026-09-05T09:38:26+00:00 RUN_END S2063 IS net=487529.0 dd=5.022 sca2_n=279 sca2_net=16563457 88.6s
2026-09-05T09:38:26+00:00 RUN_START S2064 IS [S08_window_x_rr]
2026-09-05T09:39:55+00:00 RUN_END S2064 IS net=422729.0 dd=5.0281 sca2_n=278 sca2_net=6720269 88.6s
2026-09-05T09:39:55+00:00 RUN_START S2065 IS [S08_window_x_rr]
2026-09-05T09:41:23+00:00 RUN_END S2065 IS net=430708.0 dd=5.0044 sca2_n=278 sca2_net=7917436 88.7s
2026-09-05T09:41:23+00:00 RUN_START S2066 IS [S08_window_x_rr]
2026-09-05T09:42:52+00:00 RUN_END S2066 IS net=428166.0 dd=5.0523 sca2_n=278 sca2_net=7532369 88.6s
2026-09-05T09:42:52+00:00 RUN_START S2067 IS [S08_window_x_rr]
2026-09-05T09:44:21+00:00 RUN_END S2067 IS net=473094.0 dd=5.5415 sca2_n=136 sca2_net=15157179 88.6s
2026-09-05T09:44:21+00:00 RUN_START S2068 IS [S08_window_x_rr]
2026-09-05T09:45:49+00:00 RUN_END S2068 IS net=421027.0 dd=5.5992 sca2_n=136 sca2_net=7434517 88.6s
2026-09-05T09:45:49+00:00 RUN_START S2069 IS [S08_window_x_rr]
2026-09-05T09:47:18+00:00 RUN_END S2069 IS net=433642.0 dd=5.6301 sca2_n=136 sca2_net=9425438 88.6s
2026-09-05T09:47:18+00:00 RUN_START S2070 IS [S08_window_x_rr]
2026-09-05T09:48:46+00:00 RUN_END S2070 IS net=443053.0 dd=5.6301 sca2_n=136 sca2_net=10942599 88.6s
2026-09-05T09:48:46+00:00 RUN_START S2001 OOS [S01_window]
2026-09-05T09:49:50+00:00 RUN_END S2001 OOS net=86635.0 dd=3.24 sca2_n=138 sca2_net=1396127 63.6s
2026-09-05T09:49:50+00:00 RUN_START S2002 OOS [S01_window]
2026-09-05T09:50:59+00:00 RUN_END S2002 OOS net=54547.0 dd=6.4908 sca2_n=217 sca2_net=-2129135 68.6s
2026-09-05T09:50:59+00:00 RUN_START S2003 OOS [S01_window]
2026-09-05T09:52:07+00:00 RUN_END S2003 OOS net=67771.0 dd=4.0968 sca2_n=263 sca2_net=-650496 68.5s
2026-09-05T09:52:07+00:00 RUN_START S2004 OOS [S01_window]
2026-09-05T09:53:11+00:00 RUN_END S2004 OOS net=62337.0 dd=3.8516 sca2_n=84 sca2_net=-1210086 63.6s
2026-09-05T09:53:11+00:00 RUN_START S2005 OOS [S01_window]
2026-09-05T09:54:14+00:00 RUN_END S2005 OOS net=72283.0 dd=3.8435 sca2_n=142 sca2_net=-114613 63.6s
2026-09-05T09:54:14+00:00 RUN_START S2006 OOS [S01_window]
2026-09-05T09:55:18+00:00 RUN_END S2006 OOS net=75986.0 dd=3.4398 sca2_n=215 sca2_net=260652 63.6s
2026-09-05T09:55:18+00:00 RUN_START S2007 OOS [S01_window]
2026-09-05T09:56:22+00:00 RUN_END S2007 OOS net=82600.0 dd=4.8318 sca2_n=64 sca2_net=1010319 63.6s
2026-09-05T09:56:22+00:00 RUN_START S2008 OOS [S01_window]
2026-09-05T09:57:25+00:00 RUN_END S2008 OOS net=71776.0 dd=3.2141 sca2_n=135 sca2_net=-141342 63.6s
2026-09-05T09:57:25+00:00 RUN_START S2009 OOS [S01_window]
2026-09-05T09:58:34+00:00 RUN_END S2009 OOS net=36089.0 dd=4.9059 sca2_n=285 sca2_net=-4011439 68.6s
2026-09-05T09:58:34+00:00 RUN_START S2010 OOS [S01_window]
2026-09-05T09:59:37+00:00 RUN_END S2010 OOS net=97839.0 dd=2.2406 sca2_n=85 sca2_net=2597134 63.6s
2026-09-05T09:59:37+00:00 RUN_START S2011 OOS [S01_window]
2026-09-05T10:00:46+00:00 RUN_END S2011 OOS net=47351.0 dd=3.8863 sca2_n=258 sca2_net=-2833295 68.6s
2026-09-05T10:00:46+00:00 RUN_START S2012 OOS [S01_window]
2026-09-05T10:01:50+00:00 RUN_END S2012 OOS net=50885.0 dd=3.0818 sca2_n=266 sca2_net=-2422266 63.6s
2026-09-05T10:01:50+00:00 RUN_START S2013 OOS [S01_window]
2026-09-05T10:02:58+00:00 RUN_END S2013 OOS net=44518.0 dd=3.3188 sca2_n=228 sca2_net=-3140956 68.6s
2026-09-05T10:02:58+00:00 RUN_START S2014 OOS [S01_window]
2026-09-05T10:04:07+00:00 RUN_END S2014 OOS net=57541.0 dd=2.4602 sca2_n=253 sca2_net=-1694453 68.6s
2026-09-05T10:04:07+00:00 RUN_START S2015 OOS [S01_window]
2026-09-05T10:05:10+00:00 RUN_END S2015 OOS net=70983.0 dd=2.4828 sca2_n=228 sca2_net=-206720 63.6s
2026-09-05T10:05:10+00:00 RUN_START S2016 OOS [S01_window]
2026-09-05T10:06:14+00:00 RUN_END S2016 OOS net=78986.0 dd=2.9796 sca2_n=153 sca2_net=656484 63.6s
2026-09-05T10:06:14+00:00 RUN_START S2017 OOS [S02_timing]
2026-09-05T10:07:18+00:00 RUN_END S2017 OOS net=87021.0 dd=2.267 sca2_n=62 sca2_net=1474328 63.6s
2026-09-05T10:07:18+00:00 RUN_START S2018 OOS [S02_timing]
2026-09-05T10:08:21+00:00 RUN_END S2018 OOS net=101588.0 dd=2.2095 sca2_n=62 sca2_net=3016257 63.6s
2026-09-05T10:08:21+00:00 RUN_START S2019 OOS [S02_timing]
2026-09-05T10:09:25+00:00 RUN_END S2019 OOS net=90245.0 dd=2.2443 sca2_n=71 sca2_net=1777902 63.6s
2026-09-05T10:09:25+00:00 RUN_START S2020 OOS [S02_timing]
2026-09-05T10:10:28+00:00 RUN_END S2020 OOS net=105273.0 dd=2.1546 sca2_n=71 sca2_net=3384815 63.7s
2026-09-05T10:10:28+00:00 RUN_START S2021 OOS [S02_timing]
2026-09-05T10:11:32+00:00 RUN_END S2021 OOS net=89519.0 dd=2.3251 sca2_n=81 sca2_net=1714204 63.5s
2026-09-05T10:11:32+00:00 RUN_START S2022 OOS [S02_timing]
2026-09-05T10:12:35+00:00 RUN_END S2022 OOS net=96413.0 dd=2.2407 sca2_n=81 sca2_net=2440699 63.6s
2026-09-05T10:12:35+00:00 RUN_START S2023 OOS [S02_timing]
2026-09-05T10:13:39+00:00 RUN_END S2023 OOS net=89719.0 dd=2.3264 sca2_n=85 sca2_net=1735481 63.6s
2026-09-05T10:13:39+00:00 RUN_START S2024 OOS [S02_timing]
2026-09-05T10:14:43+00:00 RUN_END S2024 OOS net=98488.0 dd=2.2382 sca2_n=88 sca2_net=2670188 63.6s
2026-09-05T10:14:43+00:00 RUN_START S2025 OOS [S02_timing]
2026-09-05T10:15:46+00:00 RUN_END S2025 OOS net=85589.0 dd=2.2613 sca2_n=34 sca2_net=1314740 63.6s
2026-09-05T10:15:46+00:00 RUN_START S2026 OOS [S02_timing]
2026-09-05T10:16:50+00:00 RUN_END S2026 OOS net=95574.0 dd=2.1933 sca2_n=34 sca2_net=2381489 63.6s
2026-09-05T10:16:50+00:00 RUN_START S2027 OOS [S02_timing]
2026-09-05T10:17:54+00:00 RUN_END S2027 OOS net=96180.0 dd=2.2983 sca2_n=91 sca2_net=2412067 63.7s
2026-09-05T10:17:54+00:00 RUN_START S2028 OOS [S03_range_filter]
2026-09-05T10:19:02+00:00 RUN_END S2028 OOS net=49532.0 dd=11.6731 sca2_n=599 sca2_net=-2652559 68.6s
2026-09-05T10:19:02+00:00 RUN_START S2029 OOS [S03_range_filter]
2026-09-05T10:20:06+00:00 RUN_END S2029 OOS net=75848.0 dd=3.1723 sca2_n=228 sca2_net=195619 63.6s
2026-09-05T10:20:06+00:00 RUN_START S2030 OOS [S03_range_filter]
2026-09-05T10:21:09+00:00 RUN_END S2030 OOS net=107798.0 dd=2.1309 sca2_n=35 sca2_net=3742788 63.7s
2026-09-05T10:21:09+00:00 RUN_START S2031 OOS [S03_range_filter]
2026-09-05T10:22:13+00:00 RUN_END S2031 OOS net=81336.0 dd=2.4186 sca2_n=17 sca2_net=876219 63.5s
2026-09-05T10:22:13+00:00 RUN_START S2032 OOS [S03_range_filter]
2026-09-05T10:23:17+00:00 RUN_END S2032 OOS net=92230.0 dd=2.2406 sca2_n=82 sca2_net=1998804 63.6s
2026-09-05T10:23:17+00:00 RUN_START S2033 OOS [S03_range_filter]
2026-09-05T10:24:20+00:00 RUN_END S2033 OOS net=98372.0 dd=2.2406 sca2_n=86 sca2_net=2652027 63.6s
2026-09-05T10:24:20+00:00 RUN_START S2034 OOS [S03_range_filter]
2026-09-05T10:25:24+00:00 RUN_END S2034 OOS net=98372.0 dd=2.2406 sca2_n=86 sca2_net=2652027 63.6s
2026-09-05T10:25:24+00:00 RUN_START S2035 OOS [S03_range_filter]
2026-09-05T10:26:32+00:00 RUN_END S2035 OOS net=57676.0 dd=7.1139 sca2_n=378 sca2_net=-1754289 68.6s
2026-09-05T10:26:32+00:00 RUN_START S2036 OOS [S03_range_filter]
2026-09-05T10:27:36+00:00 RUN_END S2036 OOS net=76381.0 dd=3.1723 sca2_n=229 sca2_net=250512 63.6s
2026-09-05T10:27:36+00:00 RUN_START S2037 OOS [S03_range_filter]
2026-09-05T10:28:40+00:00 RUN_END S2037 OOS net=108331.0 dd=2.1309 sca2_n=36 sca2_net=3797681 63.7s
2026-09-05T10:28:40+00:00 RUN_START S2038 OOS [S04_rr]
2026-09-05T10:29:43+00:00 RUN_END S2038 OOS net=84912.0 dd=2.3174 sca2_n=85 sca2_net=1232314 63.6s
2026-09-05T10:29:43+00:00 RUN_START S2039 OOS [S04_rr]
2026-09-05T10:30:47+00:00 RUN_END S2039 OOS net=87238.0 dd=2.2695 sca2_n=85 sca2_net=1468044 63.6s
2026-09-05T10:30:47+00:00 RUN_START S2040 OOS [S04_rr]
2026-09-05T10:31:50+00:00 RUN_END S2040 OOS net=93258.0 dd=2.2272 sca2_n=85 sca2_net=2118921 63.6s
2026-09-05T10:31:50+00:00 RUN_START S2041 OOS [S04_rr]
2026-09-05T10:32:54+00:00 RUN_END S2041 OOS net=100784.0 dd=2.2416 sca2_n=84 sca2_net=2937287 63.6s
2026-09-05T10:32:54+00:00 RUN_START S2042 OOS [S04_rr]
2026-09-05T10:33:57+00:00 RUN_END S2042 OOS net=99066.0 dd=2.2416 sca2_n=84 sca2_net=2757227 63.5s
2026-09-05T10:33:57+00:00 RUN_START S2043 OOS [S04_rr]
2026-09-05T10:35:01+00:00 RUN_END S2043 OOS net=91417.0 dd=2.2416 sca2_n=83 sca2_net=1986824 63.7s
2026-09-05T10:35:01+00:00 RUN_START S2044 OOS [S04_rr]
2026-09-05T10:36:05+00:00 RUN_END S2044 OOS net=96377.0 dd=2.2416 sca2_n=83 sca2_net=2550769 63.6s
2026-09-05T10:36:05+00:00 RUN_START S2045 OOS [S04_rr]
2026-09-05T10:37:08+00:00 RUN_END S2045 OOS net=95376.0 dd=2.2416 sca2_n=82 sca2_net=2338265 63.6s
2026-09-05T10:37:08+00:00 RUN_START S2046 OOS [S05_buffer]
2026-09-05T10:38:12+00:00 RUN_END S2046 OOS net=97336.0 dd=2.2237 sca2_n=94 sca2_net=2561170 63.7s
2026-09-05T10:38:12+00:00 RUN_START S2047 OOS [S05_buffer]
2026-09-05T10:39:16+00:00 RUN_END S2047 OOS net=101478.0 dd=2.2238 sca2_n=89 sca2_net=2999891 63.6s
2026-09-05T10:39:16+00:00 RUN_START S2048 OOS [S05_buffer]
2026-09-05T10:40:19+00:00 RUN_END S2048 OOS net=96023.0 dd=2.2792 sca2_n=76 sca2_net=2410209 63.7s
2026-09-05T10:40:19+00:00 RUN_START S2049 OOS [S05_buffer]
2026-09-05T10:41:23+00:00 RUN_END S2049 OOS net=96094.0 dd=2.3219 sca2_n=64 sca2_net=2448496 63.6s
2026-09-05T10:41:23+00:00 RUN_START S2050 OOS [S05_buffer]
2026-09-05T10:42:26+00:00 RUN_END S2050 OOS net=93770.0 dd=2.6745 sca2_n=58 sca2_net=2188057 63.5s
2026-09-05T10:42:26+00:00 RUN_START S2051 OOS [S05_buffer]
2026-09-05T10:43:30+00:00 RUN_END S2051 OOS net=95656.0 dd=2.6667 sca2_n=40 sca2_net=2395319 63.6s
2026-09-05T10:43:30+00:00 RUN_START S2052 OOS [S06_boost]
2026-09-05T10:44:34+00:00 RUN_END S2052 OOS net=99567.0 dd=2.2341 sca2_n=85 sca2_net=2807784 63.6s
2026-09-05T10:44:34+00:00 RUN_START S2053 OOS [S06_boost]
2026-09-05T10:45:37+00:00 RUN_END S2053 OOS net=99567.0 dd=2.2341 sca2_n=85 sca2_net=2807784 63.7s
2026-09-05T10:45:37+00:00 RUN_START S2054 OOS [S06_boost]
2026-09-05T10:46:41+00:00 RUN_END S2054 OOS net=97839.0 dd=2.2406 sca2_n=85 sca2_net=2597134 63.7s
2026-09-05T10:46:41+00:00 RUN_START S2055 OOS [S06_boost]
2026-09-05T10:47:45+00:00 RUN_END S2055 OOS net=96111.0 dd=2.3499 sca2_n=85 sca2_net=2386502 63.6s
2026-09-05T10:47:45+00:00 RUN_START S2056 OOS [S06_boost]
2026-09-05T10:48:48+00:00 RUN_END S2056 OOS net=94386.0 dd=2.7106 sca2_n=85 sca2_net=2176187 63.7s
2026-09-05T10:48:48+00:00 RUN_START S2057 OOS [S06_boost]
2026-09-05T10:49:52+00:00 RUN_END S2057 OOS net=95933.0 dd=2.1641 sca2_n=103 sca2_net=2405179 63.6s
2026-09-05T10:49:52+00:00 RUN_START S2058 OOS [S07_friday]
2026-09-05T10:50:55+00:00 RUN_END S2058 OOS net=92534.0 dd=2.6856 sca2_n=103 sca2_net=2004377 63.6s
2026-09-05T10:50:55+00:00 RUN_START S2059 OOS [S08_window_x_rr]
2026-09-05T10:51:59+00:00 RUN_END S2059 OOS net=58901.0 dd=4.376 sca2_n=84 sca2_net=-1588404 63.7s
2026-09-05T10:51:59+00:00 RUN_START S2060 OOS [S08_window_x_rr]
2026-09-05T10:53:03+00:00 RUN_END S2060 OOS net=59714.0 dd=3.8881 sca2_n=84 sca2_net=-1493919 63.6s
2026-09-05T10:53:03+00:00 RUN_START S2061 OOS [S08_window_x_rr]
2026-09-05T10:54:06+00:00 RUN_END S2061 OOS net=62488.0 dd=3.8587 sca2_n=84 sca2_net=-1191396 63.7s
2026-09-05T10:54:06+00:00 RUN_START S2062 OOS [S08_window_x_rr]
2026-09-05T10:55:10+00:00 RUN_END S2062 OOS net=61073.0 dd=3.8587 sca2_n=84 sca2_net=-1356159 63.6s
2026-09-05T10:55:10+00:00 RUN_START S2063 OOS [S08_window_x_rr]
2026-09-05T10:56:19+00:00 RUN_END S2063 OOS net=47615.0 dd=3.3156 sca2_n=258 sca2_net=-2799830 68.5s
2026-09-05T10:56:19+00:00 RUN_START S2064 OOS [S08_window_x_rr]
2026-09-05T10:57:27+00:00 RUN_END S2064 OOS net=47617.0 dd=4.1033 sca2_n=256 sca2_net=-2742056 68.5s
2026-09-05T10:57:27+00:00 RUN_START S2065 OOS [S08_window_x_rr]
2026-09-05T10:58:36+00:00 RUN_END S2065 OOS net=51760.0 dd=4.1026 sca2_n=256 sca2_net=-2282360 68.5s
2026-09-05T10:58:36+00:00 RUN_START S2066 OOS [S08_window_x_rr]
2026-09-05T10:59:44+00:00 RUN_END S2066 OOS net=56063.0 dd=4.1047 sca2_n=256 sca2_net=-1801878 68.5s
2026-09-05T10:59:44+00:00 RUN_START S2067 OOS [S08_window_x_rr]
2026-09-05T11:00:48+00:00 RUN_END S2067 OOS net=65671.0 dd=3.5599 sca2_n=135 sca2_net=-787648 63.5s
2026-09-05T11:00:48+00:00 RUN_START S2068 OOS [S08_window_x_rr]
2026-09-05T11:01:51+00:00 RUN_END S2068 OOS net=76857.0 dd=2.9267 sca2_n=135 sca2_net=408721 63.6s
2026-09-05T11:01:51+00:00 RUN_START S2069 OOS [S08_window_x_rr]
2026-09-05T11:02:55+00:00 RUN_END S2069 OOS net=81339.0 dd=2.5387 sca2_n=135 sca2_net=888571 63.6s
2026-09-05T11:02:55+00:00 RUN_START S2070 OOS [S08_window_x_rr]
2026-09-05T11:03:59+00:00 RUN_END S2070 OOS net=72968.0 dd=3.0125 sca2_n=132 sca2_net=10194 63.6s
2026-09-05T11:03:59+00:00 MEASURE_END rows=140 ok=140 -> C:\Users\f\source\repos\mt5_backtester\ml\sca2\results.csv
