2026-09-02T14:52:35+00:00 SLEEP_SUPPRESSED
2026-09-02T14:52:35+00:00 RUN_START label=BASELINE window=IS terminal=PROD
2026-09-02T14:52:59+00:00 RUN_START label=PP0426 window=IS terminal=BT1
2026-09-02T14:54:44+00:00 RUN_END label=BASELINE window=IS net=411243.0 pb=217269 sca=193974 elapsed=128.5s
2026-09-02T14:54:44+00:00 RUN_START label=PP0428 window=IS terminal=PROD
2026-09-02T14:55:48+00:00 RUN_END label=PP0426 window=IS net=430773.0 pb=217269 sca=213504 elapsed=169.6s
2026-09-02T14:55:48+00:00 RUN_START label=PP0430 window=IS terminal=BT1
2026-09-02T14:57:04+00:00 RUN_END label=PP0428 window=IS net=454790.0 pb=217269 sca=237521 elapsed=140.4s
2026-09-02T14:57:04+00:00 RUN_START label=PP0432 window=IS terminal=PROD
2026-09-02T14:58:13+00:00 RUN_END label=PP0430 window=IS net=429216.0 pb=217269 sca=211947 elapsed=144.9s
2026-09-02T14:58:13+00:00 RUN_START label=PP0436 window=IS terminal=BT1
2026-09-02T14:59:49+00:00 RUN_END label=PP0432 window=IS net=429216.0 pb=217269 sca=211947 elapsed=165.2s
2026-09-02T14:59:49+00:00 RUN_START label=BASELINE window=OOS terminal=PROD
2026-09-02T15:01:12+00:00 RUN_END label=PP0436 window=IS net=431517.0 pb=188594 sca=242923 elapsed=178.8s
2026-09-02T15:01:12+00:00 RUN_START label=PP0426 window=OOS terminal=BT1
2026-09-02T15:09:01+00:00 RUN_END label=BASELINE window=OOS net=45838.0 pb=4957 sca=40881 elapsed=551.5s
2026-09-02T15:09:01+00:00 RUN_START label=PP0428 window=OOS terminal=PROD
2026-09-02T15:11:23+00:00 RUN_END label=PP0426 window=OOS net=57875.0 pb=4957 sca=52918 elapsed=611.0s
2026-09-02T15:11:23+00:00 RUN_START label=PP0430 window=OOS terminal=BT1
2026-09-02T15:17:23+00:00 RUN_END label=PP0428 window=OOS net=55974.0 pb=4957 sca=51017 elapsed=502.1s
2026-09-02T15:17:23+00:00 RUN_START label=PP0432 window=OOS terminal=PROD
2026-09-02T15:19:39+00:00 RUN_END label=PP0430 window=OOS net=58905.0 pb=4957 sca=53948 elapsed=495.4s
2026-09-02T15:19:39+00:00 RUN_START label=PP0436 window=OOS terminal=BT1
2026-09-02T15:25:09+00:00 RUN_END label=PP0432 window=OOS net=56432.0 pb=4957 sca=51475 elapsed=466.0s
2026-09-02T15:28:09+00:00 RUN_END label=PP0436 window=OOS net=60265.0 pb=7925 sca=52340 elapsed=510.1s
2026-09-02T15:28:09+00:00 CONFIRM_END rows=12 -> C:\Users\f\source\repos\mt5_backtester\ml\pprot1\confirm_results.csv
