2026-09-04T01:52:46+00:00 EA_VERIFIED sha256=6C61494FDDF6194C8F2D73FC1F534F4F7BDF32D25B2175F74AF093D60DE93E65
2026-09-04T01:52:46+00:00 SLEEP_SUPPRESSED
2026-09-04T01:52:46+00:00 RUN_START label=BASELINE window=IS terminal=PROD
2026-09-04T01:53:11+00:00 RUN_START label=HX0039_RR175 window=IS terminal=BT1
2026-09-04T01:54:57+00:00 RUN_END label=BASELINE window=IS net=417882.0 pb=223397 sca=194485 elapsed=131.1s
2026-09-04T01:54:57+00:00 RUN_START label=EXT095 window=IS terminal=PROD
2026-09-04T01:55:25+00:00 RUN_END label=HX0039_RR175 window=IS net=421426.0 pb=223397 sca=198029 elapsed=133.8s
2026-09-04T01:55:25+00:00 RUN_START label=EXT100 window=IS terminal=BT1
2026-09-04T01:57:16+00:00 RUN_END label=EXT095 window=IS net=464022.0 pb=223397 sca=240625 elapsed=139.3s
2026-09-04T01:57:16+00:00 RUN_START label=EXT150 window=IS terminal=PROD
2026-09-04T01:57:44+00:00 RUN_END label=EXT100 window=IS net=461429.0 pb=223397 sca=238032 elapsed=138.8s
2026-09-04T01:57:44+00:00 RUN_START label=TPATR260 window=IS terminal=BT1
2026-09-04T01:59:25+00:00 RUN_END label=EXT150 window=IS net=435855.0 pb=223397 sca=212458 elapsed=129.0s
2026-09-04T01:59:25+00:00 RUN_START label=RR175_EXT150 window=IS terminal=PROD
2026-09-04T01:59:37+00:00 RUN_END label=TPATR260 window=IS net=435855.0 pb=223397 sca=212458 elapsed=113.8s
2026-09-04T01:59:37+00:00 RUN_START label=BASELINE window=OOS terminal=BT1
2026-09-04T02:01:50+00:00 RUN_END label=RR175_EXT150 window=IS net=435855.0 pb=223397 sca=212458 elapsed=144.3s
2026-09-04T02:01:50+00:00 RUN_START label=HX0039_RR175 window=OOS terminal=PROD
2026-09-04T02:08:32+00:00 RUN_END label=BASELINE window=OOS net=47340.0 pb=6163 sca=41177 elapsed=534.6s
2026-09-04T02:08:32+00:00 RUN_START label=EXT095 window=OOS terminal=BT1
2026-09-04T02:11:00+00:00 RUN_END label=HX0039_RR175 window=OOS net=49075.0 pb=6163 sca=42912 elapsed=550.8s
2026-09-04T02:11:00+00:00 RUN_START label=EXT100 window=OOS terminal=PROD
2026-09-04T02:18:43+00:00 RUN_END label=EXT095 window=OOS net=57187.0 pb=6163 sca=51024 elapsed=610.6s
2026-09-04T02:18:43+00:00 RUN_START label=EXT150 window=OOS terminal=BT1
2026-09-04T02:21:41+00:00 RUN_END label=EXT100 window=OOS net=57476.0 pb=6163 sca=51313 elapsed=641.0s
2026-09-04T02:21:41+00:00 RUN_START label=TPATR260 window=OOS terminal=PROD
2026-09-04T02:28:53+00:00 RUN_END label=EXT150 window=OOS net=60407.0 pb=6163 sca=54244 elapsed=610.3s
2026-09-04T02:28:53+00:00 RUN_START label=RR175_EXT150 window=OOS terminal=BT1
2026-09-04T02:31:02+00:00 RUN_END label=TPATR260 window=OOS net=56906.0 pb=6163 sca=50743 elapsed=560.8s
2026-09-04T02:36:43+00:00 RUN_END label=RR175_EXT150 window=OOS net=60696.0 pb=6163 sca=54533 elapsed=470.4s
2026-09-04T02:36:43+00:00 CONFIRM_END rows=14 -> C:\Users\f\source\repos\mt5_backtester\ml\scaexit2\confirm_results.csv
