2026-09-03T15:22:24+00:00 SLEEP_SUPPRESSED ドライバ稼働中はスリープしない（終了時に自動解除）
2026-09-03T15:22:24+00:00 EA_VERIFIED sha256=6C61494FDDF6194C8F2D73FC1F534F4F7BDF32D25B2175F74AF093D60DE93E65 terminals=PROD,BT1
2026-09-03T15:22:24+00:00 MEMORY_FREE_MB 18313 terminals=2
2026-09-03T15:22:24+00:00 BASELINE_IS {'net': 391947.0, 'pf': 2.1664, 'dd': 3.9221, 'trades': 301, 'pb': 199469.0, 'sca': 192478.0}
2026-09-03T15:22:24+00:00 BASELINE_OOS {'net': 41516.0, 'pf': 1.2651, 'dd': 2.0405, 'trades': 329, 'pb': 1471.0, 'sca': 40045.0}
2026-09-03T15:22:24+00:00 DRIVER_START proposals=4 already_done=0 terminals=2
2026-09-03T15:22:24+00:00 RUN_START id=HX0001 window=IS terminal=PROD family=H01_extend_fine
2026-09-03T15:22:49+00:00 RUN_START id=HX0002 window=IS terminal=BT1 family=H01_extend_fine
2026-09-03T15:24:24+00:00 RUN_END id=HX0001 window=IS decision=IS_CONCENTRATED elapsed=119.344s
2026-09-03T15:24:24+00:00 GATE_SKIP id=HX0001 window=OOS reason=IS_NOT_SURVIVOR decision=IS_CONCENTRATED
2026-09-03T15:24:24+00:00 RUN_START id=HX0003 window=IS terminal=PROD family=H01_extend_fine
2026-09-03T15:24:44+00:00 RUN_END id=HX0002 window=IS decision=IS_CONCENTRATED elapsed=113.755s
2026-09-03T15:24:44+00:00 GATE_SKIP id=HX0002 window=OOS reason=IS_NOT_SURVIVOR decision=IS_CONCENTRATED
2026-09-03T15:24:44+00:00 RUN_START id=HX0004 window=IS terminal=BT1 family=H01_extend_fine
2026-09-03T15:26:18+00:00 RUN_END id=HX0003 window=IS decision=IS_CONCENTRATED elapsed=114.028s
2026-09-03T15:26:18+00:00 GATE_SKIP id=HX0003 window=OOS reason=IS_NOT_SURVIVOR decision=IS_CONCENTRATED
2026-09-03T15:26:33+00:00 RUN_END id=HX0004 window=IS decision=IS_CONCENTRATED elapsed=108.777s
2026-09-03T15:26:33+00:00 GATE_SKIP id=HX0004 window=OOS reason=IS_NOT_SURVIVOR decision=IS_CONCENTRATED
2026-09-03T15:26:33+00:00 DRIVER_END status=OK
2026-09-03T15:28:09+00:00 SLEEP_SUPPRESSED ドライバ稼働中はスリープしない（終了時に自動解除）
2026-09-03T15:28:09+00:00 EA_VERIFIED sha256=6C61494FDDF6194C8F2D73FC1F534F4F7BDF32D25B2175F74AF093D60DE93E65 terminals=PROD,BT1
2026-09-03T15:28:10+00:00 MEMORY_FREE_MB 18953 terminals=2
2026-09-03T15:28:10+00:00 BASELINE_IS {'net': 391947.0, 'pf': 2.1664, 'dd': 3.9221, 'trades': 301, 'pb': 199469.0, 'sca': 192478.0}
2026-09-03T15:28:10+00:00 BASELINE_OOS {'net': 41516.0, 'pf': 1.2651, 'dd': 2.0405, 'trades': 329, 'pb': 1471.0, 'sca': 40045.0}
2026-09-03T15:28:10+00:00 DRIVER_START proposals=103 already_done=0 terminals=2
2026-09-03T15:28:10+00:00 RUN_START id=HX0001 window=IS terminal=PROD family=H01_extend_fine
2026-09-03T15:28:35+00:00 RUN_START id=HX0002 window=IS terminal=BT1 family=H01_extend_fine
2026-09-03T15:30:44+00:00 RUN_END id=HX0001 window=IS decision=IS_SURVIVOR_CONCENTRATED elapsed=154.325s
2026-09-03T15:30:44+00:00 RUN_START id=HX0001 window=OOS terminal=PROD family=H01_extend_fine
2026-09-03T15:31:09+00:00 RUN_END id=HX0002 window=IS decision=IS_SURVIVOR_CONCENTRATED elapsed=153.992s
2026-09-03T15:31:09+00:00 RUN_START id=HX0002 window=OOS terminal=BT1 family=H01_extend_fine
2026-09-03T15:42:31+00:00 RUN_END id=HX0001 window=OOS decision=ADOPT_CANDIDATE elapsed=706.359s
2026-09-03T15:42:31+00:00 RUN_START id=HX0003 window=IS terminal=PROD family=H01_extend_fine
2026-09-03T15:42:45+00:00 RUN_END id=HX0002 window=OOS decision=ADOPT_CANDIDATE elapsed=695.189s
2026-09-03T15:42:45+00:00 RUN_START id=HX0004 window=IS terminal=BT1 family=H01_extend_fine
2026-09-03T15:45:39+00:00 RUN_END id=HX0003 window=IS decision=IS_SURVIVOR_CONCENTRATED elapsed=187.085s
2026-09-03T15:45:39+00:00 RUN_START id=HX0003 window=OOS terminal=PROD family=H01_extend_fine
2026-09-03T15:45:44+00:00 RUN_END id=HX0004 window=IS decision=IS_SURVIVOR_CONCENTRATED elapsed=178.844s
2026-09-03T15:45:44+00:00 RUN_START id=HX0004 window=OOS terminal=BT1 family=H01_extend_fine
2026-09-03T15:56:16+00:00 RUN_END id=HX0003 window=OOS decision=ADOPT_CANDIDATE elapsed=636.999s
2026-09-03T15:56:16+00:00 RUN_START id=HX0005 window=IS terminal=PROD family=H01_extend_fine
2026-09-03T15:57:20+00:00 RUN_END id=HX0004 window=OOS decision=ADOPT_CANDIDATE elapsed=695.467s
2026-09-03T15:57:20+00:00 RUN_START id=HX0006 window=IS terminal=BT1 family=H01_extend_fine
2026-09-03T15:59:06+00:00 RUN_END id=HX0005 window=IS decision=IS_SURVIVOR_CONCENTRATED elapsed=169.615s
2026-09-03T15:59:06+00:00 RUN_START id=HX0005 window=OOS terminal=PROD family=H01_extend_fine
2026-09-03T16:00:04+00:00 RUN_END id=HX0006 window=IS decision=IS_SURVIVOR_CONCENTRATED elapsed=164.032s
2026-09-03T16:00:04+00:00 RUN_START id=HX0006 window=OOS terminal=BT1 family=H01_extend_fine
2026-09-03T16:10:42+00:00 RUN_END id=HX0005 window=OOS decision=ADOPT_CANDIDATE elapsed=695.879s
2026-09-03T16:10:42+00:00 RUN_START id=HX0007 window=IS terminal=PROD family=H01_extend_fine
2026-09-03T16:12:39+00:00 RUN_END id=HX0006 window=OOS decision=ADOPT_CANDIDATE elapsed=755.189s
2026-09-03T16:12:39+00:00 RUN_START id=HX0008 window=IS terminal=BT1 family=H01_extend_fine
2026-09-03T16:13:32+00:00 RUN_END id=HX0007 window=IS decision=IS_SURVIVOR_CONCENTRATED elapsed=169.319s
2026-09-03T16:13:32+00:00 RUN_START id=HX0007 window=OOS terminal=PROD family=H01_extend_fine
2026-09-03T16:15:18+00:00 RUN_END id=HX0008 window=IS decision=IS_SURVIVOR_CONCENTRATED elapsed=158.715s
2026-09-03T16:15:18+00:00 RUN_START id=HX0008 window=OOS terminal=BT1 family=H01_extend_fine
2026-09-03T16:25:18+00:00 RUN_END id=HX0007 window=OOS decision=ADOPT_CANDIDATE elapsed=705.873s
2026-09-03T16:25:18+00:00 RUN_START id=HX0009 window=IS terminal=PROD family=H01_extend_fine
2026-09-03T16:27:54+00:00 RUN_END id=HX0008 window=OOS decision=ADOPT_CANDIDATE elapsed=755.343s
2026-09-03T16:27:54+00:00 RUN_START id=HX0010 window=IS terminal=BT1 family=H01_extend_fine
2026-09-03T16:28:08+00:00 RUN_END id=HX0009 window=IS decision=IS_SURVIVOR_CONCENTRATED elapsed=169.678s
2026-09-03T16:28:08+00:00 RUN_START id=HX0009 window=OOS terminal=PROD family=H01_extend_fine
2026-09-03T16:30:33+00:00 RUN_END id=HX0010 window=IS decision=IS_SURVIVOR_CONCENTRATED elapsed=158.826s
2026-09-03T16:30:33+00:00 RUN_START id=HX0010 window=OOS terminal=BT1 family=H01_extend_fine
2026-09-03T16:39:40+00:00 RUN_END id=HX0009 window=OOS decision=ADOPT_CANDIDATE elapsed=690.897s
2026-09-03T16:39:40+00:00 RUN_START id=HX0011 window=IS terminal=PROD family=H01_extend_fine
2026-09-03T16:42:40+00:00 RUN_END id=HX0011 window=IS decision=IS_SURVIVOR_CONCENTRATED elapsed=179.464s
2026-09-03T16:42:40+00:00 RUN_START id=HX0011 window=OOS terminal=PROD family=H01_extend_fine
2026-09-03T16:43:04+00:00 RUN_END id=HX0010 window=OOS decision=ADOPT_CANDIDATE elapsed=750.304s
2026-09-03T16:43:04+00:00 RUN_START id=HX0012 window=IS terminal=BT1 family=H01_extend_fine
2026-09-03T16:45:53+00:00 RUN_END id=HX0012 window=IS decision=IS_SURVIVOR_CONCENTRATED elapsed=168.728s
2026-09-03T16:45:53+00:00 RUN_START id=HX0012 window=OOS terminal=BT1 family=H01_extend_fine
2026-09-03T16:54:21+00:00 RUN_END id=HX0011 window=OOS decision=ADOPT_CANDIDATE elapsed=701.089s
2026-09-03T16:54:21+00:00 RUN_START id=HX0013 window=IS terminal=PROD family=H01_extend_fine
2026-09-03T16:57:16+00:00 RUN_END id=HX0013 window=IS decision=IS_SURVIVOR_CONCENTRATED elapsed=174.395s
2026-09-03T16:57:16+00:00 RUN_START id=HX0013 window=OOS terminal=PROD family=H01_extend_fine
2026-09-03T16:57:59+00:00 RUN_END id=HX0012 window=OOS decision=ADOPT_CANDIDATE elapsed=725.444s
2026-09-03T16:57:59+00:00 RUN_START id=HX0014 window=IS terminal=BT1 family=H01_extend_fine
2026-09-03T17:00:48+00:00 RUN_END id=HX0014 window=IS decision=IS_SURVIVOR_CONCENTRATED elapsed=169.12s
2026-09-03T17:00:48+00:00 RUN_START id=HX0014 window=OOS terminal=BT1 family=H01_extend_fine
2026-09-03T17:09:08+00:00 RUN_END id=HX0013 window=OOS decision=ADOPT_CANDIDATE elapsed=711.295s
2026-09-03T17:09:08+00:00 RUN_START id=HX0015 window=IS terminal=PROD family=H01_extend_fine
2026-09-03T17:12:07+00:00 RUN_END id=HX0015 window=IS decision=IS_SURVIVOR_CONCENTRATED elapsed=179.465s
2026-09-03T17:12:07+00:00 RUN_START id=HX0015 window=OOS terminal=PROD family=H01_extend_fine
2026-09-03T17:13:14+00:00 RUN_END id=HX0014 window=OOS decision=ADOPT_CANDIDATE_CONCENTRATED elapsed=745.351s
2026-09-03T17:13:14+00:00 RUN_START id=HX0016 window=IS terminal=BT1 family=H01_extend_fine
2026-09-03T17:16:08+00:00 RUN_END id=HX0016 window=IS decision=IS_SURVIVOR_CONCENTRATED elapsed=173.949s
2026-09-03T17:16:08+00:00 RUN_START id=HX0016 window=OOS terminal=BT1 family=H01_extend_fine
2026-09-03T17:24:04+00:00 RUN_END id=HX0015 window=OOS decision=ADOPT_CANDIDATE_CONCENTRATED elapsed=716.147s
2026-09-03T17:24:04+00:00 RUN_START id=HX0017 window=IS terminal=PROD family=H01_extend_fine
2026-09-03T17:27:04+00:00 RUN_END id=HX0017 window=IS decision=IS_SURVIVOR_CONCENTRATED elapsed=179.454s
2026-09-03T17:27:04+00:00 RUN_START id=HX0017 window=OOS terminal=PROD family=H01_extend_fine
2026-09-03T17:28:29+00:00 RUN_END id=HX0016 window=OOS decision=ADOPT_CANDIDATE_CONCENTRATED elapsed=740.244s
2026-09-03T17:28:29+00:00 RUN_START id=HX0018 window=IS terminal=BT1 family=H01_extend_fine
2026-09-03T17:31:28+00:00 RUN_END id=HX0018 window=IS decision=IS_SURVIVOR_CONCENTRATED elapsed=179.149s
2026-09-03T17:31:28+00:00 RUN_START id=HX0018 window=OOS terminal=BT1 family=H01_extend_fine
2026-09-03T17:39:05+00:00 RUN_END id=HX0017 window=OOS decision=ADOPT_CANDIDATE_CONCENTRATED elapsed=721.272s
2026-09-03T17:39:05+00:00 RUN_START id=HX0019 window=IS terminal=PROD family=H01_extend_fine
2026-09-03T17:42:05+00:00 RUN_END id=HX0019 window=IS decision=IS_SURVIVOR_CONCENTRATED elapsed=179.473s
2026-09-03T17:42:05+00:00 RUN_START id=HX0019 window=OOS terminal=PROD family=H01_extend_fine
2026-09-03T17:43:39+00:00 RUN_END id=HX0018 window=OOS decision=ADOPT_CANDIDATE_CONCENTRATED elapsed=730.401s
2026-09-03T17:43:39+00:00 RUN_START id=HX0020 window=IS terminal=BT1 family=H01_extend_fine
2026-09-03T17:46:39+00:00 RUN_END id=HX0020 window=IS decision=IS_SURVIVOR_CONCENTRATED elapsed=179.047s
2026-09-03T17:46:39+00:00 RUN_START id=HX0020 window=OOS terminal=BT1 family=H01_extend_fine
2026-09-03T17:54:07+00:00 RUN_END id=HX0019 window=OOS decision=ADOPT_CANDIDATE_CONCENTRATED elapsed=721.428s
2026-09-03T17:54:07+00:00 RUN_START id=HX0021 window=IS terminal=PROD family=H01_extend_fine
2026-09-03T17:57:07+00:00 RUN_END id=HX0021 window=IS decision=IS_SURVIVOR_CONCENTRATED elapsed=179.481s
2026-09-03T17:57:07+00:00 RUN_START id=HX0021 window=OOS terminal=PROD family=H01_extend_fine
2026-09-03T17:58:54+00:00 RUN_END id=HX0020 window=OOS decision=ADOPT_CANDIDATE_CONCENTRATED elapsed=735.303s
2026-09-03T17:58:54+00:00 RUN_START id=BASELINE window=IS terminal=BT1 family=baseline
2026-09-03T18:01:24+00:00 REBASE window=IS net=391947 pb=199469 sca=192478 前回比=+0.00%
2026-09-03T18:01:24+00:00 RUN_START id=BASELINE window=OOS terminal=BT1 family=baseline
2026-09-03T18:09:14+00:00 RUN_END id=HX0021 window=OOS decision=ADOPT_CANDIDATE_CONCENTRATED elapsed=726.351s
2026-09-03T18:09:14+00:00 RUN_START id=HX0022 window=IS terminal=PROD family=H02_tp_atr_fine
2026-09-03T18:11:48+00:00 RUN_END id=HX0022 window=IS decision=IS_SURVIVOR_CONCENTRATED elapsed=154.296s
2026-09-03T18:11:48+00:00 RUN_START id=HX0022 window=OOS terminal=PROD family=H02_tp_atr_fine
2026-09-03T18:12:24+00:00 REBASE window=OOS net=41516 pb=1471 sca=40045 前回比=+0.00%
2026-09-03T18:12:24+00:00 RUN_START id=HX0023 window=IS terminal=BT1 family=H02_tp_atr_fine
2026-09-03T18:14:53+00:00 RUN_END id=HX0023 window=IS decision=IS_SURVIVOR_CONCENTRATED elapsed=148.699s
2026-09-03T18:14:53+00:00 RUN_START id=HX0023 window=OOS terminal=BT1 family=H02_tp_atr_fine
2026-09-03T18:22:15+00:00 RUN_END id=HX0022 window=OOS decision=ADOPT_CANDIDATE elapsed=625.908s
2026-09-03T18:22:15+00:00 RUN_START id=HX0024 window=IS terminal=PROD family=H02_tp_atr_fine
2026-09-03T18:24:50+00:00 RUN_END id=HX0024 window=IS decision=IS_SURVIVOR_CONCENTRATED elapsed=154.741s
2026-09-03T18:24:50+00:00 RUN_START id=HX0024 window=OOS terminal=PROD family=H02_tp_atr_fine
2026-09-03T18:25:34+00:00 RUN_END id=HX0023 window=OOS decision=ADOPT_CANDIDATE elapsed=640.064s
2026-09-03T18:25:34+00:00 RUN_START id=HX0025 window=IS terminal=BT1 family=H02_tp_atr_fine
2026-09-03T18:27:58+00:00 RUN_END id=HX0025 window=IS decision=IS_SURVIVOR_CONCENTRATED elapsed=144.179s
2026-09-03T18:27:58+00:00 RUN_START id=HX0025 window=OOS terminal=BT1 family=H02_tp_atr_fine
2026-09-03T18:35:21+00:00 RUN_END id=HX0024 window=OOS decision=ADOPT_CANDIDATE elapsed=631.088s
2026-09-03T18:35:21+00:00 RUN_START id=HX0026 window=IS terminal=PROD family=H02_tp_atr_fine
2026-09-03T18:37:56+00:00 RUN_END id=HX0026 window=IS decision=IS_SURVIVOR_CONCENTRATED elapsed=154.547s
2026-09-03T18:37:56+00:00 RUN_START id=HX0026 window=OOS terminal=PROD family=H02_tp_atr_fine
2026-09-03T18:38:44+00:00 RUN_END id=HX0025 window=OOS decision=ADOPT_CANDIDATE elapsed=645.209s
2026-09-03T18:38:44+00:00 RUN_START id=HX0027 window=IS terminal=BT1 family=H02_tp_atr_fine
2026-09-03T18:41:13+00:00 RUN_END id=HX0027 window=IS decision=IS_SURVIVOR_CONCENTRATED elapsed=149.237s
2026-09-03T18:41:13+00:00 RUN_START id=HX0027 window=OOS terminal=BT1 family=H02_tp_atr_fine
2026-09-03T18:48:38+00:00 RUN_END id=HX0026 window=OOS decision=ADOPT_CANDIDATE elapsed=641.017s
2026-09-03T18:48:38+00:00 RUN_START id=HX0028 window=IS terminal=PROD family=H02_tp_atr_fine
2026-09-03T18:51:13+00:00 RUN_END id=HX0028 window=IS decision=IS_SURVIVOR_CONCENTRATED elapsed=154.812s
2026-09-03T18:51:13+00:00 RUN_START id=HX0028 window=OOS terminal=PROD family=H02_tp_atr_fine
2026-09-03T18:51:59+00:00 RUN_END id=HX0027 window=OOS decision=ADOPT_CANDIDATE elapsed=645.302s
2026-09-03T18:51:59+00:00 RUN_START id=HX0029 window=IS terminal=BT1 family=H02_tp_atr_fine
2026-09-03T18:54:28+00:00 RUN_END id=HX0029 window=IS decision=IS_SURVIVOR_CONCENTRATED elapsed=148.972s
2026-09-03T18:54:28+00:00 RUN_START id=HX0029 window=OOS terminal=BT1 family=H02_tp_atr_fine
2026-09-03T19:01:54+00:00 RUN_END id=HX0028 window=OOS decision=ADOPT_CANDIDATE elapsed=641.035s
2026-09-03T19:01:54+00:00 RUN_START id=HX0030 window=IS terminal=PROD family=H02_tp_atr_fine
2026-09-03T19:04:30+00:00 RUN_END id=HX0030 window=IS decision=IS_SURVIVOR_CONCENTRATED elapsed=155.015s
2026-09-03T19:04:30+00:00 RUN_START id=HX0030 window=OOS terminal=PROD family=H02_tp_atr_fine
2026-09-03T19:05:19+00:00 RUN_END id=HX0029 window=OOS decision=ADOPT_CANDIDATE elapsed=650.236s
2026-09-03T19:05:19+00:00 RUN_START id=HX0031 window=IS terminal=BT1 family=H02_tp_atr_fine
2026-09-03T19:07:48+00:00 RUN_END id=HX0031 window=IS decision=IS_SURVIVOR_CONCENTRATED elapsed=148.971s
2026-09-03T19:07:48+00:00 RUN_START id=HX0031 window=OOS terminal=BT1 family=H02_tp_atr_fine
2026-09-03T19:15:16+00:00 RUN_END id=HX0030 window=OOS decision=ADOPT_CANDIDATE elapsed=646.186s
2026-09-03T19:15:16+00:00 RUN_START id=HX0032 window=IS terminal=PROD family=H02_tp_atr_fine
2026-09-03T19:17:56+00:00 RUN_END id=HX0032 window=IS decision=IS_SURVIVOR_CONCENTRATED elapsed=159.243s
2026-09-03T19:17:56+00:00 RUN_START id=HX0032 window=OOS terminal=PROD family=H02_tp_atr_fine
2026-09-03T19:18:39+00:00 RUN_END id=HX0031 window=OOS decision=ADOPT_CANDIDATE elapsed=650.166s
2026-09-03T19:18:39+00:00 RUN_START id=HX0033 window=IS terminal=BT1 family=H02_tp_atr_fine
2026-09-03T19:21:08+00:00 RUN_END id=HX0033 window=IS decision=IS_SURVIVOR_CONCENTRATED elapsed=148.923s
2026-09-03T19:21:08+00:00 RUN_START id=HX0033 window=OOS terminal=BT1 family=H02_tp_atr_fine
2026-09-03T19:28:37+00:00 RUN_END id=HX0032 window=OOS decision=ADOPT_CANDIDATE elapsed=640.886s
2026-09-03T19:28:37+00:00 RUN_START id=HX0034 window=IS terminal=PROD family=H02_tp_atr_fine
2026-09-03T19:31:12+00:00 RUN_END id=HX0034 window=IS decision=IS_SURVIVOR_CONCENTRATED elapsed=154.603s
2026-09-03T19:31:12+00:00 RUN_START id=HX0034 window=OOS terminal=PROD family=H02_tp_atr_fine
2026-09-03T19:32:03+00:00 RUN_END id=HX0033 window=OOS decision=ADOPT_CANDIDATE elapsed=655.115s
2026-09-03T19:32:03+00:00 RUN_START id=HX0035 window=IS terminal=BT1 family=H03_rr_fine
2026-09-03T19:34:33+00:00 RUN_END id=HX0035 window=IS decision=IS_REJECT elapsed=149.016s
2026-09-03T19:34:33+00:00 GATE_SKIP id=HX0035 window=OOS reason=IS_NOT_SURVIVOR decision=IS_REJECT
2026-09-03T19:34:33+00:00 RUN_START id=HX0036 window=IS terminal=BT1 family=H03_rr_fine
2026-09-03T19:37:07+00:00 RUN_END id=HX0036 window=IS decision=IS_REJECT elapsed=154.118s
2026-09-03T19:37:07+00:00 GATE_SKIP id=HX0036 window=OOS reason=IS_NOT_SURVIVOR decision=IS_REJECT
2026-09-03T19:37:07+00:00 RUN_START id=HX0037 window=IS terminal=BT1 family=H03_rr_fine
2026-09-03T19:39:42+00:00 RUN_END id=HX0037 window=IS decision=IS_NOISE_BAND elapsed=154.103s
2026-09-03T19:39:42+00:00 GATE_SKIP id=HX0037 window=OOS reason=IS_NOT_SURVIVOR decision=IS_NOISE_BAND
2026-09-03T19:39:42+00:00 RUN_START id=HX0038 window=IS terminal=BT1 family=H03_rr_fine
2026-09-03T19:41:44+00:00 RUN_END id=HX0034 window=OOS decision=ADOPT_CANDIDATE elapsed=631.008s
2026-09-03T19:41:44+00:00 RUN_START id=HX0039 window=IS terminal=PROD family=H03_rr_fine
2026-09-03T19:42:06+00:00 RUN_END id=HX0038 window=IS decision=IS_SURVIVOR_PROFIT elapsed=144.004s
2026-09-03T19:42:06+00:00 RUN_START id=HX0038 window=OOS terminal=BT1 family=H03_rr_fine
2026-09-03T19:43:58+00:00 RUN_END id=HX0039 window=IS decision=IS_SURVIVOR_PROFIT elapsed=134.355s
2026-09-03T19:43:58+00:00 RUN_START id=HX0039 window=OOS terminal=PROD family=H03_rr_fine
2026-09-03T19:52:16+00:00 RUN_END id=HX0038 window=OOS decision=ADOPT_CANDIDATE_CONCENTRATED elapsed=609.706s
2026-09-03T19:52:16+00:00 RUN_START id=HX0040 window=IS terminal=BT1 family=H03_rr_fine
2026-09-03T19:54:46+00:00 RUN_END id=HX0040 window=IS decision=IS_REJECT elapsed=149.403s
2026-09-03T19:54:46+00:00 GATE_SKIP id=HX0040 window=OOS reason=IS_NOT_SURVIVOR decision=IS_REJECT
2026-09-03T19:54:46+00:00 RUN_START id=HX0041 window=IS terminal=BT1 family=H03_rr_fine
2026-09-03T19:55:00+00:00 RUN_END id=HX0039 window=OOS decision=ADOPT_CANDIDATE elapsed=661.081s
2026-09-03T19:55:00+00:00 RUN_START id=HX0042 window=IS terminal=PROD family=H03_rr_fine
2026-09-03T19:57:15+00:00 RUN_END id=HX0041 window=IS decision=IS_NOISE_BAND elapsed=148.987s
2026-09-03T19:57:15+00:00 GATE_SKIP id=HX0041 window=OOS reason=IS_NOT_SURVIVOR decision=IS_NOISE_BAND
2026-09-03T19:57:15+00:00 RUN_START id=HX0043 window=IS terminal=BT1 family=H03_rr_fine
2026-09-03T19:57:29+00:00 RUN_END id=HX0042 window=IS decision=IS_NOISE_BAND elapsed=148.988s
2026-09-03T19:57:29+00:00 GATE_SKIP id=HX0042 window=OOS reason=IS_NOT_SURVIVOR decision=IS_NOISE_BAND
2026-09-03T19:57:29+00:00 RUN_START id=HX0044 window=IS terminal=PROD family=H03_rr_fine
2026-09-03T19:59:44+00:00 RUN_END id=HX0043 window=IS decision=IS_NOISE_BAND elapsed=148.746s
2026-09-03T19:59:44+00:00 GATE_SKIP id=HX0043 window=OOS reason=IS_NOT_SURVIVOR decision=IS_NOISE_BAND
2026-09-03T19:59:44+00:00 RUN_START id=HX0045 window=IS terminal=BT1 family=H03_rr_fine
2026-09-03T19:59:58+00:00 RUN_END id=HX0044 window=IS decision=IS_SURVIVOR_CONCENTRATED elapsed=148.882s
2026-09-03T19:59:58+00:00 RUN_START id=HX0044 window=OOS terminal=PROD family=H03_rr_fine
2026-09-03T20:01:58+00:00 RUN_END id=HX0045 window=IS decision=IS_SURVIVOR_CONCENTRATED elapsed=133.783s
2026-09-03T20:01:58+00:00 RUN_START id=HX0045 window=OOS terminal=BT1 family=H03_rr_fine
2026-09-03T20:10:14+00:00 RUN_END id=HX0044 window=OOS decision=ADOPT_CANDIDATE elapsed=615.711s
2026-09-03T20:10:14+00:00 RUN_START id=HX0046 window=IS terminal=PROD family=H03_rr_fine
2026-09-03T20:12:49+00:00 RUN_END id=HX0046 window=IS decision=IS_SURVIVOR_CONCENTRATED elapsed=154.337s
2026-09-03T20:12:49+00:00 RUN_START id=HX0046 window=OOS terminal=PROD family=H03_rr_fine
2026-09-03T20:12:59+00:00 RUN_END id=HX0045 window=OOS decision=ADOPT_CANDIDATE elapsed=660.053s
2026-09-03T20:12:59+00:00 RUN_START id=HX0047 window=IS terminal=BT1 family=H03_rr_fine
2026-09-03T20:15:23+00:00 RUN_END id=HX0047 window=IS decision=IS_SURVIVOR_CONCENTRATED elapsed=143.932s
2026-09-03T20:15:23+00:00 RUN_START id=HX0047 window=OOS terminal=BT1 family=H03_rr_fine
2026-09-03T20:23:05+00:00 RUN_END id=HX0046 window=OOS decision=ADOPT_CANDIDATE elapsed=615.723s
2026-09-03T20:23:05+00:00 RUN_START id=HX0048 window=IS terminal=PROD family=H03_rr_fine
2026-09-03T20:25:40+00:00 RUN_END id=HX0048 window=IS decision=IS_SURVIVOR_CONCENTRATED elapsed=154.494s
2026-09-03T20:25:40+00:00 RUN_START id=HX0048 window=OOS terminal=PROD family=H03_rr_fine
2026-09-03T20:26:14+00:00 RUN_END id=HX0047 window=OOS decision=ADOPT_CANDIDATE elapsed=650.061s
2026-09-03T20:26:14+00:00 RUN_START id=BASELINE window=IS terminal=BT1 family=baseline
2026-09-03T20:28:43+00:00 REBASE window=IS net=417882 pb=223397 sca=194485 前回比=+6.62%
2026-09-03T20:28:43+00:00 RUN_START id=BASELINE window=OOS terminal=BT1 family=baseline
2026-09-03T20:36:06+00:00 RUN_END id=HX0048 window=OOS decision=ADOPT_CANDIDATE elapsed=625.944s
2026-09-03T20:36:06+00:00 RUN_START id=HX0049 window=IS terminal=PROD family=H03_rr_fine
2026-09-03T20:38:41+00:00 RUN_END id=HX0049 window=IS decision=IS_SURVIVOR_CONCENTRATED elapsed=154.512s
2026-09-03T20:38:41+00:00 RUN_START id=HX0049 window=OOS terminal=PROD family=H03_rr_fine
2026-09-03T20:39:38+00:00 REBASE window=OOS net=47340 pb=6163 sca=41177 前回比=+14.03%
2026-09-03T20:39:38+00:00 RUN_START id=HX0050 window=IS terminal=BT1 family=H03_rr_fine
2026-09-03T20:42:08+00:00 RUN_END id=HX0050 window=IS decision=IS_SURVIVOR_CONCENTRATED elapsed=149.076s
2026-09-03T20:42:08+00:00 RUN_START id=HX0050 window=OOS terminal=BT1 family=H03_rr_fine
2026-09-03T20:49:13+00:00 RUN_END id=HX0049 window=OOS decision=ADOPT_CANDIDATE elapsed=631.044s
2026-09-03T20:49:13+00:00 RUN_START id=HX0051 window=IS terminal=PROD family=H03_rr_fine
2026-09-03T20:51:47+00:00 RUN_END id=HX0051 window=IS decision=IS_SURVIVOR_CONCENTRATED elapsed=154.452s
2026-09-03T20:51:47+00:00 RUN_START id=HX0051 window=OOS terminal=PROD family=H03_rr_fine
2026-09-03T20:52:58+00:00 RUN_END id=HX0050 window=OOS decision=ADOPT_CANDIDATE elapsed=650.124s
2026-09-03T20:52:58+00:00 RUN_START id=HX0052 window=IS terminal=BT1 family=H03_rr_fine
2026-09-03T20:55:28+00:00 RUN_END id=HX0052 window=IS decision=IS_SURVIVOR_CONCENTRATED elapsed=148.994s
2026-09-03T20:55:28+00:00 RUN_START id=HX0052 window=OOS terminal=BT1 family=H03_rr_fine
2026-09-03T21:02:24+00:00 RUN_END id=HX0051 window=OOS decision=ADOPT_CANDIDATE elapsed=636.024s
2026-09-03T21:02:24+00:00 RUN_START id=HX0053 window=IS terminal=PROD family=H03_rr_fine
2026-09-03T21:04:58+00:00 RUN_END id=HX0053 window=IS decision=IS_SURVIVOR_CONCENTRATED elapsed=154.282s
2026-09-03T21:04:58+00:00 RUN_START id=HX0053 window=OOS terminal=PROD family=H03_rr_fine
2026-09-03T21:06:13+00:00 RUN_END id=HX0052 window=OOS decision=ADOPT_CANDIDATE elapsed=645.125s
2026-09-03T21:06:13+00:00 RUN_START id=HX0054 window=IS terminal=BT1 family=H03_rr_fine
2026-09-03T21:08:47+00:00 RUN_END id=HX0054 window=IS decision=IS_SURVIVOR_CONCENTRATED elapsed=153.946s
2026-09-03T21:08:47+00:00 RUN_START id=HX0054 window=OOS terminal=BT1 family=H03_rr_fine
2026-09-03T21:15:30+00:00 RUN_END id=HX0053 window=OOS decision=ADOPT_CANDIDATE elapsed=630.869s
2026-09-03T21:15:30+00:00 RUN_START id=HX0055 window=IS terminal=PROD family=H03_rr_fine
2026-09-03T21:18:05+00:00 RUN_END id=HX0055 window=IS decision=IS_SURVIVOR_CONCENTRATED elapsed=154.397s
2026-09-03T21:18:05+00:00 RUN_START id=HX0055 window=OOS terminal=PROD family=H03_rr_fine
2026-09-03T21:19:38+00:00 RUN_END id=HX0054 window=OOS decision=ADOPT_CANDIDATE elapsed=650.085s
2026-09-03T21:19:38+00:00 RUN_START id=HX0056 window=IS terminal=BT1 family=H03_rr_fine
2026-09-03T21:22:12+00:00 RUN_END id=HX0056 window=IS decision=IS_SURVIVOR_CONCENTRATED elapsed=153.948s
2026-09-03T21:22:12+00:00 RUN_START id=HX0056 window=OOS terminal=BT1 family=H03_rr_fine
2026-09-03T21:28:41+00:00 RUN_END id=HX0055 window=OOS decision=ADOPT_CANDIDATE elapsed=635.899s
2026-09-03T21:28:41+00:00 RUN_START id=HX0057 window=IS terminal=PROD family=H04_extend_x_rr
2026-09-03T21:31:35+00:00 RUN_END id=HX0057 window=IS decision=IS_SURVIVOR_CONCENTRATED elapsed=174.277s
2026-09-03T21:31:35+00:00 RUN_START id=HX0057 window=OOS terminal=PROD family=H04_extend_x_rr
2026-09-03T21:33:03+00:00 RUN_END id=HX0056 window=OOS decision=ADOPT_CANDIDATE elapsed=650.042s
2026-09-03T21:33:03+00:00 RUN_START id=HX0058 window=IS terminal=BT1 family=H04_extend_x_rr
2026-09-03T21:35:57+00:00 RUN_END id=HX0058 window=IS decision=IS_SURVIVOR_CONCENTRATED elapsed=174.259s
2026-09-03T21:35:57+00:00 RUN_START id=HX0058 window=OOS terminal=BT1 family=H04_extend_x_rr
2026-09-03T21:43:47+00:00 RUN_END id=HX0057 window=OOS decision=ADOPT_CANDIDATE elapsed=731.342s
2026-09-03T21:43:47+00:00 RUN_START id=HX0059 window=IS terminal=PROD family=H04_extend_x_rr
2026-09-03T21:46:52+00:00 RUN_END id=HX0059 window=IS decision=IS_SURVIVOR_CONCENTRATED elapsed=184.463s
2026-09-03T21:46:52+00:00 RUN_START id=HX0059 window=OOS terminal=PROD family=H04_extend_x_rr
2026-09-03T21:48:08+00:00 RUN_END id=HX0058 window=OOS decision=ADOPT_CANDIDATE elapsed=730.337s
2026-09-03T21:48:08+00:00 RUN_START id=HX0060 window=IS terminal=BT1 family=H04_extend_x_rr
2026-09-03T21:50:57+00:00 RUN_END id=HX0060 window=IS decision=IS_SURVIVOR_CONCENTRATED elapsed=169.077s
2026-09-03T21:50:57+00:00 RUN_START id=HX0060 window=OOS terminal=BT1 family=H04_extend_x_rr
2026-09-03T21:59:09+00:00 RUN_END id=HX0059 window=OOS decision=ADOPT_CANDIDATE elapsed=736.523s
2026-09-03T21:59:09+00:00 RUN_START id=HX0061 window=IS terminal=PROD family=H04_extend_x_rr
2026-09-03T22:02:09+00:00 RUN_END id=HX0061 window=IS decision=IS_SURVIVOR_CONCENTRATED elapsed=179.762s
2026-09-03T22:02:09+00:00 RUN_START id=HX0061 window=OOS terminal=PROD family=H04_extend_x_rr
2026-09-03T22:03:33+00:00 RUN_END id=HX0060 window=OOS decision=ADOPT_CANDIDATE elapsed=755.412s
2026-09-03T22:03:33+00:00 RUN_START id=HX0062 window=IS terminal=BT1 family=H04_extend_x_rr
2026-09-03T22:06:28+00:00 RUN_END id=HX0062 window=IS decision=IS_SURVIVOR_CONCENTRATED elapsed=174.137s
2026-09-03T22:06:28+00:00 RUN_START id=HX0062 window=OOS terminal=BT1 family=H04_extend_x_rr
2026-09-03T22:14:27+00:00 RUN_END id=HX0061 window=OOS decision=ADOPT_CANDIDATE elapsed=737.245s
2026-09-03T22:14:27+00:00 RUN_START id=HX0063 window=IS terminal=PROD family=H04_extend_x_rr
2026-09-03T22:17:27+00:00 RUN_END id=HX0063 window=IS decision=IS_SURVIVOR_CONCENTRATED elapsed=179.54s
2026-09-03T22:17:27+00:00 RUN_START id=HX0063 window=OOS terminal=PROD family=H04_extend_x_rr
2026-09-03T22:18:43+00:00 RUN_END id=HX0062 window=OOS decision=ADOPT_CANDIDATE elapsed=735.332s
2026-09-03T22:18:43+00:00 RUN_START id=HX0064 window=IS terminal=BT1 family=H04_extend_x_rr
2026-09-03T22:21:38+00:00 RUN_END id=HX0064 window=IS decision=IS_SURVIVOR_CONCENTRATED elapsed=173.999s
2026-09-03T22:21:38+00:00 RUN_START id=HX0064 window=OOS terminal=BT1 family=H04_extend_x_rr
2026-09-03T22:29:28+00:00 RUN_END id=HX0063 window=OOS decision=ADOPT_CANDIDATE elapsed=721.127s
2026-09-03T22:29:28+00:00 RUN_START id=HX0065 window=IS terminal=PROD family=H04_extend_x_rr
2026-09-03T22:32:28+00:00 RUN_END id=HX0065 window=IS decision=IS_SURVIVOR_CONCENTRATED elapsed=179.485s
2026-09-03T22:32:28+00:00 RUN_START id=HX0065 window=OOS terminal=PROD family=H04_extend_x_rr
2026-09-03T22:33:53+00:00 RUN_END id=HX0064 window=OOS decision=ADOPT_CANDIDATE elapsed=735.221s
2026-09-03T22:33:53+00:00 RUN_START id=HX0066 window=IS terminal=BT1 family=H04_extend_x_rr
2026-09-03T22:36:48+00:00 RUN_END id=HX0066 window=IS decision=IS_SURVIVOR_CONCENTRATED elapsed=174.012s
2026-09-03T22:36:48+00:00 RUN_START id=HX0066 window=OOS terminal=BT1 family=H04_extend_x_rr
2026-09-03T22:43:45+00:00 RUN_END id=HX0065 window=OOS decision=ADOPT_CANDIDATE_CONCENTRATED elapsed=676.279s
2026-09-03T22:43:45+00:00 RUN_START id=HX0067 window=IS terminal=PROD family=H04_extend_x_rr
2026-09-03T22:45:35+00:00 RUN_END id=HX0067 window=IS decision=IS_SURVIVOR_CONCENTRATED elapsed=109.431s
2026-09-03T22:45:35+00:00 RUN_START id=HX0067 window=OOS terminal=PROD family=H04_extend_x_rr
2026-09-03T22:46:38+00:00 RUN_END id=HX0066 window=OOS decision=ADOPT_CANDIDATE elapsed=590.238s
2026-09-03T22:46:38+00:00 RUN_START id=HX0068 window=IS terminal=BT1 family=H04_extend_x_rr
2026-09-03T22:48:28+00:00 RUN_END id=HX0068 window=IS decision=IS_SURVIVOR_CONCENTRATED elapsed=108.959s
2026-09-03T22:48:28+00:00 RUN_START id=HX0068 window=OOS terminal=BT1 family=H04_extend_x_rr
2026-09-03T22:53:36+00:00 RUN_END id=HX0067 window=OOS decision=ADOPT_CANDIDATE elapsed=480.71s
2026-09-03T22:53:36+00:00 RUN_START id=BASELINE window=IS terminal=PROD family=baseline
2026-09-03T22:55:21+00:00 REBASE window=IS net=417882 pb=223397 sca=194485 前回比=+0.00%
2026-09-03T22:55:21+00:00 RUN_START id=BASELINE window=OOS terminal=PROD family=baseline
2026-09-03T22:56:18+00:00 RUN_END id=HX0068 window=OOS decision=ADOPT_CANDIDATE elapsed=469.896s
2026-09-03T22:56:18+00:00 RUN_START id=HX0069 window=IS terminal=BT1 family=H04_extend_x_rr
2026-09-03T22:58:07+00:00 RUN_END id=HX0069 window=IS decision=IS_SURVIVOR_CONCENTRATED elapsed=109.161s
2026-09-03T22:58:07+00:00 RUN_START id=HX0069 window=OOS terminal=BT1 family=H04_extend_x_rr
2026-09-03T23:02:32+00:00 REBASE window=OOS net=47340 pb=6163 sca=41177 前回比=+0.00%
2026-09-03T23:02:32+00:00 RUN_START id=HX0070 window=IS terminal=PROD family=H04_extend_x_rr
2026-09-03T23:04:21+00:00 RUN_END id=HX0070 window=IS decision=IS_SURVIVOR_CONCENTRATED elapsed=109.206s
2026-09-03T23:04:21+00:00 RUN_START id=HX0070 window=OOS terminal=PROD family=H04_extend_x_rr
2026-09-03T23:06:03+00:00 RUN_END id=HX0069 window=OOS decision=ADOPT_CANDIDATE elapsed=474.833s
2026-09-03T23:06:03+00:00 RUN_START id=HX0071 window=IS terminal=BT1 family=H04_extend_x_rr
2026-09-03T23:07:57+00:00 RUN_END id=HX0071 window=IS decision=IS_SURVIVOR_CONCENTRATED elapsed=113.968s
2026-09-03T23:07:57+00:00 RUN_START id=HX0071 window=OOS terminal=BT1 family=H04_extend_x_rr
2026-09-03T23:12:17+00:00 RUN_END id=HX0070 window=OOS decision=ADOPT_CANDIDATE elapsed=475.493s
2026-09-03T23:12:17+00:00 RUN_START id=HX0072 window=IS terminal=PROD family=H04_extend_x_rr
2026-09-03T23:14:06+00:00 RUN_END id=HX0072 window=IS decision=IS_SURVIVOR_CONCENTRATED elapsed=109.05s
2026-09-03T23:14:06+00:00 RUN_START id=HX0072 window=OOS terminal=PROD family=H04_extend_x_rr
2026-09-03T23:15:37+00:00 RUN_END id=HX0071 window=OOS decision=ADOPT_CANDIDATE elapsed=459.779s
2026-09-03T23:15:37+00:00 RUN_START id=HX0073 window=IS terminal=BT1 family=H04_extend_x_rr
2026-09-03T23:17:26+00:00 RUN_END id=HX0073 window=IS decision=IS_SURVIVOR_CONCENTRATED elapsed=108.892s
2026-09-03T23:17:26+00:00 RUN_START id=HX0073 window=OOS terminal=BT1 family=H04_extend_x_rr
2026-09-03T23:21:57+00:00 RUN_END id=HX0072 window=OOS decision=ADOPT_CANDIDATE_CONCENTRATED elapsed=470.434s
2026-09-03T23:21:57+00:00 RUN_START id=HX0074 window=IS terminal=PROD family=H04_extend_x_rr
2026-09-03T23:23:47+00:00 RUN_END id=HX0074 window=IS decision=IS_SURVIVOR_CONCENTRATED elapsed=109.268s
2026-09-03T23:23:47+00:00 RUN_START id=HX0074 window=OOS terminal=PROD family=H04_extend_x_rr
2026-09-03T23:25:11+00:00 RUN_END id=HX0073 window=OOS decision=ADOPT_CANDIDATE_CONCENTRATED elapsed=464.777s
2026-09-03T23:25:11+00:00 RUN_START id=HX0075 window=IS terminal=BT1 family=H04_extend_x_rr
2026-09-03T23:27:01+00:00 RUN_END id=HX0075 window=IS decision=IS_SURVIVOR_CONCENTRATED elapsed=109.155s
2026-09-03T23:27:01+00:00 RUN_START id=HX0075 window=OOS terminal=BT1 family=H04_extend_x_rr
2026-09-03T23:31:33+00:00 RUN_END id=HX0074 window=OOS decision=ADOPT_CANDIDATE_CONCENTRATED elapsed=465.775s
2026-09-03T23:31:33+00:00 RUN_START id=HX0076 window=IS terminal=PROD family=H04_extend_x_rr
2026-09-03T23:33:27+00:00 RUN_END id=HX0076 window=IS decision=IS_SURVIVOR_CONCENTRATED elapsed=114.093s
2026-09-03T23:33:27+00:00 RUN_START id=HX0076 window=OOS terminal=PROD family=H04_extend_x_rr
2026-09-03T23:34:56+00:00 RUN_END id=HX0075 window=OOS decision=ADOPT_CANDIDATE elapsed=475.006s
2026-09-03T23:34:56+00:00 RUN_START id=HX0077 window=IS terminal=BT1 family=H04_extend_x_rr
2026-09-03T23:36:45+00:00 RUN_END id=HX0077 window=IS decision=IS_SURVIVOR_CONCENTRATED elapsed=108.868s
2026-09-03T23:36:45+00:00 RUN_START id=HX0077 window=OOS terminal=BT1 family=H04_extend_x_rr
2026-09-03T23:41:18+00:00 RUN_END id=HX0076 window=OOS decision=ADOPT_CANDIDATE elapsed=470.552s
2026-09-03T23:41:18+00:00 RUN_START id=HX0078 window=IS terminal=PROD family=H04_extend_x_rr
2026-09-03T23:43:08+00:00 RUN_END id=HX0078 window=IS decision=IS_SURVIVOR_CONCENTRATED elapsed=109.092s
2026-09-03T23:43:08+00:00 RUN_START id=HX0078 window=OOS terminal=PROD family=H04_extend_x_rr
2026-09-03T23:44:46+00:00 RUN_END id=HX0077 window=OOS decision=ADOPT_CANDIDATE elapsed=479.825s
2026-09-03T23:44:46+00:00 RUN_START id=HX0079 window=IS terminal=BT1 family=H04_extend_x_rr
2026-09-03T23:46:35+00:00 RUN_END id=HX0079 window=IS decision=IS_SURVIVOR_CONCENTRATED elapsed=108.928s
2026-09-03T23:46:35+00:00 RUN_START id=HX0079 window=OOS terminal=BT1 family=H04_extend_x_rr
2026-09-03T23:50:54+00:00 RUN_END id=HX0078 window=OOS decision=ADOPT_CANDIDATE elapsed=465.495s
2026-09-03T23:50:54+00:00 RUN_START id=HX0080 window=IS terminal=PROD family=H04_extend_x_rr
2026-09-03T23:52:48+00:00 RUN_END id=HX0080 window=IS decision=IS_SURVIVOR_CONCENTRATED elapsed=114.246s
2026-09-03T23:52:48+00:00 RUN_START id=HX0080 window=OOS terminal=PROD family=H04_extend_x_rr
2026-09-03T23:54:36+00:00 RUN_END id=HX0079 window=OOS decision=ADOPT_CANDIDATE_CONCENTRATED elapsed=479.958s
2026-09-03T23:54:36+00:00 RUN_START id=HX0081 window=IS terminal=BT1 family=H04_extend_x_rr
2026-09-03T23:56:30+00:00 RUN_END id=HX0081 window=IS decision=IS_SURVIVOR_CONCENTRATED elapsed=114.097s
2026-09-03T23:56:30+00:00 RUN_START id=HX0081 window=OOS terminal=BT1 family=H04_extend_x_rr
2026-09-04T00:00:39+00:00 RUN_END id=HX0080 window=OOS decision=ADOPT_CANDIDATE_CONCENTRATED elapsed=470.768s
2026-09-04T00:00:39+00:00 RUN_START id=HX0082 window=IS terminal=PROD family=H04_extend_x_rr
2026-09-04T00:02:34+00:00 RUN_END id=HX0082 window=IS decision=IS_SURVIVOR_CONCENTRATED elapsed=114.196s
2026-09-04T00:02:34+00:00 RUN_START id=HX0082 window=OOS terminal=PROD family=H04_extend_x_rr
2026-09-04T00:04:30+00:00 RUN_END id=HX0081 window=OOS decision=ADOPT_CANDIDATE_CONCENTRATED elapsed=479.871s
2026-09-04T00:04:30+00:00 RUN_START id=HX0083 window=IS terminal=BT1 family=H04_extend_x_rr
2026-09-04T00:06:30+00:00 RUN_END id=HX0083 window=IS decision=IS_SURVIVOR_CONCENTRATED elapsed=118.988s
2026-09-04T00:06:30+00:00 RUN_START id=HX0083 window=OOS terminal=BT1 family=H04_extend_x_rr
2026-09-04T00:10:35+00:00 RUN_END id=HX0082 window=OOS decision=ADOPT_CANDIDATE_CONCENTRATED elapsed=480.585s
2026-09-04T00:10:35+00:00 RUN_START id=HX0084 window=IS terminal=PROD family=H04_extend_x_rr
2026-09-04T00:12:29+00:00 RUN_END id=HX0084 window=IS decision=IS_SURVIVOR_CONCENTRATED elapsed=114.152s
2026-09-04T00:12:29+00:00 RUN_START id=HX0084 window=OOS terminal=PROD family=H04_extend_x_rr
2026-09-04T00:14:40+00:00 RUN_END id=HX0083 window=OOS decision=ADOPT_CANDIDATE_CONCENTRATED elapsed=490.093s
2026-09-04T00:14:40+00:00 RUN_START id=HX0085 window=IS terminal=BT1 family=H04_extend_x_rr
2026-09-04T00:16:34+00:00 RUN_END id=HX0085 window=IS decision=IS_SURVIVOR_CONCENTRATED elapsed=113.926s
2026-09-04T00:16:34+00:00 RUN_START id=HX0085 window=OOS terminal=BT1 family=H04_extend_x_rr
2026-09-04T00:20:30+00:00 RUN_END id=HX0084 window=OOS decision=ADOPT_CANDIDATE elapsed=480.461s
2026-09-04T00:20:30+00:00 RUN_START id=HX0086 window=IS terminal=PROD family=H04_extend_x_rr
2026-09-04T00:22:25+00:00 RUN_END id=HX0086 window=IS decision=IS_SURVIVOR_CONCENTRATED elapsed=114.32s
2026-09-04T00:22:25+00:00 RUN_START id=HX0086 window=OOS terminal=PROD family=H04_extend_x_rr
2026-09-04T00:24:40+00:00 RUN_END id=HX0085 window=OOS decision=ADOPT_CANDIDATE elapsed=485.019s
2026-09-04T00:24:40+00:00 RUN_START id=HX0087 window=IS terminal=BT1 family=H04_extend_x_rr
2026-09-04T00:26:29+00:00 RUN_END id=HX0087 window=IS decision=IS_SURVIVOR_CONCENTRATED elapsed=108.897s
2026-09-04T00:26:29+00:00 RUN_START id=HX0087 window=OOS terminal=BT1 family=H04_extend_x_rr
2026-09-04T00:30:21+00:00 RUN_END id=HX0086 window=OOS decision=ADOPT_CANDIDATE_CONCENTRATED elapsed=475.64s
2026-09-04T00:30:21+00:00 RUN_START id=HX0088 window=IS terminal=PROD family=H04_extend_x_rr
2026-09-04T00:32:15+00:00 RUN_END id=HX0088 window=IS decision=IS_SURVIVOR_CONCENTRATED elapsed=114.22s
2026-09-04T00:32:15+00:00 RUN_START id=HX0088 window=OOS terminal=PROD family=H04_extend_x_rr
2026-09-04T00:34:34+00:00 RUN_END id=HX0087 window=OOS decision=ADOPT_CANDIDATE_CONCENTRATED elapsed=484.791s
2026-09-04T00:34:34+00:00 RUN_START id=BASELINE window=IS terminal=BT1 family=baseline
2026-09-04T00:36:08+00:00 REBASE window=IS net=417882 pb=223397 sca=194485 前回比=+0.00%
2026-09-04T00:36:08+00:00 RUN_START id=BASELINE window=OOS terminal=BT1 family=baseline
2026-09-04T00:40:11+00:00 RUN_END id=HX0088 window=OOS decision=ADOPT_CANDIDATE_CONCENTRATED elapsed=475.599s
2026-09-04T00:40:11+00:00 RUN_START id=HX0089 window=IS terminal=PROD family=H04_extend_x_rr
2026-09-04T00:42:06+00:00 RUN_END id=HX0089 window=IS decision=IS_SURVIVOR_CONCENTRATED elapsed=114.228s
2026-09-04T00:42:06+00:00 RUN_START id=HX0089 window=OOS terminal=PROD family=H04_extend_x_rr
2026-09-04T00:43:14+00:00 REBASE window=OOS net=47340 pb=6163 sca=41177 前回比=+0.00%
2026-09-04T00:43:14+00:00 RUN_START id=HX0090 window=IS terminal=BT1 family=H04_extend_x_rr
2026-09-04T00:45:03+00:00 RUN_END id=HX0090 window=IS decision=IS_SURVIVOR_CONCENTRATED elapsed=108.879s
2026-09-04T00:45:03+00:00 RUN_START id=HX0090 window=OOS terminal=BT1 family=H04_extend_x_rr
2026-09-04T00:50:17+00:00 RUN_END id=HX0089 window=OOS decision=ADOPT_CANDIDATE_CONCENTRATED elapsed=490.679s
2026-09-04T00:50:17+00:00 RUN_START id=HX0091 window=IS terminal=PROD family=H04_extend_x_rr
2026-09-04T00:52:12+00:00 RUN_END id=HX0091 window=IS decision=IS_SURVIVOR_CONCENTRATED elapsed=114.148s
2026-09-04T00:52:12+00:00 RUN_START id=HX0091 window=OOS terminal=PROD family=H04_extend_x_rr
2026-09-04T00:53:08+00:00 RUN_END id=HX0090 window=OOS decision=ADOPT_CANDIDATE_CONCENTRATED elapsed=485.127s
2026-09-04T00:53:08+00:00 RUN_START id=HX0092 window=IS terminal=BT1 family=H04_extend_x_rr
2026-09-04T00:55:03+00:00 RUN_END id=HX0092 window=IS decision=IS_SURVIVOR_CONCENTRATED elapsed=114.009s
2026-09-04T00:55:03+00:00 RUN_START id=HX0092 window=OOS terminal=BT1 family=H04_extend_x_rr
2026-09-04T01:00:08+00:00 RUN_END id=HX0091 window=OOS decision=ADOPT_CANDIDATE_CONCENTRATED elapsed=475.888s
2026-09-04T01:00:08+00:00 RUN_START id=HX0093 window=IS terminal=PROD family=H04_extend_x_rr
2026-09-04T01:02:02+00:00 RUN_END id=HX0093 window=IS decision=IS_SURVIVOR_CONCENTRATED elapsed=114.248s
2026-09-04T01:02:02+00:00 RUN_START id=HX0093 window=OOS terminal=PROD family=H04_extend_x_rr
2026-09-04T01:03:08+00:00 RUN_END id=HX0092 window=OOS decision=ADOPT_CANDIDATE_CONCENTRATED elapsed=485.139s
2026-09-04T01:03:08+00:00 RUN_START id=HX0094 window=IS terminal=BT1 family=H04_extend_x_rr
2026-09-04T01:04:58+00:00 RUN_END id=HX0094 window=IS decision=IS_SURVIVOR_CONCENTRATED elapsed=109.012s
2026-09-04T01:04:58+00:00 RUN_START id=HX0094 window=OOS terminal=BT1 family=H04_extend_x_rr
2026-09-04T01:10:03+00:00 RUN_END id=HX0093 window=OOS decision=ADOPT_CANDIDATE_CONCENTRATED elapsed=480.545s
2026-09-04T01:10:03+00:00 RUN_START id=HX0095 window=IS terminal=PROD family=H04_extend_x_rr
2026-09-04T01:11:58+00:00 RUN_END id=HX0095 window=IS decision=IS_SURVIVOR_CONCENTRATED elapsed=114.144s
2026-09-04T01:11:58+00:00 RUN_START id=HX0095 window=OOS terminal=PROD family=H04_extend_x_rr
2026-09-04T01:13:08+00:00 RUN_END id=HX0094 window=OOS decision=ADOPT_CANDIDATE_CONCENTRATED elapsed=489.892s
2026-09-04T01:13:08+00:00 RUN_START id=HX0096 window=IS terminal=BT1 family=H04_extend_x_rr
2026-09-04T01:14:57+00:00 RUN_END id=HX0096 window=IS decision=IS_SURVIVOR_CONCENTRATED elapsed=108.973s
2026-09-04T01:14:57+00:00 RUN_START id=HX0096 window=OOS terminal=BT1 family=H04_extend_x_rr
2026-09-04T01:19:49+00:00 RUN_END id=HX0095 window=OOS decision=ADOPT_CANDIDATE_CONCENTRATED elapsed=470.491s
2026-09-04T01:19:49+00:00 RUN_START id=HX0097 window=IS terminal=PROD family=H04_extend_x_rr
2026-09-04T01:21:43+00:00 RUN_END id=HX0097 window=IS decision=IS_SURVIVOR_CONCENTRATED elapsed=114.034s
2026-09-04T01:21:43+00:00 RUN_START id=HX0097 window=OOS terminal=PROD family=H04_extend_x_rr
2026-09-04T01:23:07+00:00 RUN_END id=HX0096 window=OOS decision=ADOPT_CANDIDATE_CONCENTRATED elapsed=489.813s
2026-09-04T01:23:07+00:00 RUN_START id=HX0098 window=IS terminal=BT1 family=H04_extend_x_rr
2026-09-04T01:25:02+00:00 RUN_END id=HX0098 window=IS decision=IS_SURVIVOR_CONCENTRATED elapsed=113.883s
2026-09-04T01:25:02+00:00 RUN_START id=HX0098 window=OOS terminal=BT1 family=H04_extend_x_rr
2026-09-04T01:29:39+00:00 RUN_END id=HX0097 window=OOS decision=ADOPT_CANDIDATE_CONCENTRATED elapsed=475.71s
2026-09-04T01:29:39+00:00 RUN_START id=HX0099 window=IS terminal=PROD family=H04_extend_x_rr
2026-09-04T01:31:34+00:00 RUN_END id=HX0099 window=IS decision=IS_SURVIVOR_CONCENTRATED elapsed=114.122s
2026-09-04T01:31:34+00:00 RUN_START id=HX0099 window=OOS terminal=PROD family=H04_extend_x_rr
2026-09-04T01:33:07+00:00 RUN_END id=HX0098 window=OOS decision=ADOPT_CANDIDATE_CONCENTRATED elapsed=484.955s
2026-09-04T01:33:07+00:00 RUN_START id=HX0100 window=IS terminal=BT1 family=H04_extend_x_rr
2026-09-04T01:35:01+00:00 RUN_END id=HX0100 window=IS decision=IS_SURVIVOR_CONCENTRATED elapsed=114.041s
2026-09-04T01:35:01+00:00 RUN_START id=HX0100 window=OOS terminal=BT1 family=H04_extend_x_rr
2026-09-04T01:39:30+00:00 RUN_END id=HX0099 window=OOS decision=ADOPT_CANDIDATE_CONCENTRATED elapsed=475.595s
2026-09-04T01:39:30+00:00 RUN_START id=HX0101 window=IS terminal=PROD family=H04_extend_x_rr
2026-09-04T01:41:24+00:00 RUN_END id=HX0101 window=IS decision=IS_SURVIVOR_CONCENTRATED elapsed=114.232s
2026-09-04T01:41:24+00:00 RUN_START id=HX0101 window=OOS terminal=PROD family=H04_extend_x_rr
2026-09-04T01:43:02+00:00 RUN_END id=HX0100 window=OOS decision=ADOPT_CANDIDATE_CONCENTRATED elapsed=480.189s
2026-09-04T01:43:02+00:00 RUN_START id=HX0102 window=IS terminal=BT1 family=H05_control
2026-09-04T01:44:41+00:00 RUN_END id=HX0102 window=IS decision=IS_NOISE_BAND elapsed=98.917s
2026-09-04T01:44:41+00:00 GATE_SKIP id=HX0102 window=OOS reason=IS_NOT_SURVIVOR decision=IS_NOISE_BAND
2026-09-04T01:44:41+00:00 RUN_START id=HX0103 window=IS terminal=BT1 family=H05_control
2026-09-04T01:46:30+00:00 RUN_END id=HX0103 window=IS decision=IS_NOISE_BAND elapsed=108.963s
2026-09-04T01:46:30+00:00 GATE_SKIP id=HX0103 window=OOS reason=IS_NOT_SURVIVOR decision=IS_NOISE_BAND
2026-09-04T01:49:05+00:00 RUN_END id=HX0101 window=OOS decision=ADOPT_CANDIDATE elapsed=460.476s
2026-09-04T01:49:05+00:00 DRIVER_END status=OK
