2026-09-05T06:07:12+00:00 RESUME done=0 remaining=44
2026-09-05T06:07:12+00:00 MEASURE_START jobs=44
2026-09-05T06:07:12+00:00 RUN_START BASELINE IS on XM1
2026-09-05T06:08:52+00:00 RUN_END BASELINE IS net=379580.0 dd=4.0552 pb_lot=0.01 sca_lot=0.0117 99.4s
2026-09-05T06:08:52+00:00 RUN_START PB_r0.68 IS on XM1
2026-09-05T06:11:38+00:00 RUN_END PB_r0.68 IS net=379580.0 dd=4.0552 pb_lot=0.01 sca_lot=0.0117 166.5s
2026-09-05T06:11:38+00:00 RUN_START PB_r1.0 IS on XM1
2026-09-05T06:13:17+00:00 RUN_END PB_r1.0 IS net=391172.0 dd=3.9943 pb_lot=0.0129 sca_lot=0.0117 98.9s
2026-09-05T06:13:17+00:00 RUN_START PB_r1.5 IS on XM1
2026-09-05T06:14:51+00:00 RUN_END PB_r1.5 IS net=412552.0 dd=5.4436 pb_lot=0.0187 sca_lot=0.0117 93.8s
2026-09-05T06:14:51+00:00 RUN_START PB_r2.0 IS on XM1
2026-09-05T06:16:25+00:00 RUN_END PB_r2.0 IS net=449336.0 dd=6.8701 pb_lot=0.0251 sca_lot=0.0117 93.8s
2026-09-05T06:16:25+00:00 RUN_START PB_r3.0 IS on XM1
2026-09-05T06:17:59+00:00 RUN_END PB_r3.0 IS net=546307.0 dd=10.0067 pb_lot=0.039 sca_lot=0.0117 93.8s
2026-09-05T06:17:59+00:00 RUN_START PB_r4.0 IS on XM1
2026-09-05T06:19:33+00:00 RUN_END PB_r4.0 IS net=700491.0 dd=13.0115 pb_lot=0.0538 sca_lot=0.0117 93.9s
2026-09-05T06:19:33+00:00 RUN_START PB_r5.0 IS on XM1
2026-09-05T06:21:07+00:00 RUN_END PB_r5.0 IS net=860970.0 dd=17.2527 pb_lot=0.0678 sca_lot=0.0117 93.9s
2026-09-05T06:21:07+00:00 RUN_START SCA_r0.68 IS on XM1
2026-09-05T06:22:41+00:00 RUN_END SCA_r0.68 IS net=398410.0 dd=3.919 pb_lot=0.01 sca_lot=0.0142 93.9s
2026-09-05T06:22:41+00:00 RUN_START SCA_r1.0 IS on XM1
2026-09-05T06:24:14+00:00 RUN_END SCA_r1.0 IS net=413927.0 dd=7.1751 pb_lot=0.01 sca_lot=0.0194 93.9s
2026-09-05T06:24:14+00:00 RUN_START SCA_r2.0 IS on XM1
2026-09-05T06:25:48+00:00 RUN_END SCA_r2.0 IS net=524334.0 dd=12.3621 pb_lot=0.01 sca_lot=0.0402 93.8s
2026-09-05T06:25:48+00:00 RUN_START SCA_r3.0 IS on XM1
2026-09-05T06:27:22+00:00 RUN_END SCA_r3.0 IS net=620140.0 dd=18.7279 pb_lot=0.01 sca_lot=0.0619 93.9s
2026-09-05T06:27:22+00:00 RUN_START SCA_r5.0 IS on XM1
2026-09-05T06:28:56+00:00 RUN_END SCA_r5.0 IS net=897453.0 dd=23.9102 pb_lot=0.01 sca_lot=0.107 93.9s
2026-09-05T06:28:56+00:00 RUN_START BOTH_r1.0 IS on XM1
2026-09-05T06:30:30+00:00 RUN_END BOTH_r1.0 IS net=425519.0 dd=4.8169 pb_lot=0.0129 sca_lot=0.0194 94.0s
2026-09-05T06:30:30+00:00 RUN_START BOTH_r2.0 IS on XM1
2026-09-05T06:32:04+00:00 RUN_END BOTH_r2.0 IS net=594090.0 dd=9.9069 pb_lot=0.0251 sca_lot=0.0402 93.9s
2026-09-05T06:32:04+00:00 RUN_START BOTH_r3.0 IS on XM1
2026-09-05T06:33:38+00:00 RUN_END BOTH_r3.0 IS net=786867.0 dd=13.7808 pb_lot=0.039 sca_lot=0.0619 93.9s
2026-09-05T06:33:38+00:00 RUN_START BOTH_r5.0 IS on XM1
2026-09-05T06:35:12+00:00 RUN_END BOTH_r5.0 IS net=1378843.0 dd=19.5213 pb_lot=0.0678 sca_lot=0.107 93.9s
2026-09-05T06:35:12+00:00 RUN_START PBcomp_r1.0 IS on XM1
2026-09-05T06:36:46+00:00 RUN_END PBcomp_r1.0 IS net=388651.0 dd=4.4258 pb_lot=0.013 sca_lot=0.0117 93.9s
2026-09-05T06:36:46+00:00 RUN_START PBcomp_r2.0 IS on XM1
2026-09-05T06:38:20+00:00 RUN_END PBcomp_r2.0 IS net=470406.0 dd=7.2565 pb_lot=0.0276 sca_lot=0.0117 93.9s
2026-09-05T06:38:20+00:00 RUN_START PBcomp_r3.0 IS on XM1
2026-09-05T06:39:53+00:00 RUN_END PBcomp_r3.0 IS net=832093.0 dd=10.0441 pb_lot=0.0457 sca_lot=0.0117 93.9s
2026-09-05T06:39:53+00:00 RUN_START SCAnb_r2.0 IS on XM1
2026-09-05T06:41:27+00:00 RUN_END SCAnb_r2.0 IS net=496466.0 dd=8.6093 pb_lot=0.01 sca_lot=0.0336 93.9s
2026-09-05T06:41:27+00:00 RUN_START SCAnb_r3.0 IS on XM1
2026-09-05T06:43:01+00:00 RUN_END SCAnb_r3.0 IS net=578177.0 dd=12.6863 pb_lot=0.01 sca_lot=0.0517 93.9s
2026-09-05T06:43:01+00:00 RUN_START BASELINE OOS on XM1
2026-09-05T06:43:21+00:00 RUN_END BASELINE OOS net=None dd=None pb_lot=None sca_lot=None 19.7s
2026-09-05T06:43:21+00:00 RUN_START PB_r0.68 OOS on XM1
2026-09-05T06:43:41+00:00 RUN_END PB_r0.68 OOS net=None dd=None pb_lot=None sca_lot=None 19.7s
2026-09-05T06:43:41+00:00 RUN_START PB_r1.0 OOS on XM1
2026-09-05T06:44:00+00:00 RUN_END PB_r1.0 OOS net=None dd=None pb_lot=None sca_lot=None 19.6s
2026-09-05T06:44:00+00:00 RUN_START PB_r1.5 OOS on XM1
2026-09-05T06:44:20+00:00 RUN_END PB_r1.5 OOS net=None dd=None pb_lot=None sca_lot=None 19.7s
2026-09-05T06:44:20+00:00 RUN_START PB_r2.0 OOS on XM1
2026-09-05T06:44:39+00:00 RUN_END PB_r2.0 OOS net=None dd=None pb_lot=None sca_lot=None 19.6s
2026-09-05T06:44:39+00:00 RUN_START PB_r3.0 OOS on XM1
2026-09-05T06:44:59+00:00 RUN_END PB_r3.0 OOS net=None dd=None pb_lot=None sca_lot=None 19.6s
2026-09-05T06:44:59+00:00 RUN_START PB_r4.0 OOS on XM1
2026-09-05T06:45:19+00:00 RUN_END PB_r4.0 OOS net=None dd=None pb_lot=None sca_lot=None 19.6s
2026-09-05T06:45:19+00:00 RUN_START PB_r5.0 OOS on XM1
2026-09-05T06:45:38+00:00 RUN_END PB_r5.0 OOS net=None dd=None pb_lot=None sca_lot=None 19.6s
2026-09-05T06:45:38+00:00 RUN_START SCA_r0.68 OOS on XM1
2026-09-05T06:45:58+00:00 RUN_END SCA_r0.68 OOS net=None dd=None pb_lot=None sca_lot=None 19.6s
2026-09-05T06:45:58+00:00 RUN_START SCA_r1.0 OOS on XM1
2026-09-05T06:46:17+00:00 RUN_END SCA_r1.0 OOS net=None dd=None pb_lot=None sca_lot=None 19.6s
2026-09-05T06:46:17+00:00 RUN_START SCA_r2.0 OOS on XM1
2026-09-05T06:46:37+00:00 RUN_END SCA_r2.0 OOS net=None dd=None pb_lot=None sca_lot=None 19.6s
2026-09-05T06:46:37+00:00 RUN_START SCA_r3.0 OOS on XM1
2026-09-05T06:46:57+00:00 RUN_END SCA_r3.0 OOS net=None dd=None pb_lot=None sca_lot=None 19.6s
2026-09-05T06:46:57+00:00 RUN_START SCA_r5.0 OOS on XM1
2026-09-05T06:47:16+00:00 RUN_END SCA_r5.0 OOS net=None dd=None pb_lot=None sca_lot=None 19.6s
2026-09-05T06:47:16+00:00 RUN_START BOTH_r1.0 OOS on XM1
2026-09-05T06:47:36+00:00 RUN_END BOTH_r1.0 OOS net=None dd=None pb_lot=None sca_lot=None 19.6s
2026-09-05T06:47:36+00:00 RUN_START BOTH_r2.0 OOS on XM1
2026-09-05T06:47:56+00:00 RUN_END BOTH_r2.0 OOS net=None dd=None pb_lot=None sca_lot=None 19.6s
2026-09-05T06:47:56+00:00 RUN_START BOTH_r3.0 OOS on XM1
2026-09-05T06:48:15+00:00 RUN_END BOTH_r3.0 OOS net=None dd=None pb_lot=None sca_lot=None 19.6s
2026-09-05T06:48:15+00:00 RUN_START BOTH_r5.0 OOS on XM1
2026-09-05T06:48:35+00:00 RUN_END BOTH_r5.0 OOS net=None dd=None pb_lot=None sca_lot=None 19.6s
2026-09-05T06:48:35+00:00 RUN_START PBcomp_r1.0 OOS on XM1
2026-09-05T06:48:54+00:00 RUN_END PBcomp_r1.0 OOS net=None dd=None pb_lot=None sca_lot=None 19.6s
2026-09-05T06:48:54+00:00 RUN_START PBcomp_r2.0 OOS on XM1
2026-09-05T06:49:14+00:00 RUN_END PBcomp_r2.0 OOS net=None dd=None pb_lot=None sca_lot=None 19.6s
2026-09-05T06:49:14+00:00 RUN_START PBcomp_r3.0 OOS on XM1
2026-09-05T06:49:34+00:00 RUN_END PBcomp_r3.0 OOS net=None dd=None pb_lot=None sca_lot=None 19.6s
2026-09-05T06:49:34+00:00 RUN_START SCAnb_r2.0 OOS on XM1
2026-09-05T06:49:53+00:00 RUN_END SCAnb_r2.0 OOS net=None dd=None pb_lot=None sca_lot=None 19.6s
2026-09-05T06:49:53+00:00 RUN_START SCAnb_r3.0 OOS on XM1
2026-09-05T06:50:13+00:00 RUN_END SCAnb_r3.0 OOS net=None dd=None pb_lot=None sca_lot=None 19.6s
2026-09-05T06:50:13+00:00 MEASURE_END rows=44 ok=22 -> C:\Users\f\source\repos\mt5_backtester\ml\goldsize1\results_xm.csv
2026-09-05T06:52:43+00:00 RESUME done=0 remaining=44
2026-09-05T06:52:43+00:00 MEASURE_START jobs=44
2026-09-05T06:52:43+00:00 RUN_START BASELINE IS on XM1
2026-09-05T06:54:07+00:00 RUN_END BASELINE IS net=379590.0 dd=4.0552 pb_lot=0.01 sca_lot=0.0117 83.9s
2026-09-05T06:54:07+00:00 RUN_START PB_r0.68 IS on XM1
2026-09-05T06:55:31+00:00 RUN_END PB_r0.68 IS net=379590.0 dd=4.0552 pb_lot=0.01 sca_lot=0.0117 84.0s
2026-09-05T06:55:31+00:00 RUN_START PB_r1.0 IS on XM1
2026-09-05T06:56:55+00:00 RUN_END PB_r1.0 IS net=391190.0 dd=3.9943 pb_lot=0.0129 sca_lot=0.0117 84.0s
2026-09-05T06:56:55+00:00 RUN_START PB_r1.5 IS on XM1
2026-09-05T06:58:24+00:00 RUN_END PB_r1.5 IS net=412577.0 dd=5.4436 pb_lot=0.0187 sca_lot=0.0117 88.9s
2026-09-05T06:58:24+00:00 RUN_START PB_r2.0 IS on XM1
2026-09-05T06:59:48+00:00 RUN_END PB_r2.0 IS net=449369.0 dd=6.8701 pb_lot=0.0251 sca_lot=0.0117 83.9s
2026-09-05T06:59:48+00:00 RUN_START PB_r3.0 IS on XM1
2026-09-05T07:01:12+00:00 RUN_END PB_r3.0 IS net=546355.0 dd=10.0067 pb_lot=0.039 sca_lot=0.0117 84.1s
2026-09-05T07:01:12+00:00 RUN_START PB_r4.0 IS on XM1
2026-09-05T07:02:36+00:00 RUN_END PB_r4.0 IS net=700552.0 dd=13.0115 pb_lot=0.0538 sca_lot=0.0117 84.0s
2026-09-05T07:02:36+00:00 RUN_START PB_r5.0 IS on XM1
2026-09-05T07:04:00+00:00 RUN_END PB_r5.0 IS net=861047.0 dd=17.2527 pb_lot=0.0678 sca_lot=0.0117 84.0s
2026-09-05T07:04:00+00:00 RUN_START SCA_r0.68 IS on XM1
2026-09-05T07:05:24+00:00 RUN_END SCA_r0.68 IS net=398420.0 dd=3.919 pb_lot=0.01 sca_lot=0.0142 84.0s
2026-09-05T07:05:24+00:00 RUN_START SCA_r1.0 IS on XM1
2026-09-05T07:06:48+00:00 RUN_END SCA_r1.0 IS net=413936.0 dd=7.1739 pb_lot=0.01 sca_lot=0.0194 84.0s
2026-09-05T07:06:48+00:00 RUN_START SCA_r2.0 IS on XM1
2026-09-05T07:08:12+00:00 RUN_END SCA_r2.0 IS net=524342.0 dd=12.3612 pb_lot=0.01 sca_lot=0.0402 84.1s
2026-09-05T07:08:12+00:00 RUN_START SCA_r3.0 IS on XM1
2026-09-05T07:09:36+00:00 RUN_END SCA_r3.0 IS net=620149.0 dd=18.7271 pb_lot=0.01 sca_lot=0.0619 84.1s
2026-09-05T07:09:36+00:00 RUN_START SCA_r5.0 IS on XM1
2026-09-05T07:11:00+00:00 RUN_END SCA_r5.0 IS net=897464.0 dd=23.9092 pb_lot=0.01 sca_lot=0.107 84.0s
2026-09-05T07:11:00+00:00 RUN_START BOTH_r1.0 IS on XM1
2026-09-05T07:12:24+00:00 RUN_END BOTH_r1.0 IS net=425536.0 dd=4.8631 pb_lot=0.0129 sca_lot=0.0194 83.9s
2026-09-05T07:12:24+00:00 RUN_START BOTH_r2.0 IS on XM1
2026-09-05T07:13:48+00:00 RUN_END BOTH_r2.0 IS net=594121.0 dd=9.9068 pb_lot=0.0251 sca_lot=0.0402 84.0s
2026-09-05T07:13:48+00:00 RUN_START BOTH_r3.0 IS on XM1
2026-09-05T07:15:12+00:00 RUN_END BOTH_r3.0 IS net=786914.0 dd=13.7808 pb_lot=0.039 sca_lot=0.0619 84.1s
2026-09-05T07:15:12+00:00 RUN_START BOTH_r5.0 IS on XM1
2026-09-05T07:16:36+00:00 RUN_END BOTH_r5.0 IS net=1378921.0 dd=19.5212 pb_lot=0.0678 sca_lot=0.107 84.1s
2026-09-05T07:16:36+00:00 RUN_START PBcomp_r1.0 IS on XM1
2026-09-05T07:18:00+00:00 RUN_END PBcomp_r1.0 IS net=388669.0 dd=4.4257 pb_lot=0.013 sca_lot=0.0117 83.9s
2026-09-05T07:18:00+00:00 RUN_START PBcomp_r2.0 IS on XM1
2026-09-05T07:19:24+00:00 RUN_END PBcomp_r2.0 IS net=470439.0 dd=7.2565 pb_lot=0.0276 sca_lot=0.0117 83.9s
2026-09-05T07:19:24+00:00 RUN_START PBcomp_r3.0 IS on XM1
2026-09-05T07:20:53+00:00 RUN_END PBcomp_r3.0 IS net=832406.0 dd=10.0441 pb_lot=0.0457 sca_lot=0.0117 88.9s
2026-09-05T07:20:53+00:00 RUN_START SCAnb_r2.0 IS on XM1
2026-09-05T07:29:08+00:00 RUN_END SCAnb_r2.0 IS net=496476.0 dd=8.6299 pb_lot=0.01 sca_lot=0.0336 494.8s
2026-09-05T07:29:08+00:00 RUN_START SCAnb_r3.0 IS on XM1
2026-09-05T07:30:31+00:00 RUN_END SCAnb_r3.0 IS net=578185.0 dd=12.7048 pb_lot=0.01 sca_lot=0.0517 83.8s
2026-09-05T07:30:31+00:00 RUN_START BASELINE OOS on XM1
2026-09-05T07:31:35+00:00 RUN_END BASELINE OOS net=76603.0 dd=2.2509 pb_lot=0.01 sca_lot=0.0118 63.5s
2026-09-05T07:31:35+00:00 RUN_START PB_r0.68 OOS on XM1
2026-09-05T07:32:38+00:00 RUN_END PB_r0.68 OOS net=89440.0 dd=3.2862 pb_lot=0.0234 sca_lot=0.0118 63.5s
2026-09-05T07:32:38+00:00 RUN_START PB_r1.0 OOS on XM1
2026-09-05T07:33:42+00:00 RUN_END PB_r1.0 OOS net=107312.0 dd=4.5181 pb_lot=0.0362 sca_lot=0.0118 63.5s
2026-09-05T07:33:42+00:00 RUN_START PB_r1.5 OOS on XM1
2026-09-05T07:34:45+00:00 RUN_END PB_r1.5 OOS net=146161.0 dd=6.6545 pb_lot=0.0582 sca_lot=0.0118 63.5s
2026-09-05T07:34:45+00:00 RUN_START PB_r2.0 OOS on XM1
2026-09-05T07:35:49+00:00 RUN_END PB_r2.0 OOS net=180459.0 dd=8.5396 pb_lot=0.077 sca_lot=0.0118 63.5s
2026-09-05T07:35:49+00:00 RUN_START PB_r3.0 OOS on XM1
2026-09-05T07:36:53+00:00 RUN_END PB_r3.0 OOS net=251992.0 dd=12.207 pb_lot=0.1196 sca_lot=0.0118 63.5s
2026-09-05T07:36:53+00:00 RUN_START PB_r4.0 OOS on XM1
2026-09-05T07:37:56+00:00 RUN_END PB_r4.0 OOS net=321133.0 dd=15.4639 pb_lot=0.1604 sca_lot=0.0118 63.5s
2026-09-05T07:37:56+00:00 RUN_START PB_r5.0 OOS on XM1
2026-09-05T07:39:00+00:00 RUN_END PB_r5.0 OOS net=395814.0 dd=18.1406 pb_lot=0.2018 sca_lot=0.0118 63.6s
2026-09-05T07:39:00+00:00 RUN_START SCA_r0.68 OOS on XM1
2026-09-05T07:40:03+00:00 RUN_END SCA_r0.68 OOS net=91739.0 dd=7.7783 pb_lot=0.01 sca_lot=0.0328 63.5s
2026-09-05T07:40:03+00:00 RUN_START SCA_r1.0 OOS on XM1
2026-09-05T07:41:07+00:00 RUN_END SCA_r1.0 OOS net=142746.0 dd=10.8246 pb_lot=0.01 sca_lot=0.0517 63.5s
2026-09-05T07:41:07+00:00 RUN_START SCA_r2.0 OOS on XM1
2026-09-05T07:42:10+00:00 RUN_END SCA_r2.0 OOS net=285687.0 dd=21.3064 pb_lot=0.01 sca_lot=0.1087 63.6s
2026-09-05T07:42:10+00:00 RUN_START SCA_r3.0 OOS on XM1
2026-09-05T07:43:14+00:00 RUN_END SCA_r3.0 OOS net=428309.0 dd=30.2866 pb_lot=0.01 sca_lot=0.166 63.5s
2026-09-05T07:43:14+00:00 RUN_START SCA_r5.0 OOS on XM1
2026-09-05T07:44:17+00:00 RUN_END SCA_r5.0 OOS net=704478.0 dd=45.3568 pb_lot=0.01 sca_lot=0.28 63.5s
2026-09-05T07:44:17+00:00 RUN_START BOTH_r1.0 OOS on XM1
2026-09-05T07:45:21+00:00 RUN_END BOTH_r1.0 OOS net=173455.0 dd=11.5143 pb_lot=0.0362 sca_lot=0.0517 63.5s
2026-09-05T07:45:21+00:00 RUN_START BOTH_r2.0 OOS on XM1
2026-09-05T07:46:24+00:00 RUN_END BOTH_r2.0 OOS net=389543.0 dd=22.5571 pb_lot=0.077 sca_lot=0.1087 63.5s
2026-09-05T07:46:24+00:00 RUN_START BOTH_r3.0 OOS on XM1
2026-09-05T07:47:28+00:00 RUN_END BOTH_r3.0 OOS net=603698.0 dd=31.756 pb_lot=0.1196 sca_lot=0.166 63.5s
2026-09-05T07:47:28+00:00 RUN_START BOTH_r5.0 OOS on XM1
2026-09-05T07:48:31+00:00 RUN_END BOTH_r5.0 OOS net=1023689.0 dd=46.9445 pb_lot=0.2018 sca_lot=0.28 63.5s
2026-09-05T07:48:31+00:00 RUN_START PBcomp_r1.0 OOS on XM1
2026-09-05T07:49:35+00:00 RUN_END PBcomp_r1.0 OOS net=115558.0 dd=4.9799 pb_lot=0.0378 sca_lot=0.0118 63.5s
2026-09-05T07:49:35+00:00 RUN_START PBcomp_r2.0 OOS on XM1
2026-09-05T07:50:39+00:00 RUN_END PBcomp_r2.0 OOS net=199099.0 dd=9.6456 pb_lot=0.0842 sca_lot=0.0118 63.6s
2026-09-05T07:50:39+00:00 RUN_START PBcomp_r3.0 OOS on XM1
2026-09-05T07:51:42+00:00 RUN_END PBcomp_r3.0 OOS net=291285.0 dd=14.5756 pb_lot=0.1344 sca_lot=0.0118 63.5s
2026-09-05T07:51:42+00:00 RUN_START SCAnb_r2.0 OOS on XM1
2026-09-05T07:52:46+00:00 RUN_END SCAnb_r2.0 OOS net=212905.0 dd=16.3964 pb_lot=0.01 sca_lot=0.092 63.5s
2026-09-05T07:52:46+00:00 RUN_START SCAnb_r3.0 OOS on XM1
2026-09-05T07:53:49+00:00 RUN_END SCAnb_r3.0 OOS net=314550.0 dd=23.5931 pb_lot=0.01 sca_lot=0.1404 63.5s
2026-09-05T07:53:49+00:00 MEASURE_END rows=44 ok=44 -> C:\Users\f\source\repos\mt5_backtester\ml\goldsize1\results_xm.csv
