2026-09-05T02:10:10+00:00 MEASURE_START jobs=44
2026-09-05T02:10:10+00:00 RUN_START BASELINE IS on BT2
2026-09-05T02:10:20+00:00 RUN_END BASELINE IS net=None dd=None pb_lot=None sca_lot=None 9.5s
2026-09-05T02:10:20+00:00 RUN_START PB_r0.68 IS on BT2
2026-09-05T02:10:35+00:00 RUN_START PB_r1.0 IS on BT3
2026-09-05T02:10:44+00:00 RUN_END PB_r0.68 IS net=None dd=None pb_lot=None sca_lot=None 24.4s
2026-09-05T02:10:44+00:00 RUN_START PB_r1.5 IS on BT2
2026-09-05T02:10:45+00:00 RUN_END PB_r1.0 IS net=None dd=None pb_lot=None sca_lot=None 9.4s
2026-09-05T02:10:45+00:00 RUN_START PB_r2.0 IS on BT3
2026-09-05T02:11:09+00:00 RUN_END PB_r1.5 IS net=None dd=None pb_lot=None sca_lot=None 24.5s
2026-09-05T02:11:09+00:00 RUN_START PB_r3.0 IS on BT2
2026-09-05T02:11:09+00:00 RUN_END PB_r2.0 IS net=None dd=None pb_lot=None sca_lot=None 24.6s
2026-09-05T02:11:09+00:00 RUN_START PB_r4.0 IS on BT3
2026-09-05T02:11:33+00:00 RUN_END PB_r3.0 IS net=None dd=None pb_lot=None sca_lot=None 24.6s
2026-09-05T02:11:33+00:00 RUN_START PB_r5.0 IS on BT2
2026-09-05T02:11:34+00:00 RUN_END PB_r4.0 IS net=None dd=None pb_lot=None sca_lot=None 24.6s
2026-09-05T02:11:34+00:00 RUN_START SCA_r0.68 IS on BT3
2026-09-05T02:11:58+00:00 RUN_END PB_r5.0 IS net=None dd=None pb_lot=None sca_lot=None 24.5s
2026-09-05T02:11:58+00:00 RUN_START SCA_r1.0 IS on BT2
2026-09-05T02:11:58+00:00 RUN_END SCA_r0.68 IS net=None dd=None pb_lot=None sca_lot=None 24.5s
2026-09-05T02:11:58+00:00 RUN_START SCA_r2.0 IS on BT3
2026-09-05T02:12:22+00:00 RUN_END SCA_r1.0 IS net=None dd=None pb_lot=None sca_lot=None 24.5s
2026-09-05T02:12:22+00:00 RUN_START SCA_r3.0 IS on BT2
2026-09-05T02:12:23+00:00 RUN_END SCA_r2.0 IS net=None dd=None pb_lot=None sca_lot=None 24.6s
2026-09-05T02:12:23+00:00 RUN_START SCA_r5.0 IS on BT3
2026-09-05T02:12:47+00:00 RUN_END SCA_r3.0 IS net=None dd=None pb_lot=None sca_lot=None 24.5s
2026-09-05T02:12:47+00:00 RUN_START BOTH_r1.0 IS on BT2
2026-09-05T02:12:48+00:00 RUN_END SCA_r5.0 IS net=None dd=None pb_lot=None sca_lot=None 24.6s
2026-09-05T02:12:48+00:00 RUN_START BOTH_r2.0 IS on BT3
2026-09-05T02:13:11+00:00 RUN_END BOTH_r1.0 IS net=None dd=None pb_lot=None sca_lot=None 24.5s
2026-09-05T02:13:11+00:00 RUN_START BOTH_r3.0 IS on BT2
2026-09-05T02:13:12+00:00 RUN_END BOTH_r2.0 IS net=None dd=None pb_lot=None sca_lot=None 24.5s
2026-09-05T02:13:12+00:00 RUN_START BOTH_r5.0 IS on BT3
2026-09-05T02:13:36+00:00 RUN_END BOTH_r3.0 IS net=None dd=None pb_lot=None sca_lot=None 24.5s
2026-09-05T02:13:36+00:00 RUN_START PBcomp_r1.0 IS on BT2
2026-09-05T02:13:37+00:00 RUN_END BOTH_r5.0 IS net=None dd=None pb_lot=None sca_lot=None 24.6s
2026-09-05T02:13:37+00:00 RUN_START PBcomp_r2.0 IS on BT3
2026-09-05T02:14:00+00:00 RUN_END PBcomp_r1.0 IS net=None dd=None pb_lot=None sca_lot=None 24.5s
2026-09-05T02:14:00+00:00 RUN_START PBcomp_r3.0 IS on BT2
2026-09-05T02:14:01+00:00 RUN_END PBcomp_r2.0 IS net=None dd=None pb_lot=None sca_lot=None 24.6s
2026-09-05T02:14:01+00:00 RUN_START SCAnb_r2.0 IS on BT3
2026-09-05T02:14:25+00:00 RUN_END PBcomp_r3.0 IS net=None dd=None pb_lot=None sca_lot=None 24.5s
2026-09-05T02:14:25+00:00 RUN_START SCAnb_r3.0 IS on BT2
2026-09-05T02:14:26+00:00 RUN_END SCAnb_r2.0 IS net=None dd=None pb_lot=None sca_lot=None 24.5s
2026-09-05T02:14:26+00:00 RUN_START BASELINE OOS on BT3
2026-09-05T02:14:49+00:00 RUN_END SCAnb_r3.0 IS net=None dd=None pb_lot=None sca_lot=None 24.5s
2026-09-05T02:14:49+00:00 RUN_START PB_r0.68 OOS on BT2
2026-09-05T02:14:50+00:00 RUN_END BASELINE OOS net=None dd=None pb_lot=None sca_lot=None 24.6s
2026-09-05T02:14:50+00:00 RUN_START PB_r1.0 OOS on BT3
2026-09-05T02:15:14+00:00 RUN_END PB_r0.68 OOS net=None dd=None pb_lot=None sca_lot=None 24.5s
2026-09-05T02:15:14+00:00 RUN_START PB_r1.5 OOS on BT2
2026-09-05T02:15:15+00:00 RUN_END PB_r1.0 OOS net=None dd=None pb_lot=None sca_lot=None 24.6s
2026-09-05T02:15:15+00:00 RUN_START PB_r2.0 OOS on BT3
2026-09-05T02:15:38+00:00 RUN_END PB_r1.5 OOS net=None dd=None pb_lot=None sca_lot=None 24.5s
2026-09-05T02:15:38+00:00 RUN_START PB_r3.0 OOS on BT2
2026-09-05T02:15:40+00:00 RUN_END PB_r2.0 OOS net=None dd=None pb_lot=None sca_lot=None 24.6s
2026-09-05T02:15:40+00:00 RUN_START PB_r4.0 OOS on BT3
2026-09-05T02:16:03+00:00 RUN_END PB_r3.0 OOS net=None dd=None pb_lot=None sca_lot=None 24.5s
2026-09-05T02:16:03+00:00 RUN_START PB_r5.0 OOS on BT2
2026-09-05T02:16:04+00:00 RUN_END PB_r4.0 OOS net=None dd=None pb_lot=None sca_lot=None 24.6s
2026-09-05T02:16:04+00:00 RUN_START SCA_r0.68 OOS on BT3
2026-09-05T02:16:27+00:00 RUN_END PB_r5.0 OOS net=None dd=None pb_lot=None sca_lot=None 24.5s
2026-09-05T02:16:27+00:00 RUN_START SCA_r1.0 OOS on BT2
2026-09-05T02:16:29+00:00 RUN_END SCA_r0.68 OOS net=None dd=None pb_lot=None sca_lot=None 24.6s
2026-09-05T02:16:29+00:00 RUN_START SCA_r2.0 OOS on BT3
2026-09-05T02:16:52+00:00 RUN_END SCA_r1.0 OOS net=None dd=None pb_lot=None sca_lot=None 24.5s
2026-09-05T02:16:52+00:00 RUN_START SCA_r3.0 OOS on BT2
2026-09-05T02:16:53+00:00 RUN_END SCA_r2.0 OOS net=None dd=None pb_lot=None sca_lot=None 24.5s
2026-09-05T02:16:53+00:00 RUN_START SCA_r5.0 OOS on BT3
2026-09-05T02:17:16+00:00 RUN_END SCA_r3.0 OOS net=None dd=None pb_lot=None sca_lot=None 24.5s
2026-09-05T02:17:16+00:00 RUN_START BOTH_r1.0 OOS on BT2
2026-09-05T02:17:18+00:00 RUN_END SCA_r5.0 OOS net=None dd=None pb_lot=None sca_lot=None 24.5s
2026-09-05T02:17:18+00:00 RUN_START BOTH_r2.0 OOS on BT3
2026-09-05T02:17:41+00:00 RUN_END BOTH_r1.0 OOS net=None dd=None pb_lot=None sca_lot=None 24.5s
2026-09-05T02:17:41+00:00 RUN_START BOTH_r3.0 OOS on BT2
2026-09-05T02:17:42+00:00 RUN_END BOTH_r2.0 OOS net=None dd=None pb_lot=None sca_lot=None 24.6s
2026-09-05T02:17:42+00:00 RUN_START BOTH_r5.0 OOS on BT3
2026-09-05T02:18:05+00:00 RUN_END BOTH_r3.0 OOS net=None dd=None pb_lot=None sca_lot=None 24.5s
2026-09-05T02:18:05+00:00 RUN_START PBcomp_r1.0 OOS on BT2
2026-09-05T02:18:07+00:00 RUN_END BOTH_r5.0 OOS net=None dd=None pb_lot=None sca_lot=None 24.5s
2026-09-05T02:18:07+00:00 RUN_START PBcomp_r2.0 OOS on BT3
2026-09-05T02:18:30+00:00 RUN_END PBcomp_r1.0 OOS net=None dd=None pb_lot=None sca_lot=None 24.5s
2026-09-05T02:18:30+00:00 RUN_START PBcomp_r3.0 OOS on BT2
2026-09-05T02:18:31+00:00 RUN_END PBcomp_r2.0 OOS net=None dd=None pb_lot=None sca_lot=None 24.5s
2026-09-05T02:18:31+00:00 RUN_START SCAnb_r2.0 OOS on BT3
2026-09-05T02:18:54+00:00 RUN_END PBcomp_r3.0 OOS net=None dd=None pb_lot=None sca_lot=None 24.5s
2026-09-05T02:18:54+00:00 RUN_START SCAnb_r3.0 OOS on BT2
2026-09-05T02:18:56+00:00 RUN_END SCAnb_r2.0 OOS net=None dd=None pb_lot=None sca_lot=None 24.6s
2026-09-05T02:19:19+00:00 RUN_END SCAnb_r3.0 OOS net=None dd=None pb_lot=None sca_lot=None 24.4s
2026-09-05T02:19:19+00:00 MEASURE_END rows=44 -> C:\Users\f\source\repos\mt5_backtester\ml\goldsize1\results.csv
2026-09-05T02:24:11+00:00 RESUME done=0 remaining=44
2026-09-05T02:24:11+00:00 MEASURE_START jobs=44
2026-09-05T02:24:11+00:00 RUN_START BASELINE IS on PROD
2026-09-05T02:24:36+00:00 RUN_START PB_r0.68 IS on BT4
2026-09-05T02:24:45+00:00 RUN_END PB_r0.68 IS net=None dd=None pb_lot=None sca_lot=None 9.6s
2026-09-05T02:24:45+00:00 RUN_START PB_r1.0 IS on BT4
2026-09-05T02:25:10+00:00 RUN_END PB_r1.0 IS net=None dd=None pb_lot=None sca_lot=None 24.6s
2026-09-05T02:25:10+00:00 RUN_START PB_r1.5 IS on BT4
2026-09-05T02:25:34+00:00 RUN_END PB_r1.5 IS net=None dd=None pb_lot=None sca_lot=None 24.6s
2026-09-05T02:25:34+00:00 RUN_START PB_r2.0 IS on BT4
2026-09-05T02:25:54+00:00 RUN_END BASELINE IS net=411160.0 dd=3.8264 pb_lot=0.01 sca_lot=0.0119 103.9s
2026-09-05T02:25:54+00:00 RUN_START PB_r3.0 IS on PROD
2026-09-05T02:25:59+00:00 RUN_END PB_r2.0 IS net=None dd=None pb_lot=None sca_lot=None 24.6s
2026-09-05T02:25:59+00:00 RUN_START PB_r4.0 IS on BT4
2026-09-05T02:26:04+00:00 RUN_END PB_r3.0 IS net=None dd=None pb_lot=None sca_lot=None 9.4s
2026-09-05T02:26:04+00:00 RUN_START PB_r5.0 IS on PROD
2026-09-05T02:26:23+00:00 RUN_END PB_r4.0 IS net=None dd=None pb_lot=None sca_lot=None 24.5s
2026-09-05T02:26:23+00:00 RUN_START SCA_r0.68 IS on BT4
2026-09-05T02:26:28+00:00 RUN_END PB_r5.0 IS net=None dd=None pb_lot=None sca_lot=None 24.5s
2026-09-05T02:26:28+00:00 RUN_START SCA_r1.0 IS on PROD
2026-09-05T02:26:48+00:00 RUN_END SCA_r0.68 IS net=None dd=None pb_lot=None sca_lot=None 24.5s
2026-09-05T02:26:48+00:00 RUN_START SCA_r2.0 IS on BT4
2026-09-05T02:26:53+00:00 RUN_END SCA_r1.0 IS net=None dd=None pb_lot=None sca_lot=None 24.5s
2026-09-05T02:26:53+00:00 RUN_START SCA_r3.0 IS on PROD
2026-09-05T02:27:12+00:00 RUN_END SCA_r2.0 IS net=None dd=None pb_lot=None sca_lot=None 24.5s
2026-09-05T02:27:12+00:00 RUN_START SCA_r5.0 IS on BT4
2026-09-05T02:27:17+00:00 RUN_END SCA_r3.0 IS net=None dd=None pb_lot=None sca_lot=None 24.5s
2026-09-05T02:27:17+00:00 RUN_START BOTH_r1.0 IS on PROD
2026-09-05T02:27:37+00:00 RUN_END SCA_r5.0 IS net=None dd=None pb_lot=None sca_lot=None 24.4s
2026-09-05T02:27:37+00:00 RUN_START BOTH_r2.0 IS on BT4
2026-09-05T02:27:42+00:00 RUN_END BOTH_r1.0 IS net=None dd=None pb_lot=None sca_lot=None 24.5s
2026-09-05T02:27:42+00:00 RUN_START BOTH_r3.0 IS on PROD
2026-09-05T02:28:01+00:00 RUN_END BOTH_r2.0 IS net=None dd=None pb_lot=None sca_lot=None 24.4s
2026-09-05T02:28:01+00:00 RUN_START BOTH_r5.0 IS on BT4
2026-09-05T02:28:06+00:00 RUN_END BOTH_r3.0 IS net=None dd=None pb_lot=None sca_lot=None 24.5s
2026-09-05T02:28:06+00:00 RUN_START PBcomp_r1.0 IS on PROD
2026-09-05T02:28:26+00:00 RUN_END BOTH_r5.0 IS net=None dd=None pb_lot=None sca_lot=None 24.4s
2026-09-05T02:28:26+00:00 RUN_START PBcomp_r2.0 IS on BT4
2026-09-05T02:28:31+00:00 RUN_END PBcomp_r1.0 IS net=None dd=None pb_lot=None sca_lot=None 24.5s
2026-09-05T02:28:31+00:00 RUN_START PBcomp_r3.0 IS on PROD
2026-09-05T02:28:50+00:00 RUN_END PBcomp_r2.0 IS net=None dd=None pb_lot=None sca_lot=None 24.5s
2026-09-05T02:28:50+00:00 RUN_START SCAnb_r2.0 IS on BT4
2026-09-05T02:28:55+00:00 RUN_END PBcomp_r3.0 IS net=None dd=None pb_lot=None sca_lot=None 24.5s
2026-09-05T02:28:55+00:00 RUN_START SCAnb_r3.0 IS on PROD
2026-09-05T02:29:15+00:00 RUN_END SCAnb_r2.0 IS net=None dd=None pb_lot=None sca_lot=None 24.4s
2026-09-05T02:29:15+00:00 RUN_START BASELINE OOS on BT4
2026-09-05T02:29:20+00:00 RUN_END SCAnb_r3.0 IS net=None dd=None pb_lot=None sca_lot=None 24.5s
2026-09-05T02:29:20+00:00 RUN_START PB_r0.68 OOS on PROD
2026-09-05T02:29:39+00:00 RUN_END BASELINE OOS net=None dd=None pb_lot=None sca_lot=None 24.5s
2026-09-05T02:29:39+00:00 RUN_START PB_r1.0 OOS on BT4
2026-09-05T02:29:44+00:00 RUN_END PB_r0.68 OOS net=None dd=None pb_lot=None sca_lot=None 24.5s
2026-09-05T02:29:44+00:00 RUN_START PB_r1.5 OOS on PROD
2026-09-05T02:30:04+00:00 RUN_END PB_r1.0 OOS net=None dd=None pb_lot=None sca_lot=None 24.5s
2026-09-05T02:30:04+00:00 RUN_START PB_r2.0 OOS on BT4
2026-09-05T02:30:09+00:00 RUN_END PB_r1.5 OOS net=None dd=None pb_lot=None sca_lot=None 24.5s
2026-09-05T02:30:09+00:00 RUN_START PB_r3.0 OOS on PROD
2026-09-05T02:30:28+00:00 RUN_END PB_r2.0 OOS net=None dd=None pb_lot=None sca_lot=None 24.5s
2026-09-05T02:30:28+00:00 RUN_START PB_r4.0 OOS on BT4
2026-09-05T02:30:33+00:00 RUN_END PB_r3.0 OOS net=None dd=None pb_lot=None sca_lot=None 24.5s
2026-09-05T02:30:33+00:00 RUN_START PB_r5.0 OOS on PROD
2026-09-05T02:30:53+00:00 RUN_END PB_r4.0 OOS net=None dd=None pb_lot=None sca_lot=None 24.5s
2026-09-05T02:30:53+00:00 RUN_START SCA_r0.68 OOS on BT4
2026-09-05T02:30:58+00:00 RUN_END PB_r5.0 OOS net=None dd=None pb_lot=None sca_lot=None 24.5s
2026-09-05T02:30:58+00:00 RUN_START SCA_r1.0 OOS on PROD
2026-09-05T02:31:17+00:00 RUN_END SCA_r0.68 OOS net=None dd=None pb_lot=None sca_lot=None 24.5s
2026-09-05T02:31:17+00:00 RUN_START SCA_r2.0 OOS on BT4
2026-09-05T02:31:22+00:00 RUN_END SCA_r1.0 OOS net=None dd=None pb_lot=None sca_lot=None 24.5s
2026-09-05T02:31:22+00:00 RUN_START SCA_r3.0 OOS on PROD
2026-09-05T02:31:41+00:00 RUN_END SCA_r2.0 OOS net=None dd=None pb_lot=None sca_lot=None 24.5s
2026-09-05T02:31:41+00:00 RUN_START SCA_r5.0 OOS on BT4
2026-09-05T02:31:47+00:00 RUN_END SCA_r3.0 OOS net=None dd=None pb_lot=None sca_lot=None 24.5s
2026-09-05T02:31:47+00:00 RUN_START BOTH_r1.0 OOS on PROD
2026-09-05T02:32:06+00:00 RUN_END SCA_r5.0 OOS net=None dd=None pb_lot=None sca_lot=None 24.5s
2026-09-05T02:32:06+00:00 RUN_START BOTH_r2.0 OOS on BT4
2026-09-05T02:32:11+00:00 RUN_END BOTH_r1.0 OOS net=None dd=None pb_lot=None sca_lot=None 24.5s
2026-09-05T02:32:11+00:00 RUN_START BOTH_r3.0 OOS on PROD
2026-09-05T02:32:30+00:00 RUN_END BOTH_r2.0 OOS net=None dd=None pb_lot=None sca_lot=None 24.5s
2026-09-05T02:32:30+00:00 RUN_START BOTH_r5.0 OOS on BT4
2026-09-05T02:32:36+00:00 RUN_END BOTH_r3.0 OOS net=None dd=None pb_lot=None sca_lot=None 24.5s
2026-09-05T02:32:36+00:00 RUN_START PBcomp_r1.0 OOS on PROD
2026-09-05T02:32:55+00:00 RUN_END BOTH_r5.0 OOS net=None dd=None pb_lot=None sca_lot=None 24.5s
2026-09-05T02:32:55+00:00 RUN_START PBcomp_r2.0 OOS on BT4
2026-09-05T02:33:00+00:00 RUN_END PBcomp_r1.0 OOS net=None dd=None pb_lot=None sca_lot=None 24.5s
2026-09-05T02:33:00+00:00 RUN_START PBcomp_r3.0 OOS on PROD
2026-09-05T02:33:19+00:00 RUN_END PBcomp_r2.0 OOS net=None dd=None pb_lot=None sca_lot=None 24.5s
2026-09-05T02:33:19+00:00 RUN_START SCAnb_r2.0 OOS on BT4
2026-09-05T02:33:25+00:00 RUN_END PBcomp_r3.0 OOS net=None dd=None pb_lot=None sca_lot=None 24.5s
2026-09-05T02:33:25+00:00 RUN_START SCAnb_r3.0 OOS on PROD
2026-09-05T02:33:44+00:00 RUN_END SCAnb_r2.0 OOS net=None dd=None pb_lot=None sca_lot=None 24.5s
2026-09-05T02:33:49+00:00 RUN_END SCAnb_r3.0 OOS net=None dd=None pb_lot=None sca_lot=None 24.5s
2026-09-05T02:33:49+00:00 MEASURE_END rows=44 ok=1 -> C:\Users\f\source\repos\mt5_backtester\ml\goldsize1\results.csv
