2026-09-04T22:05:10+00:00 MEASURE_START jobs=16 deposit=500000 expert=MIX_EA
2026-09-04T22:05:10+00:00 RUN_START book=XM5 x1 window=IS
2026-09-04T22:11:16+00:00 RUN_END book=XM5 x1 IS net=487596.0 dd=5.2318% 月利=1.6253% elapsed=365.5s
2026-09-04T22:11:16+00:00 RUN_START book=XM5 x1 window=FULL
2026-09-04T22:11:26+00:00 RUN_END book=XM5 x1 FULL net=None dd=None% 月利=None% elapsed=10.6s
2026-09-04T22:11:26+00:00 RUN_START book=XM5 x3 window=IS
2026-09-04T22:16:21+00:00 RUN_END book=XM5 x3 IS net=1462782.0 dd=11.4043% 月利=4.8759% elapsed=295.0s
2026-09-04T22:16:21+00:00 RUN_START book=XM5 x3 window=FULL
2026-09-04T22:24:42+00:00 RUN_END book=XM5 x3 FULL net=1760246.0 dd=8.4419% 月利=3.0613% elapsed=500.6s
2026-09-04T22:24:42+00:00 RUN_START book=XM5 x5 window=IS
2026-09-04T22:29:17+00:00 RUN_END book=XM5 x5 IS net=2437993.0 dd=14.9257% 月利=8.1266% elapsed=275.0s
2026-09-04T22:29:17+00:00 RUN_START book=XM5 x5 window=FULL
2026-09-04T22:37:27+00:00 RUN_END book=XM5 x5 FULL net=2933806.0 dd=12.565% 月利=5.1023% elapsed=490.3s
2026-09-04T22:37:27+00:00 RUN_START book=XM5 x8 window=IS
2026-09-04T22:42:13+00:00 RUN_END book=XM5 x8 IS net=3900748.0 dd=18.0633% 月利=13.0025% elapsed=285.6s
2026-09-04T22:42:13+00:00 RUN_START book=XM5 x8 window=FULL
2026-09-04T22:50:23+00:00 RUN_END book=XM5 x8 FULL net=4694057.0 dd=19.2081% 月利=8.1636% elapsed=490.7s
2026-09-04T22:50:23+00:00 RUN_START book=XM5 x10 window=IS
2026-09-04T22:54:43+00:00 RUN_END book=XM5 x10 IS net=4875935.0 dd=19.4246% 月利=16.2531% elapsed=259.4s
2026-09-04T22:54:43+00:00 RUN_START book=XM5 x10 window=FULL
2026-09-04T23:01:57+00:00 RUN_END book=XM5 x10 FULL net=5867559.0 dd=23.3195% 月利=10.2045% elapsed=434.4s
2026-09-04T23:01:57+00:00 RUN_START book=XM5 x15 window=IS
2026-09-04T23:06:17+00:00 RUN_END book=XM5 x15 IS net=7313912.0 dd=24.0562% 月利=24.3797% elapsed=259.5s
2026-09-04T23:06:17+00:00 RUN_START book=XM5 x15 window=FULL
2026-09-04T23:13:36+00:00 RUN_END book=XM5 x15 FULL net=8801324.0 dd=32.6285% 月利=15.3067% elapsed=439.6s
2026-09-04T23:13:36+00:00 RUN_START book=XMGOLD x1 window=IS
2026-09-04T23:15:00+00:00 RUN_END book=XMGOLD x1 IS net=379590.0 dd=4.0552% 月利=1.2653% elapsed=84.1s
2026-09-04T23:15:00+00:00 RUN_START book=XMGOLD x1 window=FULL
2026-09-04T23:17:04+00:00 RUN_END book=XMGOLD x1 FULL net=456193.0 dd=3.6493% 月利=0.7934% elapsed=123.9s
2026-09-04T23:17:04+00:00 RUN_START book=XMGOLD x5 window=IS
2026-09-04T23:18:23+00:00 RUN_END book=XMGOLD x5 IS net=1898001.0 dd=15.4919% 月利=6.3267% elapsed=78.7s
2026-09-04T23:18:23+00:00 RUN_START book=XMGOLD x5 window=FULL
2026-09-04T23:20:32+00:00 RUN_END book=XMGOLD x5 FULL net=2280977.0 dd=10.7698% 月利=3.9669% elapsed=128.8s
2026-09-04T23:20:32+00:00 MEASURE_END rows=16 -> C:\Users\f\source\repos\mt5_backtester\ml\deploy50b\results_xm.csv
