2026-09-04T15:06:14+00:00 MEASURE_START jobs=22 deposit=500000
2026-09-04T15:06:14+00:00 RUN_START book=CFD x1 window=IS terminal=PROD
2026-09-04T15:06:39+00:00 RUN_START book=CFD x1 window=FULL terminal=BT1
2026-09-04T15:08:51+00:00 RUN_END book=CFD x1 IS net=417882.0 dd=3.7942% 月利=1.3929% elapsed=157.5s
2026-09-04T15:08:51+00:00 RUN_START book=CFD x3 window=IS terminal=PROD
2026-09-04T15:11:26+00:00 RUN_END book=CFD x3 IS net=1253634.0 dd=7.69% 月利=4.1788% elapsed=155.3s
2026-09-04T15:11:26+00:00 RUN_START book=CFD x3 window=FULL terminal=PROD
2026-09-04T15:20:40+00:00 RUN_END book=CFD x1 FULL net=465222.0 dd=3.5901% 月利=0.8091% elapsed=841.9s
2026-09-04T15:20:40+00:00 RUN_START book=CFD x5 window=IS terminal=BT1
2026-09-04T15:22:25+00:00 RUN_END book=CFD x5 IS net=2089397.0 dd=11.684% 月利=6.9647% elapsed=104.8s
2026-09-04T15:22:25+00:00 RUN_START book=CFD x5 window=FULL terminal=BT1
2026-09-04T15:24:19+00:00 RUN_END book=CFD x3 FULL net=1395677.0 dd=6.1877% 月利=2.4273% elapsed=772.5s
2026-09-04T15:24:19+00:00 RUN_START book=CFD x6 window=IS terminal=PROD
2026-09-04T15:25:59+00:00 RUN_END book=CFD x6 IS net=2507249.0 dd=13.4279% 月利=8.3575% elapsed=99.7s
2026-09-04T15:25:59+00:00 RUN_START book=CFD x6 window=FULL terminal=PROD
2026-09-04T15:33:31+00:00 RUN_END book=CFD x5 FULL net=2326141.0 dd=8.5352% 月利=4.0455% elapsed=665.8s
2026-09-04T15:33:31+00:00 RUN_START book=CFD x8 window=IS terminal=BT1
2026-09-04T15:35:10+00:00 RUN_END book=CFD x8 IS net=3342991.0 dd=16.5077% 月利=11.1433% elapsed=99.2s
2026-09-04T15:35:10+00:00 RUN_START book=CFD x8 window=FULL terminal=BT1
2026-09-04T15:35:55+00:00 RUN_END book=CFD x6 FULL net=2791353.0 dd=9.4297% 月利=4.8545% elapsed=596.6s
2026-09-04T15:35:55+00:00 RUN_START book=CFD x10 window=IS terminal=PROD
2026-09-04T15:37:30+00:00 RUN_END book=CFD x10 IS net=4178756.0 dd=19.1414% 月利=13.9292% elapsed=94.7s
2026-09-04T15:37:30+00:00 RUN_START book=CFD x10 window=FULL terminal=PROD
2026-09-04T15:45:01+00:00 RUN_END book=CFD x8 FULL net=3721772.0 dd=12.1573% 月利=6.4726% elapsed=590.5s
2026-09-04T15:45:01+00:00 RUN_START book=CFD x12 window=IS terminal=BT1
2026-09-04T15:46:40+00:00 RUN_END book=CFD x12 IS net=5014505.0 dd=21.4196% 月利=16.715% elapsed=99.3s
2026-09-04T15:46:40+00:00 RUN_START book=CFD x12 window=FULL terminal=BT1
2026-09-04T15:47:36+00:00 RUN_END book=CFD x10 FULL net=4652251.0 dd=14.7795% 月利=8.0909% elapsed=606.6s
2026-09-04T15:47:36+00:00 RUN_START book=CFD x15 window=IS terminal=PROD
2026-09-04T15:49:16+00:00 RUN_END book=CFD x15 IS net=6268150.0 dd=24.3136% 月利=20.8938% elapsed=99.3s
2026-09-04T15:49:16+00:00 RUN_START book=CFD x15 window=FULL terminal=PROD
2026-09-04T15:56:31+00:00 RUN_END book=CFD x12 FULL net=5582710.0 dd=17.2618% 月利=9.7091% elapsed=590.5s
2026-09-04T15:56:31+00:00 RUN_START book=FX x1 window=IS terminal=BT1
2026-09-04T15:59:32+00:00 RUN_END book=CFD x15 FULL net=6978376.0 dd=20.7497% 月利=12.1363% elapsed=616.7s
2026-09-04T15:59:32+00:00 RUN_START book=FX x1 window=FULL terminal=PROD
2026-09-04T16:04:16+00:00 RUN_END book=FX x1 IS net=363330.0 dd=7.9506% 月利=1.2111% elapsed=465.6s
2026-09-04T16:04:16+00:00 RUN_START book=FX x2 window=IS terminal=BT1
2026-09-04T16:12:22+00:00 RUN_END book=FX x2 IS net=744542.0 dd=15.8944% 月利=2.4818% elapsed=485.5s
2026-09-04T16:12:22+00:00 RUN_START book=FX x2 window=FULL terminal=BT1
2026-09-04T16:14:16+00:00 RUN_END book=FX x1 FULL net=507867.0 dd=7.9311% 月利=0.8832% elapsed=883.2s
2026-09-04T16:14:16+00:00 RUN_START book=FX x3 window=IS terminal=PROD
2026-09-04T16:22:47+00:00 RUN_END book=FX x3 IS net=1122023.0 dd=23.8494% 月利=3.7401% elapsed=511.2s
2026-09-04T16:22:47+00:00 RUN_START book=FX x3 window=FULL terminal=PROD
2026-09-04T16:26:54+00:00 RUN_END book=FX x2 FULL net=1036573.0 dd=14.9268% 月利=1.8027% elapsed=871.9s
2026-09-04T16:36:34+00:00 RUN_END book=FX x3 FULL net=1575148.0 dd=20.8506% 月利=2.7394% elapsed=826.9s
2026-09-04T16:36:34+00:00 MEASURE_END rows=22 -> C:\Users\f\source\repos\mt5_backtester\ml\deploy50b\results.csv
