2026-09-18T21:39:44+00:00 FXQUAL6_START jobs=16 W001 の頑健性（slope の細刻み）＋合成
2026-09-18T21:39:44+00:00 RUN_START Y000 OOS cap=0
2026-09-18T21:43:23+00:00 RUN_END Y000 OOS net=117843.0 dd%=5.2719 trades=1375 218.9s
2026-09-18T21:43:23+00:00 RUN_START Y000 IS cap=0
2026-09-18T21:47:17+00:00 RUN_END Y000 IS net=255445.0 dd%=7.3544 trades=1595 234.0s
2026-09-18T21:47:17+00:00 RUN_START Y003 OOS cap=0
2026-09-18T21:50:51+00:00 RUN_END Y003 OOS net=120474.0 dd%=5.2726 trades=1368 214.4s
2026-09-18T21:50:51+00:00 RUN_START Y003 IS cap=0
2026-09-18T21:54:45+00:00 RUN_END Y003 IS net=260524.0 dd%=7.8278 trades=1583 234.0s
2026-09-18T21:54:45+00:00 RUN_START Y004 OOS cap=0
2026-09-18T21:58:19+00:00 RUN_END Y004 OOS net=125077.0 dd%=4.652 trades=1365 214.0s
2026-09-18T21:58:19+00:00 RUN_START Y004 IS cap=0
2026-09-18T22:02:08+00:00 RUN_END Y004 IS net=255367.0 dd%=7.2562 trades=1578 229.1s
2026-09-18T22:02:08+00:00 RUN_START Y002 OOS cap=0
2026-09-18T22:05:57+00:00 RUN_END Y002 OOS net=125272.0 dd%=4.7635 trades=1370 229.0s
2026-09-18T22:05:57+00:00 RUN_START Y002 IS cap=0
2026-09-18T22:09:51+00:00 RUN_END Y002 IS net=261711.0 dd%=7.3544 trades=1585 234.0s
2026-09-18T22:09:51+00:00 RUN_START Y005 OOS cap=0
2026-09-18T22:13:35+00:00 RUN_END Y005 OOS net=117047.0 dd%=5.4464 trades=1365 224.0s
2026-09-18T22:13:35+00:00 RUN_START Y005 IS cap=0
2026-09-18T22:17:24+00:00 RUN_END Y005 IS net=252616.0 dd%=7.2562 trades=1571 229.2s
2026-09-18T22:17:24+00:00 RUN_START Y001 OOS cap=0
2026-09-18T22:20:58+00:00 RUN_END Y001 OOS net=123191.0 dd%=4.7635 trades=1371 214.0s
2026-09-18T22:20:58+00:00 RUN_START Y001 IS cap=0
2026-09-18T22:24:48+00:00 RUN_END Y001 IS net=262023.0 dd%=7.3544 trades=1585 229.1s
2026-09-18T22:24:48+00:00 RUN_START Y006 OOS cap=0
2026-09-18T22:28:22+00:00 RUN_END Y006 OOS net=121971.0 dd%=4.7741 trades=1372 214.1s
2026-09-18T22:28:22+00:00 RUN_START Y006 IS cap=0
2026-09-18T22:32:11+00:00 RUN_END Y006 IS net=258778.0 dd%=7.3544 trades=1588 229.3s
2026-09-18T22:32:11+00:00 RUN_START Y007 OOS cap=0
2026-09-18T22:35:45+00:00 RUN_END Y007 OOS net=127214.0 dd%=4.6575 trades=1346 214.0s
2026-09-18T22:35:45+00:00 RUN_START Y007 IS cap=0
2026-09-18T22:39:34+00:00 RUN_END Y007 IS net=261533.0 dd%=6.9402 trades=1562 229.2s
2026-09-18T22:39:34+00:00 FXQUAL6_END -> C:\Users\f\source\repos\mt5_backtester\ml\fxqual6\results.csv
