2026-09-07T07:37:02+00:00 EA_SHA 63d549c8a5e9f37a 159274bytes
2026-09-07T07:37:02+00:00 MEASURE_START proposals=71 remaining=142 done=0
2026-09-07T07:37:02+00:00 RUN_START X001 IS [U0]
2026-09-07T07:44:37+00:00 RUN_END X001 IS net=3584410.0 dd=29.864 uj2_net=-1264 uj2_n=229 gj2_net=None gj2_n=None 455.1s
2026-09-07T07:44:37+00:00 RUN_START X002 IS [U1]
2026-09-07T07:45:44+00:00 EA_SHA 63d549c8a5e9f37a 159274bytes
2026-09-07T07:45:44+00:00 MEASURE_START proposals=71 remaining=142 done=0
2026-09-07T07:45:44+00:00 RUN_START X001 IS [U0]
2026-09-07T07:47:53+00:00 RUN_END X001 IS net=210311.0 dd=10.1511 uj2_net=-4830 uj2_n=229 gj2_net=None gj2_n=None 129.3s
2026-09-07T07:47:53+00:00 RUN_START X002 IS [U1]
2026-09-07T07:50:03+00:00 RUN_END X002 IS net=238724.0 dd=9.4498 uj2_net=22703 uj2_n=230 gj2_net=None gj2_n=None 129.5s
2026-09-07T07:50:03+00:00 RUN_START X003 IS [U1]
2026-09-07T07:52:07+00:00 RUN_END X003 IS net=207835.0 dd=11.609 uj2_net=-8026 uj2_n=440 gj2_net=None gj2_n=None 124.3s
2026-09-07T07:52:07+00:00 RUN_START X004 IS [U1]
2026-09-07T07:54:16+00:00 RUN_END X004 IS net=207120.0 dd=10.1923 uj2_net=-8852 uj2_n=150 gj2_net=None gj2_n=None 129.4s
2026-09-07T07:54:16+00:00 RUN_START X005 IS [U1]
2026-09-07T07:56:31+00:00 RUN_END X005 IS net=208839.0 dd=11.0145 uj2_net=-6755 uj2_n=269 gj2_net=None gj2_n=None 134.2s
2026-09-07T07:56:31+00:00 RUN_START X006 IS [U1]
2026-09-07T07:58:45+00:00 RUN_END X006 IS net=216124.0 dd=9.8928 uj2_net=1068 uj2_n=77 gj2_net=None gj2_n=None 134.5s
2026-09-07T07:58:45+00:00 RUN_START X007 IS [U1]
2026-09-07T08:01:37+00:00 RUN_END X007 IS net=212099.0 dd=9.9143 uj2_net=-3212 uj2_n=196 gj2_net=None gj2_n=None 171.6s
2026-09-07T08:01:37+00:00 RUN_START X008 IS [U1]
2026-09-07T08:03:41+00:00 RUN_END X008 IS net=218197.0 dd=9.3637 uj2_net=2271 uj2_n=65 gj2_net=None gj2_n=None 124.2s
2026-09-07T08:03:41+00:00 RUN_START X009 IS [U1]
2026-09-07T08:05:45+00:00 RUN_END X009 IS net=211706.0 dd=10.0436 uj2_net=-3345 uj2_n=105 gj2_net=None gj2_n=None 124.2s
2026-09-07T08:05:45+00:00 RUN_START X010 IS [U1]
2026-09-07T08:07:50+00:00 RUN_END X010 IS net=210243.0 dd=10.444 uj2_net=-5579 uj2_n=371 gj2_net=None gj2_n=None 124.4s
2026-09-07T08:07:50+00:00 RUN_START X011 IS [U1]
2026-09-07T08:09:54+00:00 RUN_END X011 IS net=218826.0 dd=9.5458 uj2_net=3684 uj2_n=288 gj2_net=None gj2_n=None 124.2s
2026-09-07T08:09:54+00:00 RUN_START X012 IS [U1]
2026-09-07T08:11:58+00:00 RUN_END X012 IS net=213408.0 dd=9.9597 uj2_net=-2324 uj2_n=313 gj2_net=None gj2_n=None 124.0s
2026-09-07T08:11:58+00:00 RUN_START X013 IS [U1]
2026-09-07T08:13:57+00:00 RUN_END X013 IS net=211430.0 dd=10.6452 uj2_net=-3822 uj2_n=185 gj2_net=None gj2_n=None 119.1s
2026-09-07T08:13:57+00:00 RUN_START X014 IS [U1]
2026-09-07T08:16:01+00:00 RUN_END X014 IS net=204896.0 dd=10.5714 uj2_net=-10132 uj2_n=185 gj2_net=None gj2_n=None 124.2s
2026-09-07T08:16:01+00:00 RUN_START X015 IS [U1]
2026-09-07T08:18:05+00:00 RUN_END X015 IS net=210635.0 dd=9.7314 uj2_net=-4347 uj2_n=129 gj2_net=None gj2_n=None 124.4s
2026-09-07T08:18:05+00:00 RUN_START X016 IS [U1]
2026-09-07T08:20:10+00:00 RUN_END X016 IS net=213547.0 dd=9.4238 uj2_net=-1591 uj2_n=46 gj2_net=None gj2_n=None 124.2s
2026-09-07T08:20:10+00:00 RUN_START X017 IS [U2]
2026-09-07T08:22:19+00:00 RUN_END X017 IS net=205178.0 dd=10.4866 uj2_net=-10968 uj2_n=131 gj2_net=None gj2_n=None 129.4s
2026-09-07T08:22:19+00:00 RUN_START X018 IS [U2]
2026-09-07T08:24:33+00:00 RUN_END X018 IS net=216025.0 dd=9.4513 uj2_net=833 uj2_n=189 gj2_net=None gj2_n=None 134.4s
2026-09-07T08:24:33+00:00 RUN_START X019 IS [U2]
2026-09-07T08:26:38+00:00 RUN_END X019 IS net=213700.0 dd=9.8165 uj2_net=-1442 uj2_n=218 gj2_net=None gj2_n=None 124.3s
2026-09-07T08:26:38+00:00 RUN_START X020 IS [U2]
2026-09-07T08:28:42+00:00 RUN_END X020 IS net=213588.0 dd=9.887 uj2_net=-1575 uj2_n=244 gj2_net=None gj2_n=None 124.0s
2026-09-07T08:28:42+00:00 RUN_START X021 IS [U2]
2026-09-07T08:30:41+00:00 RUN_END X021 IS net=213292.0 dd=9.8853 uj2_net=-1873 uj2_n=252 gj2_net=None gj2_n=None 119.1s
2026-09-07T08:30:41+00:00 RUN_START X022 IS [U3]
2026-09-07T08:32:45+00:00 RUN_END X022 IS net=207323.0 dd=10.5261 uj2_net=-7796 uj2_n=229 gj2_net=None gj2_n=None 124.1s
2026-09-07T08:32:45+00:00 RUN_START X023 IS [U3]
2026-09-07T08:34:54+00:00 RUN_END X023 IS net=207683.0 dd=10.3881 uj2_net=-7450 uj2_n=229 gj2_net=None gj2_n=None 129.0s
2026-09-07T08:34:54+00:00 RUN_START X024 IS [U3]
2026-09-07T08:36:53+00:00 RUN_END X024 IS net=209127.0 dd=10.2967 uj2_net=-6009 uj2_n=229 gj2_net=None gj2_n=None 119.0s
2026-09-07T08:36:53+00:00 RUN_START X025 IS [U3]
2026-09-07T08:38:52+00:00 RUN_END X025 IS net=211119.0 dd=10.0948 uj2_net=-4029 uj2_n=229 gj2_net=None gj2_n=None 119.2s
2026-09-07T08:38:52+00:00 RUN_START X026 IS [U3]
2026-09-07T08:40:51+00:00 RUN_END X026 IS net=212854.0 dd=9.9211 uj2_net=-2292 uj2_n=229 gj2_net=None gj2_n=None 119.1s
2026-09-07T08:40:51+00:00 RUN_START X027 IS [U4]
2026-09-07T08:42:51+00:00 RUN_END X027 IS net=211885.0 dd=11.112 uj2_net=-3901 uj2_n=564 gj2_net=None gj2_n=None 119.2s
2026-09-07T08:42:51+00:00 RUN_START X028 IS [U4]
2026-09-07T08:44:55+00:00 RUN_END X028 IS net=204440.0 dd=11.8682 uj2_net=-11315 uj2_n=572 gj2_net=None gj2_n=None 124.1s
2026-09-07T08:44:55+00:00 RUN_START X029 IS [U4]
2026-09-07T08:46:54+00:00 RUN_END X029 IS net=227646.0 dd=8.4144 uj2_net=12471 uj2_n=81 gj2_net=None gj2_n=None 119.1s
2026-09-07T08:46:54+00:00 RUN_START X030 IS [U4]
2026-09-07T08:48:53+00:00 RUN_END X030 IS net=220159.0 dd=9.1626 uj2_net=5057 uj2_n=89 gj2_net=None gj2_n=None 119.0s
2026-09-07T08:48:53+00:00 RUN_START X031 IS [U4]
2026-09-07T08:50:52+00:00 RUN_END X031 IS net=212102.0 dd=10.0473 uj2_net=-3784 uj2_n=33 gj2_net=None gj2_n=None 119.0s
2026-09-07T08:50:52+00:00 RUN_START X032 IS [U5]
2026-09-07T08:52:51+00:00 RUN_END X032 IS net=214897.0 dd=10.2862 uj2_net=-55 uj2_n=312 gj2_net=None gj2_n=None 119.0s
2026-09-07T08:52:51+00:00 RUN_START X033 IS [U5]
2026-09-07T08:54:50+00:00 RUN_END X033 IS net=212480.0 dd=10.1585 uj2_net=-2629 uj2_n=271 gj2_net=None gj2_n=None 119.1s
2026-09-07T08:54:50+00:00 RUN_START X034 IS [U5]
2026-09-07T08:56:49+00:00 RUN_END X034 IS net=223232.0 dd=8.777 uj2_net=8133 uj2_n=158 gj2_net=None gj2_n=None 119.0s
2026-09-07T08:56:49+00:00 RUN_START X035 IS [U5]
2026-09-07T08:58:48+00:00 RUN_END X035 IS net=212105.0 dd=9.6666 uj2_net=-3036 uj2_n=229 gj2_net=None gj2_n=None 119.0s
2026-09-07T08:58:48+00:00 RUN_START X036 IS [U5]
2026-09-07T09:00:47+00:00 RUN_END X036 IS net=208516.0 dd=10.6327 uj2_net=-6625 uj2_n=229 gj2_net=None gj2_n=None 119.0s
2026-09-07T09:00:47+00:00 RUN_START X037 IS [G0]
2026-09-07T09:02:46+00:00 RUN_END X037 IS net=134445.0 dd=15.0083 uj2_net=None uj2_n=None gj2_net=-81835 gj2_n=444 119.0s
2026-09-07T09:02:46+00:00 RUN_START X038 IS [G1]
2026-09-07T09:04:45+00:00 RUN_END X038 IS net=84395.0 dd=25.4329 uj2_net=None uj2_n=None gj2_net=-131885 gj2_n=524 119.0s
2026-09-07T09:04:45+00:00 RUN_START X039 IS [G1]
2026-09-07T09:06:44+00:00 RUN_END X039 IS net=105022.0 dd=20.0263 uj2_net=None uj2_n=None gj2_net=-111258 gj2_n=844 119.1s
2026-09-07T09:06:44+00:00 RUN_START X040 IS [G1]
2026-09-07T09:08:43+00:00 RUN_END X040 IS net=208838.0 dd=13.5508 uj2_net=None uj2_n=None gj2_net=-7442 gj2_n=347 119.1s
2026-09-07T09:08:43+00:00 RUN_START X041 IS [G1]
2026-09-07T09:10:42+00:00 RUN_END X041 IS net=169952.0 dd=17.0711 uj2_net=None uj2_n=None gj2_net=-46328 gj2_n=610 119.0s
2026-09-07T09:10:42+00:00 RUN_START X042 IS [G1]
2026-09-07T09:12:56+00:00 RUN_END X042 IS net=206763.0 dd=7.8767 uj2_net=None uj2_n=None gj2_net=-9517 gj2_n=209 134.1s
2026-09-07T09:12:56+00:00 RUN_START X043 IS [G1]
2026-09-07T09:15:00+00:00 RUN_END X043 IS net=117406.0 dd=17.9573 uj2_net=None uj2_n=None gj2_net=-98874 gj2_n=501 124.3s
2026-09-07T09:15:00+00:00 RUN_START X044 IS [G1]
2026-09-07T09:17:05+00:00 RUN_END X044 IS net=202258.0 dd=10.7687 uj2_net=None uj2_n=None gj2_net=-14022 gj2_n=173 124.3s
2026-09-07T09:17:05+00:00 RUN_START X045 IS [G1]
2026-09-07T09:19:19+00:00 RUN_END X045 IS net=179078.0 dd=14.8513 uj2_net=None uj2_n=None gj2_net=-37202 gj2_n=206 134.2s
2026-09-07T09:19:19+00:00 RUN_START X046 IS [G1]
2026-09-07T09:21:33+00:00 RUN_END X046 IS net=240982.0 dd=11.0369 uj2_net=None uj2_n=None gj2_net=24702 gj2_n=562 134.3s
2026-09-07T09:21:33+00:00 RUN_START X047 IS [G1]
2026-09-07T09:23:38+00:00 RUN_END X047 IS net=205309.0 dd=12.21 uj2_net=None uj2_n=None gj2_net=-10971 gj2_n=355 124.4s
2026-09-07T09:23:38+00:00 RUN_START X048 IS [G1]
2026-09-07T09:25:47+00:00 RUN_END X048 IS net=150691.0 dd=15.0937 uj2_net=None uj2_n=None gj2_net=-65589 gj2_n=568 129.3s
2026-09-07T09:25:47+00:00 RUN_START X049 IS [G1]
2026-09-07T09:27:51+00:00 RUN_END X049 IS net=187334.0 dd=11.1056 uj2_net=None uj2_n=None gj2_net=-28946 gj2_n=324 124.3s
2026-09-07T09:27:51+00:00 RUN_START X050 IS [G1]
2026-09-07T09:30:01+00:00 RUN_END X050 IS net=187319.0 dd=10.2119 uj2_net=None uj2_n=None gj2_net=-28961 gj2_n=405 129.3s
2026-09-07T09:30:01+00:00 RUN_START X051 IS [G1]
2026-09-07T09:32:05+00:00 RUN_END X051 IS net=203308.0 dd=10.5009 uj2_net=None uj2_n=None gj2_net=-12972 gj2_n=278 124.6s
2026-09-07T09:32:05+00:00 RUN_START X052 IS [G1]
2026-09-07T09:34:04+00:00 RUN_END X052 IS net=199865.0 dd=10.1849 uj2_net=None uj2_n=None gj2_net=-16415 gj2_n=212 119.1s
2026-09-07T09:34:04+00:00 RUN_START X053 IS [G2]
2026-09-07T09:36:19+00:00 RUN_END X053 IS net=122357.0 dd=15.6942 uj2_net=None uj2_n=None gj2_net=-93923 gj2_n=296 134.6s
2026-09-07T09:36:19+00:00 RUN_START X054 IS [G2]
2026-09-07T09:38:28+00:00 RUN_END X054 IS net=115550.0 dd=16.3604 uj2_net=None uj2_n=None gj2_net=-100730 gj2_n=385 129.4s
2026-09-07T09:38:28+00:00 RUN_START X055 IS [G2]
2026-09-07T09:40:38+00:00 RUN_END X055 IS net=118133.0 dd=17.0502 uj2_net=None uj2_n=None gj2_net=-98147 gj2_n=424 129.4s
2026-09-07T09:40:38+00:00 RUN_START X056 IS [G2]
2026-09-07T09:42:47+00:00 RUN_END X056 IS net=138388.0 dd=14.6191 uj2_net=None uj2_n=None gj2_net=-77892 gj2_n=465 129.6s
2026-09-07T09:42:47+00:00 RUN_START X057 IS [G2]
2026-09-07T09:44:57+00:00 RUN_END X057 IS net=136738.0 dd=14.5606 uj2_net=None uj2_n=None gj2_net=-79542 gj2_n=478 129.5s
2026-09-07T09:44:57+00:00 RUN_START X058 IS [G3]
2026-09-07T09:47:06+00:00 RUN_END X058 IS net=109978.0 dd=16.6285 uj2_net=None uj2_n=None gj2_net=-106302 gj2_n=444 129.4s
2026-09-07T09:47:06+00:00 RUN_START X059 IS [G3]
2026-09-07T09:49:11+00:00 RUN_END X059 IS net=117931.0 dd=16.1598 uj2_net=None uj2_n=None gj2_net=-98349 gj2_n=444 124.4s
2026-09-07T09:49:11+00:00 RUN_START X060 IS [G3]
2026-09-07T09:51:25+00:00 RUN_END X060 IS net=126490.0 dd=15.4599 uj2_net=None uj2_n=None gj2_net=-89790 gj2_n=444 134.8s
2026-09-07T09:51:25+00:00 RUN_START X061 IS [G3]
2026-09-07T09:53:35+00:00 RUN_END X061 IS net=120966.0 dd=15.4668 uj2_net=None uj2_n=None gj2_net=-95314 gj2_n=444 129.3s
2026-09-07T09:53:35+00:00 RUN_START X062 IS [G3]
2026-09-07T09:55:39+00:00 RUN_END X062 IS net=126325.0 dd=15.0029 uj2_net=None uj2_n=None gj2_net=-89955 gj2_n=444 124.1s
2026-09-07T09:55:39+00:00 RUN_START X063 IS [G4]
2026-09-07T09:57:38+00:00 RUN_END X063 IS net=75355.0 dd=15.64 uj2_net=None uj2_n=None gj2_net=-140925 gj2_n=1028 119.1s
2026-09-07T09:57:38+00:00 RUN_START X064 IS [G4]
2026-09-07T09:59:42+00:00 RUN_END X064 IS net=75092.0 dd=16.1049 uj2_net=None uj2_n=None gj2_net=-141188 gj2_n=1046 124.2s
2026-09-07T09:59:42+00:00 RUN_START X065 IS [G4]
2026-09-07T10:01:41+00:00 RUN_END X065 IS net=172307.0 dd=11.5759 uj2_net=None uj2_n=None gj2_net=-43973 gj2_n=170 119.3s
2026-09-07T10:01:41+00:00 RUN_START X066 IS [G4]
2026-09-07T10:03:40+00:00 RUN_END X066 IS net=172044.0 dd=11.9192 uj2_net=None uj2_n=None gj2_net=-44236 gj2_n=188 119.0s
2026-09-07T10:03:40+00:00 RUN_START X067 IS [G4]
2026-09-07T10:05:39+00:00 RUN_END X067 IS net=202871.0 dd=9.9207 uj2_net=None uj2_n=None gj2_net=-13409 gj2_n=92 119.0s
2026-09-07T10:05:39+00:00 RUN_START X068 IS [G5]
2026-09-07T10:07:38+00:00 RUN_END X068 IS net=117643.0 dd=16.6693 uj2_net=None uj2_n=None gj2_net=-98637 gj2_n=379 119.0s
2026-09-07T10:07:38+00:00 RUN_START X069 IS [G5]
2026-09-07T10:09:37+00:00 RUN_END X069 IS net=159912.0 dd=11.9064 uj2_net=None uj2_n=None gj2_net=-56368 gj2_n=209 119.0s
2026-09-07T10:09:37+00:00 RUN_START X070 IS [G5]
2026-09-07T10:11:36+00:00 RUN_END X070 IS net=191519.0 dd=11.5683 uj2_net=None uj2_n=None gj2_net=-24761 gj2_n=444 119.1s
2026-09-07T10:11:36+00:00 RUN_START X071 IS [G5]
2026-09-07T10:13:36+00:00 RUN_END X071 IS net=168688.0 dd=12.921 uj2_net=None uj2_n=None gj2_net=-47592 gj2_n=444 119.1s
2026-09-07T10:13:36+00:00 RUN_START X001 OOS [U0]
2026-09-07T10:15:15+00:00 RUN_END X001 OOS net=46679.0 dd=8.4528 uj2_net=-14293 uj2_n=232 gj2_net=None gj2_n=None 99.0s
2026-09-07T10:15:15+00:00 RUN_START X002 OOS [U1]
2026-09-07T10:16:54+00:00 RUN_END X002 OOS net=44038.0 dd=8.2053 uj2_net=-16588 uj2_n=192 gj2_net=None gj2_n=None 99.0s
2026-09-07T10:16:54+00:00 RUN_START X003 OOS [U1]
2026-09-07T10:18:33+00:00 RUN_END X003 OOS net=38017.0 dd=8.6506 uj2_net=-22664 uj2_n=396 gj2_net=None gj2_n=None 99.0s
2026-09-07T10:18:33+00:00 RUN_START X004 OOS [U1]
2026-09-07T10:20:12+00:00 RUN_END X004 OOS net=49024.0 dd=8.4732 uj2_net=-11445 uj2_n=146 gj2_net=None gj2_n=None 98.9s
2026-09-07T10:20:12+00:00 RUN_START X005 OOS [U1]
2026-09-07T10:21:51+00:00 RUN_END X005 OOS net=50457.0 dd=7.7489 uj2_net=-10373 uj2_n=265 gj2_net=None gj2_n=None 99.0s
2026-09-07T10:21:51+00:00 RUN_START X006 OOS [U1]
2026-09-07T10:23:24+00:00 RUN_END X006 OOS net=57768.0 dd=7.3605 uj2_net=-2853 uj2_n=63 gj2_net=None gj2_n=None 94.0s
2026-09-07T10:23:24+00:00 RUN_START X007 OOS [U1]
2026-09-07T10:25:04+00:00 RUN_END X007 OOS net=53546.0 dd=8.0617 uj2_net=-7189 uj2_n=195 gj2_net=None gj2_n=None 99.0s
2026-09-07T10:25:04+00:00 RUN_START X008 OOS [U1]
2026-09-07T10:26:42+00:00 RUN_END X008 OOS net=56189.0 dd=8.0502 uj2_net=-4704 uj2_n=60 gj2_net=None gj2_n=None 98.9s
2026-09-07T10:26:42+00:00 RUN_START X009 OOS [U1]
2026-09-07T10:28:21+00:00 RUN_END X009 OOS net=54963.0 dd=7.9043 uj2_net=-6054 uj2_n=103 gj2_net=None gj2_n=None 99.0s
2026-09-07T10:28:21+00:00 RUN_START X010 OOS [U1]
2026-09-07T10:30:00+00:00 RUN_END X010 OOS net=40747.0 dd=8.8181 uj2_net=-19989 uj2_n=348 gj2_net=None gj2_n=None 98.9s
2026-09-07T10:30:00+00:00 RUN_START X011 OOS [U1]
2026-09-07T10:31:39+00:00 RUN_END X011 OOS net=54818.0 dd=7.5042 uj2_net=-6192 uj2_n=215 gj2_net=None gj2_n=None 98.9s
2026-09-07T10:31:39+00:00 RUN_START X012 OOS [U1]
2026-09-07T10:33:18+00:00 RUN_END X012 OOS net=50728.0 dd=7.9855 uj2_net=-10346 uj2_n=315 gj2_net=None gj2_n=None 98.9s
2026-09-07T10:33:18+00:00 RUN_START X013 OOS [U1]
2026-09-07T10:34:57+00:00 RUN_END X013 OOS net=52796.0 dd=7.7459 uj2_net=-7660 uj2_n=195 gj2_net=None gj2_n=None 98.9s
2026-09-07T10:34:57+00:00 RUN_START X014 OOS [U1]
2026-09-07T10:36:36+00:00 RUN_END X014 OOS net=54081.0 dd=8.2957 uj2_net=-6829 uj2_n=166 gj2_net=None gj2_n=None 98.9s
2026-09-07T10:36:36+00:00 RUN_START X015 OOS [U1]
2026-09-07T10:38:15+00:00 RUN_END X015 OOS net=59193.0 dd=8.194 uj2_net=-1500 uj2_n=136 gj2_net=None gj2_n=None 98.9s
2026-09-07T10:38:15+00:00 RUN_START X016 OOS [U1]
2026-09-07T10:39:54+00:00 RUN_END X016 OOS net=58332.0 dd=7.775 uj2_net=-2370 uj2_n=49 gj2_net=None gj2_n=None 98.9s
2026-09-07T10:39:54+00:00 RUN_START X017 OOS [U2]
2026-09-07T10:41:33+00:00 RUN_END X017 OOS net=63158.0 dd=7.0627 uj2_net=2659 uj2_n=131 gj2_net=None gj2_n=None 98.9s
2026-09-07T10:41:33+00:00 RUN_START X018 OOS [U2]
2026-09-07T10:43:12+00:00 RUN_END X018 OOS net=54920.0 dd=7.9181 uj2_net=-5950 uj2_n=195 gj2_net=None gj2_n=None 98.9s
2026-09-07T10:43:12+00:00 RUN_START X019 OOS [U2]
2026-09-07T10:44:51+00:00 RUN_END X019 OOS net=50229.0 dd=8.1539 uj2_net=-10744 uj2_n=221 gj2_net=None gj2_n=None 98.9s
2026-09-07T10:44:51+00:00 RUN_START X020 OOS [U2]
2026-09-07T10:46:30+00:00 RUN_END X020 OOS net=45601.0 dd=8.496 uj2_net=-15373 uj2_n=242 gj2_net=None gj2_n=None 99.0s
2026-09-07T10:46:30+00:00 RUN_START X021 OOS [U2]
2026-09-07T10:48:09+00:00 RUN_END X021 OOS net=45882.0 dd=8.5015 uj2_net=-15089 uj2_n=255 gj2_net=None gj2_n=None 98.9s
2026-09-07T10:48:09+00:00 RUN_START X022 OOS [U3]
2026-09-07T10:49:48+00:00 RUN_END X022 OOS net=48932.0 dd=8.4215 uj2_net=-12026 uj2_n=232 gj2_net=None gj2_n=None 99.1s
2026-09-07T10:49:48+00:00 RUN_START X023 OOS [U3]
2026-09-07T10:51:27+00:00 RUN_END X023 OOS net=47449.0 dd=8.5703 uj2_net=-13511 uj2_n=232 gj2_net=None gj2_n=None 98.9s
2026-09-07T10:51:27+00:00 RUN_START X024 OOS [U3]
2026-09-07T10:53:06+00:00 RUN_END X024 OOS net=48483.0 dd=8.5085 uj2_net=-12479 uj2_n=232 gj2_net=None gj2_n=None 99.0s
2026-09-07T10:53:06+00:00 RUN_START X025 OOS [U3]
2026-09-07T10:54:45+00:00 RUN_END X025 OOS net=46806.0 dd=8.5177 uj2_net=-14168 uj2_n=232 gj2_net=None gj2_n=None 99.0s
2026-09-07T10:54:45+00:00 RUN_START X026 OOS [U3]
2026-09-07T10:56:24+00:00 RUN_END X026 OOS net=47335.0 dd=8.5177 uj2_net=-13639 uj2_n=232 gj2_net=None gj2_n=None 98.9s
2026-09-07T10:56:24+00:00 RUN_START X027 OOS [U4]
2026-09-07T10:58:02+00:00 RUN_END X027 OOS net=37740.0 dd=8.86 uj2_net=-22938 uj2_n=567 gj2_net=None gj2_n=None 99.0s
2026-09-07T10:58:02+00:00 RUN_START X028 OOS [U4]
2026-09-07T10:59:42+00:00 RUN_END X028 OOS net=38223.0 dd=8.8293 uj2_net=-22434 uj2_n=570 gj2_net=None gj2_n=None 99.1s
2026-09-07T10:59:42+00:00 RUN_START X029 OOS [U4]
2026-09-07T11:01:20+00:00 RUN_END X029 OOS net=52992.0 dd=8.2426 uj2_net=-7955 uj2_n=87 gj2_net=None gj2_n=None 98.9s
2026-09-07T11:01:20+00:00 RUN_START X030 OOS [U4]
2026-09-07T11:02:59+00:00 RUN_END X030 OOS net=53474.0 dd=8.2142 uj2_net=-7451 uj2_n=90 gj2_net=None gj2_n=None 98.9s
2026-09-07T11:02:59+00:00 RUN_START X031 OOS [U4]
2026-09-07T11:04:38+00:00 RUN_END X031 OOS net=56787.0 dd=7.6563 uj2_net=-4050 uj2_n=41 gj2_net=None gj2_n=None 98.9s
2026-09-07T11:04:38+00:00 RUN_START X032 OOS [U5]
2026-09-07T11:06:17+00:00 RUN_END X032 OOS net=46024.0 dd=8.3242 uj2_net=-14952 uj2_n=307 gj2_net=None gj2_n=None 99.0s
2026-09-07T11:06:17+00:00 RUN_START X033 OOS [U5]
2026-09-07T11:07:56+00:00 RUN_END X033 OOS net=45329.0 dd=8.3095 uj2_net=-15643 uj2_n=274 gj2_net=None gj2_n=None 99.0s
2026-09-07T11:07:56+00:00 RUN_START X034 OOS [U5]
2026-09-07T11:09:35+00:00 RUN_END X034 OOS net=57564.0 dd=7.8972 uj2_net=-3433 uj2_n=163 gj2_net=None gj2_n=None 98.9s
2026-09-07T11:09:35+00:00 RUN_START X035 OOS [U5]
2026-09-07T11:11:14+00:00 RUN_END X035 OOS net=51947.0 dd=8.0371 uj2_net=-9025 uj2_n=232 gj2_net=None gj2_n=None 98.9s
2026-09-07T11:11:14+00:00 RUN_START X036 OOS [U5]
2026-09-07T11:12:53+00:00 RUN_END X036 OOS net=41410.0 dd=8.8698 uj2_net=-19562 uj2_n=232 gj2_net=None gj2_n=None 98.9s
2026-09-07T11:12:53+00:00 RUN_START X037 OOS [G0]
2026-09-07T11:14:32+00:00 RUN_END X037 OOS net=3547.0 dd=8.994 uj2_net=None uj2_n=None gj2_net=-57202 gj2_n=533 98.9s
2026-09-07T11:14:32+00:00 RUN_START X038 OOS [G1]
2026-09-07T11:16:11+00:00 RUN_END X038 OOS net=46371.0 dd=13.3012 uj2_net=None uj2_n=None gj2_net=-14378 gj2_n=471 98.9s
2026-09-07T11:16:11+00:00 RUN_START X039 OOS [G1]
2026-09-07T11:17:50+00:00 RUN_END X039 OOS net=117521.0 dd=9.5139 uj2_net=None uj2_n=None gj2_net=56772 gj2_n=813 99.0s
2026-09-07T11:17:50+00:00 RUN_START X040 OOS [G1]
2026-09-07T11:19:29+00:00 RUN_END X040 OOS net=91191.0 dd=5.9116 uj2_net=None uj2_n=None gj2_net=30442 gj2_n=401 99.1s
2026-09-07T11:19:29+00:00 RUN_START X041 OOS [G1]
2026-09-07T11:21:08+00:00 RUN_END X041 OOS net=93365.0 dd=5.6283 uj2_net=None uj2_n=None gj2_net=32616 gj2_n=668 98.9s
2026-09-07T11:21:08+00:00 RUN_START X042 OOS [G1]
2026-09-07T11:22:47+00:00 RUN_END X042 OOS net=22455.0 dd=10.6373 uj2_net=None uj2_n=None gj2_net=-38294 gj2_n=235 98.9s
2026-09-07T11:22:47+00:00 RUN_START X043 OOS [G1]
2026-09-07T11:24:26+00:00 RUN_END X043 OOS net=26867.0 dd=8.7296 uj2_net=None uj2_n=None gj2_net=-33882 gj2_n=542 98.9s
2026-09-07T11:24:26+00:00 RUN_START X044 OOS [G1]
2026-09-07T11:26:04+00:00 RUN_END X044 OOS net=79069.0 dd=4.4809 uj2_net=None uj2_n=None gj2_net=18320 gj2_n=236 98.9s
2026-09-07T11:26:04+00:00 RUN_START X045 OOS [G1]
2026-09-07T11:27:38+00:00 RUN_END X045 OOS net=24068.0 dd=6.1588 uj2_net=None uj2_n=None gj2_net=-36681 gj2_n=225 94.0s
2026-09-07T11:27:38+00:00 RUN_START X046 OOS [G1]
2026-09-07T11:29:17+00:00 RUN_END X046 OOS net=29307.0 dd=9.7033 uj2_net=None uj2_n=None gj2_net=-31442 gj2_n=510 99.0s
2026-09-07T11:29:17+00:00 RUN_START X047 OOS [G1]
2026-09-07T11:30:51+00:00 RUN_END X047 OOS net=48500.0 dd=9.8175 uj2_net=None uj2_n=None gj2_net=-12249 gj2_n=311 94.0s
2026-09-07T11:30:51+00:00 RUN_START X048 OOS [G1]
2026-09-07T11:32:30+00:00 RUN_END X048 OOS net=28976.0 dd=13.2794 uj2_net=None uj2_n=None gj2_net=-31773 gj2_n=485 99.0s
2026-09-07T11:32:30+00:00 RUN_START X049 OOS [G1]
2026-09-07T11:34:04+00:00 RUN_END X049 OOS net=4105.0 dd=12.3019 uj2_net=None uj2_n=None gj2_net=-56644 gj2_n=263 93.9s
2026-09-07T11:34:04+00:00 RUN_START X050 OOS [G1]
2026-09-07T11:35:38+00:00 RUN_END X050 OOS net=3170.0 dd=12.796 uj2_net=None uj2_n=None gj2_net=-57579 gj2_n=363 94.1s
2026-09-07T11:35:38+00:00 RUN_START X051 OOS [G1]
2026-09-07T11:37:12+00:00 RUN_END X051 OOS net=9186.0 dd=10.877 uj2_net=None uj2_n=None gj2_net=-51563 gj2_n=264 94.0s
2026-09-07T11:37:12+00:00 RUN_START X052 OOS [G1]
2026-09-07T11:38:47+00:00 RUN_END X052 OOS net=30017.0 dd=9.6103 uj2_net=None uj2_n=None gj2_net=-30732 gj2_n=198 94.1s
2026-09-07T11:38:47+00:00 RUN_START X053 OOS [G2]
2026-09-07T11:40:21+00:00 RUN_END X053 OOS net=16432.0 dd=9.3559 uj2_net=None uj2_n=None gj2_net=-44317 gj2_n=343 94.1s
2026-09-07T11:40:21+00:00 RUN_START X054 OOS [G2]
2026-09-07T11:42:00+00:00 RUN_END X054 OOS net=-20079.0 dd=13.8932 uj2_net=None uj2_n=None gj2_net=-80828 gj2_n=442 99.1s
2026-09-07T11:42:00+00:00 RUN_START X055 OOS [G2]
2026-09-07T11:43:39+00:00 RUN_END X055 OOS net=2289.0 dd=9.398 uj2_net=None uj2_n=None gj2_net=-58460 gj2_n=504 98.9s
2026-09-07T11:43:39+00:00 RUN_START X056 OOS [G2]
2026-09-07T11:45:18+00:00 RUN_END X056 OOS net=-1307.0 dd=10.124 uj2_net=None uj2_n=None gj2_net=-62056 gj2_n=553 98.9s
2026-09-07T11:45:18+00:00 RUN_START X057 OOS [G2]
2026-09-07T11:46:56+00:00 RUN_END X057 OOS net=74.0 dd=10.2754 uj2_net=None uj2_n=None gj2_net=-60675 gj2_n=566 98.9s
2026-09-07T11:46:56+00:00 RUN_START X058 OOS [G3]
2026-09-07T11:48:35+00:00 RUN_END X058 OOS net=12015.0 dd=7.6619 uj2_net=None uj2_n=None gj2_net=-48734 gj2_n=533 98.9s
2026-09-07T11:48:35+00:00 RUN_START X059 OOS [G3]
2026-09-07T11:50:14+00:00 RUN_END X059 OOS net=6517.0 dd=8.8809 uj2_net=None uj2_n=None gj2_net=-54232 gj2_n=533 99.0s
2026-09-07T11:50:14+00:00 RUN_START X060 OOS [G3]
2026-09-07T11:51:53+00:00 RUN_END X060 OOS net=1739.0 dd=8.6679 uj2_net=None uj2_n=None gj2_net=-59010 gj2_n=533 98.9s
2026-09-07T11:51:53+00:00 RUN_START X061 OOS [G3]
2026-09-07T11:53:27+00:00 RUN_END X061 OOS net=9490.0 dd=8.4788 uj2_net=None uj2_n=None gj2_net=-51259 gj2_n=533 94.0s
2026-09-07T11:53:27+00:00 RUN_START X062 OOS [G3]
2026-09-07T11:55:06+00:00 RUN_END X062 OOS net=14486.0 dd=8.3022 uj2_net=None uj2_n=None gj2_net=-46263 gj2_n=533 99.0s
2026-09-07T11:55:06+00:00 RUN_START X063 OOS [G4]
2026-09-07T11:56:45+00:00 RUN_END X063 OOS net=-56898.0 dd=17.883 uj2_net=None uj2_n=None gj2_net=-117647 gj2_n=1016 99.0s
2026-09-07T11:56:45+00:00 RUN_START X064 OOS [G4]
2026-09-07T11:58:25+00:00 RUN_END X064 OOS net=-60651.0 dd=18.3298 uj2_net=None uj2_n=None gj2_net=-121400 gj2_n=1036 99.2s
2026-09-07T11:58:25+00:00 RUN_START X065 OOS [G4]
2026-09-07T11:59:58+00:00 RUN_END X065 OOS net=36126.0 dd=5.4252 uj2_net=None uj2_n=None gj2_net=-24623 gj2_n=229 93.9s
2026-09-07T11:59:58+00:00 RUN_START X066 OOS [G4]
2026-09-07T12:01:33+00:00 RUN_END X066 OOS net=32373.0 dd=5.6283 uj2_net=None uj2_n=None gj2_net=-28376 gj2_n=249 94.1s
2026-09-07T12:01:33+00:00 RUN_START X067 OOS [G4]
2026-09-07T12:03:07+00:00 RUN_END X067 OOS net=23327.0 dd=6.7779 uj2_net=None uj2_n=None gj2_net=-37422 gj2_n=114 94.1s
2026-09-07T12:03:07+00:00 RUN_START X068 OOS [G5]
2026-09-07T12:04:46+00:00 RUN_END X068 OOS net=-6095.0 dd=9.9191 uj2_net=None uj2_n=None gj2_net=-66844 gj2_n=469 99.0s
2026-09-07T12:04:46+00:00 RUN_START X069 OOS [G5]
2026-09-07T12:06:20+00:00 RUN_END X069 OOS net=-1470.0 dd=11.9344 uj2_net=None uj2_n=None gj2_net=-62219 gj2_n=282 94.0s
2026-09-07T12:06:20+00:00 RUN_START X070 OOS [G5]
2026-09-07T12:07:59+00:00 RUN_END X070 OOS net=38022.0 dd=8.1032 uj2_net=None uj2_n=None gj2_net=-22727 gj2_n=533 99.0s
2026-09-07T12:07:59+00:00 RUN_START X071 OOS [G5]
2026-09-07T12:09:38+00:00 RUN_END X071 OOS net=24231.0 dd=7.8747 uj2_net=None uj2_n=None gj2_net=-36518 gj2_n=533 98.9s
2026-09-07T12:09:38+00:00 MEASURE_END rows=142 ok=142 -> C:\Users\f\source\repos\mt5_backtester\ml\scafx1\results.csv
