2026-09-18T19:59:50+00:00 FXQUAL4_START jobs=16 PB入口を締める7案＋対照
2026-09-18T19:59:50+00:00 RUN_START W000 OOS cap=0
2026-09-18T20:04:26+00:00 RUN_END W000 OOS net=117843.0 dd%=5.2719 trades=1375 275.9s
2026-09-18T20:04:26+00:00 RUN_START W000 IS cap=0
2026-09-18T20:08:25+00:00 RUN_END W000 IS net=255445.0 dd%=7.3544 trades=1595 239.1s
2026-09-18T20:08:25+00:00 RUN_START W001 OOS cap=0
2026-09-18T20:12:04+00:00 RUN_END W001 OOS net=125077.0 dd%=4.652 trades=1365 219.1s
2026-09-18T20:12:04+00:00 RUN_START W001 IS cap=0
2026-09-18T20:15:53+00:00 RUN_END W001 IS net=258290.0 dd%=7.552 trades=1580 228.9s
2026-09-18T20:15:53+00:00 RUN_START W003 OOS cap=0
2026-09-18T20:19:27+00:00 RUN_END W003 OOS net=97877.0 dd%=5.2439 trades=1366 213.8s
2026-09-18T20:19:27+00:00 RUN_START W003 IS cap=0
2026-09-18T20:23:21+00:00 RUN_END W003 IS net=235656.0 dd%=7.3544 trades=1591 233.8s
2026-09-18T20:23:21+00:00 RUN_START W002 OOS cap=0
2026-09-18T20:26:54+00:00 RUN_END W002 OOS net=115762.0 dd%=5.1733 trades=1363 213.8s
2026-09-18T20:26:54+00:00 RUN_START W002 IS cap=0
2026-09-18T20:30:43+00:00 RUN_END W002 IS net=248232.0 dd%=7.2562 trades=1568 228.8s
2026-09-18T20:30:43+00:00 RUN_START W004 OOS cap=0
2026-09-18T20:34:17+00:00 RUN_END W004 OOS net=89630.0 dd%=5.2439 trades=1365 213.8s
2026-09-18T20:34:17+00:00 RUN_START W004 IS cap=0
2026-09-18T20:38:06+00:00 RUN_END W004 IS net=225565.0 dd%=7.3544 trades=1589 229.0s
2026-09-18T20:38:06+00:00 RUN_START W007 OOS cap=0
2026-09-18T20:41:40+00:00 RUN_END W007 OOS net=105111.0 dd%=4.6272 trades=1356 214.0s
2026-09-18T20:41:40+00:00 RUN_START W007 IS cap=0
2026-09-18T20:45:29+00:00 RUN_END W007 IS net=238501.0 dd%=7.552 trades=1576 229.0s
2026-09-18T20:45:29+00:00 RUN_START W005 OOS cap=0
2026-09-18T20:49:03+00:00 RUN_END W005 OOS net=122707.0 dd%=4.9855 trades=1369 213.9s
2026-09-18T20:49:03+00:00 RUN_START W005 IS cap=0
2026-09-18T20:52:52+00:00 RUN_END W005 IS net=234119.0 dd%=7.8364 trades=1578 229.2s
2026-09-18T20:52:52+00:00 RUN_START W006 OOS cap=0
2026-09-18T20:56:26+00:00 RUN_END W006 OOS net=107452.0 dd%=5.2519 trades=1374 214.1s
2026-09-18T20:56:26+00:00 RUN_START W006 IS cap=0
2026-09-18T21:00:20+00:00 RUN_END W006 IS net=249044.0 dd%=7.3544 trades=1592 233.9s
2026-09-18T21:00:20+00:00 FXQUAL4_END -> C:\Users\f\source\repos\mt5_backtester\ml\fxqual4\results.csv
