2026-09-15T06:20:06Z CHAIN_START fxmargin3 の U003 FULL の完了を待つ
2026-09-15T06:20:47Z CHAIN_START fxmargin3 の U003 FULL の完了を待つ
2026-09-15T07:01:52Z CHAIN_START fxlev25 の V003 OOS の完了を待つ
2026-09-15T07:07:54Z V003 OOS の完了を検出
2026-09-15T07:07:55Z fxlev25 (pid=12552) を停止する
2026-09-15T07:08:05Z FXWIN1 を開始する（24か月窓・45run・1:25）
2026-09-15T07:08:06+00:00 FXWIN1_START jobs=46 done=0
2026-09-15T07:08:06+00:00 RUN_START X005 W1 cap=80
2026-09-15T07:10:50+00:00 RUN_END X005 W1 net=6607649.0 dd%=43.6996 trades=580 164.5s
2026-09-15T07:10:50+00:00 RUN_START X005 W2 cap=80
2026-09-15T07:12:14+00:00 RUN_END X005 W2 net=920432.0 dd%=51.937 trades=523 84.2s
2026-09-15T07:12:14+00:00 RUN_START X005 W3 cap=80
2026-09-15T07:13:08+00:00 RUN_END X005 W3 net=1048012.0 dd%=45.0251 trades=498 54.1s
2026-09-15T07:13:08+00:00 RUN_START X005 W4 cap=80
2026-09-15T07:13:57+00:00 RUN_END X005 W4 net=-69510.0 dd%=77.4019 trades=582 49.0s
2026-09-15T07:13:57+00:00 RUN_START X005 W5 cap=80
2026-09-15T07:15:12+00:00 RUN_END X005 W5 net=1702332.0 dd%=75.1358 trades=628 74.1s
2026-09-15T07:15:12+00:00 RUN_START X005 W6 cap=80
2026-09-15T07:16:51+00:00 RUN_END X005 W6 net=2962053.0 dd%=68.2832 trades=615 99.2s
2026-09-15T07:16:51+00:00 RUN_START X005 W7 cap=80
2026-09-15T07:18:35+00:00 RUN_END X005 W7 net=7381611.0 dd%=36.5107 trades=577 104.3s
2026-09-15T07:18:35+00:00 RUN_START X005 W8 cap=80
2026-09-15T07:20:29+00:00 RUN_END X005 W8 net=10977622.0 dd%=31.2102 trades=561 114.3s
2026-09-15T07:20:29+00:00 RUN_START X005 W9 cap=80
2026-09-15T07:21:58+00:00 RUN_END X005 W9 net=6425672.0 dd%=55.4556 trades=479 89.1s
2026-09-15T07:21:58+00:00 RUN_START X002 W1 cap=80
2026-09-15T07:24:43+00:00 RUN_END X002 W1 net=1562868.0 dd%=40.9992 trades=599 164.6s
2026-09-15T07:24:43+00:00 RUN_START X002 W2 cap=80
2026-09-15T07:26:02+00:00 RUN_END X002 W2 net=46459.0 dd%=59.6704 trades=540 79.2s
2026-09-15T07:26:02+00:00 RUN_START X002 W3 cap=80
2026-09-15T07:26:57+00:00 RUN_END X002 W3 net=635570.0 dd%=45.4836 trades=527 54.3s
2026-09-15T07:26:57+00:00 RUN_START X002 W4 cap=80
2026-09-15T07:27:41+00:00 RUN_END X002 W4 net=305414.0 dd%=62.1447 trades=614 44.1s
2026-09-15T07:27:41+00:00 RUN_START X002 W5 cap=80
2026-09-15T07:28:55+00:00 RUN_END X002 W5 net=1161912.0 dd%=74.5557 trades=660 74.3s
2026-09-15T07:28:55+00:00 RUN_START X002 W6 cap=80
2026-09-15T07:30:34+00:00 RUN_END X002 W6 net=2804504.0 dd%=72.2362 trades=630 99.3s
2026-09-15T07:30:34+00:00 RUN_START X002 W7 cap=80
2026-09-15T07:32:24+00:00 RUN_END X002 W7 net=3158230.0 dd%=46.4397 trades=578 109.3s
2026-09-15T07:32:24+00:00 RUN_START X002 W8 cap=80
2026-09-15T07:34:13+00:00 RUN_END X002 W8 net=4515220.0 dd%=32.985 trades=563 109.3s
2026-09-15T07:34:13+00:00 RUN_START X002 W9 cap=80
2026-09-15T07:35:42+00:00 RUN_END X002 W9 net=3829190.0 dd%=52.7607 trades=487 89.2s
2026-09-15T07:35:42+00:00 RUN_START X001 W1 cap=0
2026-09-15T07:38:22+00:00 RUN_END X001 W1 net=415529.0 dd%=64.1914 trades=562 159.4s
2026-09-15T07:38:22+00:00 RUN_START X001 W2 cap=0
2026-09-15T07:39:41+00:00 RUN_END X001 W2 net=-152670.0 dd%=72.2379 trades=516 79.3s
2026-09-15T07:39:41+00:00 RUN_START X001 W3 cap=0
2026-09-15T07:40:35+00:00 RUN_END X001 W3 net=353199.0 dd%=47.3762 trades=508 54.3s
2026-09-15T07:40:35+00:00 RUN_START X001 W4 cap=0
2026-09-15T07:41:19+00:00 RUN_END X001 W4 net=200785.0 dd%=55.8488 trades=592 44.1s
2026-09-15T07:41:19+00:00 RUN_START X001 W5 cap=0
2026-09-15T07:42:33+00:00 RUN_END X001 W5 net=961856.0 dd%=85.438 trades=614 74.1s
2026-09-15T07:42:33+00:00 RUN_START X001 W6 cap=0
2026-09-15T07:44:18+00:00 RUN_END X001 W6 net=1826639.0 dd%=79.4941 trades=581 104.4s
2026-09-15T07:44:18+00:00 RUN_START X001 W7 cap=0
2026-09-15T07:46:02+00:00 RUN_END X001 W7 net=2732841.0 dd%=48.2933 trades=551 104.2s
2026-09-15T07:46:02+00:00 RUN_START X001 W8 cap=0
2026-09-15T07:47:51+00:00 RUN_END X001 W8 net=2720890.0 dd%=47.9046 trades=528 109.3s
2026-09-15T07:47:51+00:00 RUN_START X001 W9 cap=0
2026-09-15T07:49:21+00:00 RUN_END X001 W9 net=3795809.0 dd%=51.1269 trades=463 89.2s
2026-09-15T07:49:21+00:00 RUN_START X006 W1 cap=80
2026-09-15T07:52:05+00:00 RUN_END X006 W1 net=5904584.0 dd%=47.6507 trades=569 164.3s
2026-09-15T07:52:05+00:00 RUN_START X006 W2 cap=80
2026-09-15T07:53:24+00:00 RUN_END X006 W2 net=729104.0 dd%=59.1968 trades=511 79.2s
2026-09-15T07:53:24+00:00 RUN_START X006 W3 cap=80
2026-09-15T07:54:18+00:00 RUN_END X006 W3 net=781876.0 dd%=46.9871 trades=487 54.3s
2026-09-15T07:54:18+00:00 RUN_START X006 W4 cap=80
2026-09-15T07:55:08+00:00 RUN_END X006 W4 net=-262014.0 dd%=76.9836 trades=546 49.4s
2026-09-15T07:55:08+00:00 RUN_START X006 W5 cap=80
2026-09-15T07:57:04+00:00 RUN_END X006 W5 net=781297.0 dd%=88.0187 trades=598 116.4s
2026-09-15T07:57:04+00:00 RUN_START X006 W6 cap=80
2026-09-15T07:58:44+00:00 RUN_END X006 W6 net=1333603.0 dd%=82.0953 trades=614 99.6s
2026-09-15T07:58:44+00:00 RUN_START X006 W7 cap=80
2026-09-15T08:00:33+00:00 RUN_END X006 W7 net=2560045.0 dd%=53.5641 trades=553 109.2s
2026-09-15T08:00:33+00:00 RUN_START X006 W8 cap=80
2026-09-15T08:02:22+00:00 RUN_END X006 W8 net=7697865.0 dd%=33.8621 trades=544 109.3s
2026-09-15T08:02:22+00:00 RUN_START X006 W9 cap=80
2026-09-15T08:03:52+00:00 RUN_END X006 W9 net=7870180.0 dd%=55.2491 trades=479 89.4s
2026-09-15T08:03:52+00:00 RUN_START X006 OOS cap=80
2026-09-15T08:07:42+00:00 RUN_END X006 OOS net=15402845.0 dd%=63.0007 trades=1243 230.7s
2026-09-15T08:07:42+00:00 RUN_START X000 W1 cap=0
2026-09-15T08:10:27+00:00 RUN_END X000 W1 net=381423.0 dd%=18.5017 trades=604 164.7s
2026-09-15T08:10:27+00:00 RUN_START X000 W2 cap=0
2026-09-15T08:11:51+00:00 RUN_END X000 W2 net=31220.0 dd%=31.0301 trades=563 84.1s
2026-09-15T08:11:51+00:00 RUN_START X000 W3 cap=0
2026-09-15T08:12:45+00:00 RUN_END X000 W3 net=41662.0 dd%=27.2163 trades=555 54.2s
2026-09-15T08:12:45+00:00 RUN_START X000 W4 cap=0
2026-09-15T08:13:34+00:00 RUN_END X000 W4 net=119748.0 dd%=30.0686 trades=646 49.1s
2026-09-15T08:13:34+00:00 RUN_START X000 W5 cap=0
2026-09-15T08:14:49+00:00 RUN_END X000 W5 net=599159.0 dd%=40.8096 trades=689 74.2s
2026-09-15T08:14:49+00:00 RUN_START X000 W6 cap=0
2026-09-15T08:16:33+00:00 RUN_END X000 W6 net=896743.0 dd%=35.055 trades=648 104.2s
2026-09-15T08:16:33+00:00 RUN_START X000 W7 cap=0
2026-09-15T08:18:22+00:00 RUN_END X000 W7 net=997045.0 dd%=16.1923 trades=615 109.2s
2026-09-15T08:18:22+00:00 RUN_START X000 W8 cap=0
2026-09-15T08:20:16+00:00 RUN_END X000 W8 net=754789.0 dd%=19.0959 trades=604 114.2s
2026-09-15T08:20:16+00:00 RUN_START X000 W9 cap=0
2026-09-15T08:21:45+00:00 RUN_END X000 W9 net=669900.0 dd%=20.4659 trades=502 89.3s
2026-09-15T08:21:46+00:00 FXWIN1_END -> C:\Users\f\source\repos\mt5_backtester\ml\fxwin1\results.csv
2026-09-15T08:21:46Z CHAIN_END exit=0
