スリープ抑止を有効化しました（このプロセス終了で自動解除）
2026-08-30T11:30:50+00:00 DRIVER_START pid=57332 stage=all targets=1000 terminals=PROD,BT1,BT2 stagger=15s sha_gate=False magic_gate=False
2026-08-30T11:30:51+00:00 DAILY_BASELINE_REFRESH_START date=2026-08-30
2026-08-30T11:30:51+00:00 RUN_START id=REGRESSION_BASELINE family=daily_baseline window=IS terminal=PROD run=oafx_is_regression_baseline_20260830203051_ca8cf6
2026-08-30T11:30:52+00:00 RUN_HEARTBEAT terminal=PROD pid=42724 elapsed=0s
2026-08-30T11:31:54+00:00 RUN_HEARTBEAT terminal=PROD pid=42724 elapsed=62s
2026-08-30T11:32:56+00:00 RUN_HEARTBEAT terminal=PROD pid=42724 elapsed=125s
2026-08-30T11:33:59+00:00 RUN_HEARTBEAT terminal=PROD pid=42724 elapsed=187s
2026-08-30T11:35:02+00:00 RUN_HEARTBEAT terminal=PROD pid=42724 elapsed=250s
2026-08-30T11:36:05+00:00 RUN_HEARTBEAT terminal=PROD pid=42724 elapsed=312s
2026-08-30T11:37:07+00:00 RUN_HEARTBEAT terminal=PROD pid=42724 elapsed=376s
2026-08-30T11:37:23+00:00 RUN_END id=REGRESSION_BASELINE window=IS terminal=PROD status=FAILED decision=RUN_FAILED elapsed=392.462s
2026-08-30T11:37:23+00:00 DAILY_BASELINE_REPORT_RECOVERED date=2026-08-30 window=IS net=279712.00 pf=1.3994 dd=34.8667 trades=1573
2026-08-30T11:37:23+00:00 RUN_START id=BASELINE_OOS family=baseline window=OOS terminal=PROD run=oafx_oos_baseline_oos_20260830203723_9d902c
2026-08-30T11:37:24+00:00 RUN_HEARTBEAT terminal=PROD pid=16744 elapsed=0s
2026-08-30T11:38:27+00:00 RUN_HEARTBEAT terminal=PROD pid=16744 elapsed=62s
2026-08-30T11:39:29+00:00 RUN_HEARTBEAT terminal=PROD pid=16744 elapsed=125s
2026-08-30T11:40:32+00:00 RUN_HEARTBEAT terminal=PROD pid=16744 elapsed=188s
2026-08-30T11:41:35+00:00 RUN_HEARTBEAT terminal=PROD pid=16744 elapsed=251s
2026-08-30T11:42:38+00:00 WAIT_MT5_IDLE terminal=PROD elapsed=1s pids=[53444]
2026-08-30T11:43:40+00:00 WAIT_MT5_IDLE terminal=PROD elapsed=63s pids=[53444]
2026-08-30T11:44:43+00:00 WAIT_MT5_IDLE terminal=PROD elapsed=126s pids=[53444]
2026-08-30T11:45:45+00:00 RUN_END id=BASELINE_OOS window=OOS terminal=PROD status=FAILED decision=RUN_FAILED elapsed=502.004s
2026-08-30T11:45:45+00:00 DAILY_BASELINE_REPORT_RECOVERED date=2026-08-30 window=OOS net=117124.00 pf=1.2182 dd=30.1366 trades=1354
2026-08-30T11:45:45+00:00 RUN_START id=BASELINE_SCREEN_IS family=daily_baseline window=SCREEN_IS terminal=PROD run=oafx_screen_is_baseline_screen_is_20260830204545_3d2bd8
2026-08-30T11:45:46+00:00 RUN_HEARTBEAT terminal=PROD pid=27100 elapsed=0s
