→ 設定ファイルを読み込み中: C:\Users\f\source\repos\mt5_backtester\ml\oafx_dd2\regression_prod_full.yaml
→ EA: MIX_EA_OANDA | シンボル: USDJPY | 期間: M15
→ テスト期間: 2016.11.09 ～ 2026.06.20
→ バックテストを開始します
  MT5ターミナルを起動中: C:\Program Files\OANDA MetaTrader 5_BT4\terminal64.exe
  設定ファイル: C:\Users\f\AppData\Local\Temp\tmp494gsfht\backtest.ini
  SETファイル: C:\Users\f\AppData\Roaming\MetaQuotes\Terminal\9501A6965ADC505E82257549A51CD4DE\MQL5\Profiles\Tester\MIX_EA_OANDA.set
  バックテスト実行中

  結果CSV生成完了: C:\Users\f\AppData\Roaming\MetaQuotes\Tester\9501A6965ADC505E82257549A51CD4DE\Agent-127.0.0.1-3001\MQL5\Files\oafx2_regression_prod_full_result.csv
✓ バックテスト完了
→ 結果を解析中: oafx2_regression_prod_full_result.csv

━━━━━━ バックテスト結果サマリー ━━━━━━
純利益          397,975.00
プロフィットファクター  1.32
最大DD%        30.03%
勝率           42.1%
総取引数         2926
シャープレシオ      0.00
リカバリーファクター   0.00

✓ CSVサマリー: results\oafx2_regression_prod_full\summary.csv
