→ 設定ファイルを読み込み中: C:\Users\f\source\repos\mt5_backtester\ml\oafx_dd2\regression_is.yaml
→ EA: MIX_EA_OANDA_SIMVERIFY | シンボル: USDJPY | 期間: M15
→ テスト期間: 2021.06.21 ～ 2026.06.20
→ バックテストを開始します
  MT5ターミナルを起動中: C:\Program Files\OANDA MetaTrader 5_BT1\terminal64.exe
  設定ファイル: C:\Users\f\AppData\Local\Temp\tmpw69rsqgp\backtest.ini
  SETファイル: C:\Users\f\AppData\Roaming\MetaQuotes\Terminal\6142D304BFF2E6AB353977162D6F452C\MQL5\Profiles\Tester\MIX_EA_OANDA_SIMVERIFY.set
  バックテスト実行中

  結果CSV生成完了: C:\Users\f\AppData\Roaming\MetaQuotes\Tester\6142D304BFF2E6AB353977162D6F452C\Agent-127.0.0.1-3000\MQL5\Files\oafx2_regression_is_result.csv
✓ バックテスト完了
→ 結果を解析中: oafx2_regression_is_result.csv

━━━━━━ バックテスト結果サマリー ━━━━━━
純利益          281,025.00
プロフィットファクター  1.40
最大DD%        34.82%
勝率           43.9%
総取引数         1573
シャープレシオ      0.00
リカバリーファクター   0.00

✓ CSVサマリー: results\oafx2_regression_is\summary.csv
