OANDA_CFD  x1  IS   純利益    +398303 PF2.1877 DD  3.89% 月利  1.33% RF  20.5 n=301
OANDA_CFD  x1  FULL 純利益    +441245 PF1.8983 DD  3.69% 月利  0.77% RF  23.9 n=630
OANDA_CFD  x3  IS   純利益   +1194907 PF2.1877 DD  7.78% 月利  3.98% RF  30.7 n=301
OANDA_CFD  x3  FULL 純利益   +1323736 PF1.8983 DD  6.38% 月利  2.30% RF  41.5 n=630
OANDA_CFD  x5  IS   純利益   +1991524 PF2.1878 DD 11.81% 月利  6.64% RF  33.7 n=301
OANDA_CFD  x5  FULL 純利益   +2206247 PF1.8983 DD  9.04% 月利  3.84% RF  48.8 n=630
OANDA_CFD  x8  IS   純利益   +3186389 PF2.1877 DD 16.68% 月利 10.62% RF  38.2 n=301
OANDA_CFD  x8  FULL FAIL
  孤立metatester64を回収しました
OANDA_CFD  x10 IS   純利益   +3983002 PF2.1877 DD 19.33% 月利 13.28% RF  41.2 n=301
OANDA_CFD  x10 FULL 純利益   +4412469 PF1.8983 DD 17.09% 月利  7.67% RF  51.6 n=630
OANDA_CFD  x12 IS   純利益   +4779606 PF2.1877 DD 21.62% 月利 15.93% RF  44.2 n=301
OANDA_CFD  x12 FULL 純利益   +5294966 PF1.8983 DD 20.07% 月利  9.21% RF  52.8 n=630
OANDA_CFD  x15 IS   純利益   +5974515 PF2.1877 DD 24.53% 月利 19.92% RF  48.7 n=301
OANDA_CFD  x15 FULL 純利益   +6618688 PF1.8983 DD 24.31% 月利 11.51% RF  54.4 n=630
OANDA_FX   x1  IS   純利益    +364179 PF1.5029 DD  7.94% 月利  1.21% RF   9.2 n=1573
OANDA_FX   x1  FULL 純利益    +509257 PF1.4018 DD  7.90% 月利  0.89% RF  12.9 n=2926
OANDA_FX   x2  IS   純利益    +746353 PF1.5093 DD 15.87% 月利  2.49% RF   9.4 n=1573
OANDA_FX   x2  FULL 純利益   +1039602 PF1.4065 DD 14.86% 月利  1.81% RF  14.0 n=2926
OANDA_FX   x3  IS   純利益   +1124898 PF1.5098 DD 23.81% 月利  3.75% RF   9.4 n=1573
OANDA_FX   x3  FULL 純利益   +1579845 PF1.4105 DD 20.76% 月利  2.75% RF  15.2 n=2926
OANDA_FX   x4  IS   純利益   +1512088 PF1.5133 DD 31.74% 月利  5.04% RF   9.5 n=1573 ←DD30%超
OANDA_FX   x4  FULL 純利益   +2114586 PF1.4116 DD 26.06% 月利  3.68% RF  16.2 n=2926

→ C:\Users\f\source\repos\mt5_backtester\ml\deploy50\oanda_books.csv
