2026-09-15T08:23:23+00:00 FXCAP25_START jobs=24 done=0 leverage=1:25
2026-09-15T08:23:23+00:00 RUN_START Y100 W1 cap=100
2026-09-15T08:26:08+00:00 RUN_END Y100 W1 net=6725965.0 dd%=51.9383 trades=579 164.6s
2026-09-15T08:26:08+00:00 RUN_START Y100 W2 cap=100
2026-09-15T08:27:27+00:00 RUN_END Y100 W2 net=1348701.0 dd%=57.2271 trades=529 79.1s
2026-09-15T08:27:27+00:00 RUN_START Y100 W3 cap=100
2026-09-15T08:28:21+00:00 RUN_END Y100 W3 net=1097587.0 dd%=50.3021 trades=508 54.3s
2026-09-15T08:28:21+00:00 RUN_START Y100 OOS cap=100
2026-09-15T08:32:12+00:00 RUN_END Y100 OOS net=51320738.0 dd%=64.4765 trades=1310 230.6s
2026-09-15T08:32:12+00:00 RUN_START Y060 W1 cap=60
2026-09-15T08:34:56+00:00 RUN_END Y060 W1 net=4394353.0 dd%=35.5642 trades=579 164.5s
2026-09-15T08:34:56+00:00 RUN_START Y060 W2 cap=60
2026-09-15T08:36:15+00:00 RUN_END Y060 W2 net=471934.0 dd%=46.398 trades=493 79.3s
2026-09-15T08:36:15+00:00 RUN_START Y060 W3 cap=60
2026-09-15T08:37:09+00:00 RUN_END Y060 W3 net=473019.0 dd%=43.3964 trades=480 54.0s
2026-09-15T08:37:09+00:00 RUN_START Y060 OOS cap=60
2026-09-15T08:41:01+00:00 RUN_END Y060 OOS net=16938410.0 dd%=47.7218 trades=1272 231.4s
2026-09-15T08:41:01+00:00 RUN_START Y090 W1 cap=90
2026-09-15T08:43:51+00:00 RUN_END Y090 W1 net=6094303.0 dd%=47.4527 trades=579 169.7s
2026-09-15T08:43:51+00:00 RUN_START Y090 W2 cap=90
2026-09-15T08:45:15+00:00 RUN_END Y090 W2 net=1133625.0 dd%=54.9757 trades=527 84.1s
2026-09-15T08:45:15+00:00 RUN_START Y090 W3 cap=90
2026-09-15T08:46:09+00:00 RUN_END Y090 W3 net=1155866.0 dd%=47.4205 trades=508 54.1s
2026-09-15T08:46:09+00:00 RUN_START Y090 OOS cap=90
2026-09-15T08:49:54+00:00 RUN_END Y090 OOS net=45221926.0 dd%=68.2165 trades=1309 225.7s
2026-09-15T08:49:54+00:00 RUN_START Y070 W1 cap=70
