2026-09-17T15:41:05+00:00 FXOANDA3_START jobs=28 OANDA端末(BT1) cap掃引 判定は「完走したか」が先
2026-09-17T15:41:05+00:00 RUN_START S050 W1 cap=50
2026-09-17T15:42:34+00:00 RUN_END S050 W1 net=2769577.0 dd%=31.1081 trades=550 88.8s
2026-09-17T15:42:34+00:00 RUN_START S050 W2 cap=50
2026-09-17T15:43:47+00:00 RUN_END S050 W2 net=1094867.0 dd%=34.7907 trades=464 73.7s
2026-09-17T15:43:47+00:00 RUN_START S050 W3 cap=50
2026-09-17T15:45:26+00:00 RUN_END S050 W3 net=700886.0 dd%=46.2921 trades=453 98.8s
2026-09-17T15:45:26+00:00 RUN_START S050 OOS cap=50
2026-09-17T15:50:20+00:00 RUN_END S050 OOS net=9188767.0 dd%=44.9088 trades=1236 294.3s
2026-09-17T15:50:20+00:00 RUN_START S070 W1 cap=70
2026-09-17T15:51:54+00:00 RUN_END S070 W1 net=3411826.0 dd%=38.4047 trades=561 93.8s
2026-09-17T15:51:54+00:00 RUN_START S070 W2 cap=70
2026-09-17T15:53:08+00:00 RUN_END S070 W2 net=1803561.0 dd%=41.0821 trades=486 73.7s
2026-09-17T15:53:08+00:00 RUN_START S070 W3 cap=70
2026-09-17T15:54:47+00:00 RUN_END S070 W3 net=923034.0 dd%=57.8089 trades=483 98.9s
2026-09-17T15:54:47+00:00 RUN_START S070 OOS cap=70
2026-09-17T15:55:01+00:00 RUN_END S070 OOS net=None dd%=None trades=None 14.6s
2026-09-17T15:55:01+00:00 RUN_START S033 W1 cap=33
2026-09-17T15:56:30+00:00 RUN_END S033 W1 net=1066305.0 dd%=22.2146 trades=518 88.8s
2026-09-17T15:56:30+00:00 RUN_START S033 W2 cap=33
2026-09-17T15:57:44+00:00 RUN_END S033 W2 net=539339.0 dd%=26.8048 trades=429 73.7s
2026-09-17T15:57:44+00:00 RUN_START S033 W3 cap=33
2026-09-17T15:59:18+00:00 RUN_END S033 W3 net=230152.0 dd%=38.0736 trades=420 93.9s
2026-09-17T15:59:18+00:00 RUN_START S033 OOS cap=33
2026-09-17T16:03:32+00:00 RUN_END S033 OOS net=2787045.0 dd%=37.8965 trades=1164 254.3s
2026-09-17T16:03:32+00:00 RUN_START S060 W1 cap=60
2026-09-17T16:05:06+00:00 RUN_END S060 W1 net=2956545.0 dd%=34.9603 trades=559 94.3s
2026-09-17T16:05:06+00:00 RUN_START S060 W2 cap=60
2026-09-17T16:06:20+00:00 RUN_END S060 W2 net=1438132.0 dd%=38.2697 trades=482 73.7s
2026-09-17T16:06:20+00:00 RUN_START S060 W3 cap=60
