2026-09-15T20:04:07Z CHAIN_START fxcarry1 の完了を待つ
2026-09-17T14:47:01+00:00 FXVMAX1_START jobs=32 業者上限の掃引 leverage=1:25
2026-09-17T14:47:01+00:00 RUN_START O000 W1 cap=100
2026-09-17T14:50:52+00:00 RUN_END O000 W1 net=6725965.0 dd%=51.9383 trades=579 231.3s
2026-09-17T14:50:52+00:00 O000_CHECK W1 expected net=6725965.0 trades=579 got net=6725965.0 trades=579 -> OK
2026-09-17T14:50:52+00:00 RUN_START O000 W2 cap=100
2026-09-17T14:52:21+00:00 RUN_END O000 W2 net=1348701.0 dd%=57.2271 trades=529 89.1s
2026-09-17T14:52:21+00:00 O000_CHECK W2 expected net=1348701.0 trades=529 got net=1348701.0 trades=529 -> OK
2026-09-17T14:52:21+00:00 RUN_START O000 W3 cap=100
2026-09-17T14:53:31+00:00 RUN_END O000 W3 net=1097587.0 dd%=50.3021 trades=508 69.1s
2026-09-17T14:53:31+00:00 O000_CHECK W3 expected net=1097587.0 trades=508 got net=1097587.0 trades=508 -> OK
2026-09-17T14:53:31+00:00 RUN_START O000 OOS cap=100
2026-09-17T14:59:05+00:00 RUN_END O000 OOS net=51320738.0 dd%=64.4765 trades=1310 334.6s
2026-09-17T14:59:05+00:00 O000_CHECK OOS expected net=51320738.0 trades=1310 got net=51320738.0 trades=1310 -> OK
2026-09-17T14:59:05+00:00 RUN_START O001 W1 cap=100
2026-09-17T15:03:12+00:00 RUN_END O001 W1 net=7255775.0 dd%=51.5923 trades=581 246.9s
2026-09-17T15:03:12+00:00 RUN_START O001 W2 cap=100
2026-09-17T15:04:36+00:00 RUN_END O001 W2 net=1348701.0 dd%=57.2271 trades=529 83.7s
2026-09-17T15:04:36+00:00 RUN_START O001 W3 cap=100
2026-09-17T15:05:40+00:00 RUN_END O001 W3 net=1097587.0 dd%=50.3021 trades=508 63.8s
2026-09-17T15:05:40+00:00 RUN_START O001 OOS cap=100
2026-09-17T15:10:05+00:00 RUN_END O001 OOS net=36348340.0 dd%=58.9125 trades=1345 264.9s
2026-09-17T15:10:05+00:00 RUN_START O004 W1 cap=100
2026-09-17T15:12:39+00:00 RUN_END O004 W1 net=10160171.0 dd%=45.6696 trades=570 154.5s
2026-09-17T15:12:39+00:00 RUN_START O004 W2 cap=100
2026-09-17T15:14:03+00:00 RUN_END O004 W2 net=3165576.0 dd%=58.2216 trades=527 84.0s
2026-09-17T15:14:03+00:00 RUN_START O004 W3 cap=100
2026-09-17T15:15:17+00:00 RUN_END O004 W3 net=696696.0 dd%=60.1887 trades=516 73.9s
2026-09-17T15:15:17+00:00 RUN_START O004 OOS cap=100
2026-09-17T15:21:17+00:00 RUN_END O004 OOS net=30436369.0 dd%=56.1194 trades=1332 359.5s
2026-09-17T15:21:17+00:00 RUN_START O003 W1 cap=90
2026-09-17T15:28:12+00:00 RUN_END O003 W1 net=6347818.0 dd%=47.4527 trades=580 415.1s
2026-09-17T15:28:12+00:00 RUN_START O003 W2 cap=90
2026-09-17T15:30:27+00:00 RUN_END O003 W2 net=1133625.0 dd%=54.9757 trades=527 134.9s
2026-09-17T15:30:27+00:00 RUN_START O003 W3 cap=90
2026-09-17T15:31:30+00:00 RUN_END O003 W3 net=1155866.0 dd%=47.4205 trades=508 63.8s
2026-09-17T15:31:30+00:00 RUN_START O003 OOS cap=90
2026-09-17T15:36:35+00:00 RUN_END O003 OOS net=35041830.0 dd%=55.4744 trades=1341 304.5s
2026-09-17T15:36:35+00:00 RUN_START O006 W1 cap=90
