2026-09-19T04:11:15+00:00 FXQUAL10_START jobs=20 SCA UJ レンジ幅下限を複利の上で掃引
2026-09-19T04:11:15+00:00 RUN_START G000 OOS cap=0
2026-09-19T04:14:54+00:00 RUN_END G000 OOS net=1281090.0 dd%=28.4727 trades=1351 219.2s
2026-09-19T04:14:54+00:00 RUN_START G000 IS cap=0
2026-09-19T04:18:43+00:00 RUN_END G000 IS net=4436392.0 dd%=42.5509 trades=1566 229.1s
2026-09-19T04:18:43+00:00 RUN_START G008 OOS cap=0
2026-09-19T04:22:17+00:00 RUN_END G008 OOS net=839235.0 dd%=21.4752 trades=1351 214.2s
2026-09-19T04:22:17+00:00 RUN_START G008 IS cap=0
2026-09-19T04:26:17+00:00 RUN_END G008 IS net=4186190.0 dd%=41.8682 trades=1567 239.5s
2026-09-19T04:26:17+00:00 RUN_START G009 OOS cap=0
2026-09-19T04:29:51+00:00 RUN_END G009 OOS net=918108.0 dd%=18.8287 trades=1351 214.1s
2026-09-19T04:29:51+00:00 RUN_START G009 IS cap=0
2026-09-19T04:33:40+00:00 RUN_END G009 IS net=4057047.0 dd%=39.505 trades=1567 229.1s
2026-09-19T04:33:40+00:00 RUN_START G006 OOS cap=0
2026-09-19T04:37:09+00:00 RUN_END G006 OOS net=1430694.0 dd%=24.0121 trades=1085 209.0s
2026-09-19T04:37:09+00:00 RUN_START G006 IS cap=0
2026-09-19T04:40:53+00:00 RUN_END G006 IS net=4387564.0 dd%=38.566 trades=1238 224.2s
2026-09-19T04:40:53+00:00 RUN_START G004 OOS cap=0
2026-09-19T04:44:23+00:00 RUN_END G004 OOS net=1423113.0 dd%=23.5408 trades=1225 209.3s
2026-09-19T04:44:23+00:00 RUN_START G004 IS cap=0
2026-09-19T04:48:07+00:00 RUN_END G004 IS net=4849626.0 dd%=38.9317 trades=1483 224.4s
2026-09-19T04:48:07+00:00 RUN_START G002 OOS cap=0
2026-09-19T04:51:42+00:00 RUN_END G002 OOS net=1369491.0 dd%=26.5235 trades=1319 214.6s
2026-09-19T04:51:42+00:00 RUN_START G002 IS cap=0
2026-09-19T04:55:31+00:00 RUN_END G002 IS net=4565385.0 dd%=42.0182 trades=1544 229.2s
2026-09-19T04:55:31+00:00 RUN_START G007 OOS cap=0
2026-09-19T04:59:00+00:00 RUN_END G007 OOS net=1430826.0 dd%=24.3253 trades=1134 209.4s
2026-09-19T04:59:00+00:00 RUN_START G007 IS cap=0
2026-09-19T05:02:43+00:00 RUN_END G007 IS net=4961523.0 dd%=38.183 trades=1405 223.2s
2026-09-19T05:02:43+00:00 RUN_START G001 OOS cap=0
2026-09-19T05:06:23+00:00 RUN_END G001 OOS net=1326121.0 dd%=27.0505 trades=1339 219.2s
2026-09-19T05:06:23+00:00 RUN_START G001 IS cap=0
2026-09-19T05:10:17+00:00 RUN_END G001 IS net=4514148.0 dd%=42.5501 trades=1555 234.1s
2026-09-19T05:10:17+00:00 RUN_START G003 OOS cap=0
2026-09-19T05:13:46+00:00 RUN_END G003 OOS net=1406943.0 dd%=26.1542 trades=1271 209.2s
2026-09-19T05:13:46+00:00 RUN_START G003 IS cap=0
2026-09-19T05:17:35+00:00 RUN_END G003 IS net=4541974.0 dd%=42.2107 trades=1515 229.3s
2026-09-19T05:17:35+00:00 RUN_START G005 OOS cap=0
2026-09-19T05:21:04+00:00 RUN_END G005 OOS net=1431459.0 dd%=23.4491 trades=1188 209.0s
2026-09-19T05:21:04+00:00 RUN_START G005 IS cap=0
2026-09-19T05:24:48+00:00 RUN_END G005 IS net=4845523.0 dd%=38.8724 trades=1452 224.2s
2026-09-19T05:24:48+00:00 FXQUAL10_END -> C:\Users\f\source\repos\mt5_backtester\ml\fxqual10\results.csv
