2026-09-09T05:09:04+00:00 EA_SHA 98d735cabbc58164
2026-09-09T05:09:04+00:00 FXRISK_START jobs=88 done=0
2026-09-09T05:09:04+00:00 RUN_START x1 FULL
2026-09-09T05:20:09+00:00 RUN_END x1 FULL net=379084.0 dd%=5.5891 trades=2969 665.5s
2026-09-09T05:20:09+00:00 RUN_START x3 FULL
2026-09-09T05:31:10+00:00 RUN_END x3 FULL net=1267215.0 dd%=13.9776 trades=2969 660.9s
2026-09-09T05:31:10+00:00 RUN_START x1 FULL
2026-09-09T05:42:48+00:00 RUN_END x1 FULL net=925988.0 dd%=10.6802 trades=2969 697.7s
2026-09-09T05:42:48+00:00 RUN_START x3 FULL
2026-09-09T05:53:43+00:00 RUN_END x3 FULL net=2837670.0 dd%=27.0308 trades=2969 655.5s
2026-09-09T05:53:43+00:00 RUN_START x1 FULL
2026-09-09T06:04:49+00:00 RUN_END x1 FULL net=941475.0 dd%=10.4533 trades=2969 665.6s
2026-09-09T06:04:49+00:00 RUN_START x1 FULL
2026-09-09T06:15:54+00:00 RUN_END x1 FULL net=949194.0 dd%=12.4838 trades=2969 665.6s
2026-09-09T06:15:54+00:00 RUN_START x1 FULL
2026-09-09T06:28:20+00:00 RUN_END x1 FULL net=943508.0 dd%=9.422 trades=2969 745.7s
2026-09-09T06:28:20+00:00 RUN_START x1 FULL
2026-09-09T06:40:41+00:00 RUN_END x1 FULL net=925988.0 dd%=10.6802 trades=2969 740.8s
2026-09-09T06:40:41+00:00 RUN_START x1 FULL
2026-09-09T06:52:47+00:00 RUN_END x1 FULL net=925988.0 dd%=10.6802 trades=2969 725.7s
2026-09-09T06:52:47+00:00 RUN_START x1 FULL
2026-09-09T07:05:02+00:00 RUN_END x1 FULL net=925605.0 dd%=11.2447 trades=2969 735.7s
2026-09-09T07:05:02+00:00 RUN_START x1 FULL
2026-09-09T07:17:38+00:00 RUN_END x1 FULL net=1095409.0 dd%=13.6182 trades=2969 755.8s
2026-09-09T07:17:38+00:00 RUN_START x1 FULL
2026-09-09T07:30:19+00:00 RUN_END x1 FULL net=982201.0 dd%=11.4433 trades=2969 760.8s
2026-09-09T07:30:19+00:00 RUN_START x1 FULL
2026-09-09T07:42:45+00:00 RUN_END x1 FULL net=1398868.0 dd%=18.6803 trades=2969 745.8s
2026-09-09T07:42:45+00:00 RUN_START x1 FULL
2026-09-09T07:55:31+00:00 RUN_END x1 FULL net=1124081.0 dd%=14.4897 trades=2969 765.9s
2026-09-09T07:55:31+00:00 RUN_START x1 FULL
2026-09-09T08:09:21+00:00 RUN_END x1 FULL net=2126819.0 dd%=39.2199 trades=2969 829.9s
2026-09-09T08:09:21+00:00 RUN_START x1 FULL
2026-09-09T08:22:32+00:00 RUN_END x1 FULL net=925988.0 dd%=10.6802 trades=2969 790.9s
2026-09-09T08:22:32+00:00 RUN_START x1 FULL
2026-09-09T08:34:32+00:00 RUN_END x1 FULL net=925988.0 dd%=10.6802 trades=2969 720.7s
2026-09-09T08:34:32+00:00 RUN_START x1 FULL
2026-09-09T08:47:38+00:00 RUN_END x1 FULL net=925988.0 dd%=10.6802 trades=2969 785.9s
2026-09-09T08:47:38+00:00 RUN_START x1 FULL
2026-09-09T08:59:14+00:00 RUN_END x1 FULL net=925988.0 dd%=10.6802 trades=2969 695.6s
2026-09-09T08:59:14+00:00 RUN_START x1 FULL
2026-09-09T09:10:44+00:00 RUN_END x1 FULL net=925988.0 dd%=10.6802 trades=2969 690.6s
2026-09-09T09:10:44+00:00 RUN_START x1 FULL
2026-09-09T09:22:35+00:00 RUN_END x1 FULL net=925988.0 dd%=10.6802 trades=2969 710.7s
2026-09-09T09:22:35+00:00 RUN_START x1 FULL
2026-09-09T09:34:11+00:00 RUN_END x1 FULL net=925988.0 dd%=10.6802 trades=2969 695.6s
2026-09-09T09:34:11+00:00 RUN_START x1 FULL
2026-09-09T09:46:21+00:00 RUN_END x1 FULL net=947954.0 dd%=10.8888 trades=2969 730.7s
2026-09-09T09:46:21+00:00 RUN_START x1 FULL
2026-09-09T09:58:02+00:00 RUN_END x1 FULL net=925605.0 dd%=11.2447 trades=2969 700.7s
2026-09-09T09:58:02+00:00 RUN_START x1 FULL
2026-09-09T10:09:43+00:00 RUN_END x1 FULL net=1095409.0 dd%=13.6182 trades=2969 700.6s
2026-09-09T10:09:43+00:00 RUN_START x1 FULL
2026-09-09T10:22:08+00:00 RUN_END x1 FULL net=982201.0 dd%=11.4433 trades=2969 745.8s
2026-09-09T10:22:08+00:00 RUN_START x1 FULL
2026-09-09T10:33:44+00:00 RUN_END x1 FULL net=1398868.0 dd%=18.6803 trades=2969 695.6s
2026-09-09T10:33:44+00:00 RUN_START x2 FULL
2026-09-09T10:46:05+00:00 RUN_END x2 FULL net=1896753.0 dd%=20.5786 trades=2969 740.7s
2026-09-09T10:46:05+00:00 RUN_START x3 FULL
2026-09-09T10:58:15+00:00 RUN_END x3 FULL net=2842686.0 dd%=28.0071 trades=2969 730.7s
2026-09-09T10:58:15+00:00 RUN_START x2 FULL
2026-09-09T11:10:46+00:00 RUN_END x2 FULL net=2038633.0 dd%=19.2211 trades=2969 750.8s
2026-09-09T11:10:46+00:00 RUN_START x3 FULL
2026-09-09T11:23:02+00:00 RUN_END x3 FULL net=3037892.0 dd%=25.9182 trades=2969 735.8s
2026-09-09T11:23:02+00:00 RUN_START x1 FULL
2026-09-09T11:35:58+00:00 RUN_END x1 FULL net=6603703.0 dd%=22.0848 trades=2969 775.8s
2026-09-09T11:35:58+00:00 RUN_START x2 FULL
2026-09-09T11:48:29+00:00 RUN_END x2 FULL net=41068923.0 dd%=41.9928 trades=2969 750.7s
2026-09-09T11:48:29+00:00 RUN_START x1 FULL
2026-09-09T12:01:54+00:00 RUN_END x1 FULL net=7566560.0 dd%=25.3894 trades=2969 805.9s
2026-09-09T12:01:54+00:00 RUN_START x2 FULL
2026-09-09T12:14:20+00:00 RUN_END x2 FULL net=55900801.0 dd%=47.1044 trades=2969 745.8s
2026-09-09T12:14:20+00:00 RUN_START x1 FULL
2026-09-09T12:26:26+00:00 RUN_END x1 FULL net=9940644.0 dd%=30.5607 trades=2969 725.7s
2026-09-09T12:26:26+00:00 RUN_START x2 FULL
2026-09-09T12:39:22+00:00 RUN_END x2 FULL net=90163318.0 dd%=54.3831 trades=2969 775.8s
2026-09-09T12:39:22+00:00 RUN_START x1 FULL
2026-09-09T12:51:27+00:00 RUN_END x1 FULL net=925988.0 dd%=10.6802 trades=2969 725.7s
2026-09-09T12:51:27+00:00 RUN_START x1 FULL
2026-09-09T13:03:58+00:00 RUN_END x1 FULL net=991656.0 dd%=11.3127 trades=2969 750.8s
2026-09-09T13:03:58+00:00 RUN_START x1 FULL
2026-09-09T13:17:24+00:00 RUN_END x1 FULL net=932907.0 dd%=11.9381 trades=2969 806.0s
2026-09-09T13:17:24+00:00 RUN_START x1 FULL
2026-09-09T13:30:10+00:00 RUN_END x1 FULL net=932907.0 dd%=11.9381 trades=2969 765.9s
2026-09-09T13:30:10+00:00 RUN_START x1 FULL
2026-09-09T13:43:46+00:00 RUN_END x1 FULL net=1044821.0 dd%=12.8339 trades=2969 816.1s
2026-09-09T13:43:46+00:00 RUN_START x1 FULL
2026-09-09T13:56:12+00:00 RUN_END x1 FULL net=925988.0 dd%=10.6802 trades=2969 745.8s
2026-09-09T13:56:12+00:00 RUN_START x1 FULL
2026-09-09T14:10:28+00:00 RUN_END x1 FULL net=925988.0 dd%=10.6802 trades=2969 856.0s
2026-09-09T14:10:28+00:00 RUN_START x1 OOS
2026-09-09T14:15:18+00:00 RUN_END x1 OOS net=119537.0 dd%=5.2473 trades=1375 289.9s
2026-09-09T14:15:18+00:00 RUN_START x3 OOS
2026-09-09T14:20:28+00:00 RUN_END x3 OOS net=379833.0 dd%=13.9776 trades=1375 309.9s
2026-09-09T14:20:28+00:00 RUN_START x1 OOS
2026-09-09T14:26:18+00:00 RUN_END x1 OOS net=252657.0 dd%=10.6802 trades=1375 350.2s
2026-09-09T14:26:18+00:00 RUN_START x3 OOS
2026-09-09T14:31:28+00:00 RUN_END x3 OOS net=782462.0 dd%=27.0308 trades=1375 310.0s
2026-09-09T14:31:28+00:00 RUN_START x1 OOS
2026-09-09T14:36:23+00:00 RUN_END x1 OOS net=260649.0 dd%=10.4533 trades=1375 294.8s
2026-09-09T14:36:23+00:00 RUN_START x1 OOS
2026-09-09T14:41:13+00:00 RUN_END x1 OOS net=263851.0 dd%=12.4838 trades=1375 289.8s
2026-09-09T14:41:13+00:00 RUN_START x1 OOS
2026-09-09T14:46:22+00:00 RUN_END x1 OOS net=269859.0 dd%=9.422 trades=1375 309.8s
2026-09-09T14:46:22+00:00 RUN_START x1 OOS
2026-09-09T14:51:02+00:00 RUN_END x1 OOS net=252657.0 dd%=10.6802 trades=1375 279.8s
2026-09-09T14:51:02+00:00 RUN_START x1 OOS
2026-09-09T14:56:27+00:00 RUN_END x1 OOS net=252657.0 dd%=10.6802 trades=1375 324.9s
2026-09-09T14:56:27+00:00 RUN_START x1 OOS
2026-09-09T15:01:42+00:00 RUN_END x1 OOS net=256346.0 dd%=11.2447 trades=1375 315.2s
2026-09-09T15:01:42+00:00 RUN_START x1 OOS
2026-09-09T15:08:40+00:00 RUN_END x1 OOS net=287613.0 dd%=11.8073 trades=1375 417.6s
2026-09-09T15:08:40+00:00 RUN_START x1 OOS
2026-09-09T15:14:15+00:00 RUN_END x1 OOS net=289045.0 dd%=11.0311 trades=1375 334.9s
2026-09-09T15:14:15+00:00 RUN_START x1 OOS
2026-09-09T15:19:40+00:00 RUN_END x1 OOS net=370794.0 dd%=13.7785 trades=1375 324.9s
2026-09-09T15:19:40+00:00 RUN_START x1 OOS
2026-09-09T15:24:55+00:00 RUN_END x1 OOS net=364454.0 dd%=11.5865 trades=1375 314.8s
2026-09-09T15:24:55+00:00 RUN_START x1 OOS
2026-09-09T15:30:50+00:00 RUN_END x1 OOS net=557648.0 dd%=27.4108 trades=1375 354.9s
2026-09-09T15:30:50+00:00 RUN_START x1 OOS
2026-09-09T15:36:29+00:00 RUN_END x1 OOS net=252657.0 dd%=10.6802 trades=1375 340.0s
2026-09-09T15:36:29+00:00 RUN_START x1 OOS
2026-09-09T15:42:14+00:00 RUN_END x1 OOS net=252657.0 dd%=10.6802 trades=1375 344.9s
2026-09-09T15:42:14+00:00 RUN_START x1 OOS
2026-09-09T15:47:09+00:00 RUN_END x1 OOS net=252657.0 dd%=10.6802 trades=1375 294.8s
2026-09-09T15:47:09+00:00 RUN_START x1 OOS
2026-09-09T15:51:49+00:00 RUN_END x1 OOS net=252657.0 dd%=10.6802 trades=1375 279.8s
2026-09-09T15:51:49+00:00 RUN_START x1 OOS
2026-09-09T15:56:34+00:00 RUN_END x1 OOS net=252657.0 dd%=10.6802 trades=1375 284.8s
2026-09-09T15:56:34+00:00 RUN_START x1 OOS
2026-09-09T16:01:44+00:00 RUN_END x1 OOS net=252657.0 dd%=10.6802 trades=1375 309.8s
2026-09-09T16:01:44+00:00 RUN_START x1 OOS
2026-09-09T16:06:29+00:00 RUN_END x1 OOS net=252657.0 dd%=10.6802 trades=1375 284.9s
2026-09-09T16:06:29+00:00 RUN_START x1 OOS
2026-09-09T16:11:18+00:00 RUN_END x1 OOS net=248029.0 dd%=10.8888 trades=1375 289.8s
2026-09-09T16:11:18+00:00 RUN_START x1 OOS
2026-09-09T16:16:23+00:00 RUN_END x1 OOS net=256346.0 dd%=11.2447 trades=1375 304.8s
2026-09-09T16:16:23+00:00 RUN_START x1 OOS
2026-09-09T16:21:28+00:00 RUN_END x1 OOS net=287613.0 dd%=11.8073 trades=1375 304.9s
2026-09-09T16:21:28+00:00 RUN_START x1 OOS
2026-09-09T16:26:08+00:00 RUN_END x1 OOS net=289045.0 dd%=11.0311 trades=1375 279.8s
2026-09-09T16:26:08+00:00 RUN_START x1 OOS
2026-09-09T16:30:48+00:00 RUN_END x1 OOS net=370794.0 dd%=13.7785 trades=1375 279.8s
2026-09-09T16:30:48+00:00 RUN_START x2 OOS
2026-09-09T16:35:42+00:00 RUN_END x2 OOS net=527763.0 dd%=20.5786 trades=1375 294.7s
2026-09-09T16:35:42+00:00 RUN_START x3 OOS
2026-09-09T16:40:17+00:00 RUN_END x3 OOS net=789893.0 dd%=28.0071 trades=1375 274.7s
2026-09-09T16:40:17+00:00 RUN_START x2 OOS
2026-09-09T16:44:52+00:00 RUN_END x2 OOS net=603172.0 dd%=19.2211 trades=1375 274.7s
2026-09-09T16:44:52+00:00 RUN_START x3 OOS
2026-09-09T16:49:36+00:00 RUN_END x3 OOS net=893675.0 dd%=25.9182 trades=1375 284.7s
2026-09-09T16:49:36+00:00 RUN_START x1 OOS
2026-09-09T16:54:31+00:00 RUN_END x1 OOS net=522528.0 dd%=20.8292 trades=1375 294.7s
2026-09-09T16:54:31+00:00 RUN_START x2 OOS
2026-09-09T16:59:16+00:00 RUN_END x2 OOS net=1090940.0 dd%=39.3733 trades=1375 284.7s
2026-09-09T16:59:16+00:00 RUN_START x1 OOS
2026-09-09T17:04:25+00:00 RUN_END x1 OOS net=579170.0 dd%=21.7449 trades=1375 309.8s
2026-09-09T17:04:25+00:00 RUN_START x2 OOS
2026-09-09T17:08:59+00:00 RUN_END x2 OOS net=1415411.0 dd%=40.0143 trades=1375 273.7s
2026-09-09T17:08:59+00:00 RUN_START x1 OOS
2026-09-09T17:13:44+00:00 RUN_END x1 OOS net=755318.0 dd%=23.1298 trades=1375 284.7s
2026-09-09T17:13:44+00:00 RUN_START x2 OOS
2026-09-09T17:18:09+00:00 RUN_END x2 OOS net=2071976.0 dd%=41.817 trades=1375 264.7s
2026-09-09T17:18:09+00:00 RUN_START x1 OOS
2026-09-09T17:22:38+00:00 RUN_END x1 OOS net=252657.0 dd%=10.6802 trades=1375 269.7s
2026-09-09T17:22:38+00:00 RUN_START x1 OOS
2026-09-09T17:26:53+00:00 RUN_END x1 OOS net=253534.0 dd%=11.3127 trades=1375 254.6s
2026-09-09T17:26:53+00:00 RUN_START x1 OOS
2026-09-09T17:31:23+00:00 RUN_END x1 OOS net=256832.0 dd%=11.9381 trades=1375 269.8s
2026-09-09T17:31:23+00:00 RUN_START x1 OOS
2026-09-09T17:35:52+00:00 RUN_END x1 OOS net=256832.0 dd%=11.9381 trades=1375 269.7s
2026-09-09T17:35:52+00:00 RUN_START x1 OOS
2026-09-09T17:40:22+00:00 RUN_END x1 OOS net=317846.0 dd%=11.0626 trades=1375 269.7s
2026-09-09T17:40:22+00:00 RUN_START x1 OOS
2026-09-09T17:44:37+00:00 RUN_END x1 OOS net=252657.0 dd%=10.6802 trades=1375 254.6s
2026-09-09T17:44:37+00:00 RUN_START x1 OOS
2026-09-09T17:49:01+00:00 RUN_END x1 OOS net=252657.0 dd%=10.6802 trades=1375 264.7s
2026-09-09T17:49:01+00:00 FXRISK_END -> C:\Users\f\source\repos\mt5_backtester\ml\fxrisk1\results.csv
