2026-09-18T22:40:31+00:00 FXQUAL7_START jobs=16 SCA 建値ストップ7案＋対照
2026-09-18T22:40:31+00:00 RUN_START Z000 OOS cap=0
2026-09-18T22:44:10+00:00 RUN_END Z000 OOS net=117843.0 dd%=5.2719 trades=1375 219.1s
2026-09-18T22:44:10+00:00 RUN_START Z000 IS cap=0
2026-09-18T22:47:59+00:00 RUN_END Z000 IS net=255445.0 dd%=7.3544 trades=1595 229.3s
2026-09-18T22:47:59+00:00 RUN_START Z001 OOS cap=0
2026-09-18T22:52:03+00:00 RUN_END Z001 OOS net=110310.0 dd%=5.2322 trades=1375 244.1s
2026-09-18T22:52:03+00:00 RUN_START Z001 IS cap=0
2026-09-18T22:56:28+00:00 RUN_END Z001 IS net=240677.0 dd%=8.1484 trades=1595 264.2s
2026-09-18T22:56:28+00:00 RUN_START Z002 OOS cap=0
2026-09-18T23:00:32+00:00 RUN_END Z002 OOS net=110787.0 dd%=5.0489 trades=1375 244.2s
2026-09-18T23:00:32+00:00 RUN_START Z002 IS cap=0
2026-09-18T23:04:56+00:00 RUN_END Z002 IS net=258231.0 dd%=7.2956 trades=1595 264.2s
2026-09-18T23:04:56+00:00 RUN_START Z003 OOS cap=0
2026-09-18T23:09:00+00:00 RUN_END Z003 OOS net=116712.0 dd%=5.5174 trades=1375 244.2s
2026-09-18T23:09:00+00:00 RUN_START Z003 IS cap=0
2026-09-18T23:13:24+00:00 RUN_END Z003 IS net=251174.0 dd%=7.3484 trades=1595 264.3s
2026-09-18T23:13:24+00:00 RUN_START Z004 OOS cap=0
2026-09-18T23:17:34+00:00 RUN_END Z004 OOS net=102432.0 dd%=4.0811 trades=1375 249.8s
2026-09-18T23:17:34+00:00 RUN_START Z004 IS cap=0
2026-09-18T23:22:06+00:00 RUN_END Z004 IS net=225337.0 dd%=7.6416 trades=1595 271.7s
2026-09-18T23:22:06+00:00 RUN_START Z005 OOS cap=0
2026-09-18T23:26:20+00:00 RUN_END Z005 OOS net=114939.0 dd%=5.0096 trades=1375 254.3s
2026-09-18T23:26:20+00:00 RUN_START Z005 IS cap=0
2026-09-18T23:30:44+00:00 RUN_END Z005 IS net=245831.0 dd%=7.8206 trades=1595 264.1s
2026-09-18T23:30:44+00:00 RUN_START Z006 OOS cap=0
2026-09-18T23:34:38+00:00 RUN_END Z006 OOS net=109578.0 dd%=5.198 trades=1375 234.1s
2026-09-18T23:34:38+00:00 RUN_START Z006 IS cap=0
2026-09-18T23:38:52+00:00 RUN_END Z006 IS net=240350.0 dd%=8.1546 trades=1595 254.0s
2026-09-18T23:38:52+00:00 RUN_START Z007 OOS cap=0
2026-09-18T23:42:42+00:00 RUN_END Z007 OOS net=118575.0 dd%=5.306 trades=1375 229.1s
2026-09-18T23:42:42+00:00 RUN_START Z007 IS cap=0
2026-09-18T23:46:51+00:00 RUN_END Z007 IS net=255772.0 dd%=7.3482 trades=1595 249.1s
2026-09-18T23:46:51+00:00 FXQUAL7_END -> C:\Users\f\source\repos\mt5_backtester\ml\fxqual7\results.csv
