2026-09-18T23:47:15+00:00 FXQUAL8_START jobs=16 SCAのリバーサル部分集合を入口に移す
2026-09-18T23:47:15+00:00 RUN_START RV00 OOS cap=0
2026-09-18T23:50:49+00:00 RUN_END RV00 OOS net=117843.0 dd%=5.2719 trades=1375 214.0s
2026-09-18T23:50:49+00:00 RUN_START RV00 IS cap=0
2026-09-18T23:54:38+00:00 RUN_END RV00 IS net=255445.0 dd%=7.3544 trades=1595 229.2s
2026-09-18T23:54:38+00:00 RUN_START RV01 OOS cap=0
2026-09-18T23:58:08+00:00 RUN_END RV01 OOS net=133428.0 dd%=4.1373 trades=913 209.1s
2026-09-18T23:58:08+00:00 RUN_START RV01 IS cap=0
2026-09-19T00:01:51+00:00 RUN_END RV01 IS net=251164.0 dd%=8.031 trades=1073 223.9s
2026-09-19T00:01:51+00:00 RUN_START RV02 OOS cap=0
2026-09-19T00:05:30+00:00 RUN_END RV02 OOS net=60039.0 dd%=3.6938 trades=1216 218.9s
2026-09-19T00:05:30+00:00 RUN_START RV02 IS cap=0
2026-09-19T00:09:35+00:00 RUN_END RV02 IS net=185953.0 dd%=7.0516 trades=1433 244.2s
2026-09-19T00:09:35+00:00 RUN_START RV03 OOS cap=0
2026-09-19T00:13:14+00:00 RUN_END RV03 OOS net=116997.0 dd%=4.9825 trades=1165 219.1s
2026-09-19T00:13:14+00:00 RUN_START RV03 IS cap=0
2026-09-19T00:17:08+00:00 RUN_END RV03 IS net=251725.0 dd%=7.267 trades=1337 234.2s
2026-09-19T00:17:08+00:00 RUN_START RV05 OOS cap=0
2026-09-19T00:20:42+00:00 RUN_END RV05 OOS net=120758.0 dd%=4.9753 trades=1319 214.0s
2026-09-19T00:20:42+00:00 RUN_START RV05 IS cap=0
2026-09-19T00:24:41+00:00 RUN_END RV05 IS net=240376.0 dd%=8.2049 trades=1525 239.1s
2026-09-19T00:24:41+00:00 RUN_START RV04 OOS cap=0
2026-09-19T00:28:10+00:00 RUN_END RV04 OOS net=132582.0 dd%=4.1572 trades=703 209.2s
2026-09-19T00:28:10+00:00 RUN_START RV04 IS cap=0
2026-09-19T00:31:54+00:00 RUN_END RV04 IS net=247444.0 dd%=8.2358 trades=815 224.0s
2026-09-19T00:31:54+00:00 RUN_START RV07 OOS cap=0
2026-09-19T00:35:28+00:00 RUN_END RV07 OOS net=63319.0 dd%=4.7276 trades=1001 214.1s
2026-09-19T00:35:28+00:00 RUN_START RV07 IS cap=0
2026-09-19T00:39:22+00:00 RUN_END RV07 IS net=250071.0 dd%=8.1012 trades=1183 234.1s
2026-09-19T00:39:22+00:00 RUN_START RV06 OOS cap=0
2026-09-19T00:42:52+00:00 RUN_END RV06 OOS net=67317.0 dd%=4.2326 trades=786 209.2s
2026-09-19T00:42:52+00:00 RUN_START RV06 IS cap=0
2026-09-19T00:46:41+00:00 RUN_END RV06 IS net=253336.0 dd%=6.9056 trades=1024 229.0s
2026-09-19T00:46:41+00:00 FXQUAL8_END -> C:\Users\f\source\repos\mt5_backtester\ml\fxqual8\results.csv
