2026-09-09T19:53:51+00:00 EA_SHA 98d735cabbc58164
2026-09-09T19:53:51+00:00 GOLDCOMP_START jobs=84 done=0
2026-09-09T19:53:51+00:00 RUN_START x1 FULL
2026-09-09T20:02:51+00:00 RUN_END x1 FULL net=729253.0 dd%=4.5951 trades=933 540.2s
2026-09-09T20:02:51+00:00 RUN_START x2 FULL
2026-09-09T20:11:31+00:00 RUN_END x2 FULL net=1458418.0 dd%=6.8837 trades=933 520.3s
2026-09-09T20:11:31+00:00 RUN_START x3 FULL
2026-09-09T20:20:06+00:00 RUN_END x3 FULL net=2187617.0 dd%=8.2508 trades=933 515.2s
2026-09-09T20:20:06+00:00 RUN_START x4 FULL
2026-09-09T20:28:46+00:00 RUN_END x4 FULL net=2916880.0 dd%=10.4877 trades=933 520.1s
2026-09-09T20:28:46+00:00 RUN_START x1 FULL
2026-09-09T20:37:17+00:00 RUN_END x1 FULL net=729253.0 dd%=4.5951 trades=933 510.1s
2026-09-09T20:37:17+00:00 RUN_START x1 FULL
2026-09-09T20:45:47+00:00 RUN_END x1 FULL net=739554.0 dd%=4.5331 trades=933 510.1s
2026-09-09T20:45:47+00:00 RUN_START x1 FULL
2026-09-09T20:54:22+00:00 RUN_END x1 FULL net=726904.0 dd%=4.6095 trades=933 515.1s
2026-09-09T20:54:22+00:00 RUN_START x1 FULL
2026-09-09T21:02:57+00:00 RUN_END x1 FULL net=765457.0 dd%=5.5208 trades=933 515.1s
2026-09-09T21:02:57+00:00 RUN_START x1 FULL
2026-09-09T21:11:27+00:00 RUN_END x1 FULL net=729253.0 dd%=4.5951 trades=933 510.2s
2026-09-09T21:11:27+00:00 RUN_START x1 FULL
2026-09-09T21:20:02+00:00 RUN_END x1 FULL net=726904.0 dd%=4.6095 trades=933 515.1s
2026-09-09T21:20:02+00:00 RUN_START x1 FULL
2026-09-09T21:28:32+00:00 RUN_END x1 FULL net=776978.0 dd%=5.8108 trades=933 510.1s
2026-09-09T21:28:32+00:00 RUN_START x1 FULL
2026-09-09T21:37:03+00:00 RUN_END x1 FULL net=872182.0 dd%=8.6418 trades=933 510.2s
2026-09-09T21:37:03+00:00 RUN_START x1 FULL
2026-09-09T21:45:43+00:00 RUN_END x1 FULL net=1052606.0 dd%=12.1708 trades=933 520.2s
2026-09-09T21:45:43+00:00 RUN_START x1 FULL
2026-09-09T21:54:13+00:00 RUN_END x1 FULL net=729253.0 dd%=4.5951 trades=933 510.1s
2026-09-09T21:54:13+00:00 RUN_START x1 FULL
2026-09-09T22:02:38+00:00 RUN_END x1 FULL net=726904.0 dd%=4.6095 trades=933 505.2s
2026-09-09T22:02:38+00:00 RUN_START x1 FULL
2026-09-09T22:11:08+00:00 RUN_END x1 FULL net=726904.0 dd%=4.6095 trades=933 510.3s
2026-09-09T22:11:08+00:00 RUN_START x1 FULL
2026-09-09T22:19:34+00:00 RUN_END x1 FULL net=742699.0 dd%=5.5547 trades=933 505.3s
2026-09-09T22:19:34+00:00 RUN_START x1 FULL
2026-09-09T22:27:59+00:00 RUN_END x1 FULL net=742699.0 dd%=5.5547 trades=933 505.3s
2026-09-09T22:27:59+00:00 RUN_START x1 FULL
2026-09-09T22:36:29+00:00 RUN_END x1 FULL net=872051.0 dd%=11.4665 trades=933 510.3s
2026-09-09T22:36:29+00:00 RUN_START x2 FULL
2026-09-09T22:44:50+00:00 RUN_END x2 FULL net=999245.0 dd%=5.9351 trades=933 500.3s
2026-09-09T22:44:50+00:00 RUN_START x3 FULL
2026-09-09T22:53:15+00:00 RUN_END x3 FULL net=1270370.0 dd%=8.2262 trades=933 505.2s
2026-09-09T22:53:15+00:00 RUN_START x2 FULL
2026-09-09T23:01:40+00:00 RUN_END x2 FULL net=1054560.0 dd%=6.1622 trades=933 505.2s
2026-09-09T23:01:40+00:00 RUN_START x3 FULL
2026-09-09T23:10:05+00:00 RUN_END x3 FULL net=1337820.0 dd%=8.2941 trades=933 505.3s
2026-09-09T23:10:05+00:00 RUN_START x1 FULL
2026-09-09T23:18:31+00:00 RUN_END x1 FULL net=776978.0 dd%=5.8108 trades=933 505.3s
2026-09-09T23:18:31+00:00 RUN_START x1 FULL
2026-09-09T23:26:56+00:00 RUN_END x1 FULL net=1181461.0 dd%=6.2991 trades=933 505.3s
2026-09-09T23:26:56+00:00 RUN_START x1 FULL
2026-09-09T23:35:21+00:00 RUN_END x1 FULL net=776978.0 dd%=5.8108 trades=933 505.3s
2026-09-09T23:35:21+00:00 RUN_START x1 FULL
2026-09-09T23:43:46+00:00 RUN_END x1 FULL net=1181461.0 dd%=6.2991 trades=933 505.3s
2026-09-09T23:43:46+00:00 RUN_START x1 FULL
2026-09-09T23:52:17+00:00 RUN_END x1 FULL net=776978.0 dd%=5.8108 trades=933 510.3s
2026-09-09T23:52:17+00:00 RUN_START x1 FULL
2026-09-10T00:00:47+00:00 RUN_END x1 FULL net=1181461.0 dd%=6.2991 trades=933 510.4s
2026-09-10T00:00:47+00:00 RUN_START x1 FULL
2026-09-10T00:09:28+00:00 RUN_END x1 FULL net=693411.0 dd%=4.232 trades=933 520.3s
2026-09-10T00:09:28+00:00 RUN_START x1 FULL
2026-09-10T00:18:03+00:00 RUN_END x1 FULL net=743212.0 dd%=4.5403 trades=933 515.4s
2026-09-10T00:18:03+00:00 RUN_START x1 FULL
2026-09-10T00:26:38+00:00 RUN_END x1 FULL net=729253.0 dd%=4.5951 trades=933 515.4s
2026-09-10T00:26:38+00:00 RUN_START x1 FULL
2026-09-10T00:35:14+00:00 RUN_END x1 FULL net=729253.0 dd%=4.5951 trades=933 515.4s
2026-09-10T00:35:14+00:00 RUN_START x1 FULL
2026-09-10T00:43:49+00:00 RUN_END x1 FULL net=729253.0 dd%=4.5951 trades=933 515.3s
2026-09-10T00:43:49+00:00 RUN_START x1 FULL
2026-09-10T00:52:19+00:00 RUN_END x1 FULL net=728845.0 dd%=4.5976 trades=933 510.3s
2026-09-10T00:52:19+00:00 RUN_START x1 FULL
2026-09-10T01:01:00+00:00 RUN_END x1 FULL net=723903.0 dd%=4.628 trades=933 520.4s
2026-09-10T01:01:00+00:00 RUN_START x1 FULL
2026-09-10T01:10:05+00:00 RUN_END x1 FULL net=723495.0 dd%=4.6306 trades=933 545.6s
2026-09-10T01:10:05+00:00 RUN_START x1 FULL
2026-09-10T01:19:06+00:00 RUN_END x1 FULL net=744599.0 dd%=4.5033 trades=933 540.6s
2026-09-10T01:19:06+00:00 RUN_START x1 FULL
2026-09-10T01:27:41+00:00 RUN_END x1 FULL net=769871.0 dd%=6.4542 trades=933 515.4s
2026-09-10T01:27:41+00:00 RUN_START x1 FULL
2026-09-10T01:36:27+00:00 RUN_END x1 FULL net=789325.0 dd%=6.7116 trades=933 525.4s
2026-09-10T01:36:27+00:00 RUN_START x1 FULL
2026-09-10T01:45:12+00:00 RUN_END x1 FULL net=692911.0 dd%=4.2349 trades=933 525.4s
2026-09-10T01:45:12+00:00 RUN_START x1 FULL
2026-09-10T01:53:53+00:00 RUN_END x1 FULL net=754108.0 dd%=4.9335 trades=933 520.4s
2026-09-10T01:53:53+00:00 RUN_START x1 OOS
2026-09-10T01:56:42+00:00 RUN_END x1 OOS net=118935.0 dd%=2.9946 trades=470 169.5s
2026-09-10T01:56:42+00:00 RUN_START x2 OOS
2026-09-10T01:59:26+00:00 RUN_END x2 OOS net=237733.0 dd%=5.4349 trades=470 164.0s
2026-09-10T01:59:26+00:00 RUN_START x3 OOS
2026-09-10T02:02:05+00:00 RUN_END x3 OOS net=356608.0 dd%=8.0094 trades=470 159.1s
2026-09-10T02:02:05+00:00 RUN_START x4 OOS
2026-09-10T02:04:45+00:00 RUN_END x4 OOS net=475524.0 dd%=10.4877 trades=470 159.2s
2026-09-10T02:04:45+00:00 RUN_START x1 OOS
2026-09-10T02:07:24+00:00 RUN_END x1 OOS net=118935.0 dd%=2.9946 trades=470 159.1s
2026-09-10T02:07:24+00:00 RUN_START x1 OOS
2026-09-10T02:10:03+00:00 RUN_END x1 OOS net=129236.0 dd%=2.9463 trades=470 159.2s
2026-09-10T02:10:03+00:00 RUN_START x1 OOS
2026-09-10T02:12:42+00:00 RUN_END x1 OOS net=116586.0 dd%=3.2248 trades=470 159.0s
2026-09-10T02:12:42+00:00 RUN_START x1 OOS
2026-09-10T02:15:21+00:00 RUN_END x1 OOS net=127003.0 dd%=5.5208 trades=470 159.3s
2026-09-10T02:15:21+00:00 RUN_START x1 OOS
2026-09-10T02:18:37+00:00 RUN_END x1 OOS net=118935.0 dd%=2.9946 trades=470 196.1s
2026-09-10T02:18:37+00:00 RUN_START x1 OOS
2026-09-10T02:21:16+00:00 RUN_END x1 OOS net=116586.0 dd%=3.2248 trades=470 159.0s
2026-09-10T02:21:16+00:00 RUN_START x1 OOS
2026-09-10T02:23:55+00:00 RUN_END x1 OOS net=139583.0 dd%=5.8108 trades=470 159.1s
2026-09-10T02:23:55+00:00 RUN_START x1 OOS
2026-09-10T02:26:35+00:00 RUN_END x1 OOS net=194687.0 dd%=8.6418 trades=470 159.1s
2026-09-10T02:26:35+00:00 RUN_START x1 OOS
2026-09-10T02:29:13+00:00 RUN_END x1 OOS net=271125.0 dd%=12.1708 trades=470 158.9s
2026-09-10T02:29:13+00:00 RUN_START x1 OOS
2026-09-10T02:31:52+00:00 RUN_END x1 OOS net=118935.0 dd%=2.9946 trades=470 159.0s
2026-09-10T02:31:52+00:00 RUN_START x1 OOS
2026-09-10T02:34:31+00:00 RUN_END x1 OOS net=116586.0 dd%=3.2248 trades=470 159.0s
2026-09-10T02:34:31+00:00 RUN_START x1 OOS
2026-09-10T02:37:11+00:00 RUN_END x1 OOS net=116586.0 dd%=3.2248 trades=470 159.2s
2026-09-10T02:37:11+00:00 RUN_START x1 OOS
2026-09-10T02:39:50+00:00 RUN_END x1 OOS net=132487.0 dd%=5.5547 trades=470 159.0s
2026-09-10T02:39:50+00:00 RUN_START x1 OOS
2026-09-10T02:42:29+00:00 RUN_END x1 OOS net=132487.0 dd%=5.5547 trades=470 159.0s
2026-09-10T02:42:29+00:00 RUN_START x1 OOS
2026-09-10T02:45:08+00:00 RUN_END x1 OOS net=215787.0 dd%=11.4665 trades=470 159.0s
2026-09-10T02:45:08+00:00 RUN_START x2 OOS
2026-09-10T02:47:47+00:00 RUN_END x2 OOS net=158175.0 dd%=5.5934 trades=470 159.0s
2026-09-10T02:47:47+00:00 RUN_START x3 OOS
2026-09-10T02:50:26+00:00 RUN_END x3 OOS net=200448.0 dd%=7.7811 trades=470 159.0s
2026-09-10T02:50:26+00:00 RUN_START x2 OOS
2026-09-10T02:53:05+00:00 RUN_END x2 OOS net=185802.0 dd%=6.1622 trades=470 159.1s
2026-09-10T02:53:05+00:00 RUN_START x3 OOS
2026-09-10T02:55:44+00:00 RUN_END x3 OOS net=230618.0 dd%=7.9534 trades=470 159.0s
2026-09-10T02:55:44+00:00 RUN_START x1 OOS
2026-09-10T02:58:23+00:00 RUN_END x1 OOS net=139583.0 dd%=5.8108 trades=470 158.9s
2026-09-10T02:58:23+00:00 RUN_START x1 OOS
2026-09-10T03:01:02+00:00 RUN_END x1 OOS net=190226.0 dd%=5.8427 trades=470 159.0s
2026-09-10T03:01:02+00:00 RUN_START x1 OOS
2026-09-10T03:03:41+00:00 RUN_END x1 OOS net=139583.0 dd%=5.8108 trades=470 159.0s
2026-09-10T03:03:41+00:00 RUN_START x1 OOS
2026-09-10T03:06:20+00:00 RUN_END x1 OOS net=190226.0 dd%=5.8427 trades=470 159.3s
2026-09-10T03:06:20+00:00 RUN_START x1 OOS
2026-09-10T03:09:41+00:00 RUN_END x1 OOS net=139583.0 dd%=5.8108 trades=470 201.0s
2026-09-10T03:09:41+00:00 RUN_START x1 OOS
2026-09-10T03:12:20+00:00 RUN_END x1 OOS net=190226.0 dd%=5.8427 trades=470 159.0s
2026-09-10T03:12:20+00:00 RUN_START x1 OOS
2026-09-10T03:14:59+00:00 RUN_END x1 OOS net=100776.0 dd%=3.0652 trades=470 159.0s
2026-09-10T03:14:59+00:00 RUN_START x1 OOS
2026-09-10T03:17:38+00:00 RUN_END x1 OOS net=122317.0 dd%=4.5403 trades=470 159.0s
2026-09-10T03:17:38+00:00 RUN_START x1 OOS
2026-09-10T03:20:17+00:00 RUN_END x1 OOS net=118935.0 dd%=2.9946 trades=470 158.9s
2026-09-10T03:20:17+00:00 RUN_START x1 OOS
2026-09-10T03:22:56+00:00 RUN_END x1 OOS net=118935.0 dd%=2.9946 trades=470 159.0s
2026-09-10T03:22:56+00:00 RUN_START x1 OOS
2026-09-10T03:25:35+00:00 RUN_END x1 OOS net=118935.0 dd%=2.9946 trades=470 159.0s
2026-09-10T03:25:35+00:00 RUN_START x1 OOS
2026-09-10T03:28:14+00:00 RUN_END x1 OOS net=118527.0 dd%=2.9965 trades=470 159.0s
2026-09-10T03:28:14+00:00 RUN_START x1 OOS
2026-09-10T03:30:53+00:00 RUN_END x1 OOS net=114905.0 dd%=4.3469 trades=470 159.0s
2026-09-10T03:30:53+00:00 RUN_START x1 OOS
2026-09-10T03:33:32+00:00 RUN_END x1 OOS net=114497.0 dd%=4.4264 trades=470 159.0s
2026-09-10T03:33:32+00:00 RUN_START x1 OOS
2026-09-10T03:36:11+00:00 RUN_END x1 OOS net=128119.0 dd%=3.34 trades=470 159.0s
2026-09-10T03:36:11+00:00 RUN_START x1 OOS
2026-09-10T03:38:50+00:00 RUN_END x1 OOS net=145225.0 dd%=6.4542 trades=470 159.0s
2026-09-10T03:38:50+00:00 RUN_START x1 OOS
2026-09-10T03:41:29+00:00 RUN_END x1 OOS net=158026.0 dd%=6.7116 trades=470 159.0s
2026-09-10T03:41:29+00:00 RUN_START x1 OOS
2026-09-10T03:44:08+00:00 RUN_END x1 OOS net=99493.0 dd%=3.8693 trades=470 159.0s
2026-09-10T03:44:08+00:00 RUN_START x1 OOS
2026-09-10T03:46:47+00:00 RUN_END x1 OOS net=136765.0 dd%=4.9335 trades=470 159.0s
2026-09-10T03:46:47+00:00 GOLDCOMP_END -> C:\Users\f\source\repos\mt5_backtester\ml\goldcomp1\results.csv
2026-09-10T15:14:27+00:00 HIGHMULT_START EA_SHA 98d735cabbc58164 mults=[6, 8, 10, 12, 16]
2026-09-10T15:15:11+00:00 HIGHMULT_START EA_SHA 98d735cabbc58164 mults=[6, 8, 10, 12, 16]
2026-09-10T15:15:11+00:00 RUN_START x6 FULL
