2026-09-08T22:39:19+00:00 EA_SHA 384fc7d98ca5cb24
2026-09-08T22:39:19+00:00 FXCOMP_START jobs=48 done=0
2026-09-08T22:39:19+00:00 RUN_START x1 FULL
2026-09-08T22:49:54+00:00 RUN_END x1 FULL net=379084.0 dd%=5.5891 trades=2969 635.2s
2026-09-08T22:49:54+00:00 RUN_START x1 FULL
2026-09-08T23:00:34+00:00 RUN_END x1 FULL net=242908.0 dd%=3.4877 trades=2969 639.4s
2026-09-08T23:00:34+00:00 RUN_START x2 FULL
2026-09-08T23:11:19+00:00 RUN_END x2 FULL net=823045.0 dd%=9.7961 trades=2969 645.5s
2026-09-08T23:11:19+00:00 RUN_START x2 FULL
2026-09-08T23:22:10+00:00 RUN_END x2 FULL net=562293.0 dd%=6.9934 trades=2969 650.5s
2026-09-08T23:22:10+00:00 RUN_START x3 FULL
2026-09-08T23:33:10+00:00 RUN_END x3 FULL net=1267215.0 dd%=13.9776 trades=2969 660.5s
2026-09-08T23:33:10+00:00 RUN_START x3 FULL
2026-09-08T23:43:56+00:00 RUN_END x3 FULL net=880443.0 dd%=9.7452 trades=2969 645.5s
2026-09-08T23:43:56+00:00 RUN_START x1 FULL
2026-09-08T23:55:01+00:00 RUN_END x1 FULL net=6273803.0 dd%=21.3591 trades=2969 665.7s
2026-09-08T23:55:01+00:00 RUN_START x1 FULL
2026-09-09T00:06:32+00:00 RUN_END x1 FULL net=3125773.0 dd%=18.8184 trades=2969 690.7s
2026-09-09T00:06:32+00:00 RUN_START x2 FULL
2026-09-09T00:18:08+00:00 RUN_END x2 FULL net=37108479.0 dd%=39.8396 trades=2969 695.7s
2026-09-09T00:18:08+00:00 RUN_START x2 FULL
2026-09-09T00:29:34+00:00 RUN_END x2 FULL net=16723515.0 dd%=35.4417 trades=2969 685.7s
2026-09-09T00:29:34+00:00 RUN_START x3 FULL
2026-09-09T00:40:49+00:00 RUN_END x3 FULL net=125853829.0 dd%=56.9873 trades=2969 675.6s
2026-09-09T00:40:49+00:00 RUN_START x3 FULL
2026-09-09T00:52:00+00:00 RUN_END x3 FULL net=57970965.0 dd%=50.9705 trades=2969 670.6s
2026-09-09T00:52:00+00:00 RUN_START x1 FULL
2026-09-09T01:03:50+00:00 RUN_END x1 FULL net=925988.0 dd%=10.6802 trades=2969 710.7s
2026-09-09T01:03:50+00:00 RUN_START x1 FULL
2026-09-09T01:15:26+00:00 RUN_END x1 FULL net=645052.0 dd%=8.7941 trades=2969 695.8s
2026-09-09T01:15:26+00:00 RUN_START x2 FULL
2026-09-09T01:26:42+00:00 RUN_END x2 FULL net=1897451.0 dd%=19.8057 trades=2969 675.7s
2026-09-09T01:26:42+00:00 RUN_START x2 FULL
2026-09-09T01:37:48+00:00 RUN_END x2 FULL net=1307474.0 dd%=15.8275 trades=2969 665.6s
2026-09-09T01:37:48+00:00 RUN_START x3 FULL
2026-09-09T01:48:58+00:00 RUN_END x3 FULL net=2837670.0 dd%=27.0308 trades=2969 670.6s
2026-09-09T01:48:58+00:00 RUN_START x3 FULL
2026-09-09T02:00:09+00:00 RUN_END x3 FULL net=1978061.0 dd%=21.9565 trades=2969 670.9s
2026-09-09T02:00:09+00:00 RUN_START x1 FULL
2026-09-09T02:16:03+00:00 RUN_END x1 FULL net=1693237.0 dd%=19.3869 trades=2969 953.5s
2026-09-09T02:16:03+00:00 RUN_START x1 FULL
2026-09-09T02:27:51+00:00 RUN_END x1 FULL net=1155604.0 dd%=16.8925 trades=2969 708.4s
2026-09-09T02:27:51+00:00 RUN_START x2 FULL
2026-09-09T02:38:47+00:00 RUN_END x2 FULL net=3402938.0 dd%=34.1968 trades=2969 655.7s
2026-09-09T02:38:47+00:00 RUN_START x2 FULL
2026-09-09T02:49:37+00:00 RUN_END x2 FULL net=2378681.0 dd%=30.4701 trades=2969 650.5s
2026-09-09T02:49:37+00:00 RUN_START x3 FULL
2026-09-09T03:00:23+00:00 RUN_END x3 FULL net=5103757.0 dd%=45.462 trades=2969 645.5s
2026-09-09T03:00:23+00:00 RUN_START x3 FULL
2026-09-09T03:11:13+00:00 RUN_END x3 FULL net=3553171.0 dd%=41.7266 trades=2969 650.6s
2026-09-09T03:11:13+00:00 RUN_START x1 OOS
2026-09-09T03:15:23+00:00 RUN_END x1 OOS net=119537.0 dd%=5.2473 trades=1375 249.7s
2026-09-09T03:15:23+00:00 RUN_START x1 OOS
2026-09-09T03:19:28+00:00 RUN_END x1 OOS net=72288.0 dd%=3.4877 trades=1375 244.7s
2026-09-09T03:19:28+00:00 RUN_START x2 OOS
2026-09-09T03:23:37+00:00 RUN_END x2 OOS net=253588.0 dd%=9.7961 trades=1375 249.6s
2026-09-09T03:23:37+00:00 RUN_START x2 OOS
2026-09-09T03:27:42+00:00 RUN_END x2 OOS net=174798.0 dd%=5.5384 trades=1375 244.6s
2026-09-09T03:27:42+00:00 RUN_START x3 OOS
2026-09-09T03:31:52+00:00 RUN_END x3 OOS net=379833.0 dd%=13.9776 trades=1375 249.6s
2026-09-09T03:31:52+00:00 RUN_START x3 OOS
2026-09-09T03:35:56+00:00 RUN_END x3 OOS net=268904.0 dd%=7.9903 trades=1375 244.6s
2026-09-09T03:35:56+00:00 RUN_START x1 OOS
2026-09-09T03:40:06+00:00 RUN_END x1 OOS net=519300.0 dd%=20.8649 trades=1375 249.6s
2026-09-09T03:40:06+00:00 RUN_START x1 OOS
2026-09-09T03:44:10+00:00 RUN_END x1 OOS net=344070.0 dd%=18.8184 trades=1375 244.5s
2026-09-09T03:44:10+00:00 RUN_START x2 OOS
2026-09-09T03:48:20+00:00 RUN_END x2 OOS net=1100311.0 dd%=38.5266 trades=1375 249.5s
2026-09-09T03:48:20+00:00 RUN_START x2 OOS
2026-09-09T03:52:24+00:00 RUN_END x2 OOS net=817253.0 dd%=35.4417 trades=1375 244.5s
2026-09-09T03:52:24+00:00 RUN_START x3 OOS
2026-09-09T03:56:34+00:00 RUN_END x3 OOS net=1681595.0 dd%=56.9873 trades=1375 249.6s
2026-09-09T03:56:34+00:00 RUN_START x3 OOS
2026-09-09T04:00:39+00:00 RUN_END x3 OOS net=1323552.0 dd%=50.9705 trades=1375 244.6s
2026-09-09T04:00:39+00:00 RUN_START x1 OOS
2026-09-09T04:04:48+00:00 RUN_END x1 OOS net=252657.0 dd%=10.6802 trades=1375 249.7s
2026-09-09T04:04:48+00:00 RUN_START x1 OOS
2026-09-09T04:08:53+00:00 RUN_END x1 OOS net=168837.0 dd%=8.7941 trades=1375 244.7s
2026-09-09T04:08:53+00:00 RUN_START x2 OOS
2026-09-09T04:13:03+00:00 RUN_END x2 OOS net=520258.0 dd%=19.8057 trades=1375 249.6s
2026-09-09T04:13:03+00:00 RUN_START x2 OOS
2026-09-09T04:17:12+00:00 RUN_END x2 OOS net=357730.0 dd%=15.8275 trades=1375 249.6s
2026-09-09T04:17:12+00:00 RUN_START x3 OOS
2026-09-09T04:21:17+00:00 RUN_END x3 OOS net=782462.0 dd%=27.0308 trades=1375 244.6s
2026-09-09T04:21:17+00:00 RUN_START x3 OOS
2026-09-09T04:25:32+00:00 RUN_END x3 OOS net=551699.0 dd%=21.9565 trades=1375 254.6s
2026-09-09T04:25:32+00:00 RUN_START x1 OOS
2026-09-09T04:29:41+00:00 RUN_END x1 OOS net=449457.0 dd%=19.3869 trades=1375 249.6s
2026-09-09T04:29:41+00:00 RUN_START x1 OOS
2026-09-09T04:33:51+00:00 RUN_END x1 OOS net=300246.0 dd%=16.8925 trades=1375 249.6s
2026-09-09T04:33:51+00:00 RUN_START x2 OOS
2026-09-09T04:37:55+00:00 RUN_END x2 OOS net=909606.0 dd%=34.1968 trades=1375 244.6s
2026-09-09T04:37:55+00:00 RUN_START x2 OOS
2026-09-09T04:42:00+00:00 RUN_END x2 OOS net=637365.0 dd%=30.4701 trades=1375 244.6s
2026-09-09T04:42:00+00:00 RUN_START x3 OOS
2026-09-09T04:46:10+00:00 RUN_END x3 OOS net=1364094.0 dd%=45.462 trades=1375 249.6s
2026-09-09T04:46:10+00:00 RUN_START x3 OOS
2026-09-09T04:50:14+00:00 RUN_END x3 OOS net=958227.0 dd%=41.7266 trades=1375 244.6s
2026-09-09T04:50:14+00:00 FXCOMP_END -> C:\Users\f\source\repos\mt5_backtester\ml\fxcomp1\results.csv
