2026-09-19T08:42:36+00:00 FXQUALEXEC_START jobs=12 複利構成は建てられるのか（証拠金cap）
2026-09-19T08:42:36+00:00 RUN_START E000 OOS cap=0
2026-09-19T08:46:11+00:00 RUN_END E000 OOS net=1431459.0 dd%=23.4491 trades=1188 214.3s
2026-09-19T08:46:11+00:00 RUN_START E000 IS cap=0
2026-09-19T08:50:00+00:00 RUN_END E000 IS net=4845523.0 dd%=38.8724 trades=1452 229.3s
2026-09-19T08:50:00+00:00 RUN_START E001 OOS cap=100
2026-09-19T08:53:35+00:00 RUN_END E001 OOS net=1431459.0 dd%=23.4491 trades=1188 214.5s
2026-09-19T08:53:35+00:00 RUN_START E001 IS cap=100
2026-09-19T08:57:29+00:00 RUN_END E001 IS net=4981936.0 dd%=38.8724 trades=1453 234.3s
2026-09-19T08:57:29+00:00 RUN_START E002 OOS cap=90
2026-09-19T09:00:58+00:00 RUN_END E002 OOS net=1431459.0 dd%=23.4491 trades=1188 209.5s
2026-09-19T09:00:58+00:00 RUN_START E002 IS cap=90
2026-09-19T09:04:53+00:00 RUN_END E002 IS net=4966997.0 dd%=38.8724 trades=1453 234.8s
2026-09-19T09:04:53+00:00 RUN_START E003 OOS cap=0
2026-09-19T09:08:28+00:00 RUN_END E003 OOS net=2691973.0 dd%=49.2424 trades=1164 214.8s
2026-09-19T09:08:28+00:00 RUN_START E003 IS cap=0
2026-09-19T09:12:28+00:00 RUN_END E003 IS net=34681603.0 dd%=66.4011 trades=1413 239.8s
2026-09-19T09:12:28+00:00 RUN_START E004 OOS cap=100
2026-09-19T09:16:02+00:00 RUN_END E004 OOS net=3640535.0 dd%=47.6429 trades=1186 214.5s
2026-09-19T09:16:02+00:00 RUN_START E004 IS cap=100
2026-09-19T09:19:52+00:00 RUN_END E004 IS net=30259346.0 dd%=66.9047 trades=1451 229.8s
2026-09-19T09:19:52+00:00 RUN_START E005 OOS cap=90
2026-09-19T09:23:32+00:00 RUN_END E005 OOS net=3491431.0 dd%=46.2959 trades=1186 219.5s
2026-09-19T09:23:32+00:00 RUN_START E005 IS cap=90
2026-09-19T09:27:26+00:00 RUN_END E005 IS net=30121151.0 dd%=66.5763 trades=1449 234.3s
2026-09-19T09:27:26+00:00 FXQUALEXEC_END -> C:\Users\f\source\repos\mt5_backtester\ml\fxqualexec\results.csv
