2026-09-06T13:24:27+00:00 EA_SHA d895765e128d9635
2026-09-06T13:24:27+00:00 MULT_START jobs=10
2026-09-06T13:24:27+00:00 RUN_START OFF x1 IS
2026-09-06T13:29:12+00:00 RUN_END OFF x1 IS net=487081.0 dd%=5.2386 284.6s
2026-09-06T13:29:12+00:00 RUN_START ON x1 IS
2026-09-06T13:33:51+00:00 RUN_END ON x1 IS net=685273.0 dd%=5.2183 279.6s
2026-09-06T13:33:51+00:00 RUN_START OFF x1 OOS
2026-09-06T13:36:26+00:00 RUN_END OFF x1 OOS net=98202.0 dd%=3.094 154.7s
2026-09-06T13:36:26+00:00 RUN_START ON x1 OOS
2026-09-06T13:39:10+00:00 RUN_END ON x1 OOS net=142270.0 dd%=3.0801 164.3s
2026-09-06T13:39:10+00:00 RUN_START OFF x1 FULL
2026-09-06T13:47:20+00:00 RUN_END OFF x1 FULL net=585283.0 dd%=4.5179 490.0s
2026-09-06T13:47:20+00:00 RUN_START ON x1 FULL
2026-09-06T13:55:25+00:00 RUN_END ON x1 FULL net=827543.0 dd%=4.302 485.2s
2026-09-06T13:55:25+00:00 RUN_START ON x4 IS
2026-09-06T14:00:00+00:00 RUN_END ON x4 IS net=2741177.0 dd%=11.8992 274.8s
2026-09-06T14:00:00+00:00 RUN_START OFF x4 IS
2026-09-06T14:04:19+00:00 RUN_END OFF x4 IS net=1948411.0 dd%=13.4054 259.4s
2026-09-06T14:04:19+00:00 RUN_START ON x8 IS
2026-09-06T14:08:49+00:00 RUN_END ON x8 IS net=5482351.0 dd%=17.5048 269.2s
2026-09-06T14:08:49+00:00 RUN_START OFF x8 IS
2026-09-06T14:13:08+00:00 RUN_END OFF x8 IS net=3896807.0 dd%=18.11 259.4s
2026-09-06T14:13:08+00:00 MULT_END rows=10 ok=10 -> C:\Users\f\source\repos\mt5_backtester\ml\mult1\results.csv
2026-09-06T14:14:45+00:00 EA_SHA d895765e128d9635
2026-09-06T14:14:45+00:00 RUN_START SCA2ONLY x1 IS
2026-09-06T14:19:10+00:00 RUN_END SCA2ONLY x1 IS net=610318.0 dd%=5.4575 264.2s
2026-09-06T14:19:10+00:00 RUN_START SCA2ONLY x1 OOS
2026-09-06T14:21:43+00:00 RUN_END SCA2ONLY x1 OOS net=118935.0 dd%=2.9946 153.9s
2026-09-06T14:21:43+00:00 RUN_START SCA2ONLY x1 FULL
2026-09-06T14:29:43+00:00 RUN_END SCA2ONLY x1 FULL net=729253.0 dd%=4.5951 479.7s
2026-09-06T14:29:43+00:00 SCA2ONLY_END rows=3 -> C:\Users\f\source\repos\mt5_backtester\ml\mult1\results_sca2only.csv
