2026-09-19T14:16:08+00:00 FXQUAL15_START jobs=16 T001 の台地・合成・FULL
2026-09-19T14:16:08+00:00 RUN_START W000 OOS cap=0
2026-09-19T14:20:31+00:00 RUN_END W000 OOS net=1431459.0 dd%=23.4491 trades=1188 263.0s
2026-09-19T14:20:31+00:00 RUN_START W001 OOS cap=0
2026-09-19T14:24:54+00:00 RUN_END W001 OOS net=1442852.0 dd%=22.8064 trades=1184 263.0s
2026-09-19T14:24:54+00:00 RUN_START W002 OOS cap=0
2026-09-19T14:29:12+00:00 RUN_END W002 OOS net=1357092.0 dd%=22.6764 trades=1185 258.0s
2026-09-19T14:29:12+00:00 RUN_START W003 OOS cap=0
2026-09-19T14:33:30+00:00 RUN_END W003 OOS net=1338604.0 dd%=24.2937 trades=1184 257.9s
2026-09-19T14:33:30+00:00 RUN_START W004 OOS cap=0
2026-09-19T14:38:08+00:00 RUN_END W004 OOS net=1348578.0 dd%=23.2302 trades=1183 278.0s
2026-09-19T14:38:08+00:00 RUN_START W005 OOS cap=0
2026-09-19T14:42:46+00:00 RUN_END W005 OOS net=1544482.0 dd%=23.969 trades=1184 278.1s
2026-09-19T14:42:46+00:00 RUN_START W000 IS cap=0
2026-09-19T14:47:34+00:00 RUN_END W000 IS net=4845523.0 dd%=38.8724 trades=1452 288.1s
2026-09-19T14:47:34+00:00 RUN_START W001 IS cap=0
2026-09-19T14:52:22+00:00 RUN_END W001 IS net=4890581.0 dd%=38.1788 trades=1437 288.2s
2026-09-19T14:52:22+00:00 RUN_START W002 IS cap=0
2026-09-19T14:57:15+00:00 RUN_END W002 IS net=4718148.0 dd%=38.821 trades=1439 293.1s
2026-09-19T14:57:15+00:00 RUN_START W003 IS cap=0
2026-09-19T15:02:09+00:00 RUN_END W003 IS net=4711494.0 dd%=39.1044 trades=1435 293.8s
2026-09-19T15:02:09+00:00 RUN_START W004 IS cap=0
2026-09-19T15:07:16+00:00 RUN_END W004 IS net=4562973.0 dd%=38.9455 trades=1432 306.9s
2026-09-19T15:07:16+00:00 RUN_START W005 IS cap=0
2026-09-19T15:11:56+00:00 RUN_END W005 IS net=4873585.0 dd%=36.9623 trades=1432 280.1s
2026-09-19T15:11:56+00:00 RUN_START W000 FULL cap=0
2026-09-19T15:22:17+00:00 RUN_END W000 FULL net=24494636.0 dd%=33.3206 trades=2640 620.3s
2026-09-19T15:22:17+00:00 RUN_START W001 FULL cap=0
2026-09-19T15:33:03+00:00 RUN_END W001 FULL net=24646370.0 dd%=32.0759 trades=2621 646.5s
2026-09-19T15:33:03+00:00 RUN_START W005 FULL cap=0
2026-09-19T15:44:56+00:00 RUN_END W005 FULL net=25142006.0 dd%=32.0527 trades=2616 713.2s
2026-09-19T15:44:56+00:00 RUN_START W006 FULL cap=0
2026-09-19T15:55:57+00:00 RUN_END W006 FULL net=24288003.0 dd%=32.3029 trades=2635 660.9s
2026-09-19T15:55:57+00:00 FXQUAL15_END -> C:\Users\f\source\repos\mt5_backtester\ml\fxqual15\results.csv
