2026-09-19T00:47:29+00:00 FXQUALCFM_START jobs=24 採用候補2件を FULL窓と複利サイジングで確認
2026-09-19T00:47:29+00:00 RUN_START F000 OOS cap=0
2026-09-19T00:51:08+00:00 RUN_END F000 OOS net=117843.0 dd%=5.2719 trades=1375 219.0s
2026-09-19T00:51:08+00:00 RUN_START F000 IS cap=0
2026-09-19T00:55:07+00:00 RUN_END F000 IS net=255445.0 dd%=7.3544 trades=1595 239.0s
2026-09-19T00:55:07+00:00 RUN_START F000 FULL cap=0
2026-09-19T01:04:57+00:00 RUN_END F000 FULL net=375014.0 dd%=5.6159 trades=2969 590.3s
2026-09-19T01:04:57+00:00 RUN_START F001 OOS cap=0
2026-09-19T01:09:07+00:00 RUN_END F001 OOS net=127409.0 dd%=4.7691 trades=1351 249.7s
2026-09-19T01:09:07+00:00 RUN_START F001 IS cap=0
2026-09-19T01:13:06+00:00 RUN_END F001 IS net=264954.0 dd%=6.7426 trades=1567 239.0s
2026-09-19T01:13:06+00:00 RUN_START F001 FULL cap=0
2026-09-19T01:22:56+00:00 RUN_END F001 FULL net=393528.0 dd%=5.1143 trades=2918 590.3s
2026-09-19T01:22:56+00:00 RUN_START F002 OOS cap=0
2026-09-19T01:26:40+00:00 RUN_END F002 OOS net=989367.0 dd%=34.3095 trades=1375 224.5s
2026-09-19T01:26:40+00:00 RUN_START F002 IS cap=0
2026-09-19T01:30:35+00:00 RUN_END F002 IS net=4069801.0 dd%=43.3907 trades=1593 234.2s
2026-09-19T01:30:35+00:00 RUN_START F002 FULL cap=0
2026-09-19T01:40:30+00:00 RUN_END F002 FULL net=15623082.0 dd%=36.9073 trades=2967 595.3s
2026-09-19T01:40:30+00:00 RUN_START F003 OOS cap=0
2026-09-19T01:44:15+00:00 RUN_END F003 OOS net=1281090.0 dd%=28.4727 trades=1351 225.1s
2026-09-19T01:44:15+00:00 RUN_START F003 IS cap=0
2026-09-19T01:48:20+00:00 RUN_END F003 IS net=4436392.0 dd%=42.5509 trades=1566 244.7s
2026-09-19T01:48:20+00:00 RUN_START F003 FULL cap=0
2026-09-19T01:58:15+00:00 RUN_END F003 FULL net=21163762.0 dd%=35.3903 trades=2917 595.5s
2026-09-19T01:58:15+00:00 RUN_START F004 OOS cap=0
2026-09-19T02:02:00+00:00 RUN_END F004 OOS net=1945701.0 dd%=58.4201 trades=1338 224.6s
2026-09-19T02:02:00+00:00 RUN_START F004 IS cap=0
2026-09-19T02:05:54+00:00 RUN_END F004 IS net=17044733.0 dd%=72.7129 trades=1533 234.2s
2026-09-19T02:05:54+00:00 RUN_START F004 FULL cap=0
2026-09-19T02:15:55+00:00 RUN_END F004 FULL net=142306072.0 dd%=62.029 trades=2871 600.6s
2026-09-19T02:15:55+00:00 RUN_START F005 OOS cap=0
2026-09-19T02:20:21+00:00 RUN_END F005 OOS net=2545793.0 dd%=51.4727 trades=1315 266.3s
2026-09-19T02:20:21+00:00 RUN_START F005 IS cap=0
2026-09-19T02:24:15+00:00 RUN_END F005 IS net=32203251.0 dd%=71.583 trades=1516 234.3s
2026-09-19T02:24:15+00:00 RUN_START F005 FULL cap=0
2026-09-19T02:34:01+00:00 RUN_END F005 FULL net=215074987.0 dd%=61.0213 trades=2846 585.5s
2026-09-19T02:34:01+00:00 RUN_START F006 OOS cap=0
2026-09-19T02:37:40+00:00 RUN_END F006 OOS net=121841.0 dd%=4.8358 trades=1160 219.5s
2026-09-19T02:37:40+00:00 RUN_START F006 IS cap=0
2026-09-19T02:41:35+00:00 RUN_END F006 IS net=258710.0 dd%=6.6904 trades=1436 234.2s
2026-09-19T02:41:35+00:00 RUN_START F006 FULL cap=0
2026-09-19T02:51:20+00:00 RUN_END F006 FULL net=382279.0 dd%=5.7471 trades=2595 585.5s
2026-09-19T02:51:20+00:00 RUN_START F007 OOS cap=0
2026-09-19T02:55:05+00:00 RUN_END F007 OOS net=131420.0 dd%=4.336 trades=1136 224.4s
2026-09-19T02:55:05+00:00 RUN_START F007 IS cap=0
2026-09-19T02:58:59+00:00 RUN_END F007 IS net=268202.0 dd%=6.1104 trades=1408 234.0s
2026-09-19T02:58:59+00:00 RUN_START F007 FULL cap=0
2026-09-19T03:08:54+00:00 RUN_END F007 FULL net=400791.0 dd%=5.2006 trades=2544 595.6s
2026-09-19T03:08:54+00:00 FXQUALCFM_END -> C:\Users\f\source\repos\mt5_backtester\ml\fxqualcfm\results.csv
