2026-09-05T21:48:55+00:00 EA_SHA d895765e128d9635 152922bytes
2026-09-05T21:48:55+00:00 MEASURE_START proposals=47 remaining=94 done=0
2026-09-05T21:48:55+00:00 RUN_START S4001 IS [U1_window]
2026-09-05T21:50:34+00:00 RUN_END S4001 IS net=599296.0 dd=4.5585 sca2_n=91 sca2_net=123237 sca3_n=121 sca3_net=74955 sca4_n=15 sca4_net=25044 98.7s
2026-09-05T21:50:34+00:00 RUN_START S4002 IS [U1_window]
2026-09-05T21:52:12+00:00 RUN_END S4002 IS net=588680.0 dd=4.6842 sca2_n=91 sca2_net=123237 sca3_n=121 sca3_net=74955 sca4_n=38 sca4_net=14428 98.7s
2026-09-05T21:52:12+00:00 RUN_START S4003 IS [U1_window]
2026-09-05T21:53:46+00:00 RUN_END S4003 IS net=644299.0 dd=6.4546 sca2_n=91 sca2_net=123237 sca3_n=121 sca3_net=74955 sca4_n=74 sca4_net=70047 93.7s
2026-09-05T21:53:46+00:00 RUN_START S4004 IS [U1_window]
2026-09-05T21:55:25+00:00 RUN_END S4004 IS net=528018.0 dd=8.3851 sca2_n=91 sca2_net=123237 sca3_n=121 sca3_net=74955 sca4_n=202 sca4_net=-46234 98.7s
2026-09-05T21:55:25+00:00 RUN_START S4005 IS [U1_window]
2026-09-05T21:57:03+00:00 RUN_END S4005 IS net=559341.0 dd=7.3787 sca2_n=91 sca2_net=123237 sca3_n=121 sca3_net=74955 sca4_n=308 sca4_net=-14911 98.7s
2026-09-05T21:57:03+00:00 RUN_START S4006 IS [U1_window]
2026-09-05T21:58:42+00:00 RUN_END S4006 IS net=580438.0 dd=7.1531 sca2_n=91 sca2_net=123237 sca3_n=121 sca3_net=74955 sca4_n=229 sca4_net=6186 98.6s
2026-09-05T21:58:42+00:00 RUN_START S4007 IS [U1_window]
2026-09-05T22:00:21+00:00 RUN_END S4007 IS net=532765.0 dd=5.6598 sca2_n=91 sca2_net=123237 sca3_n=121 sca3_net=74955 sca4_n=192 sca4_net=-41487 98.6s
2026-09-05T22:00:21+00:00 RUN_START S4008 IS [U1_window]
2026-09-05T22:01:59+00:00 RUN_END S4008 IS net=592441.0 dd=7.0794 sca2_n=91 sca2_net=123237 sca3_n=121 sca3_net=74955 sca4_n=226 sca4_net=18189 98.7s
2026-09-05T22:01:59+00:00 RUN_START S4009 IS [U1_window]
2026-09-05T22:03:38+00:00 RUN_END S4009 IS net=570730.0 dd=6.0701 sca2_n=91 sca2_net=123237 sca3_n=121 sca3_net=74955 sca4_n=127 sca4_net=-3522 98.7s
2026-09-05T22:03:38+00:00 RUN_START S4010 IS [U1_window]
2026-09-05T22:05:12+00:00 RUN_END S4010 IS net=648112.0 dd=6.7544 sca2_n=91 sca2_net=123237 sca3_n=121 sca3_net=74955 sca4_n=110 sca4_net=73860 93.7s
2026-09-05T22:05:12+00:00 RUN_START S4011 IS [U1_window]
2026-09-05T22:06:50+00:00 RUN_END S4011 IS net=591191.0 dd=5.9955 sca2_n=91 sca2_net=123237 sca3_n=121 sca3_net=74955 sca4_n=95 sca4_net=16939 98.8s
2026-09-05T22:06:50+00:00 RUN_START S4012 IS [U1_window]
2026-09-05T22:07:00+00:00 RUN_END S4012 IS net=None dd=None sca2_n=None sca2_net=None sca3_n=None sca3_net=None sca4_n=None sca4_net=None 9.5s
2026-09-05T22:07:00+00:00 RUN_START S4013 IS [U1_window]
2026-09-05T22:07:24+00:00 RUN_END S4013 IS net=None dd=None sca2_n=None sca2_net=None sca3_n=None sca3_net=None sca4_n=None sca4_net=None 24.4s
2026-09-05T22:07:24+00:00 RUN_START S4014 IS [U1_window]
2026-09-05T22:07:49+00:00 RUN_END S4014 IS net=None dd=None sca2_n=None sca2_net=None sca3_n=None sca3_net=None sca4_n=None sca4_net=None 24.4s
2026-09-05T22:07:49+00:00 RUN_START S4015 IS [U1_window]
2026-09-05T22:08:13+00:00 RUN_END S4015 IS net=None dd=None sca2_n=None sca2_net=None sca3_n=None sca3_net=None sca4_n=None sca4_net=None 24.4s
2026-09-05T22:08:13+00:00 RUN_START S4016 IS [U1_window]
2026-09-05T22:08:38+00:00 RUN_END S4016 IS net=None dd=None sca2_n=None sca2_net=None sca3_n=None sca3_net=None sca4_n=None sca4_net=None 24.4s
2026-09-05T22:08:38+00:00 RUN_START S4017 IS [U1_window]
2026-09-05T22:09:02+00:00 RUN_END S4017 IS net=None dd=None sca2_n=None sca2_net=None sca3_n=None sca3_net=None sca4_n=None sca4_net=None 24.5s
2026-09-05T22:09:02+00:00 RUN_START S4018 IS [U1_window]
2026-09-05T22:10:41+00:00 RUN_END S4018 IS net=664090.0 dd=4.086 sca2_n=91 sca2_net=123237 sca3_n=121 sca3_net=74955 sca4_n=46 sca4_net=78859 98.8s
2026-09-05T22:10:41+00:00 RUN_START S4019 IS [U1_window]
2026-09-05T22:12:15+00:00 RUN_END S4019 IS net=546241.0 dd=5.2289 sca2_n=91 sca2_net=123237 sca3_n=121 sca3_net=74955 sca4_n=9 sca4_net=-28011 93.7s
2026-09-05T22:12:15+00:00 RUN_START S4020 IS [U1_window]
2026-09-05T22:13:48+00:00 RUN_END S4020 IS net=687027.0 dd=4.5853 sca2_n=91 sca2_net=123237 sca3_n=121 sca3_net=74955 sca4_n=29 sca4_net=101796 93.8s
2026-09-05T22:13:48+00:00 RUN_START S4021 IS [U2_trade_end]
2026-09-05T22:15:22+00:00 RUN_END S4021 IS net=585537.0 dd=4.6301 sca2_n=91 sca2_net=123237 sca3_n=121 sca3_net=74955 sca4_n=3 sca4_net=11285 93.8s
2026-09-05T22:15:22+00:00 RUN_START S4022 IS [U2_trade_end]
2026-09-05T22:16:56+00:00 RUN_END S4022 IS net=599915.0 dd=4.5553 sca2_n=91 sca2_net=123237 sca3_n=121 sca3_net=74955 sca4_n=11 sca4_net=25663 93.8s
2026-09-05T22:16:56+00:00 RUN_START S4023 IS [U2_trade_end]
2026-09-05T22:18:30+00:00 RUN_END S4023 IS net=599296.0 dd=4.5585 sca2_n=91 sca2_net=123237 sca3_n=121 sca3_net=74955 sca4_n=15 sca4_net=25044 93.8s
2026-09-05T22:18:30+00:00 RUN_START S4024 IS [U2_trade_end]
2026-09-05T22:20:04+00:00 RUN_END S4024 IS net=599296.0 dd=4.5585 sca2_n=91 sca2_net=123237 sca3_n=121 sca3_net=74955 sca4_n=15 sca4_net=25044 93.9s
2026-09-05T22:20:04+00:00 RUN_START S4025 IS [U2_trade_end]
2026-09-05T22:21:37+00:00 RUN_END S4025 IS net=599296.0 dd=4.5585 sca2_n=91 sca2_net=123237 sca3_n=121 sca3_net=74955 sca4_n=15 sca4_net=25044 93.7s
2026-09-05T22:21:37+00:00 RUN_START S4026 IS [U3_force_close]
2026-09-05T22:23:11+00:00 RUN_END S4026 IS net=585016.0 dd=4.6329 sca2_n=91 sca2_net=123237 sca3_n=121 sca3_net=74955 sca4_n=15 sca4_net=10764 93.8s
2026-09-05T22:23:11+00:00 RUN_START S4027 IS [U3_force_close]
2026-09-05T22:24:45+00:00 RUN_END S4027 IS net=584724.0 dd=4.6344 sca2_n=91 sca2_net=123237 sca3_n=121 sca3_net=74955 sca4_n=15 sca4_net=10472 93.8s
2026-09-05T22:24:45+00:00 RUN_START S4028 IS [U3_force_close]
2026-09-05T22:26:19+00:00 RUN_END S4028 IS net=595149.0 dd=4.5799 sca2_n=91 sca2_net=123237 sca3_n=121 sca3_net=74955 sca4_n=15 sca4_net=20897 93.8s
2026-09-05T22:26:19+00:00 RUN_START S4029 IS [U3_force_close]
2026-09-05T22:27:57+00:00 RUN_END S4029 IS net=577502.0 dd=4.7515 sca2_n=91 sca2_net=123237 sca3_n=121 sca3_net=74955 sca4_n=15 sca4_net=3250 98.8s
2026-09-05T22:27:57+00:00 RUN_START S4030 IS [U4_rr]
2026-09-05T22:29:31+00:00 RUN_END S4030 IS net=605006.0 dd=4.5294 sca2_n=91 sca2_net=123237 sca3_n=121 sca3_net=74955 sca4_n=15 sca4_net=30754 93.7s
2026-09-05T22:29:31+00:00 RUN_START S4031 IS [U4_rr]
2026-09-05T22:31:05+00:00 RUN_END S4031 IS net=608820.0 dd=4.5102 sca2_n=91 sca2_net=123237 sca3_n=121 sca3_net=74955 sca4_n=15 sca4_net=34568 93.8s
2026-09-05T22:31:05+00:00 RUN_START S4032 IS [U4_rr]
2026-09-05T22:32:39+00:00 RUN_END S4032 IS net=600465.0 dd=4.5525 sca2_n=91 sca2_net=123237 sca3_n=121 sca3_net=74955 sca4_n=15 sca4_net=26213 93.8s
2026-09-05T22:32:39+00:00 RUN_START S4033 IS [U4_rr]
2026-09-05T22:34:17+00:00 RUN_END S4033 IS net=601945.0 dd=4.545 sca2_n=91 sca2_net=123237 sca3_n=121 sca3_net=74955 sca4_n=15 sca4_net=27693 98.8s
2026-09-05T22:34:17+00:00 RUN_START S4034 IS [U4_rr]
2026-09-05T22:35:51+00:00 RUN_END S4034 IS net=604137.0 dd=4.5338 sca2_n=91 sca2_net=123237 sca3_n=121 sca3_net=74955 sca4_n=15 sca4_net=29885 93.7s
2026-09-05T22:35:51+00:00 RUN_START S4035 IS [U5_range_filter]
2026-09-05T22:37:30+00:00 RUN_END S4035 IS net=679261.0 dd=8.0101 sca2_n=91 sca2_net=123237 sca3_n=121 sca3_net=74955 sca4_n=319 sca4_net=105009 98.8s
2026-09-05T22:37:30+00:00 RUN_START S4036 IS [U5_range_filter]
2026-09-05T22:39:09+00:00 RUN_END S4036 IS net=688339.0 dd=7.9032 sca2_n=91 sca2_net=123237 sca3_n=121 sca3_net=74955 sca4_n=320 sca4_net=114087 98.8s
2026-09-05T22:39:09+00:00 RUN_START S4037 IS [U5_range_filter]
2026-09-05T22:40:42+00:00 RUN_END S4037 IS net=621398.0 dd=6.4288 sca2_n=91 sca2_net=123237 sca3_n=121 sca3_net=74955 sca4_n=66 sca4_net=47146 93.7s
2026-09-05T22:40:42+00:00 RUN_START S4038 IS [U5_range_filter]
2026-09-05T22:42:16+00:00 RUN_END S4038 IS net=630476.0 dd=6.3637 sca2_n=91 sca2_net=123237 sca3_n=121 sca3_net=74955 sca4_n=67 sca4_net=56224 93.8s
2026-09-05T22:42:16+00:00 RUN_START S4039 IS [U5_range_filter]
2026-09-05T22:43:50+00:00 RUN_END S4039 IS net=604807.0 dd=4.5417 sca2_n=91 sca2_net=123237 sca3_n=121 sca3_net=74955 sca4_n=5 sca4_net=30555 93.8s
2026-09-05T22:43:50+00:00 RUN_START S4040 IS [U5_range_filter]
2026-09-05T22:45:24+00:00 RUN_END S4040 IS net=604807.0 dd=4.5417 sca2_n=91 sca2_net=123237 sca3_n=121 sca3_net=74955 sca4_n=5 sca4_net=30555 93.8s
2026-09-05T22:45:24+00:00 RUN_START S4041 IS [U6_buffer]
2026-09-05T22:46:57+00:00 RUN_END S4041 IS net=604766.0 dd=4.5342 sca2_n=91 sca2_net=123237 sca3_n=121 sca3_net=74955 sca4_n=14 sca4_net=30514 93.7s
2026-09-05T22:46:57+00:00 RUN_START S4042 IS [U6_buffer]
2026-09-05T22:48:31+00:00 RUN_END S4042 IS net=604142.0 dd=4.5389 sca2_n=91 sca2_net=123237 sca3_n=121 sca3_net=74955 sca4_n=14 sca4_net=29890 93.8s
2026-09-05T22:48:31+00:00 RUN_START S4043 IS [U6_buffer]
2026-09-05T22:50:05+00:00 RUN_END S4043 IS net=601259.0 dd=4.5485 sca2_n=91 sca2_net=123237 sca3_n=121 sca3_net=74955 sca4_n=11 sca4_net=27007 93.8s
2026-09-05T22:50:05+00:00 RUN_START S4044 IS [U7_friday_boost]
2026-09-05T22:51:44+00:00 RUN_END S4044 IS net=642657.0 dd=4.5809 sca2_n=91 sca2_net=123237 sca3_n=121 sca3_net=74955 sca4_n=20 sca4_net=68405 98.8s
2026-09-05T22:51:44+00:00 RUN_START S4045 IS [U7_friday_boost]
2026-09-05T22:53:17+00:00 RUN_END S4045 IS net=593334.0 dd=4.5893 sca2_n=91 sca2_net=123237 sca3_n=121 sca3_net=74955 sca4_n=15 sca4_net=19082 93.7s
2026-09-05T22:53:17+00:00 RUN_START S4046 IS [U7_friday_boost]
2026-09-05T22:54:51+00:00 RUN_END S4046 IS net=593334.0 dd=4.5893 sca2_n=91 sca2_net=123237 sca3_n=121 sca3_net=74955 sca4_n=15 sca4_net=19082 93.8s
2026-09-05T22:54:51+00:00 RUN_START S4047 IS [U7_friday_boost]
2026-09-05T22:56:25+00:00 RUN_END S4047 IS net=605254.0 dd=4.6285 sca2_n=91 sca2_net=123237 sca3_n=121 sca3_net=74955 sca4_n=15 sca4_net=31002 93.7s
2026-09-05T22:56:25+00:00 RUN_START S4001 OOS [U1_window]
2026-09-05T22:57:34+00:00 RUN_END S4001 OOS net=128845.0 dd=2.3968 sca2_n=94 sca2_net=20733 sca3_n=126 sca3_net=23335 sca4_n=26 sca4_net=11485 68.7s
2026-09-05T22:57:34+00:00 RUN_START S4002 OOS [U1_window]
2026-09-05T22:58:47+00:00 RUN_END S4002 OOS net=115166.0 dd=2.8247 sca2_n=94 sca2_net=20733 sca3_n=126 sca3_net=23335 sca4_n=36 sca4_net=-2194 73.7s
2026-09-05T22:58:47+00:00 RUN_START S4003 OOS [U1_window]
2026-09-05T22:59:56+00:00 RUN_END S4003 OOS net=98343.0 dd=4.3529 sca2_n=94 sca2_net=20733 sca3_n=126 sca3_net=23335 sca4_n=98 sca4_net=-19017 68.6s
2026-09-05T22:59:56+00:00 RUN_START S4004 OOS [U1_window]
2026-09-05T23:01:10+00:00 RUN_END S4004 OOS net=131404.0 dd=3.0052 sca2_n=94 sca2_net=20733 sca3_n=126 sca3_net=23335 sca4_n=184 sca4_net=14044 73.6s
2026-09-05T23:01:10+00:00 RUN_START S4005 OOS [U1_window]
2026-09-05T23:02:23+00:00 RUN_END S4005 OOS net=97636.0 dd=3.2319 sca2_n=94 sca2_net=20733 sca3_n=126 sca3_net=23335 sca4_n=285 sca4_net=-19724 73.7s
2026-09-05T23:02:23+00:00 RUN_START S4006 OOS [U1_window]
2026-09-05T23:03:37+00:00 RUN_END S4006 OOS net=120141.0 dd=3.3865 sca2_n=94 sca2_net=20733 sca3_n=126 sca3_net=23335 sca4_n=229 sca4_net=2781 73.6s
2026-09-05T23:03:37+00:00 RUN_START S4007 OOS [U1_window]
2026-09-05T23:04:51+00:00 RUN_END S4007 OOS net=103129.0 dd=2.9656 sca2_n=94 sca2_net=20733 sca3_n=126 sca3_net=23335 sca4_n=149 sca4_net=-14231 73.7s
2026-09-05T23:04:51+00:00 RUN_START S4008 OOS [U1_window]
2026-09-05T23:05:59+00:00 RUN_END S4008 OOS net=106955.0 dd=3.0804 sca2_n=94 sca2_net=20733 sca3_n=126 sca3_net=23335 sca4_n=189 sca4_net=-10405 68.7s
2026-09-05T23:05:59+00:00 RUN_START S4009 OOS [U1_window]
2026-09-05T23:07:08+00:00 RUN_END S4009 OOS net=110676.0 dd=3.1392 sca2_n=94 sca2_net=20733 sca3_n=126 sca3_net=23335 sca4_n=118 sca4_net=-6684 68.7s
2026-09-05T23:07:08+00:00 RUN_START S4010 OOS [U1_window]
2026-09-05T23:08:17+00:00 RUN_END S4010 OOS net=114244.0 dd=3.0792 sca2_n=94 sca2_net=20733 sca3_n=126 sca3_net=23335 sca4_n=105 sca4_net=-3116 68.7s
2026-09-05T23:08:17+00:00 RUN_START S4011 OOS [U1_window]
2026-09-05T23:09:25+00:00 RUN_END S4011 OOS net=107783.0 dd=3.4436 sca2_n=94 sca2_net=20733 sca3_n=126 sca3_net=23335 sca4_n=104 sca4_net=-9577 68.7s
2026-09-05T23:09:25+00:00 RUN_START S4012 OOS [U1_window]
2026-09-05T23:10:34+00:00 RUN_END S4012 OOS net=104454.0 dd=3.5739 sca2_n=94 sca2_net=20733 sca3_n=126 sca3_net=23335 sca4_n=87 sca4_net=-12906 68.7s
2026-09-05T23:10:34+00:00 RUN_START S4013 OOS [U1_window]
2026-09-05T23:11:43+00:00 RUN_END S4013 OOS net=117837.0 dd=2.7767 sca2_n=94 sca2_net=20733 sca3_n=126 sca3_net=23335 sca4_n=35 sca4_net=477 68.7s
2026-09-05T23:11:43+00:00 RUN_START S4014 OOS [U1_window]
2026-09-05T23:12:51+00:00 RUN_END S4014 OOS net=114924.0 dd=3.1486 sca2_n=94 sca2_net=20733 sca3_n=126 sca3_net=23335 sca4_n=51 sca4_net=-2436 68.7s
2026-09-05T23:12:51+00:00 RUN_START S4015 OOS [U1_window]
2026-09-05T23:14:05+00:00 RUN_END S4015 OOS net=113661.0 dd=2.9559 sca2_n=94 sca2_net=20733 sca3_n=126 sca3_net=23335 sca4_n=61 sca4_net=-3699 73.6s
2026-09-05T23:14:05+00:00 RUN_START S4016 OOS [U1_window]
2026-09-05T23:15:14+00:00 RUN_END S4016 OOS net=130192.0 dd=2.6288 sca2_n=94 sca2_net=20733 sca3_n=126 sca3_net=23335 sca4_n=9 sca4_net=12832 68.6s
2026-09-05T23:15:14+00:00 RUN_START S4017 OOS [U1_window]
2026-09-05T23:16:27+00:00 RUN_END S4017 OOS net=123483.0 dd=3.0985 sca2_n=94 sca2_net=20733 sca3_n=126 sca3_net=23335 sca4_n=35 sca4_net=6123 73.7s
2026-09-05T23:16:27+00:00 RUN_START S4018 OOS [U1_window]
2026-09-05T23:17:41+00:00 RUN_END S4018 OOS net=104936.0 dd=3.4771 sca2_n=94 sca2_net=20733 sca3_n=126 sca3_net=23335 sca4_n=45 sca4_net=-12424 73.6s
2026-09-05T23:17:41+00:00 RUN_START S4019 OOS [U1_window]
2026-09-05T23:18:55+00:00 RUN_END S4019 OOS net=122091.0 dd=2.7151 sca2_n=94 sca2_net=20733 sca3_n=126 sca3_net=23335 sca4_n=14 sca4_net=4731 73.6s
2026-09-05T23:18:55+00:00 RUN_START S4020 OOS [U1_window]
2026-09-05T23:20:08+00:00 RUN_END S4020 OOS net=111864.0 dd=3.2259 sca2_n=94 sca2_net=20733 sca3_n=126 sca3_net=23335 sca4_n=31 sca4_net=-5496 73.6s
2026-09-05T23:20:08+00:00 RUN_START S4021 OOS [U2_trade_end]
2026-09-05T23:21:17+00:00 RUN_END S4021 OOS net=119232.0 dd=2.9171 sca2_n=94 sca2_net=20733 sca3_n=126 sca3_net=23335 sca4_n=10 sca4_net=1872 68.6s
2026-09-05T23:21:17+00:00 RUN_START S4022 OOS [U2_trade_end]
2026-09-05T23:22:25+00:00 RUN_END S4022 OOS net=129469.0 dd=2.3868 sca2_n=94 sca2_net=20733 sca3_n=126 sca3_net=23335 sca4_n=21 sca4_net=12109 68.7s
2026-09-05T23:22:25+00:00 RUN_START S4023 OOS [U2_trade_end]
2026-09-05T23:23:39+00:00 RUN_END S4023 OOS net=128845.0 dd=2.3968 sca2_n=94 sca2_net=20733 sca3_n=126 sca3_net=23335 sca4_n=26 sca4_net=11485 73.7s
2026-09-05T23:23:39+00:00 RUN_START S4024 OOS [U2_trade_end]
2026-09-05T23:24:48+00:00 RUN_END S4024 OOS net=128845.0 dd=2.3968 sca2_n=94 sca2_net=20733 sca3_n=126 sca3_net=23335 sca4_n=26 sca4_net=11485 68.6s
2026-09-05T23:24:48+00:00 RUN_START S4025 OOS [U2_trade_end]
2026-09-05T23:25:56+00:00 RUN_END S4025 OOS net=128504.0 dd=2.3968 sca2_n=94 sca2_net=20733 sca3_n=126 sca3_net=23335 sca4_n=27 sca4_net=11144 68.7s
2026-09-05T23:25:56+00:00 RUN_START S4026 OOS [U3_force_close]
2026-09-05T23:27:10+00:00 RUN_END S4026 OOS net=124272.0 dd=3.1383 sca2_n=94 sca2_net=20733 sca3_n=126 sca3_net=23335 sca4_n=26 sca4_net=6912 73.7s
2026-09-05T23:27:10+00:00 RUN_START S4027 OOS [U3_force_close]
2026-09-05T23:28:19+00:00 RUN_END S4027 OOS net=126185.0 dd=3.012 sca2_n=94 sca2_net=20733 sca3_n=126 sca3_net=23335 sca4_n=26 sca4_net=8825 68.6s
2026-09-05T23:28:19+00:00 RUN_START S4028 OOS [U3_force_close]
2026-09-05T23:29:27+00:00 RUN_END S4028 OOS net=130460.0 dd=2.4238 sca2_n=94 sca2_net=20733 sca3_n=126 sca3_net=23335 sca4_n=26 sca4_net=13100 68.7s
2026-09-05T23:29:27+00:00 RUN_START S4029 OOS [U3_force_close]
2026-09-05T23:30:36+00:00 RUN_END S4029 OOS net=129353.0 dd=2.8279 sca2_n=94 sca2_net=20733 sca3_n=126 sca3_net=23335 sca4_n=26 sca4_net=11993 68.7s
2026-09-05T23:30:36+00:00 RUN_START S4030 OOS [U4_rr]
2026-09-05T23:31:45+00:00 RUN_END S4030 OOS net=124350.0 dd=2.5801 sca2_n=94 sca2_net=20733 sca3_n=126 sca3_net=23335 sca4_n=26 sca4_net=6990 68.7s
2026-09-05T23:31:45+00:00 RUN_START S4031 OOS [U4_rr]
2026-09-05T23:32:53+00:00 RUN_END S4031 OOS net=126606.0 dd=2.4789 sca2_n=94 sca2_net=20733 sca3_n=126 sca3_net=23335 sca4_n=26 sca4_net=9246 68.7s
2026-09-05T23:32:53+00:00 RUN_START S4032 OOS [U4_rr]
2026-09-05T23:34:07+00:00 RUN_END S4032 OOS net=128355.0 dd=2.405 sca2_n=94 sca2_net=20733 sca3_n=126 sca3_net=23335 sca4_n=26 sca4_net=10995 73.7s
2026-09-05T23:34:07+00:00 RUN_START S4033 OOS [U4_rr]
2026-09-05T23:35:21+00:00 RUN_END S4033 OOS net=129598.0 dd=2.405 sca2_n=94 sca2_net=20733 sca3_n=126 sca3_net=23335 sca4_n=26 sca4_net=12238 73.6s
2026-09-05T23:35:21+00:00 RUN_START S4034 OOS [U4_rr]
2026-09-05T23:36:34+00:00 RUN_END S4034 OOS net=129196.0 dd=2.4775 sca2_n=94 sca2_net=20733 sca3_n=126 sca3_net=23335 sca4_n=26 sca4_net=11836 73.6s
2026-09-05T23:36:34+00:00 RUN_START S4035 OOS [U5_range_filter]
2026-09-05T23:37:48+00:00 RUN_END S4035 OOS net=91876.0 dd=4.493 sca2_n=94 sca2_net=20733 sca3_n=126 sca3_net=23335 sca4_n=279 sca4_net=-25484 73.6s
2026-09-05T23:37:48+00:00 RUN_START S4036 OOS [U5_range_filter]
2026-09-05T23:39:02+00:00 RUN_END S4036 OOS net=91076.0 dd=4.6483 sca2_n=94 sca2_net=20733 sca3_n=126 sca3_net=23335 sca4_n=280 sca4_net=-26284 73.6s
2026-09-05T23:39:02+00:00 RUN_START S4037 OOS [U5_range_filter]
2026-09-05T23:40:10+00:00 RUN_END S4037 OOS net=113063.0 dd=2.8274 sca2_n=94 sca2_net=20733 sca3_n=126 sca3_net=23335 sca4_n=72 sca4_net=-4297 68.6s
2026-09-05T23:40:10+00:00 RUN_START S4038 OOS [U5_range_filter]
2026-09-05T23:41:24+00:00 RUN_END S4038 OOS net=105271.0 dd=2.8319 sca2_n=94 sca2_net=20733 sca3_n=126 sca3_net=23335 sca4_n=74 sca4_net=-12089 73.6s
2026-09-05T23:41:24+00:00 RUN_START S4039 OOS [U5_range_filter]
2026-09-05T23:42:33+00:00 RUN_END S4039 OOS net=124503.0 dd=2.6007 sca2_n=94 sca2_net=20733 sca3_n=126 sca3_net=23335 sca4_n=11 sca4_net=7143 68.7s
2026-09-05T23:42:33+00:00 RUN_START S4040 OOS [U5_range_filter]
2026-09-05T23:43:41+00:00 RUN_END S4040 OOS net=117511.0 dd=2.6007 sca2_n=94 sca2_net=20733 sca3_n=126 sca3_net=23335 sca4_n=12 sca4_net=151 68.7s
2026-09-05T23:43:41+00:00 RUN_START S4041 OOS [U6_buffer]
2026-09-05T23:44:50+00:00 RUN_END S4041 OOS net=126868.0 dd=2.6491 sca2_n=94 sca2_net=20733 sca3_n=126 sca3_net=23335 sca4_n=26 sca4_net=9508 68.6s
2026-09-05T23:44:50+00:00 RUN_START S4042 OOS [U6_buffer]
2026-09-05T23:45:59+00:00 RUN_END S4042 OOS net=124087.0 dd=2.6598 sca2_n=94 sca2_net=20733 sca3_n=126 sca3_net=23335 sca4_n=25 sca4_net=6727 68.7s
2026-09-05T23:45:59+00:00 RUN_START S4043 OOS [U6_buffer]
2026-09-05T23:47:17+00:00 RUN_END S4043 OOS net=126404.0 dd=2.6944 sca2_n=94 sca2_net=20733 sca3_n=126 sca3_net=23335 sca4_n=23 sca4_net=9044 78.7s
2026-09-05T23:47:17+00:00 RUN_START S4044 OOS [U7_friday_boost]
2026-09-05T23:48:36+00:00 RUN_END S4044 OOS net=132636.0 dd=2.3968 sca2_n=94 sca2_net=20733 sca3_n=126 sca3_net=23335 sca4_n=29 sca4_net=15276 78.8s
2026-09-05T23:48:36+00:00 RUN_START S4045 OOS [U7_friday_boost]
2026-09-05T23:49:50+00:00 RUN_END S4045 OOS net=123313.0 dd=2.6505 sca2_n=94 sca2_net=20733 sca3_n=126 sca3_net=23335 sca4_n=26 sca4_net=5953 73.6s
2026-09-05T23:49:50+00:00 RUN_START S4046 OOS [U7_friday_boost]
2026-09-05T23:50:58+00:00 RUN_END S4046 OOS net=123313.0 dd=2.6505 sca2_n=94 sca2_net=20733 sca3_n=126 sca3_net=23335 sca4_n=26 sca4_net=5953 68.7s
2026-09-05T23:50:58+00:00 RUN_START S4047 OOS [U7_friday_boost]
2026-09-05T23:52:12+00:00 RUN_END S4047 OOS net=134380.0 dd=2.4089 sca2_n=94 sca2_net=20733 sca3_n=126 sca3_net=23335 sca4_n=26 sca4_net=17020 73.7s
2026-09-05T23:52:12+00:00 MEASURE_END rows=94 ok=88 -> C:\Users\f\source\repos\mt5_backtester\ml\sca4\results.csv
2026-09-06T07:25:47+00:00 EA_SHA d895765e128d9635 152922bytes
2026-09-06T07:25:47+00:00 MEASURE_START proposals=47 remaining=6 done=88
2026-09-06T07:25:47+00:00 RUN_START S4012 IS [U1_window]
2026-09-06T07:28:18+00:00 RUN_END S4012 IS net=577164.0 dd=4.5109 sca2_n=91 sca2_net=123237 sca3_n=121 sca3_net=74955 sca4_n=107 sca4_net=2912 151.5s
2026-09-06T07:28:19+00:00 RUN_START S4013 IS [U1_window]
2026-09-06T07:29:58+00:00 RUN_END S4013 IS net=558598.0 dd=5.1237 sca2_n=91 sca2_net=123237 sca3_n=121 sca3_net=74955 sca4_n=23 sca4_net=-15654 99.0s
2026-09-06T07:29:58+00:00 RUN_START S4014 IS [U1_window]
2026-09-06T07:31:42+00:00 RUN_END S4014 IS net=543771.0 dd=4.4416 sca2_n=91 sca2_net=123237 sca3_n=121 sca3_net=74955 sca4_n=58 sca4_net=-30481 104.2s
2026-09-06T07:31:42+00:00 RUN_START S4015 IS [U1_window]
2026-09-06T07:33:21+00:00 RUN_END S4015 IS net=546296.0 dd=7.6439 sca2_n=91 sca2_net=123237 sca3_n=121 sca3_net=74955 sca4_n=53 sca4_net=-27956 99.3s
2026-09-06T07:33:21+00:00 RUN_START S4016 IS [U1_window]
2026-09-06T07:35:05+00:00 RUN_END S4016 IS net=555033.0 dd=4.6 sca2_n=91 sca2_net=123237 sca3_n=121 sca3_net=74955 sca4_n=10 sca4_net=-19219 104.4s
2026-09-06T07:35:05+00:00 RUN_START S4017 IS [U1_window]
2026-09-06T07:36:45+00:00 RUN_END S4017 IS net=546516.0 dd=7.5986 sca2_n=91 sca2_net=123237 sca3_n=121 sca3_net=74955 sca4_n=27 sca4_net=-27736 99.3s
2026-09-06T07:36:45+00:00 MEASURE_END rows=6 ok=6 -> C:\Users\f\source\repos\mt5_backtester\ml\sca4\results.csv
