2026-09-15T09:17:48+00:00 LOCK_BUSY pid=848 が測定中のため起動しない
2026-09-15T09:30:00+00:00 FXEFF1_START jobs=64 done=0 leverage=1:25
2026-09-15T09:30:00+00:00 RUN_START E05 W1 cap=100
2026-09-15T09:32:04+00:00 RUN_END E05 W1 net=8071968.0 dd%=48.0342 trades=465 124.6s
2026-09-15T09:32:04+00:00 RUN_START E05 W2 cap=100
2026-09-15T09:33:14+00:00 RUN_END E05 W2 net=2148828.0 dd%=44.4891 trades=427 69.5s
2026-09-15T09:33:14+00:00 RUN_START E05 W3 cap=100
2026-09-15T09:34:03+00:00 RUN_END E05 W3 net=641976.0 dd%=46.6135 trades=428 49.6s
2026-09-15T09:34:03+00:00 RUN_START E05 OOS cap=100
2026-09-15T09:37:03+00:00 RUN_END E05 OOS net=28829313.0 dd%=48.0342 trades=1066 179.7s
2026-09-15T09:37:03+00:00 RUN_START E07 W1 cap=100
2026-09-15T09:39:07+00:00 RUN_END E07 W1 net=10688827.0 dd%=56.0611 trades=461 124.3s
2026-09-15T09:39:07+00:00 RUN_START E07 W2 cap=100
2026-09-15T09:40:12+00:00 RUN_END E07 W2 net=1147621.0 dd%=60.042 trades=422 64.3s
2026-09-15T09:40:12+00:00 RUN_START E07 W3 cap=100
2026-09-15T09:40:56+00:00 RUN_END E07 W3 net=413357.0 dd%=63.1456 trades=419 44.2s
2026-09-15T09:40:56+00:00 RUN_START E07 OOS cap=100
2026-09-15T09:43:31+00:00 RUN_END E07 OOS net=73213778.0 dd%=56.9129 trades=1065 154.9s
2026-09-15T09:43:31+00:00 RUN_START E03 W1 cap=100
2026-09-15T09:46:10+00:00 RUN_END E03 W1 net=9650352.0 dd%=43.2226 trades=482 159.7s
2026-09-15T09:46:10+00:00 RUN_START E03 W2 cap=100
2026-09-15T09:47:30+00:00 RUN_END E03 W2 net=392396.0 dd%=55.7093 trades=438 79.2s
2026-09-15T09:47:30+00:00 RUN_START E03 W3 cap=100
2026-09-15T09:48:24+00:00 RUN_END E03 W3 net=251134.0 dd%=54.598 trades=429 54.1s
2026-09-15T09:48:24+00:00 RUN_START E03 OOS cap=100
2026-09-15T09:52:01+00:00 RUN_END E03 OOS net=41700814.0 dd%=53.9487 trades=1091 216.7s
2026-09-15T09:52:01+00:00 RUN_START E01 W1 cap=100
2026-09-15T09:54:20+00:00 RUN_END E01 W1 net=8616993.0 dd%=50.7776 trades=580 139.9s
2026-09-15T09:54:20+00:00 RUN_START E01 W2 cap=100
2026-09-15T09:55:35+00:00 RUN_END E01 W2 net=2791788.0 dd%=58.0338 trades=537 74.2s
2026-09-15T09:55:35+00:00 RUN_START E01 W3 cap=100
2026-09-15T09:56:24+00:00 RUN_END E01 W3 net=652453.0 dd%=60.2913 trades=517 49.1s
2026-09-15T09:56:24+00:00 RUN_START E01 OOS cap=100
2026-09-15T09:59:18+00:00 RUN_END E01 OOS net=21397597.0 dd%=70.7953 trades=1317 174.6s
2026-09-15T09:59:18+00:00 RUN_START E06 W1 cap=100
2026-09-15T10:01:23+00:00 RUN_END E06 W1 net=9656862.0 dd%=51.9918 trades=464 124.4s
2026-09-15T10:01:23+00:00 RUN_START E06 W2 cap=100
2026-09-15T10:02:32+00:00 RUN_END E06 W2 net=1763964.0 dd%=52.7249 trades=426 69.3s
2026-09-15T10:02:32+00:00 RUN_START E06 W3 cap=100
2026-09-15T10:03:21+00:00 RUN_END E06 W3 net=592855.0 dd%=52.8234 trades=424 49.2s
2026-09-15T10:03:21+00:00 RUN_START E06 OOS cap=100
2026-09-15T10:05:56+00:00 RUN_END E06 OOS net=54892902.0 dd%=51.9918 trades=1066 154.6s
2026-09-15T10:05:56+00:00 RUN_START E11 W1 cap=100
2026-09-15T10:08:41+00:00 RUN_END E11 W1 net=8980617.0 dd%=38.9682 trades=592 164.7s
2026-09-15T10:08:41+00:00 RUN_START E11 W2 cap=100
2026-09-15T10:10:05+00:00 RUN_END E11 W2 net=830207.0 dd%=58.3031 trades=545 84.4s
2026-09-15T10:10:05+00:00 RUN_START E11 W3 cap=100
2026-09-15T10:10:59+00:00 RUN_END E11 W3 net=644427.0 dd%=56.2997 trades=526 54.3s
2026-09-15T10:10:59+00:00 RUN_START E11 OOS cap=100
2026-09-15T10:14:47+00:00 RUN_END E11 OOS net=51975272.0 dd%=61.1951 trades=1336 227.4s
2026-09-15T10:14:47+00:00 RUN_START E13 W1 cap=100
2026-09-15T10:15:21+00:00 RUN_END E13 W1 net=-442215.0 dd%=88.443 trades=1 34.7s
2026-09-15T10:15:21+00:00 RUN_START E13 W2 cap=100
2026-09-15T10:16:46+00:00 RUN_END E13 W2 net=-92019.0 dd%=70.994 trades=509 84.4s
2026-09-15T10:16:46+00:00 RUN_START E13 W3 cap=100
2026-09-15T10:17:40+00:00 RUN_END E13 W3 net=200511.0 dd%=65.586 trades=507 54.3s
2026-09-15T10:17:40+00:00 RUN_START E13 OOS cap=100
2026-09-15T10:18:25+00:00 RUN_END E13 OOS net=-442215.0 dd%=88.443 trades=1 44.4s
2026-09-15T10:18:25+00:00 RUN_START E04 W1 cap=100
2026-09-15T10:20:29+00:00 RUN_END E04 W1 net=9343060.0 dd%=49.2776 trades=565 124.5s
2026-09-15T10:20:29+00:00 RUN_START E04 W2 cap=100
2026-09-15T10:21:38+00:00 RUN_END E04 W2 net=3165576.0 dd%=58.2216 trades=527 69.5s
2026-09-15T10:21:38+00:00 RUN_START E04 W3 cap=100
2026-09-15T10:22:28+00:00 RUN_END E04 W3 net=696696.0 dd%=60.1887 trades=516 49.2s
2026-09-15T10:22:28+00:00 RUN_START E04 OOS cap=100
2026-09-15T10:25:11+00:00 RUN_END E04 OOS net=22269102.0 dd%=72.4418 trades=1299 163.7s
2026-09-15T10:25:11+00:00 RUN_START E02 W1 cap=100
2026-09-15T10:27:51+00:00 RUN_END E02 W1 net=7502372.0 dd%=49.6049 trades=567 159.6s
2026-09-15T10:27:51+00:00 RUN_START E02 W2 cap=100
2026-09-15T10:29:11+00:00 RUN_END E02 W2 net=1539820.0 dd%=58.3933 trades=521 79.7s
2026-09-15T10:29:11+00:00 RUN_START E02 W3 cap=100
2026-09-15T10:30:05+00:00 RUN_END E02 W3 net=1162427.0 dd%=50.3021 trades=508 54.2s
2026-09-15T10:30:05+00:00 RUN_START E02 OOS cap=100
2026-09-15T10:33:46+00:00 RUN_END E02 OOS net=67857439.0 dd%=61.6521 trades=1297 221.3s
2026-09-15T10:33:46+00:00 RUN_START E08 W1 cap=100
2026-09-15T10:35:46+00:00 RUN_END E08 W1 net=12032920.0 dd%=57.1426 trades=452 119.4s
2026-09-15T10:35:46+00:00 RUN_START E08 W2 cap=100
2026-09-15T10:36:50+00:00 RUN_END E08 W2 net=1079698.0 dd%=61.5843 trades=410 64.2s
2026-09-15T10:36:50+00:00 RUN_START E08 W3 cap=100
2026-09-15T10:37:34+00:00 RUN_END E08 W3 net=791453.0 dd%=62.2739 trades=391 44.3s
2026-09-15T10:37:34+00:00 RUN_START E08 OOS cap=100
2026-09-15T10:40:09+00:00 RUN_END E08 OOS net=78296932.0 dd%=60.3238 trades=1047 154.4s
2026-09-15T10:40:09+00:00 RUN_START E09 W1 cap=100
2026-09-15T10:42:13+00:00 RUN_END E09 W1 net=8550910.0 dd%=52.6332 trades=565 124.4s
2026-09-15T10:42:13+00:00 RUN_START E09 W2 cap=100
2026-09-15T10:43:22+00:00 RUN_END E09 W2 net=3037462.0 dd%=58.8445 trades=525 69.3s
2026-09-15T10:43:22+00:00 RUN_START E09 W3 cap=100
2026-09-15T10:44:12+00:00 RUN_END E09 W3 net=1152515.0 dd%=56.1586 trades=507 49.2s
2026-09-15T10:44:12+00:00 RUN_START E09 OOS cap=100
2026-09-15T10:47:01+00:00 RUN_END E09 OOS net=36897429.0 dd%=61.9041 trades=1302 169.5s
2026-09-15T10:47:01+00:00 RUN_START E12 W1 cap=100
2026-09-15T10:49:46+00:00 RUN_END E12 W1 net=6725965.0 dd%=51.9383 trades=579 164.8s
2026-09-15T10:49:46+00:00 RUN_START E12 W2 cap=100
2026-09-15T10:51:05+00:00 RUN_END E12 W2 net=1348701.0 dd%=57.2271 trades=529 79.4s
2026-09-15T10:51:05+00:00 RUN_START E12 W3 cap=100
2026-09-15T10:52:00+00:00 RUN_END E12 W3 net=1097587.0 dd%=50.3021 trades=508 54.3s
2026-09-15T10:52:00+00:00 RUN_START E12 OOS cap=100
2026-09-15T10:55:46+00:00 RUN_END E12 OOS net=51320738.0 dd%=64.4765 trades=1310 226.8s
2026-09-15T10:55:46+00:00 RUN_START E14 W1 cap=100
2026-09-15T10:57:51+00:00 RUN_END E14 W1 net=8870752.0 dd%=48.3407 trades=463 124.7s
2026-09-15T10:57:51+00:00 RUN_START E14 W2 cap=100
2026-09-15T10:58:55+00:00 RUN_END E14 W2 net=2006104.0 dd%=47.1506 trades=427 64.4s
2026-09-15T10:58:55+00:00 RUN_START E14 W3 cap=100
2026-09-15T10:59:40+00:00 RUN_END E14 W3 net=450375.0 dd%=50.2033 trades=427 44.3s
2026-09-15T10:59:40+00:00 RUN_START E14 OOS cap=100
2026-09-15T11:02:24+00:00 RUN_END E14 OOS net=31638568.0 dd%=48.3407 trades=1064 164.6s
2026-09-15T11:02:24+00:00 RUN_START E15 W1 cap=90
2026-09-15T11:04:24+00:00 RUN_END E15 W1 net=6742049.0 dd%=45.4289 trades=466 119.5s
2026-09-15T11:04:24+00:00 RUN_START E15 W2 cap=90
2026-09-15T11:05:28+00:00 RUN_END E15 W2 net=1844111.0 dd%=44.2938 trades=427 64.4s
2026-09-15T11:05:28+00:00 RUN_START E15 W3 cap=90
2026-09-15T11:06:13+00:00 RUN_END E15 W3 net=585903.0 dd%=44.4916 trades=429 44.3s
2026-09-15T11:06:13+00:00 RUN_START E15 OOS cap=90
2026-09-15T11:08:47+00:00 RUN_END E15 OOS net=23757519.0 dd%=45.4289 trades=1066 154.8s
2026-09-15T11:08:47+00:00 RUN_START E16 W1 cap=90
2026-09-15T11:10:47+00:00 RUN_END E16 W1 net=9301447.0 dd%=52.1801 trades=454 119.6s
2026-09-15T11:10:47+00:00 RUN_START E16 W2 cap=90
2026-09-15T11:11:51+00:00 RUN_END E16 W2 net=1049618.0 dd%=56.4355 trades=415 64.4s
2026-09-15T11:11:51+00:00 RUN_START E16 W3 cap=90
2026-09-15T11:12:36+00:00 RUN_END E16 W3 net=754638.0 dd%=56.5051 trades=405 44.3s
2026-09-15T11:12:36+00:00 RUN_START E16 OOS cap=90
2026-09-15T11:15:15+00:00 RUN_END E16 OOS net=69118933.0 dd%=55.6746 trades=1048 159.5s
2026-09-15T11:15:15+00:00 RUN_START E10 W1 cap=100
2026-09-15T11:17:20+00:00 RUN_END E10 W1 net=11266048.0 dd%=52.0781 trades=564 124.5s
2026-09-15T11:17:20+00:00 RUN_START E10 W2 cap=100
2026-09-15T11:18:29+00:00 RUN_END E10 W2 net=2451245.0 dd%=61.8036 trades=511 69.3s
2026-09-15T11:18:29+00:00 RUN_START E10 W3 cap=100
2026-09-15T11:19:18+00:00 RUN_END E10 W3 net=1084080.0 dd%=59.7313 trades=496 49.2s
2026-09-15T11:19:18+00:00 RUN_START E10 OOS cap=100
2026-09-15T11:22:03+00:00 RUN_END E10 OOS net=73396511.0 dd%=63.6264 trades=1312 164.7s
2026-09-15T11:22:03+00:00 FXEFF1_END -> C:\Users\f\source\repos\mt5_backtester\ml\fxeff1\results.csv
