2026-09-10T16:22:15+00:00 OANDA_START EA_SHA 98d735cabbc58164 exe=C:\Program Files\OANDA MetaTrader 5_BT1\terminal64.exe
2026-09-10T16:22:15+00:00 jobs=8 done=0
2026-09-10T16:22:15+00:00 RUN_START R001 FULL
2026-09-10T16:39:07+00:00 RUN_END R001 FULL net=338709.0 trades=2917 1012.1s
2026-09-10T16:39:07+00:00 RUN_START R031 FULL
2026-09-10T16:55:19+00:00 RUN_END R031 FULL net=2550997.0 trades=2917 971.8s
2026-09-10T16:55:19+00:00 RUN_START R035 FULL
2026-09-10T17:11:21+00:00 RUN_END R035 FULL net=32378241.0 trades=2917 962.2s
2026-09-10T17:11:21+00:00 RUN_START R037 FULL
2026-09-10T17:27:38+00:00 RUN_END R037 FULL net=41938840.0 trades=2917 976.1s
2026-09-10T17:27:38+00:00 RUN_START R001 OOS
2026-09-10T17:33:27+00:00 RUN_END R001 OOS net=86828.0 trades=1349 349.9s
2026-09-10T17:33:27+00:00 RUN_START R031 OOS
2026-09-10T17:39:17+00:00 RUN_END R031 OOS net=639894.0 trades=1349 349.9s
2026-09-10T17:39:17+00:00 RUN_START R035 OOS
2026-09-10T17:45:12+00:00 RUN_END R035 OOS net=1007556.0 trades=1349 354.9s
2026-09-10T17:45:12+00:00 RUN_START R037 OOS
2026-09-10T17:51:02+00:00 RUN_END R037 OOS net=1562929.0 trades=1349 349.9s
2026-09-10T17:51:02+00:00 OANDA_END
2026-09-10T17:51:41+00:00 OANDA_START EA_SHA 98d735cabbc58164 exe=C:\Program Files\OANDA MetaTrader 5_BT1\terminal64.exe
2026-09-10T17:51:41+00:00 jobs=4 done=8
2026-09-10T17:51:41+00:00 RUN_START R001 IS
2026-09-10T17:59:21+00:00 RUN_END R001 IS net=252646.0 trades=1568 460.4s
2026-09-10T17:59:21+00:00 RUN_START R031 IS
2026-09-10T18:07:01+00:00 RUN_END R031 IS net=1915690.0 trades=1568 460.3s
2026-09-10T18:07:01+00:00 RUN_START R035 IS
2026-09-10T18:14:41+00:00 RUN_END R035 IS net=14759226.0 trades=1568 460.1s
2026-09-10T18:14:41+00:00 RUN_START R037 IS
2026-09-10T18:22:27+00:00 RUN_END R037 IS net=19270459.0 trades=1568 465.1s
2026-09-10T18:22:27+00:00 OANDA_END
