2026-09-19T06:53:14+00:00 FXQUALFLOOR_START jobs=12 レンジ幅下限の内点を挟む
2026-09-19T06:53:14+00:00 RUN_START H000 OOS cap=0
2026-09-19T06:56:54+00:00 RUN_END H000 OOS net=1281090.0 dd%=28.4727 trades=1351 219.5s
2026-09-19T06:56:54+00:00 RUN_START H000 IS cap=0
2026-09-19T07:00:43+00:00 RUN_END H000 IS net=4436392.0 dd%=42.5509 trades=1566 229.4s
2026-09-19T07:00:43+00:00 RUN_START H001 OOS cap=0
2026-09-19T07:04:12+00:00 RUN_END H001 OOS net=1440345.0 dd%=24.2808 trades=1116 209.3s
2026-09-19T07:04:12+00:00 RUN_START H001 IS cap=0
2026-09-19T07:08:02+00:00 RUN_END H001 IS net=4713654.0 dd%=38.4133 trades=1363 229.4s
2026-09-19T07:08:02+00:00 RUN_START H002 OOS cap=0
2026-09-19T07:11:31+00:00 RUN_END H002 OOS net=1389706.0 dd%=24.1331 trades=1104 209.3s
2026-09-19T07:11:31+00:00 RUN_START H002 IS cap=0
2026-09-19T07:15:16+00:00 RUN_END H002 IS net=4657950.0 dd%=38.5788 trades=1328 224.5s
2026-09-19T07:15:16+00:00 RUN_START H003 OOS cap=0
2026-09-19T07:18:45+00:00 RUN_END H003 OOS net=1439433.0 dd%=24.0973 trades=1094 209.5s
2026-09-19T07:18:45+00:00 RUN_START H003 IS cap=0
2026-09-19T07:22:30+00:00 RUN_END H003 IS net=4504544.0 dd%=38.566 trades=1278 224.5s
2026-09-19T07:22:30+00:00 RUN_START H004 OOS cap=0
2026-09-19T07:37:45+00:00 RUN_END H004 OOS net=1439759.0 dd%=24.0121 trades=1086 915.8s
2026-09-19T07:37:45+00:00 RUN_START H004 IS cap=0
2026-09-19T07:41:35+00:00 RUN_END H004 IS net=4452704.0 dd%=38.566 trades=1255 229.4s
2026-09-19T07:41:35+00:00 RUN_START H005 OOS cap=0
2026-09-19T07:45:04+00:00 RUN_END H005 OOS net=1430694.0 dd%=24.0121 trades=1085 209.2s
2026-09-19T07:45:04+00:00 RUN_START H005 IS cap=0
2026-09-19T07:48:53+00:00 RUN_END H005 IS net=4386244.0 dd%=38.566 trades=1244 229.3s
2026-09-19T07:48:53+00:00 FXQUALFLOOR_END -> C:\Users\f\source\repos\mt5_backtester\ml\fxqualfloor\results.csv
