2026-09-06T22:40:51+00:00 EA_SHA d895765e128d9635 152922bytes
2026-09-06T22:40:51+00:00 MEASURE_START proposals=41 remaining=123 done=0
2026-09-06T22:40:51+00:00 RUN_START C001 IS [BASE]
2026-09-06T22:46:13+00:00 RUN_END C001 IS net=610318.0 dd=5.4575 sca2_n=91 sca2_net=123237 fund_n=32 fund_net=30201 bfx_n=11 bfx_net=64378 321.5s
2026-09-06T22:46:13+00:00 RUN_START C002 IS [F1]
2026-09-06T22:47:13+00:00 EA_SHA d895765e128d9635 152922bytes
2026-09-06T22:47:13+00:00 MEASURE_START proposals=41 remaining=81 done=1
2026-09-06T22:47:13+00:00 RUN_START C002 IS [F1]
2026-09-06T22:53:23+00:00 RUN_END C002 IS net=594771.0 dd=3.4206 sca2_n=91 sca2_net=123237 fund_n=51 fund_net=14654 bfx_n=11 bfx_net=64378 369.4s
2026-09-06T22:53:23+00:00 RUN_START C003 IS [F1]
2026-09-06T22:58:52+00:00 RUN_END C003 IS net=608536.0 dd=4.6419 sca2_n=91 sca2_net=123237 fund_n=39 fund_net=28419 bfx_n=11 bfx_net=64378 329.4s
2026-09-06T22:58:52+00:00 RUN_START C004 IS [F1]
2026-09-06T23:02:51+00:00 RUN_END C004 IS net=600222.0 dd=5.5605 sca2_n=91 sca2_net=123237 fund_n=22 fund_net=20105 bfx_n=11 bfx_net=64378 239.1s
2026-09-06T23:02:51+00:00 RUN_START C005 IS [F1]
2026-09-06T23:06:30+00:00 RUN_END C005 IS net=601975.0 dd=4.3021 sca2_n=91 sca2_net=123237 fund_n=18 fund_net=21858 bfx_n=11 bfx_net=64378 219.2s
2026-09-06T23:06:30+00:00 RUN_START C006 IS [F1]
2026-09-06T23:10:09+00:00 RUN_END C006 IS net=601975.0 dd=4.3021 sca2_n=91 sca2_net=123237 fund_n=18 fund_net=21858 bfx_n=11 bfx_net=64378 219.0s
2026-09-06T23:10:09+00:00 RUN_START C007 IS [F1]
2026-09-06T23:13:23+00:00 RUN_END C007 IS net=590245.0 dd=4.4564 sca2_n=91 sca2_net=123237 fund_n=9 fund_net=10128 bfx_n=11 bfx_net=64378 194.0s
2026-09-06T23:13:23+00:00 RUN_START C008 IS [F2]
2026-09-06T23:17:13+00:00 RUN_END C008 IS net=611374.0 dd=3.5025 sca2_n=91 sca2_net=123237 fund_n=35 fund_net=31257 bfx_n=11 bfx_net=64378 229.1s
2026-09-06T23:17:13+00:00 RUN_START C009 IS [F2]
2026-09-06T23:21:27+00:00 RUN_END C009 IS net=612083.0 dd=4.1992 sca2_n=91 sca2_net=123237 fund_n=33 fund_net=31966 bfx_n=11 bfx_net=64378 254.1s
2026-09-06T23:21:27+00:00 RUN_START C010 IS [F2]
2026-09-06T23:25:46+00:00 RUN_END C010 IS net=625449.0 dd=4.4925 sca2_n=91 sca2_net=123237 fund_n=32 fund_net=45332 bfx_n=11 bfx_net=64378 259.1s
2026-09-06T23:25:46+00:00 RUN_START C011 IS [F2]
2026-09-06T23:30:15+00:00 RUN_END C011 IS net=604862.0 dd=4.4757 sca2_n=91 sca2_net=123237 fund_n=30 fund_net=24745 bfx_n=11 bfx_net=64378 269.2s
2026-09-06T23:30:15+00:00 RUN_START C012 IS [F2]
2026-09-06T23:34:44+00:00 RUN_END C012 IS net=614602.0 dd=4.3597 sca2_n=91 sca2_net=123237 fund_n=29 fund_net=34485 bfx_n=11 bfx_net=64378 269.3s
2026-09-06T23:34:44+00:00 RUN_START C013 IS [F2]
2026-09-06T23:39:19+00:00 RUN_END C013 IS net=612234.0 dd=4.376 sca2_n=91 sca2_net=123237 fund_n=29 fund_net=32117 bfx_n=11 bfx_net=64378 274.3s
2026-09-06T23:39:19+00:00 RUN_START C014 IS [F3]
2026-09-06T23:44:23+00:00 RUN_END C014 IS net=612325.0 dd=4.4065 sca2_n=91 sca2_net=123237 fund_n=41 fund_net=32208 bfx_n=11 bfx_net=64378 304.2s
2026-09-06T23:44:23+00:00 RUN_START C015 IS [F3]
2026-09-06T23:50:07+00:00 RUN_END C015 IS net=603896.0 dd=4.482 sca2_n=91 sca2_net=123237 fund_n=36 fund_net=23779 bfx_n=11 bfx_net=64378 344.5s
2026-09-06T23:50:07+00:00 RUN_START C016 IS [F3]
2026-09-06T23:53:56+00:00 RUN_END C016 IS net=615549.0 dd=4.2519 sca2_n=91 sca2_net=123237 fund_n=23 fund_net=35432 bfx_n=11 bfx_net=64378 229.1s
2026-09-06T23:53:56+00:00 RUN_START C017 IS [F3]
2026-09-06T23:58:06+00:00 RUN_END C017 IS net=607613.0 dd=4.4198 sca2_n=91 sca2_net=123237 fund_n=19 fund_net=27496 bfx_n=11 bfx_net=64378 249.1s
2026-09-06T23:58:06+00:00 RUN_START C018 IS [B1]
2026-09-07T00:02:40+00:00 RUN_END C018 IS net=586533.0 dd=5.6914 sca2_n=91 sca2_net=123237 fund_n=32 fund_net=30201 bfx_n=23 bfx_net=40593 274.1s
2026-09-07T00:02:40+00:00 RUN_START C019 IS [B1]
2026-09-07T00:07:14+00:00 RUN_END C019 IS net=590067.0 dd=5.5619 sca2_n=91 sca2_net=123237 fund_n=32 fund_net=30201 bfx_n=17 bfx_net=44127 274.2s
2026-09-07T00:07:14+00:00 RUN_START C020 IS [B1]
2026-09-07T00:11:43+00:00 RUN_END C020 IS net=592319.0 dd=5.3943 sca2_n=91 sca2_net=123237 fund_n=32 fund_net=30201 bfx_n=9 bfx_net=46379 269.2s
2026-09-07T00:11:43+00:00 RUN_START C021 IS [B1]
2026-09-07T00:16:07+00:00 RUN_END C021 IS net=553423.0 dd=5.782 sca2_n=91 sca2_net=123237 fund_n=32 fund_net=30201 bfx_n=4 bfx_net=7483 264.2s
2026-09-07T00:16:07+00:00 RUN_START C022 IS [B1]
2026-09-07T00:20:47+00:00 RUN_END C022 IS net=550974.0 dd=5.8058 sca2_n=91 sca2_net=123237 fund_n=32 fund_net=30201 bfx_n=2 bfx_net=5034 279.3s
2026-09-07T00:20:47+00:00 RUN_START C023 IS [B2]
2026-09-07T00:25:11+00:00 RUN_END C023 IS net=568048.0 dd=5.6985 sca2_n=91 sca2_net=123237 fund_n=32 fund_net=30201 bfx_n=6 bfx_net=22108 264.2s
2026-09-07T00:25:11+00:00 RUN_START C024 IS [B2]
2026-09-07T00:29:40+00:00 RUN_END C024 IS net=583117.0 dd=5.6454 sca2_n=91 sca2_net=123237 fund_n=32 fund_net=30201 bfx_n=7 bfx_net=37177 269.1s
2026-09-07T00:29:40+00:00 RUN_START C025 IS [B2]
2026-09-07T00:34:09+00:00 RUN_END C025 IS net=613521.0 dd=5.4518 sca2_n=91 sca2_net=123237 fund_n=32 fund_net=30201 bfx_n=12 bfx_net=67581 269.1s
2026-09-07T00:34:09+00:00 RUN_START C026 IS [B2]
2026-09-07T00:39:03+00:00 RUN_END C026 IS net=590870.0 dd=5.4715 sca2_n=91 sca2_net=123237 fund_n=32 fund_net=30201 bfx_n=20 bfx_net=44930 294.3s
2026-09-07T00:39:03+00:00 RUN_START C027 IS [B2]
2026-09-07T00:43:38+00:00 RUN_END C027 IS net=586261.0 dd=5.5117 sca2_n=91 sca2_net=123237 fund_n=32 fund_net=30201 bfx_n=21 bfx_net=40321 274.4s
2026-09-07T00:43:38+00:00 RUN_START C028 IS [B3]
2026-09-07T00:48:02+00:00 RUN_END C028 IS net=569108.0 dd=5.6516 sca2_n=91 sca2_net=123237 fund_n=32 fund_net=30201 bfx_n=25 bfx_net=23168 264.2s
2026-09-07T00:48:02+00:00 RUN_START C029 IS [B3]
2026-09-07T00:52:31+00:00 RUN_END C029 IS net=596707.0 dd=5.4928 sca2_n=91 sca2_net=123237 fund_n=32 fund_net=30201 bfx_n=19 bfx_net=50767 269.5s
2026-09-07T00:52:31+00:00 RUN_START C030 IS [B3]
2026-09-07T00:57:00+00:00 RUN_END C030 IS net=613756.0 dd=5.3895 sca2_n=91 sca2_net=123237 fund_n=32 fund_net=30201 bfx_n=17 bfx_net=67816 269.1s
2026-09-07T00:57:00+00:00 RUN_START C031 IS [B3]
2026-09-07T01:01:35+00:00 RUN_END C031 IS net=624556.0 dd=5.3162 sca2_n=91 sca2_net=123237 fund_n=32 fund_net=30201 bfx_n=10 bfx_net=78616 274.2s
2026-09-07T01:01:35+00:00 RUN_START C032 IS [B3]
2026-09-07T01:06:04+00:00 RUN_END C032 IS net=602949.0 dd=5.3603 sca2_n=91 sca2_net=123237 fund_n=32 fund_net=30201 bfx_n=9 bfx_net=57009 269.1s
2026-09-07T01:06:04+00:00 RUN_START C033 IS [B3]
2026-09-07T01:10:38+00:00 RUN_END C033 IS net=595596.0 dd=5.6022 sca2_n=91 sca2_net=123237 fund_n=32 fund_net=30201 bfx_n=8 bfx_net=49656 274.1s
2026-09-07T01:10:38+00:00 RUN_START C034 IS [B4]
2026-09-07T01:15:07+00:00 RUN_END C034 IS net=587714.0 dd=5.6143 sca2_n=91 sca2_net=123237 fund_n=32 fund_net=30201 bfx_n=29 bfx_net=41774 269.1s
2026-09-07T01:15:07+00:00 RUN_START C035 IS [B4]
2026-09-07T01:19:36+00:00 RUN_END C035 IS net=602903.0 dd=5.4611 sca2_n=91 sca2_net=123237 fund_n=32 fund_net=30201 bfx_n=13 bfx_net=56963 269.2s
2026-09-07T01:19:36+00:00 RUN_START C036 IS [B4]
2026-09-07T01:24:05+00:00 RUN_END C036 IS net=588193.0 dd=5.521 sca2_n=91 sca2_net=123237 fund_n=32 fund_net=30201 bfx_n=15 bfx_net=42253 269.3s
2026-09-07T01:24:05+00:00 RUN_START C037 IS [B4]
2026-09-07T01:28:40+00:00 RUN_END C037 IS net=593943.0 dd=5.3488 sca2_n=91 sca2_net=123237 fund_n=32 fund_net=30201 bfx_n=8 bfx_net=48003 274.1s
2026-09-07T01:28:40+00:00 RUN_START C038 IS [X1]
2026-09-07T01:33:44+00:00 RUN_END C038 IS net=589721.0 dd=4.4948 sca2_n=91 sca2_net=123237 fund_n=41 fund_net=32208 bfx_n=29 bfx_net=41774 304.3s
2026-09-07T01:33:44+00:00 RUN_START C039 IS [X1]
2026-09-07T01:37:33+00:00 RUN_END C039 IS net=593424.0 dd=4.3016 sca2_n=91 sca2_net=123237 fund_n=23 fund_net=35432 bfx_n=15 bfx_net=42253 229.3s
2026-09-07T01:37:33+00:00 RUN_START C040 IS [X1]
2026-09-07T01:43:22+00:00 RUN_END C040 IS net=587521.0 dd=4.3925 sca2_n=91 sca2_net=123237 fund_n=36 fund_net=23779 bfx_n=8 bfx_net=48003 349.3s
2026-09-07T01:43:22+00:00 RUN_START C041 IS [X1]
2026-09-07T01:47:37+00:00 RUN_END C041 IS net=600198.0 dd=4.4228 sca2_n=91 sca2_net=123237 fund_n=19 fund_net=27496 bfx_n=13 bfx_net=56963 254.1s
2026-09-07T01:47:37+00:00 RUN_START C001 OOS [BASE]
2026-09-07T01:50:10+00:00 RUN_END C001 OOS net=118935.0 dd=2.9946 sca2_n=94 sca2_net=20733 fund_n=10 fund_net=1401 bfx_n=51 bfx_net=15220 153.9s
2026-09-07T01:50:10+00:00 RUN_START C002 OOS [F1]
2026-09-07T01:52:44+00:00 RUN_END C002 OOS net=118977.0 dd=2.9944 sca2_n=94 sca2_net=20733 fund_n=10 fund_net=1443 bfx_n=51 bfx_net=15220 154.0s
2026-09-07T01:52:44+00:00 RUN_START C003 OOS [F1]
2026-09-07T01:55:18+00:00 RUN_END C003 OOS net=118935.0 dd=2.9946 sca2_n=94 sca2_net=20733 fund_n=10 fund_net=1401 bfx_n=51 bfx_net=15220 154.0s
2026-09-07T01:55:18+00:00 RUN_START C004 OOS [F1]
2026-09-07T01:57:52+00:00 RUN_END C004 OOS net=118935.0 dd=2.9946 sca2_n=94 sca2_net=20733 fund_n=10 fund_net=1401 bfx_n=51 bfx_net=15220 153.9s
2026-09-07T01:57:52+00:00 RUN_START C005 OOS [F1]
2026-09-07T02:00:26+00:00 RUN_END C005 OOS net=119193.0 dd=2.9933 sca2_n=94 sca2_net=20733 fund_n=9 fund_net=1659 bfx_n=51 bfx_net=15220 153.9s
2026-09-07T02:00:26+00:00 RUN_START C006 OOS [F1]
2026-09-07T02:02:55+00:00 RUN_END C006 OOS net=119119.0 dd=2.9937 sca2_n=94 sca2_net=20733 fund_n=9 fund_net=1585 bfx_n=51 bfx_net=15220 148.9s
2026-09-07T02:02:55+00:00 RUN_START C007 OOS [F1]
2026-09-07T02:05:24+00:00 RUN_END C007 OOS net=119481.0 dd=2.992 sca2_n=94 sca2_net=20733 fund_n=8 fund_net=1947 bfx_n=51 bfx_net=15220 149.0s
2026-09-07T02:05:24+00:00 RUN_START C008 OOS [F2]
2026-09-07T02:07:53+00:00 RUN_END C008 OOS net=119708.0 dd=3.0938 sca2_n=94 sca2_net=20733 fund_n=16 fund_net=2174 bfx_n=51 bfx_net=15220 149.0s
2026-09-07T02:07:53+00:00 RUN_START C009 OOS [F2]
2026-09-07T02:10:22+00:00 RUN_END C009 OOS net=112528.0 dd=3.0649 sca2_n=94 sca2_net=20733 fund_n=13 fund_net=-3435 bfx_n=51 bfx_net=15220 148.9s
2026-09-07T02:10:22+00:00 RUN_START C010 OOS [F2]
2026-09-07T02:12:51+00:00 RUN_END C010 OOS net=111846.0 dd=3.2821 sca2_n=94 sca2_net=20733 fund_n=10 fund_net=-5688 bfx_n=51 bfx_net=15220 148.9s
2026-09-07T02:12:51+00:00 RUN_START C011 OOS [F2]
2026-09-07T02:15:25+00:00 RUN_END C011 OOS net=114717.0 dd=2.9978 sca2_n=94 sca2_net=20733 fund_n=9 fund_net=2059 bfx_n=51 bfx_net=15220 154.0s
2026-09-07T02:15:25+00:00 RUN_START C012 OOS [F2]
2026-09-07T02:17:59+00:00 RUN_END C012 OOS net=116114.0 dd=2.9912 sca2_n=94 sca2_net=20733 fund_n=8 fund_net=3456 bfx_n=51 bfx_net=15220 154.0s
2026-09-07T02:17:59+00:00 RUN_START C013 OOS [F2]
2026-09-07T02:20:38+00:00 RUN_END C013 OOS net=114835.0 dd=2.9973 sca2_n=94 sca2_net=20733 fund_n=7 fund_net=2177 bfx_n=51 bfx_net=15220 159.0s
2026-09-07T02:20:38+00:00 RUN_START C014 OOS [F3]
2026-09-07T02:23:12+00:00 RUN_END C014 OOS net=112528.0 dd=3.0649 sca2_n=94 sca2_net=20733 fund_n=13 fund_net=-3435 bfx_n=51 bfx_net=15220 153.9s
2026-09-07T02:23:12+00:00 RUN_START C015 OOS [F3]
2026-09-07T02:25:46+00:00 RUN_END C015 OOS net=116114.0 dd=2.9912 sca2_n=94 sca2_net=20733 fund_n=8 fund_net=3456 bfx_n=51 bfx_net=15220 153.9s
2026-09-07T02:25:46+00:00 RUN_START C016 OOS [F3]
2026-09-07T02:28:15+00:00 RUN_END C016 OOS net=114099.0 dd=3.0649 sca2_n=94 sca2_net=20733 fund_n=12 fund_net=-3435 bfx_n=51 bfx_net=15220 149.0s
2026-09-07T02:28:15+00:00 RUN_START C017 OOS [F3]
2026-09-07T02:30:54+00:00 RUN_END C017 OOS net=116114.0 dd=2.9912 sca2_n=94 sca2_net=20733 fund_n=8 fund_net=3456 bfx_n=51 bfx_net=15220 158.9s
2026-09-07T02:30:54+00:00 RUN_START C018 OOS [B1]
2026-09-07T02:33:33+00:00 RUN_END C018 OOS net=98858.0 dd=4.3173 sca2_n=94 sca2_net=20733 fund_n=10 fund_net=1401 bfx_n=67 bfx_net=-4857 158.9s
2026-09-07T02:33:33+00:00 RUN_START C019 OOS [B1]
2026-09-07T02:36:12+00:00 RUN_END C019 OOS net=113862.0 dd=3.0189 sca2_n=94 sca2_net=20733 fund_n=10 fund_net=1401 bfx_n=57 bfx_net=10147 159.1s
2026-09-07T02:36:12+00:00 RUN_START C020 OOS [B1]
2026-09-07T02:38:46+00:00 RUN_END C020 OOS net=128494.0 dd=2.9655 sca2_n=94 sca2_net=20733 fund_n=10 fund_net=1401 bfx_n=47 bfx_net=24779 154.2s
2026-09-07T02:38:46+00:00 RUN_START C021 OOS [B1]
2026-09-07T02:42:02+00:00 RUN_END C021 OOS net=126540.0 dd=3.4898 sca2_n=94 sca2_net=20733 fund_n=10 fund_net=1401 bfx_n=39 bfx_net=22825 196.0s
2026-09-07T02:42:02+00:00 RUN_START C022 OOS [B1]
2026-09-07T02:44:26+00:00 RUN_END C022 OOS net=114378.0 dd=3.5574 sca2_n=94 sca2_net=20733 fund_n=10 fund_net=1401 bfx_n=32 bfx_net=10663 143.8s
2026-09-07T02:44:26+00:00 RUN_START C023 OOS [B2]
2026-09-07T02:47:05+00:00 RUN_END C023 OOS net=108845.0 dd=4.0477 sca2_n=94 sca2_net=20733 fund_n=10 fund_net=1401 bfx_n=49 bfx_net=5130 158.9s
2026-09-07T02:47:05+00:00 RUN_START C024 OOS [B2]
2026-09-07T02:49:44+00:00 RUN_END C024 OOS net=114004.0 dd=3.0344 sca2_n=94 sca2_net=20733 fund_n=10 fund_net=1401 bfx_n=51 bfx_net=10289 158.9s
2026-09-07T02:49:44+00:00 RUN_START C025 OOS [B2]
2026-09-07T02:52:23+00:00 RUN_END C025 OOS net=113620.0 dd=3.6172 sca2_n=94 sca2_net=20733 fund_n=10 fund_net=1401 bfx_n=54 bfx_net=9905 158.9s
2026-09-07T02:52:23+00:00 RUN_START C026 OOS [B2]
2026-09-07T02:54:56+00:00 RUN_END C026 OOS net=114242.0 dd=4.4588 sca2_n=94 sca2_net=20733 fund_n=10 fund_net=1401 bfx_n=52 bfx_net=10527 153.9s
2026-09-07T02:54:56+00:00 RUN_START C027 OOS [B2]
2026-09-07T02:57:30+00:00 RUN_END C027 OOS net=103043.0 dd=3.6228 sca2_n=94 sca2_net=20733 fund_n=10 fund_net=1401 bfx_n=53 bfx_net=-672 154.0s
2026-09-07T02:57:30+00:00 RUN_START C028 OOS [B3]
2026-09-07T02:59:59+00:00 RUN_END C028 OOS net=106018.0 dd=2.7308 sca2_n=94 sca2_net=20733 fund_n=10 fund_net=1401 bfx_n=86 bfx_net=2303 149.0s
2026-09-07T02:59:59+00:00 RUN_START C029 OOS [B3]
2026-09-07T03:02:23+00:00 RUN_END C029 OOS net=104117.0 dd=2.9288 sca2_n=94 sca2_net=20733 fund_n=10 fund_net=1401 bfx_n=67 bfx_net=402 143.9s
2026-09-07T03:02:23+00:00 RUN_START C030 OOS [B3]
2026-09-07T03:04:57+00:00 RUN_END C030 OOS net=111328.0 dd=2.5938 sca2_n=94 sca2_net=20733 fund_n=10 fund_net=1401 bfx_n=54 bfx_net=7613 154.0s
2026-09-07T03:04:57+00:00 RUN_START C031 OOS [B3]
2026-09-07T03:07:36+00:00 RUN_END C031 OOS net=119609.0 dd=4.9094 sca2_n=94 sca2_net=20733 fund_n=10 fund_net=1401 bfx_n=39 bfx_net=15894 159.0s
2026-09-07T03:07:36+00:00 RUN_START C032 OOS [B3]
2026-09-07T03:10:20+00:00 RUN_END C032 OOS net=99641.0 dd=4.6551 sca2_n=94 sca2_net=20733 fund_n=10 fund_net=1401 bfx_n=34 bfx_net=-4074 164.0s
2026-09-07T03:10:20+00:00 RUN_START C033 OOS [B3]
2026-09-07T03:13:09+00:00 RUN_END C033 OOS net=88651.0 dd=6.0131 sca2_n=94 sca2_net=20733 fund_n=10 fund_net=1401 bfx_n=26 bfx_net=-15064 169.0s
2026-09-07T03:13:09+00:00 RUN_START C034 OOS [B4]
2026-09-07T03:15:38+00:00 RUN_END C034 OOS net=102641.0 dd=3.7226 sca2_n=94 sca2_net=20733 fund_n=10 fund_net=1401 bfx_n=78 bfx_net=-1074 148.9s
2026-09-07T03:15:38+00:00 RUN_START C035 OOS [B4]
2026-09-07T03:18:27+00:00 RUN_END C035 OOS net=100091.0 dd=5.526 sca2_n=94 sca2_net=20733 fund_n=10 fund_net=1401 bfx_n=37 bfx_net=-3624 168.9s
2026-09-07T03:18:27+00:00 RUN_START C036 OOS [B4]
2026-09-07T03:20:51+00:00 RUN_END C036 OOS net=108821.0 dd=2.7601 sca2_n=94 sca2_net=20733 fund_n=10 fund_net=1401 bfx_n=60 bfx_net=5106 144.0s
2026-09-07T03:20:51+00:00 RUN_START C037 OOS [B4]
2026-09-07T03:23:35+00:00 RUN_END C037 OOS net=96276.0 dd=4.4654 sca2_n=94 sca2_net=20733 fund_n=10 fund_net=1401 bfx_n=33 bfx_net=-7439 164.0s
2026-09-07T03:23:35+00:00 RUN_START C038 OOS [X1]
2026-09-07T03:26:04+00:00 RUN_END C038 OOS net=96234.0 dd=3.9801 sca2_n=94 sca2_net=20733 fund_n=13 fund_net=-3435 bfx_n=78 bfx_net=-1074 149.1s
2026-09-07T03:26:04+00:00 RUN_START C039 OOS [X1]
2026-09-07T03:28:28+00:00 RUN_END C039 OOS net=103985.0 dd=3.0212 sca2_n=94 sca2_net=20733 fund_n=12 fund_net=-3435 bfx_n=60 bfx_net=5106 143.9s
2026-09-07T03:28:28+00:00 RUN_START C040 OOS [X1]
2026-09-07T03:31:17+00:00 RUN_END C040 OOS net=93455.0 dd=4.43 sca2_n=94 sca2_net=20733 fund_n=8 fund_net=3456 bfx_n=33 bfx_net=-7439 168.9s
2026-09-07T03:31:17+00:00 RUN_START C041 OOS [X1]
2026-09-07T03:34:06+00:00 RUN_END C041 OOS net=97270.0 dd=5.4905 sca2_n=94 sca2_net=20733 fund_n=8 fund_net=3456 bfx_n=37 bfx_net=-3624 168.9s
2026-09-07T03:34:06+00:00 MEASURE_END rows=81 ok=81 -> C:\Users\f\source\repos\mt5_backtester\ml\crypto1\results.csv
