2026-09-08T00:06:06+00:00 EA_SHA 0cecd7f20eb777c6
2026-09-08T00:06:06+00:00 FXWEIGHT_START jobs=86 done=0
2026-09-08T00:06:06+00:00 RUN_START x1 IS
2026-09-08T00:10:36+00:00 RUN_END x1 IS net=257817.0 dd%=7.314 trades=1595 269.5s
2026-09-08T00:10:36+00:00 RUN_START x1 IS
2026-09-08T00:15:06+00:00 RUN_END x1 IS net=256430.0 dd%=7.279 trades=1590 269.6s
2026-09-08T00:15:06+00:00 RUN_START x1 IS
2026-09-08T00:19:35+00:00 RUN_END x1 IS net=256430.0 dd%=7.279 trades=1590 269.7s
2026-09-08T00:19:35+00:00 RUN_START x1 IS
2026-09-08T00:24:05+00:00 RUN_END x1 IS net=256430.0 dd%=7.279 trades=1590 269.6s
2026-09-08T00:24:05+00:00 RUN_START x1 IS
2026-09-08T00:28:34+00:00 RUN_END x1 IS net=258009.0 dd%=7.279 trades=1591 269.6s
2026-09-08T00:28:34+00:00 RUN_START x1 IS
2026-09-08T00:33:04+00:00 RUN_END x1 IS net=257817.0 dd%=7.314 trades=1595 269.7s
2026-09-08T00:33:04+00:00 RUN_START x1 IS
2026-09-08T00:37:29+00:00 RUN_END x1 IS net=239996.0 dd%=7.1213 trades=1456 264.6s
2026-09-08T00:37:29+00:00 RUN_START x1 IS
2026-09-08T00:41:54+00:00 RUN_END x1 IS net=248451.0 dd%=6.8372 trades=1487 264.9s
2026-09-08T00:41:54+00:00 RUN_START x1 IS
2026-09-08T00:47:16+00:00 RUN_END x1 IS net=254057.0 dd%=6.7224 trades=1502 322.0s
2026-09-08T00:47:16+00:00 RUN_START x1 IS
2026-09-08T00:51:45+00:00 RUN_END x1 IS net=248242.0 dd%=7.0086 trades=1523 269.7s
2026-09-08T00:51:45+00:00 RUN_START x1 IS
2026-09-08T00:56:10+00:00 RUN_END x1 IS net=251170.0 dd%=6.8566 trades=1544 264.6s
2026-09-08T00:56:10+00:00 RUN_START x1 IS
2026-09-08T01:00:30+00:00 RUN_END x1 IS net=251949.0 dd%=6.1198 trades=1292 259.5s
2026-09-08T01:00:30+00:00 RUN_START x1 IS
2026-09-08T01:04:49+00:00 RUN_END x1 IS net=252148.0 dd%=6.2665 trades=1345 259.6s
2026-09-08T01:04:49+00:00 RUN_START x1 IS
2026-09-08T01:09:19+00:00 RUN_END x1 IS net=253650.0 dd%=6.208 trades=1298 269.7s
2026-09-08T01:09:19+00:00 RUN_START x1 IS
2026-09-08T01:13:43+00:00 RUN_END x1 IS net=253012.0 dd%=6.3089 trades=1348 264.6s
2026-09-08T01:13:43+00:00 RUN_START x1 IS
2026-09-08T01:18:14+00:00 RUN_END x1 IS net=246912.0 dd%=6.4829 trades=1273 270.2s
2026-09-08T01:18:14+00:00 RUN_START x1 IS
2026-09-08T01:22:43+00:00 RUN_END x1 IS net=255941.0 dd%=7.314 trades=1594 269.5s
2026-09-08T01:22:43+00:00 RUN_START x1 IS
2026-09-08T01:27:03+00:00 RUN_END x1 IS net=243658.0 dd%=6.6231 trades=1254 259.6s
2026-09-08T01:27:03+00:00 RUN_START x1 IS
2026-09-08T01:31:22+00:00 RUN_END x1 IS net=251949.0 dd%=6.1198 trades=1292 259.6s
2026-09-08T01:31:22+00:00 RUN_START x1 IS
2026-09-08T01:35:42+00:00 RUN_END x1 IS net=243658.0 dd%=6.6231 trades=1254 259.6s
2026-09-08T01:35:42+00:00 RUN_START x1 IS
2026-09-08T01:40:02+00:00 RUN_END x1 IS net=244128.0 dd%=6.7149 trades=1270 259.6s
2026-09-08T01:40:02+00:00 RUN_START x1 IS
2026-09-08T01:44:21+00:00 RUN_END x1 IS net=253012.0 dd%=6.3089 trades=1348 259.6s
2026-09-08T01:44:21+00:00 RUN_START x1 IS
2026-09-08T01:49:37+00:00 RUN_END x1 IS net=244128.0 dd%=6.7149 trades=1270 316.0s
2026-09-08T01:49:37+00:00 RUN_START x1 IS
2026-09-08T01:54:17+00:00 RUN_END x1 IS net=257992.0 dd%=7.279 trades=1594 279.8s
2026-09-08T01:54:17+00:00 RUN_START x1 IS
2026-09-08T01:58:52+00:00 RUN_END x1 IS net=262052.0 dd%=6.8462 trades=1583 274.7s
2026-09-08T01:58:52+00:00 RUN_START x1 IS
2026-09-08T02:03:27+00:00 RUN_END x1 IS net=259317.0 dd%=6.4877 trades=1562 274.9s
2026-09-08T02:03:27+00:00 RUN_START x1 IS
2026-09-08T02:07:56+00:00 RUN_END x1 IS net=257817.0 dd%=7.314 trades=1595 269.7s
2026-09-08T02:07:56+00:00 RUN_START x1 IS
2026-09-08T02:12:26+00:00 RUN_END x1 IS net=256255.0 dd%=7.314 trades=1591 269.6s
2026-09-08T02:12:26+00:00 RUN_START x1 IS
2026-09-08T02:16:56+00:00 RUN_END x1 IS net=254667.0 dd%=6.8107 trades=1533 269.6s
2026-09-08T02:16:56+00:00 RUN_START x1 IS
2026-09-08T02:21:20+00:00 RUN_END x1 IS net=257982.0 dd%=6.1536 trades=1359 264.7s
2026-09-08T02:21:20+00:00 RUN_START x1 IS
2026-09-08T02:26:32+00:00 RUN_END x1 IS net=255941.0 dd%=7.314 trades=1594 311.6s
2026-09-08T02:26:32+00:00 RUN_START x1 IS
2026-09-08T02:31:01+00:00 RUN_END x1 IS net=257817.0 dd%=7.314 trades=1595 269.6s
2026-09-08T02:31:01+00:00 RUN_START x1 IS
2026-09-08T02:35:31+00:00 RUN_END x1 IS net=252970.0 dd%=7.3652 trades=1576 269.6s
2026-09-08T02:35:31+00:00 RUN_START x1 IS
2026-09-08T02:40:01+00:00 RUN_END x1 IS net=245235.0 dd%=7.5096 trades=1542 269.7s
2026-09-08T02:40:01+00:00 RUN_START x1 IS
2026-09-08T02:44:35+00:00 RUN_END x1 IS net=257817.0 dd%=7.314 trades=1595 274.6s
2026-09-08T02:44:35+00:00 RUN_START x1 IS
2026-09-08T02:49:05+00:00 RUN_END x1 IS net=256430.0 dd%=7.279 trades=1590 269.6s
2026-09-08T02:49:05+00:00 RUN_START x1 IS
2026-09-08T02:53:40+00:00 RUN_END x1 IS net=256430.0 dd%=7.279 trades=1590 274.7s
2026-09-08T02:53:40+00:00 RUN_START x1 IS
2026-09-08T02:58:04+00:00 RUN_END x1 IS net=258009.0 dd%=7.279 trades=1591 264.7s
2026-09-08T02:58:04+00:00 RUN_START x1 IS
2026-09-08T03:02:39+00:00 RUN_END x1 IS net=257746.0 dd%=7.314 trades=1594 274.7s
2026-09-08T03:02:39+00:00 RUN_START x1 IS
2026-09-08T03:07:04+00:00 RUN_END x1 IS net=241771.0 dd%=7.3058 trades=1475 264.6s
2026-09-08T03:07:04+00:00 RUN_START x1 IS
2026-09-08T03:11:33+00:00 RUN_END x1 IS net=250803.0 dd%=6.7013 trades=1496 269.6s
2026-09-08T03:11:33+00:00 RUN_START x1 IS
2026-09-08T03:16:03+00:00 RUN_END x1 IS net=252155.0 dd%=6.6305 trades=1518 269.6s
2026-09-08T03:16:03+00:00 RUN_START x1 IS
2026-09-08T03:20:32+00:00 RUN_END x1 IS net=249053.0 dd%=6.7773 trades=1533 269.6s
2026-09-08T03:20:32+00:00 RUN_START x1 OOS
2026-09-08T03:24:42+00:00 RUN_END x1 OOS net=119537.0 dd%=5.2473 trades=1375 249.5s
2026-09-08T03:24:42+00:00 RUN_START x1 OOS
2026-09-08T03:29:01+00:00 RUN_END x1 OOS net=120934.0 dd%=5.2453 trades=1370 259.5s
2026-09-08T03:29:01+00:00 RUN_START x1 OOS
2026-09-08T03:33:16+00:00 RUN_END x1 OOS net=120656.0 dd%=5.2453 trades=1371 254.6s
2026-09-08T03:33:16+00:00 RUN_START x1 OOS
2026-09-08T03:37:26+00:00 RUN_END x1 OOS net=120149.0 dd%=5.2471 trades=1373 249.6s
2026-09-08T03:37:26+00:00 RUN_START x1 OOS
2026-09-08T03:41:35+00:00 RUN_END x1 OOS net=119812.0 dd%=5.2471 trades=1374 249.6s
2026-09-08T03:41:35+00:00 RUN_START x1 OOS
2026-09-08T03:45:50+00:00 RUN_END x1 OOS net=119812.0 dd%=5.2471 trades=1374 254.6s
2026-09-08T03:45:50+00:00 RUN_START x1 OOS
2026-09-08T03:49:59+00:00 RUN_END x1 OOS net=115216.0 dd%=5.7146 trades=1258 249.5s
2026-09-08T03:49:59+00:00 RUN_START x1 OOS
2026-09-08T03:54:09+00:00 RUN_END x1 OOS net=114639.0 dd%=5.518 trades=1269 249.6s
2026-09-08T03:54:09+00:00 RUN_START x1 OOS
2026-09-08T03:58:24+00:00 RUN_END x1 OOS net=115615.0 dd%=5.524 trades=1291 254.6s
2026-09-08T03:58:24+00:00 RUN_START x1 OOS
2026-09-08T04:02:33+00:00 RUN_END x1 OOS net=115353.0 dd%=5.5839 trades=1306 249.6s
2026-09-08T04:02:33+00:00 RUN_START x1 OOS
2026-09-08T04:06:48+00:00 RUN_END x1 OOS net=120406.0 dd%=5.3297 trades=1320 254.6s
2026-09-08T04:06:48+00:00 RUN_START x1 OOS
2026-09-08T04:10:52+00:00 RUN_END x1 OOS net=101637.0 dd%=5.8264 trades=1062 244.6s
2026-09-08T04:10:52+00:00 RUN_START x1 OOS
2026-09-08T04:15:02+00:00 RUN_END x1 OOS net=106786.0 dd%=6.1839 trades=1119 249.6s
2026-09-08T04:15:02+00:00 RUN_START x1 OOS
2026-09-08T04:19:06+00:00 RUN_END x1 OOS net=108048.0 dd%=5.7294 trades=1077 244.5s
2026-09-08T04:19:06+00:00 RUN_START x1 OOS
2026-09-08T04:23:16+00:00 RUN_END x1 OOS net=106596.0 dd%=6.0152 trades=1124 249.5s
2026-09-08T04:23:16+00:00 RUN_START x1 OOS
2026-09-08T04:27:20+00:00 RUN_END x1 OOS net=104749.0 dd%=5.6004 trades=1075 244.5s
2026-09-08T04:27:20+00:00 RUN_START x1 OOS
2026-09-08T04:31:35+00:00 RUN_END x1 OOS net=117308.0 dd%=5.2552 trades=1368 254.6s
2026-09-08T04:31:35+00:00 RUN_START x1 OOS
2026-09-08T04:35:40+00:00 RUN_END x1 OOS net=104916.0 dd%=5.6698 trades=1046 244.5s
2026-09-08T04:35:40+00:00 RUN_START x1 OOS
2026-09-08T04:39:44+00:00 RUN_END x1 OOS net=99365.0 dd%=6.039 trades=1060 244.6s
2026-09-08T04:39:44+00:00 RUN_START x1 OOS
2026-09-08T04:43:48+00:00 RUN_END x1 OOS net=102644.0 dd%=5.882 trades=1044 243.5s
2026-09-08T04:43:48+00:00 RUN_START x1 OOS
2026-09-08T04:47:52+00:00 RUN_END x1 OOS net=104016.0 dd%=5.8509 trades=1063 244.6s
2026-09-08T04:47:52+00:00 RUN_START x1 OOS
2026-09-08T04:51:57+00:00 RUN_END x1 OOS net=104888.0 dd%=6.2264 trades=1121 244.6s
2026-09-08T04:51:57+00:00 RUN_START x1 OOS
2026-09-08T04:56:01+00:00 RUN_END x1 OOS net=102304.0 dd%=6.0628 trades=1060 244.6s
2026-09-08T04:56:01+00:00 RUN_START x1 OOS
2026-09-08T05:00:11+00:00 RUN_END x1 OOS net=119874.0 dd%=5.2473 trades=1374 249.6s
2026-09-08T05:00:11+00:00 RUN_START x1 OOS
2026-09-08T05:04:26+00:00 RUN_END x1 OOS net=119908.0 dd%=5.2608 trades=1360 254.6s
2026-09-08T05:04:26+00:00 RUN_START x1 OOS
2026-09-08T05:08:40+00:00 RUN_END x1 OOS net=119109.0 dd%=5.384 trades=1336 254.6s
2026-09-08T05:08:40+00:00 RUN_START x1 OOS
2026-09-08T05:12:50+00:00 RUN_END x1 OOS net=120163.0 dd%=5.2473 trades=1373 249.6s
2026-09-08T05:12:50+00:00 RUN_START x1 OOS
2026-09-08T05:16:59+00:00 RUN_END x1 OOS net=119812.0 dd%=5.2471 trades=1374 249.6s
2026-09-08T05:16:59+00:00 RUN_START x1 OOS
2026-09-08T05:21:09+00:00 RUN_END x1 OOS net=120205.0 dd%=5.5762 trades=1317 249.5s
2026-09-08T05:21:09+00:00 RUN_START x1 OOS
2026-09-08T05:25:13+00:00 RUN_END x1 OOS net=116464.0 dd%=4.8443 trades=1161 244.5s
2026-09-08T05:25:13+00:00 RUN_START x1 OOS
2026-09-08T05:29:28+00:00 RUN_END x1 OOS net=116682.0 dd%=5.2552 trades=1370 254.6s
2026-09-08T05:29:28+00:00 RUN_START x1 OOS
2026-09-08T05:33:43+00:00 RUN_END x1 OOS net=119537.0 dd%=5.2473 trades=1375 254.6s
2026-09-08T05:33:43+00:00 RUN_START x1 OOS
2026-09-08T05:37:57+00:00 RUN_END x1 OOS net=114579.0 dd%=5.1789 trades=1364 254.7s
2026-09-08T05:37:57+00:00 RUN_START x1 OOS
2026-09-08T05:42:07+00:00 RUN_END x1 OOS net=108254.0 dd%=5.8574 trades=1328 249.6s
2026-09-08T05:42:07+00:00 RUN_START x1 OOS
2026-09-08T05:46:21+00:00 RUN_END x1 OOS net=119537.0 dd%=5.2473 trades=1375 254.6s
2026-09-08T05:46:21+00:00 RUN_START x1 OOS
2026-09-08T05:50:36+00:00 RUN_END x1 OOS net=120656.0 dd%=5.2453 trades=1371 254.7s
2026-09-08T05:50:36+00:00 RUN_START x1 OOS
2026-09-08T05:54:56+00:00 RUN_END x1 OOS net=119812.0 dd%=5.2471 trades=1374 259.6s
2026-09-08T05:54:56+00:00 RUN_START x1 OOS
2026-09-08T05:59:10+00:00 RUN_END x1 OOS net=120149.0 dd%=5.2471 trades=1373 254.5s
2026-09-08T05:59:10+00:00 RUN_START x1 OOS
2026-09-08T06:03:25+00:00 RUN_END x1 OOS net=119812.0 dd%=5.2471 trades=1374 254.6s
2026-09-08T06:03:25+00:00 RUN_START x1 OOS
2026-09-08T06:07:39+00:00 RUN_END x1 OOS net=113315.0 dd%=5.7236 trades=1262 254.7s
2026-09-08T06:07:39+00:00 RUN_START x1 OOS
2026-09-08T06:11:49+00:00 RUN_END x1 OOS net=116916.0 dd%=5.5134 trades=1282 249.5s
2026-09-08T06:11:49+00:00 RUN_START x1 OOS
2026-09-08T06:15:59+00:00 RUN_END x1 OOS net=115049.0 dd%=5.5256 trades=1295 249.7s
2026-09-08T06:15:59+00:00 RUN_START x1 OOS
2026-09-08T06:20:13+00:00 RUN_END x1 OOS net=119033.0 dd%=5.3437 trades=1314 254.5s
2026-09-08T06:20:13+00:00 FXWEIGHT_END -> C:\Users\f\source\repos\mt5_backtester\ml\rsimem1\results.csv
