2026-09-19T11:09:26+00:00 FXQUAL13_START jobs=22 RSI の機構別TP（棚卸しの最後）
2026-09-19T11:09:26+00:00 RUN_START T000 OOS cap=0
2026-09-19T11:13:05+00:00 RUN_END T000 OOS net=1431459.0 dd%=23.4491 trades=1188 219.4s
2026-09-19T11:13:05+00:00 RUN_START T000 IS cap=0
2026-09-19T11:16:55+00:00 RUN_END T000 IS net=4845523.0 dd%=38.8724 trades=1452 229.7s
2026-09-19T11:16:55+00:00 RUN_START T001 OOS cap=0
2026-09-19T11:20:29+00:00 RUN_END T001 OOS net=1442852.0 dd%=22.8064 trades=1184 214.5s
2026-09-19T11:20:29+00:00 RUN_START T001 IS cap=0
2026-09-19T11:24:19+00:00 RUN_END T001 IS net=4890581.0 dd%=38.1788 trades=1437 229.7s
2026-09-19T11:24:19+00:00 RUN_START T002 OOS cap=0
2026-09-19T11:27:49+00:00 RUN_END T002 OOS net=1392501.0 dd%=23.5812 trades=1197 209.7s
2026-09-19T11:27:49+00:00 RUN_START T002 IS cap=0
2026-09-19T11:31:38+00:00 RUN_END T002 IS net=4958562.0 dd%=38.9411 trades=1463 229.6s
2026-09-19T11:31:38+00:00 RUN_START T003 OOS cap=0
2026-09-19T11:35:08+00:00 RUN_END T003 OOS net=1414787.0 dd%=23.308 trades=1189 209.5s
2026-09-19T11:35:08+00:00 RUN_START T003 IS cap=0
2026-09-19T11:38:57+00:00 RUN_END T003 IS net=4861949.0 dd%=38.1886 trades=1452 229.6s
2026-09-19T11:38:57+00:00 RUN_START T004 OOS cap=0
2026-09-19T11:42:32+00:00 RUN_END T004 OOS net=1303786.0 dd%=23.5838 trades=1181 214.4s
2026-09-19T11:42:32+00:00 RUN_START T004 IS cap=0
2026-09-19T11:46:21+00:00 RUN_END T004 IS net=4869590.0 dd%=38.1788 trades=1435 229.4s
2026-09-19T11:46:21+00:00 RUN_START T005 OOS cap=0
2026-09-19T11:49:55+00:00 RUN_END T005 OOS net=1399960.0 dd%=24.8062 trades=1187 214.4s
2026-09-19T11:49:55+00:00 RUN_START T005 IS cap=0
2026-09-19T11:53:45+00:00 RUN_END T005 IS net=5082744.0 dd%=37.6934 trades=1451 229.4s
2026-09-19T11:53:45+00:00 RUN_START T006 OOS cap=0
2026-09-19T11:57:14+00:00 RUN_END T006 OOS net=1341846.0 dd%=25.3628 trades=1188 209.6s
2026-09-19T11:57:14+00:00 RUN_START T006 IS cap=0
2026-09-19T12:01:04+00:00 RUN_END T006 IS net=4678414.0 dd%=39.0662 trades=1452 229.7s
2026-09-19T12:01:04+00:00 RUN_START T007 OOS cap=0
2026-09-19T12:04:44+00:00 RUN_END T007 OOS net=1254677.0 dd%=25.639 trades=1187 219.6s
2026-09-19T12:04:44+00:00 RUN_START T007 IS cap=0
2026-09-19T12:08:43+00:00 RUN_END T007 IS net=5023590.0 dd%=37.8868 trades=1450 239.5s
2026-09-19T12:08:43+00:00 RUN_START T008 OOS cap=0
2026-09-19T12:12:23+00:00 RUN_END T008 OOS net=1472362.0 dd%=26.3337 trades=1188 219.4s
2026-09-19T12:12:23+00:00 RUN_START T008 IS cap=0
2026-09-19T12:16:17+00:00 RUN_END T008 IS net=4944841.0 dd%=37.2279 trades=1447 234.7s
2026-09-19T12:16:17+00:00 RUN_START T009 OOS cap=0
2026-09-19T12:19:52+00:00 RUN_END T009 OOS net=1384465.0 dd%=25.5906 trades=1189 214.7s
2026-09-19T12:19:52+00:00 RUN_START T009 IS cap=0
2026-09-19T12:23:47+00:00 RUN_END T009 IS net=4721042.0 dd%=37.5363 trades=1454 234.7s
2026-09-19T12:23:47+00:00 RUN_START T010 OOS cap=0
2026-09-19T12:27:31+00:00 RUN_END T010 OOS net=1308355.0 dd%=25.2765 trades=1186 224.4s
2026-09-19T12:27:31+00:00 RUN_START T010 IS cap=0
2026-09-19T12:31:26+00:00 RUN_END T010 IS net=4958313.0 dd%=36.492 trades=1446 234.6s
2026-09-19T12:31:26+00:00 FXQUAL13_END -> C:\Users\f\source\repos\mt5_backtester\ml\fxqual13\results.csv
