2026-09-19T03:10:05+00:00 FXQUAL9_START jobs=16 PB armed の寿命6案＋Pair Z転換1案＋対照
2026-09-19T03:10:05+00:00 RUN_START A000 OOS cap=0
2026-09-19T03:13:50+00:00 RUN_END A000 OOS net=117843.0 dd%=5.2719 trades=1375 224.6s
2026-09-19T03:13:50+00:00 RUN_START A000 IS cap=0
2026-09-19T03:17:49+00:00 RUN_END A000 IS net=255445.0 dd%=7.3544 trades=1595 239.7s
2026-09-19T03:17:50+00:00 RUN_START A001 OOS cap=0
2026-09-19T03:21:24+00:00 RUN_END A001 OOS net=113909.0 dd%=5.5047 trades=1361 214.2s
2026-09-19T03:21:24+00:00 RUN_START A001 IS cap=0
2026-09-19T03:25:18+00:00 RUN_END A001 IS net=235033.0 dd%=7.2562 trades=1557 234.2s
2026-09-19T03:25:18+00:00 RUN_START A002 OOS cap=0
2026-09-19T03:28:52+00:00 RUN_END A002 OOS net=112689.0 dd%=5.5171 trades=1362 214.1s
2026-09-19T03:28:52+00:00 RUN_START A002 IS cap=0
2026-09-19T03:32:41+00:00 RUN_END A002 IS net=229562.0 dd%=7.552 trades=1563 229.3s
2026-09-19T03:32:41+00:00 RUN_START A003 OOS cap=0
2026-09-19T03:36:16+00:00 RUN_END A003 OOS net=114096.0 dd%=5.4904 trades=1364 214.5s
2026-09-19T03:36:16+00:00 RUN_START A003 IS cap=0
2026-09-19T03:40:05+00:00 RUN_END A003 IS net=233104.0 dd%=7.552 trades=1568 229.2s
2026-09-19T03:40:05+00:00 RUN_START A004 OOS cap=0
2026-09-19T03:43:40+00:00 RUN_END A004 OOS net=116648.0 dd%=5.7783 trades=1365 214.6s
2026-09-19T03:43:40+00:00 RUN_START A004 IS cap=0
2026-09-19T03:47:29+00:00 RUN_END A004 IS net=235040.0 dd%=7.0786 trades=1570 229.4s
2026-09-19T03:47:29+00:00 RUN_START A005 OOS cap=0
2026-09-19T03:51:08+00:00 RUN_END A005 OOS net=111293.0 dd%=6.267 trades=1371 219.1s
2026-09-19T03:51:08+00:00 RUN_START A005 IS cap=0
2026-09-19T03:55:02+00:00 RUN_END A005 IS net=248400.0 dd%=7.0786 trades=1584 234.1s
2026-09-19T03:55:02+00:00 RUN_START A006 OOS cap=0
2026-09-19T03:58:37+00:00 RUN_END A006 OOS net=101578.0 dd%=5.2624 trades=1368 214.4s
2026-09-19T03:58:37+00:00 RUN_START A006 IS cap=0
2026-09-19T04:02:26+00:00 RUN_END A006 IS net=244055.0 dd%=7.3544 trades=1587 229.5s
2026-09-19T04:02:26+00:00 RUN_START A007 OOS cap=0
2026-09-19T04:06:00+00:00 RUN_END A007 OOS net=118228.0 dd%=5.2972 trades=1361 214.2s
2026-09-19T04:06:00+00:00 RUN_START A007 IS cap=0
2026-09-19T04:10:00+00:00 RUN_END A007 IS net=256260.0 dd%=7.2952 trades=1571 239.3s
2026-09-19T04:10:00+00:00 FXQUAL9_END -> C:\Users\f\source\repos\mt5_backtester\ml\fxqual9\results.csv
