2026-09-13T03:56:12+00:00 RUN_START 6m 2016.11.09 mode=2 k=4.0 cap=3.0
2026-09-13T03:57:47+00:00 RUN_END   6m 2016.11.09 mode=2 -> NO_RESULT net=0.0 dd=0.0 (95.0s)
2026-09-13T03:58:54+00:00 RUN_START 6m 2016.11.09 mode=2 k=4.0 cap=3.0
2026-09-13T03:59:38+00:00 RUN_END   6m 2016.11.09 mode=2 -> RUIN net=-90003.0 dd=90.003 (43.2s)
2026-09-13T07:10:17+00:00 RUN_START 6m 2016.11.09 mode=2 k=4.0 cap=3.0
2026-09-13T07:11:11+00:00 RUN_END   6m 2016.11.09 mode=2 -> REACH net=100021.0 dd=13.8609 (53.5s)
2026-09-13T07:12:12+00:00 START ea_sha=2205d1c4c1f7 deposit=100000
2026-09-13T07:12:12+00:00 RUN_START 6m 2016.11.09 mode=1 k=4.0 cap=3.0
2026-09-13T07:13:05+00:00 RUN_END   6m 2016.11.09 mode=1 -> REACH net=100010.0 dd=29.198 (53.4s)
2026-09-13T07:13:05+00:00 RUN_START 6m 2016.11.09 mode=2 k=4.0 cap=3.0
2026-09-13T07:13:59+00:00 RUN_END   6m 2016.11.09 mode=2 -> REACH net=100021.0 dd=13.8609 (53.5s)
2026-09-13T07:13:59+00:00 RUN_START 6m 2017.05.09 mode=1 k=4.0 cap=3.0
2026-09-13T07:16:08+00:00 RUN_END   6m 2017.05.09 mode=1 -> NO_RESULT net=-36195.0 dd=89.586 (128.7s)
2026-09-13T07:16:08+00:00 RUN_START 6m 2017.05.09 mode=2 k=4.0 cap=3.0
2026-09-13T07:18:59+00:00 RUN_END   6m 2017.05.09 mode=2 -> NO_RESULT net=-51474.0 dd=118.4419 (170.6s)
2026-09-13T07:18:59+00:00 RUN_START 6m 2017.11.09 mode=1 k=4.0 cap=3.0
2026-09-13T07:19:24+00:00 START ea_sha=2205d1c4c1f7 deposit=100000
2026-09-13T07:19:24+00:00 RUN_START 6m 2016.11.09 mode=1 k=4.0 cap=3.0
2026-09-13T07:20:18+00:00 RUN_END   6m 2016.11.09 mode=1 -> REACH net=100010.0 dd=29.198 (53.5s)
2026-09-13T07:20:18+00:00 RUN_START 6m 2016.11.09 mode=2 k=4.0 cap=3.0
2026-09-13T07:21:17+00:00 RUN_END   6m 2016.11.09 mode=2 -> REACH net=100021.0 dd=13.8609 (58.8s)
2026-09-13T07:21:17+00:00 RUN_START 6m 2017.05.09 mode=1 k=4.0 cap=3.0
2026-09-13T07:23:31+00:00 RUN_END   6m 2017.05.09 mode=1 -> DEADLINE net=-36294.0 dd=89.586 (133.9s)
2026-09-13T07:23:31+00:00 RUN_START 6m 2017.05.09 mode=2 k=4.0 cap=3.0
2026-09-13T07:25:45+00:00 RUN_END   6m 2017.05.09 mode=2 -> DEADLINE net=-51807.0 dd=118.4419 (133.9s)
2026-09-13T07:25:45+00:00 RUN_START 6m 2017.11.09 mode=1 k=4.0 cap=3.0
2026-09-13T07:26:39+00:00 RUN_END   6m 2017.11.09 mode=1 -> REACH net=100162.0 dd=30.5224 (53.6s)
2026-09-13T07:26:39+00:00 RUN_START 6m 2017.11.09 mode=2 k=4.0 cap=3.0
2026-09-13T07:27:43+00:00 RUN_END   6m 2017.11.09 mode=2 -> DEADLINE net=-35632.0 dd=72.5364 (63.4s)
2026-09-13T07:27:43+00:00 RUN_START 6m 2018.05.09 mode=1 k=4.0 cap=3.0
2026-09-13T07:28:32+00:00 RUN_END   6m 2018.05.09 mode=1 -> DEADLINE net=-19771.0 dd=49.8 (48.7s)
2026-09-13T07:28:32+00:00 RUN_START 6m 2018.05.09 mode=2 k=4.0 cap=3.0
2026-09-13T07:29:21+00:00 RUN_END   6m 2018.05.09 mode=2 -> DEADLINE net=-38720.0 dd=70.831 (48.4s)
2026-09-13T07:29:21+00:00 RUN_START 6m 2018.11.09 mode=1 k=4.0 cap=3.0
2026-09-13T07:29:59+00:00 RUN_END   6m 2018.11.09 mode=1 -> DEADLINE net=1181.0 dd=67.3939 (38.3s)
2026-09-13T07:29:59+00:00 RUN_START 6m 2018.11.09 mode=2 k=4.0 cap=3.0
2026-09-13T07:30:38+00:00 RUN_END   6m 2018.11.09 mode=2 -> DEADLINE net=15545.0 dd=77.3809 (38.3s)
2026-09-13T07:30:38+00:00 RUN_START 6m 2019.05.09 mode=1 k=4.0 cap=3.0
2026-09-13T07:31:11+00:00 RUN_END   6m 2019.05.09 mode=1 -> DEADLINE net=24705.0 dd=29.3884 (33.3s)
2026-09-13T07:31:11+00:00 RUN_START 6m 2019.05.09 mode=2 k=4.0 cap=3.0
2026-09-13T07:31:45+00:00 RUN_END   6m 2019.05.09 mode=2 -> DEADLINE net=16539.0 dd=39.8396 (33.4s)
2026-09-13T07:31:45+00:00 RUN_START 12m 2016.11.09 mode=1 k=2.0 cap=3.0
2026-09-13T07:33:49+00:00 RUN_END   12m 2016.11.09 mode=1 -> REACH net=100164.0 dd=23.6865 (123.5s)
2026-09-13T07:33:49+00:00 RUN_START 12m 2016.11.09 mode=2 k=2.0 cap=3.0
2026-09-13T07:36:58+00:00 RUN_END   12m 2016.11.09 mode=2 -> REACH net=100032.0 dd=14.6033 (188.6s)
2026-09-13T07:36:58+00:00 RUN_START 12m 2017.11.09 mode=1 k=2.0 cap=3.0
2026-09-13T07:38:32+00:00 RUN_END   12m 2017.11.09 mode=1 -> DEADLINE net=-23482.0 dd=49.3039 (93.4s)
2026-09-13T07:38:32+00:00 RUN_START 12m 2017.11.09 mode=2 k=2.0 cap=3.0
2026-09-13T07:40:05+00:00 RUN_END   12m 2017.11.09 mode=2 -> DEADLINE net=-26899.0 dd=67.0135 (93.4s)
2026-09-13T07:40:05+00:00 RUN_START 12m 2018.11.09 mode=1 k=2.0 cap=3.0
2026-09-13T07:41:04+00:00 RUN_END   12m 2018.11.09 mode=1 -> DEADLINE net=20414.0 dd=38.7082 (58.3s)
2026-09-13T07:41:04+00:00 RUN_START 12m 2018.11.09 mode=2 k=2.0 cap=3.0
2026-09-13T07:42:03+00:00 RUN_END   12m 2018.11.09 mode=2 -> REACH net=100620.0 dd=46.3639 (58.3s)
2026-09-13T07:42:03+00:00 DONE 18 runs -> C:\Users\f\source\repos\mt5_backtester\ml\x2hr\bt_deadline\results.csv
