2026-09-15T03:11:35Z CHAIN_START 掃引の終了を待つ
2026-09-15T03:11:43Z CHAIN_START 掃引の終了を待つ
2026-09-15T03:24:24Z CHAIN_START 掃引の終了を待つ
2026-09-15T05:27:19Z FXRISK3_END を検出
2026-09-15T05:27:42Z FXRISK3_END を検出
2026-09-15T05:28:12Z EA をデプロイして再コンパイルする
2026-09-15T05:28:18Z COMPILE Result: 0 errors, 0 warnings, 1842 ms elapsed, cpu='X64 Regular'
2026-09-15T05:28:18Z FXMARGIN3 を開始する
2026-09-15T05:28:18+00:00 EA_SHA 41fdf3aa9730b636  mtime=2026-09-15 14:28:14.938595
2026-09-15T05:28:18+00:00 FXMARGIN3_START jobs=22 done=0
2026-09-15T05:28:18+00:00 RUN_START U000 OOS cap=0
2026-09-15T05:32:02+00:00 RUN_END U000 OOS net=1213378.0 dd%=29.5436 trades=1375 224.2s
2026-09-15T05:32:02+00:00 U000_CHECK OOS expected net=1213378.0 trades=1375 got net=1213378.0 trades=1375 -> OK
2026-09-15T05:32:02+00:00 RUN_START U000 FULL cap=0
2026-09-15T05:41:57+00:00 RUN_END U000 FULL net=17072185.0 dd%=40.0584 trades=2969 595.1s
2026-09-15T05:41:57+00:00 U000_CHECK FULL expected net=17072185.0 trades=2969 got net=17072185.0 trades=2969 -> OK
2026-09-15T05:41:57+00:00 RUN_START U001 OOS cap=80
2026-09-15T05:45:47+00:00 RUN_END U001 OOS net=6431197.0 dd%=85.3875 trades=1375 229.5s
2026-09-15T05:45:47+00:00 RUN_START U001 FULL cap=80
2026-09-15T05:55:37+00:00 RUN_END U001 FULL net=271741303.0 dd%=89.5129 trades=2969 590.3s
2026-09-15T05:55:37+00:00 RUN_START U002 OOS cap=85
2026-09-15T05:59:27+00:00 RUN_END U002 OOS net=6431197.0 dd%=85.3875 trades=1375 229.4s
2026-09-15T05:59:27+00:00 RUN_START U002 FULL cap=85
2026-09-15T06:09:52+00:00 RUN_END U002 FULL net=271741303.0 dd%=89.5129 trades=2969 625.5s
2026-09-15T06:09:52+00:00 RUN_START U003 OOS cap=75
2026-09-15T06:10:10Z CHAIN_END exit=127
