2026-09-05T19:56:02+00:00 CONFIRM_START jobs=14
2026-09-05T19:56:02+00:00 RUN_START BASELINE IS
2026-09-05T19:57:31+00:00 RUN_END BASELINE IS net=502827.0 dd=4.3512 sca3= 88.7s
2026-09-05T19:57:31+00:00 RUN_START S3018 IS
2026-09-05T19:59:05+00:00 RUN_END S3018 IS net=577782.0 dd=4.6724 sca3=78485 93.7s
2026-09-05T19:59:05+00:00 RUN_START S3017 IS
2026-09-05T20:00:33+00:00 RUN_END S3017 IS net=569584.0 dd=4.7948 sca3=70287 88.7s
2026-09-05T20:00:33+00:00 RUN_START S3016 IS
2026-09-05T20:02:07+00:00 RUN_END S3016 IS net=547616.0 dd=4.125 sca3=48319 93.8s
2026-09-05T20:02:07+00:00 RUN_START S3001 IS
2026-09-05T20:03:41+00:00 RUN_END S3001 IS net=608453.0 dd=4.855 sca3=109156 93.7s
2026-09-05T20:03:41+00:00 RUN_START FULL_BASE IS
2026-09-05T20:08:10+00:00 RUN_END FULL_BASE IS net=610318.0 dd=5.4575 sca3= 269.0s
2026-09-05T20:08:10+00:00 RUN_START FULL_S3018 IS
2026-09-05T20:12:39+00:00 RUN_END FULL_S3018 IS net=685273.0 dd=5.2183 sca3=74955 269.1s
2026-09-05T20:12:39+00:00 RUN_START BASELINE OOS
2026-09-05T20:13:43+00:00 RUN_END BASELINE OOS net=97336.0 dd=2.2237 sca3= 63.8s
2026-09-05T20:13:43+00:00 RUN_START S3018 OOS
2026-09-05T20:14:51+00:00 RUN_END S3018 OOS net=120671.0 dd=2.6252 sca3=26646 68.7s
2026-09-05T20:14:51+00:00 RUN_START S3017 OOS
2026-09-05T20:16:00+00:00 RUN_END S3017 OOS net=114311.0 dd=3.0315 sca3=20286 68.5s
2026-09-05T20:16:00+00:00 RUN_START S3016 OOS
2026-09-05T20:17:08+00:00 RUN_END S3016 OOS net=110236.0 dd=2.4866 sca3=16211 68.6s
2026-09-05T20:17:08+00:00 RUN_START S3001 OOS
2026-09-05T20:18:17+00:00 RUN_END S3001 OOS net=114549.0 dd=2.7161 sca3=20524 68.6s
2026-09-05T20:18:17+00:00 RUN_START FULL_BASE OOS
2026-09-05T20:20:51+00:00 RUN_END FULL_BASE OOS net=118935.0 dd=2.9946 sca3= 153.8s
2026-09-05T20:20:51+00:00 RUN_START FULL_S3018 OOS
2026-09-05T20:23:25+00:00 RUN_END FULL_S3018 OOS net=142270.0 dd=3.0801 sca3=23335 153.8s
2026-09-05T20:23:25+00:00 CONFIRM_END rows=14 -> C:\Users\f\source\repos\mt5_backtester\ml\sca3\confirm_results.csv
2026-09-05T20:24:53+00:00 CONFIRM_FULL_START jobs=8
2026-09-05T20:24:53+00:00 RUN_START FULL_BASE2 IS
2026-09-05T20:29:22+00:00 RUN_END FULL_BASE2 IS net=610318.0 dd=5.4575 sca3= 269.0s
2026-09-05T20:29:22+00:00 RUN_START FULL_S3017 IS
2026-09-05T20:33:56+00:00 RUN_END FULL_S3017 IS net=677075.0 dd=5.3393 sca3=66757 274.1s
2026-09-05T20:33:56+00:00 RUN_START FULL_S3016 IS
2026-09-05T20:38:25+00:00 RUN_END FULL_S3016 IS net=655107.0 dd=4.9126 sca3=44789 269.2s
2026-09-05T20:38:25+00:00 RUN_START FULL_S3001 IS
2026-09-05T20:42:54+00:00 RUN_END FULL_S3001 IS net=715944.0 dd=5.3818 sca3=105626 269.0s
2026-09-05T20:42:54+00:00 RUN_START FULL_BASE2 OOS
2026-09-05T20:45:23+00:00 RUN_END FULL_BASE2 OOS net=118935.0 dd=2.9946 sca3= 148.9s
2026-09-05T20:45:23+00:00 RUN_START FULL_S3017 OOS
2026-09-05T20:47:57+00:00 RUN_END FULL_S3017 OOS net=135910.0 dd=3.5854 sca3=16975 153.9s
2026-09-05T20:47:57+00:00 RUN_START FULL_S3016 OOS
2026-09-05T20:50:31+00:00 RUN_END FULL_S3016 OOS net=131835.0 dd=3.5208 sca3=12900 153.9s
2026-09-05T20:50:31+00:00 RUN_START FULL_S3001 OOS
2026-09-05T20:53:20+00:00 RUN_END FULL_S3001 OOS net=136148.0 dd=3.3123 sca3=17213 168.9s
2026-09-05T20:53:20+00:00 CONFIRM_FULL_END rows=8 -> C:\Users\f\source\repos\mt5_backtester\ml\sca3\confirm_full_results.csv
2026-09-05T20:54:33+00:00 CONFIRM_TE_START jobs=12
2026-09-05T20:54:33+00:00 RUN_START FULL_BASE3 IS
2026-09-05T20:58:57+00:00 RUN_END FULL_BASE3 IS net=610318.0 dd=5.4575 sca3= 264.0s
2026-09-05T20:58:57+00:00 RUN_START TE14 IS
2026-09-05T21:03:26+00:00 RUN_END TE14 IS net=654472.0 dd=4.7737 sca3=44154 269.2s
2026-09-05T21:03:26+00:00 RUN_START TE16 IS
2026-09-05T21:07:56+00:00 RUN_END TE16 IS net=679558.0 dd=5.4065 sca3=69240 269.5s
2026-09-05T21:07:56+00:00 RUN_START TE17 IS
2026-09-05T21:12:25+00:00 RUN_END TE17 IS net=685273.0 dd=5.2183 sca3=74955 269.2s
2026-09-05T21:12:25+00:00 RUN_START TE18 IS
2026-09-05T21:16:54+00:00 RUN_END TE18 IS net=718618.0 dd=5.3548 sca3=108300 269.0s
2026-09-05T21:16:54+00:00 RUN_START TE19 IS
2026-09-05T21:21:28+00:00 RUN_END TE19 IS net=714608.0 dd=5.3294 sca3=104290 274.1s
2026-09-05T21:21:28+00:00 RUN_START FULL_BASE3 OOS
2026-09-05T21:24:02+00:00 RUN_END FULL_BASE3 OOS net=118935.0 dd=2.9946 sca3= 153.8s
2026-09-05T21:24:02+00:00 RUN_START TE14 OOS
2026-09-05T21:26:36+00:00 RUN_END TE14 OOS net=139856.0 dd=3.1092 sca3=20921 153.8s
2026-09-05T21:26:36+00:00 RUN_START TE16 OOS
2026-09-05T21:29:14+00:00 RUN_END TE16 OOS net=141060.0 dd=3.1279 sca3=22125 158.9s
2026-09-05T21:29:14+00:00 RUN_START TE17 OOS
2026-09-05T21:31:48+00:00 RUN_END TE17 OOS net=142270.0 dd=3.0801 sca3=23335 153.8s
2026-09-05T21:31:48+00:00 RUN_START TE18 OOS
2026-09-05T21:34:27+00:00 RUN_END TE18 OOS net=135616.0 dd=3.2692 sca3=16681 158.9s
2026-09-05T21:34:27+00:00 RUN_START TE19 OOS
2026-09-05T21:37:06+00:00 RUN_END TE19 OOS net=134125.0 dd=3.3123 sca3=15190 158.8s
2026-09-05T21:37:06+00:00 CONFIRM_TE_END rows=12 -> C:\Users\f\source\repos\mt5_backtester\ml\sca3\confirm_tradeend_results.csv
