2026-09-05T17:52:45+00:00 EA_SHA 97c6db7eb5ec65d8 150128bytes
2026-09-05T17:52:45+00:00 MEASURE_START proposals=45 remaining=90 done=0
2026-09-05T17:52:45+00:00 RUN_START S3001 IS [T1_window]
2026-09-05T17:54:19+00:00 RUN_END S3001 IS net=608453.0 dd=4.855 sca2_n=91 sca2_net=123237 sca3_n=147 sca3_net=109156 93.8s
2026-09-05T17:54:19+00:00 RUN_START S3002 IS [T1_window]
2026-09-05T17:55:47+00:00 RUN_END S3002 IS net=556181.0 dd=4.3469 sca2_n=91 sca2_net=123237 sca3_n=13 sca3_net=56884 88.7s
2026-09-05T17:55:47+00:00 RUN_START S3003 IS [T1_window]
2026-09-05T17:57:21+00:00 RUN_END S3003 IS net=637705.0 dd=3.8132 sca2_n=91 sca2_net=123237 sca3_n=56 sca3_net=138408 93.7s
2026-09-05T17:57:21+00:00 RUN_START S3004 IS [T1_window]
2026-09-05T17:58:55+00:00 RUN_END S3004 IS net=590286.0 dd=5.5876 sca2_n=91 sca2_net=123237 sca3_n=145 sca3_net=90989 93.7s
2026-09-05T17:58:55+00:00 RUN_START S3005 IS [T1_window]
2026-09-05T18:00:23+00:00 RUN_END S3005 IS net=571519.0 dd=4.5712 sca2_n=91 sca2_net=123237 sca3_n=30 sca3_net=72222 88.7s
2026-09-05T18:00:23+00:00 RUN_START S3006 IS [T1_window]
2026-09-05T18:01:57+00:00 RUN_END S3006 IS net=702017.0 dd=4.2911 sca2_n=91 sca2_net=123237 sca3_n=105 sca3_net=202720 93.7s
2026-09-05T18:01:57+00:00 RUN_START S3007 IS [T1_window]
2026-09-05T18:03:31+00:00 RUN_END S3007 IS net=679111.0 dd=4.6695 sca2_n=91 sca2_net=123237 sca3_n=233 sca3_net=179814 93.8s
2026-09-05T18:03:31+00:00 RUN_START S3008 IS [T1_window]
2026-09-05T18:05:00+00:00 RUN_END S3008 IS net=588325.0 dd=4.6023 sca2_n=91 sca2_net=123237 sca3_n=34 sca3_net=89028 88.7s
2026-09-05T18:05:00+00:00 RUN_START S3009 IS [T1_window]
2026-09-05T18:06:34+00:00 RUN_END S3009 IS net=536233.0 dd=7.6406 sca2_n=91 sca2_net=123237 sca3_n=251 sca3_net=36936 93.8s
2026-09-05T18:06:34+00:00 RUN_START S3010 IS [T1_window]
2026-09-05T18:08:07+00:00 RUN_END S3010 IS net=599339.0 dd=3.2597 sca2_n=91 sca2_net=123237 sca3_n=40 sca3_net=100042 93.7s
2026-09-05T18:08:07+00:00 RUN_START S3011 IS [T1_window]
2026-09-05T18:09:41+00:00 RUN_END S3011 IS net=533993.0 dd=5.8457 sca2_n=91 sca2_net=123237 sca3_n=128 sca3_net=34696 93.7s
2026-09-05T18:09:41+00:00 RUN_START S3012 IS [T1_window]
2026-09-05T18:11:15+00:00 RUN_END S3012 IS net=515304.0 dd=6.6712 sca2_n=91 sca2_net=123237 sca3_n=216 sca3_net=16007 93.7s
2026-09-05T18:11:15+00:00 RUN_START S3013 IS [T1_window]
2026-09-05T18:12:43+00:00 RUN_END S3013 IS net=513725.0 dd=4.5901 sca2_n=91 sca2_net=123237 sca3_n=38 sca3_net=14428 88.7s
2026-09-05T18:12:43+00:00 RUN_START S3014 IS [T1_window]
2026-09-05T18:14:17+00:00 RUN_END S3014 IS net=569344.0 dd=4.6151 sca2_n=91 sca2_net=123237 sca3_n=74 sca3_net=70047 93.7s
2026-09-05T18:14:17+00:00 RUN_START S3015 IS [T1_window]
2026-09-05T18:15:46+00:00 RUN_END S3015 IS net=524341.0 dd=4.2166 sca2_n=91 sca2_net=123237 sca3_n=15 sca3_net=25044 88.7s
2026-09-05T18:15:46+00:00 RUN_START S3016 IS [T2_trade_end]
2026-09-05T18:17:19+00:00 RUN_END S3016 IS net=547616.0 dd=4.125 sca2_n=91 sca2_net=123237 sca3_n=58 sca3_net=48319 93.8s
2026-09-05T18:17:19+00:00 RUN_START S3017 IS [T2_trade_end]
2026-09-05T18:18:48+00:00 RUN_END S3017 IS net=569584.0 dd=4.7948 sca2_n=91 sca2_net=123237 sca3_n=90 sca3_net=70287 88.7s
2026-09-05T18:18:48+00:00 RUN_START S3018 IS [T2_trade_end]
2026-09-05T18:20:19+00:00 RUN_END S3018 IS net=577782.0 dd=4.6724 sca2_n=91 sca2_net=123237 sca3_n=121 sca3_net=78485 91.3s
2026-09-05T18:20:19+00:00 RUN_START S3019 IS [T2_trade_end]
2026-09-05T18:21:53+00:00 RUN_END S3019 IS net=607117.0 dd=4.795 sca2_n=91 sca2_net=123237 sca3_n=142 sca3_net=107820 93.6s
2026-09-05T18:21:53+00:00 RUN_START S3020 IS [T2_trade_end]
2026-09-05T18:23:22+00:00 RUN_END S3020 IS net=599364.0 dd=4.8511 sca2_n=91 sca2_net=123237 sca3_n=151 sca3_net=100067 88.7s
2026-09-05T18:23:22+00:00 RUN_START S3021 IS [T2_trade_end]
2026-09-05T18:24:55+00:00 RUN_END S3021 IS net=592991.0 dd=4.9038 sca2_n=91 sca2_net=123237 sca3_n=154 sca3_net=93694 93.7s
2026-09-05T18:24:55+00:00 RUN_START S3022 IS [T3_force_close]
2026-09-05T18:26:29+00:00 RUN_END S3022 IS net=564776.0 dd=4.4174 sca2_n=91 sca2_net=123237 sca3_n=147 sca3_net=65479 93.6s
2026-09-05T18:26:29+00:00 RUN_START S3023 IS [T3_force_close]
2026-09-05T18:28:03+00:00 RUN_END S3023 IS net=515344.0 dd=5.7901 sca2_n=91 sca2_net=123237 sca3_n=147 sca3_net=16047 93.7s
2026-09-05T18:28:03+00:00 RUN_START S3024 IS [T3_force_close]
2026-09-05T18:29:31+00:00 RUN_END S3024 IS net=570467.0 dd=4.8415 sca2_n=91 sca2_net=123237 sca3_n=147 sca3_net=71170 88.7s
2026-09-05T18:29:31+00:00 RUN_START S3025 IS [T3_force_close]
2026-09-05T18:31:05+00:00 RUN_END S3025 IS net=749830.0 dd=6.773 sca2_n=91 sca2_net=123237 sca3_n=145 sca3_net=250533 93.8s
2026-09-05T18:31:05+00:00 RUN_START S3026 IS [T4_range_filter]
2026-09-05T18:32:44+00:00 RUN_END S3026 IS net=546316.0 dd=11.1819 sca2_n=91 sca2_net=123237 sca3_n=977 sca3_net=47019 98.8s
2026-09-05T18:32:44+00:00 RUN_START S3027 IS [T4_range_filter]
2026-09-05T18:34:23+00:00 RUN_END S3027 IS net=556545.0 dd=10.6936 sca2_n=91 sca2_net=123237 sca3_n=982 sca3_net=57248 98.9s
2026-09-05T18:34:23+00:00 RUN_START S3028 IS [T4_range_filter]
2026-09-05T18:35:57+00:00 RUN_END S3028 IS net=617604.0 dd=8.4506 sca2_n=91 sca2_net=123237 sca3_n=417 sca3_net=118307 93.7s
2026-09-05T18:35:57+00:00 RUN_START S3029 IS [T4_range_filter]
2026-09-05T18:37:30+00:00 RUN_END S3029 IS net=627833.0 dd=7.6639 sca2_n=91 sca2_net=123237 sca3_n=422 sca3_net=128536 93.7s
2026-09-05T18:37:30+00:00 RUN_START S3030 IS [T4_range_filter]
2026-09-05T18:39:04+00:00 RUN_END S3030 IS net=660501.0 dd=7.6597 sca2_n=91 sca2_net=123237 sca3_n=424 sca3_net=161204 93.7s
2026-09-05T18:39:04+00:00 RUN_START S3031 IS [T4_range_filter]
2026-09-05T18:40:33+00:00 RUN_END S3031 IS net=611314.0 dd=3.296 sca2_n=91 sca2_net=123237 sca3_n=52 sca3_net=112017 88.7s
2026-09-05T18:40:33+00:00 RUN_START S3032 IS [T4_range_filter]
2026-09-05T18:42:01+00:00 RUN_END S3032 IS net=621543.0 dd=3.2622 sca2_n=91 sca2_net=123237 sca3_n=57 sca3_net=122246 88.8s
2026-09-05T18:42:01+00:00 RUN_START S3033 IS [T4_range_filter]
2026-09-05T18:43:30+00:00 RUN_END S3033 IS net=654211.0 dd=3.2603 sca2_n=91 sca2_net=123237 sca3_n=59 sca3_net=154914 88.7s
2026-09-05T18:43:30+00:00 RUN_START S3034 IS [T5_rr]
2026-09-05T18:45:04+00:00 RUN_END S3034 IS net=620863.0 dd=5.1276 sca2_n=91 sca2_net=123237 sca3_n=147 sca3_net=121566 93.7s
2026-09-05T18:45:04+00:00 RUN_START S3035 IS [T5_rr]
2026-09-05T18:46:38+00:00 RUN_END S3035 IS net=589287.0 dd=5.028 sca2_n=91 sca2_net=123237 sca3_n=147 sca3_net=89990 93.8s
2026-09-05T18:46:38+00:00 RUN_START S3036 IS [T5_rr]
2026-09-05T18:48:12+00:00 RUN_END S3036 IS net=605217.0 dd=4.7776 sca2_n=91 sca2_net=123237 sca3_n=147 sca3_net=105920 94.1s
2026-09-05T18:48:12+00:00 RUN_START S3037 IS [T5_rr]
2026-09-05T18:50:28+00:00 RUN_END S3037 IS net=568372.0 dd=4.766 sca2_n=91 sca2_net=123237 sca3_n=146 sca3_net=69075 135.8s
2026-09-05T18:50:28+00:00 RUN_START S3038 IS [T5_rr]
2026-09-05T18:52:01+00:00 RUN_END S3038 IS net=554675.0 dd=4.7492 sca2_n=91 sca2_net=123237 sca3_n=146 sca3_net=55378 93.7s
2026-09-05T18:52:01+00:00 RUN_START S3039 IS [T6_buffer]
2026-09-05T18:53:35+00:00 RUN_END S3039 IS net=565357.0 dd=5.0307 sca2_n=91 sca2_net=123237 sca3_n=145 sca3_net=66060 93.6s
2026-09-05T18:53:35+00:00 RUN_START S3040 IS [T6_buffer]
2026-09-05T18:55:04+00:00 RUN_END S3040 IS net=568892.0 dd=5.14 sca2_n=91 sca2_net=123237 sca3_n=133 sca3_net=69595 88.7s
2026-09-05T18:55:04+00:00 RUN_START S3041 IS [T6_buffer]
2026-09-05T18:56:37+00:00 RUN_END S3041 IS net=593489.0 dd=5.0875 sca2_n=91 sca2_net=123237 sca3_n=116 sca3_net=94192 93.7s
2026-09-05T18:56:37+00:00 RUN_START S3042 IS [T7_friday_boost]
2026-09-05T18:58:11+00:00 RUN_END S3042 IS net=727940.0 dd=4.4959 sca2_n=91 sca2_net=123237 sca3_n=181 sca3_net=228643 93.7s
2026-09-05T18:58:11+00:00 RUN_START S3043 IS [T7_friday_boost]
2026-09-05T18:59:45+00:00 RUN_END S3043 IS net=591536.0 dd=4.4202 sca2_n=91 sca2_net=123237 sca3_n=147 sca3_net=92239 93.6s
2026-09-05T18:59:45+00:00 RUN_START S3044 IS [T7_friday_boost]
2026-09-05T19:01:13+00:00 RUN_END S3044 IS net=591536.0 dd=4.4202 sca2_n=91 sca2_net=123237 sca3_n=147 sca3_net=92239 88.7s
2026-09-05T19:01:13+00:00 RUN_START S3045 IS [T7_friday_boost]
2026-09-05T19:02:47+00:00 RUN_END S3045 IS net=625375.0 dd=5.3597 sca2_n=91 sca2_net=123237 sca3_n=147 sca3_net=126078 93.7s
2026-09-05T19:02:47+00:00 RUN_START S3001 OOS [T1_window]
2026-09-05T19:03:56+00:00 RUN_END S3001 OOS net=114549.0 dd=2.7161 sca2_n=94 sca2_net=20733 sca3_n=150 sca3_net=20524 68.6s
2026-09-05T19:03:56+00:00 RUN_START S3002 OOS [T1_window]
2026-09-05T19:05:04+00:00 RUN_END S3002 OOS net=104783.0 dd=2.2237 sca2_n=94 sca2_net=20733 sca3_n=3 sca3_net=10758 68.6s
2026-09-05T19:05:04+00:00 RUN_START S3003 OOS [T1_window]
2026-09-05T19:06:13+00:00 RUN_END S3003 OOS net=90579.0 dd=2.6182 sca2_n=94 sca2_net=20733 sca3_n=28 sca3_net=-3446 68.5s
2026-09-05T19:06:13+00:00 RUN_START S3004 OOS [T1_window]
2026-09-05T19:07:21+00:00 RUN_END S3004 OOS net=101653.0 dd=3.0817 sca2_n=94 sca2_net=20733 sca3_n=112 sca3_net=7628 68.6s
2026-09-05T19:07:21+00:00 RUN_START S3005 OOS [T1_window]
2026-09-05T19:08:30+00:00 RUN_END S3005 OOS net=87340.0 dd=2.5444 sca2_n=94 sca2_net=20733 sca3_n=11 sca3_net=-6685 68.6s
2026-09-05T19:08:30+00:00 RUN_START S3006 OOS [T1_window]
2026-09-05T19:09:38+00:00 RUN_END S3006 OOS net=80837.0 dd=4.029 sca2_n=94 sca2_net=20733 sca3_n=83 sca3_net=-13188 68.6s
2026-09-05T19:09:38+00:00 RUN_START S3007 OOS [T1_window]
2026-09-05T19:10:47+00:00 RUN_END S3007 OOS net=106564.0 dd=3.2361 sca2_n=94 sca2_net=20733 sca3_n=215 sca3_net=12539 68.6s
2026-09-05T19:10:47+00:00 RUN_START S3008 OOS [T1_window]
2026-09-05T19:11:56+00:00 RUN_END S3008 OOS net=85755.0 dd=3.161 sca2_n=94 sca2_net=20733 sca3_n=34 sca3_net=-8270 68.5s
2026-09-05T19:11:56+00:00 RUN_START S3009 OOS [T1_window]
2026-09-05T19:13:04+00:00 RUN_END S3009 OOS net=97968.0 dd=3.459 sca2_n=94 sca2_net=20733 sca3_n=244 sca3_net=3943 68.6s
2026-09-05T19:13:04+00:00 RUN_START S3010 OOS [T1_window]
2026-09-05T19:14:13+00:00 RUN_END S3010 OOS net=104646.0 dd=2.8122 sca2_n=94 sca2_net=20733 sca3_n=59 sca3_net=10621 68.6s
2026-09-05T19:14:13+00:00 RUN_START S3011 OOS [T1_window]
2026-09-05T19:15:21+00:00 RUN_END S3011 OOS net=99263.0 dd=3.5207 sca2_n=94 sca2_net=20733 sca3_n=137 sca3_net=5238 68.6s
2026-09-05T19:15:21+00:00 RUN_START S3012 OOS [T1_window]
2026-09-05T19:16:30+00:00 RUN_END S3012 OOS net=99297.0 dd=4.6396 sca2_n=94 sca2_net=20733 sca3_n=214 sca3_net=5272 68.6s
2026-09-05T19:16:30+00:00 RUN_START S3013 OOS [T1_window]
2026-09-05T19:17:39+00:00 RUN_END S3013 OOS net=91831.0 dd=2.5649 sca2_n=94 sca2_net=20733 sca3_n=36 sca3_net=-2194 68.7s
2026-09-05T19:17:39+00:00 RUN_START S3014 OOS [T1_window]
2026-09-05T19:18:47+00:00 RUN_END S3014 OOS net=75008.0 dd=4.131 sca2_n=94 sca2_net=20733 sca3_n=98 sca3_net=-19017 68.6s
2026-09-05T19:18:47+00:00 RUN_START S3015 OOS [T1_window]
2026-09-05T19:19:56+00:00 RUN_END S3015 OOS net=105510.0 dd=2.4506 sca2_n=94 sca2_net=20733 sca3_n=26 sca3_net=11485 68.5s
2026-09-05T19:19:56+00:00 RUN_START S3016 OOS [T2_trade_end]
2026-09-05T19:21:04+00:00 RUN_END S3016 OOS net=110236.0 dd=2.4866 sca2_n=94 sca2_net=20733 sca3_n=64 sca3_net=16211 68.6s
2026-09-05T19:21:04+00:00 RUN_START S3017 OOS [T2_trade_end]
2026-09-05T19:22:13+00:00 RUN_END S3017 OOS net=114311.0 dd=3.0315 sca2_n=94 sca2_net=20733 sca3_n=94 sca3_net=20286 68.6s
2026-09-05T19:22:13+00:00 RUN_START S3018 OOS [T2_trade_end]
2026-09-05T19:23:22+00:00 RUN_END S3018 OOS net=120671.0 dd=2.6252 sca2_n=94 sca2_net=20733 sca3_n=126 sca3_net=26646 68.6s
2026-09-05T19:23:22+00:00 RUN_START S3019 OOS [T2_trade_end]
2026-09-05T19:24:30+00:00 RUN_END S3019 OOS net=112526.0 dd=2.7852 sca2_n=94 sca2_net=20733 sca3_n=145 sca3_net=18501 68.6s
2026-09-05T19:24:30+00:00 RUN_START S3020 OOS [T2_trade_end]
2026-09-05T19:25:39+00:00 RUN_END S3020 OOS net=112718.0 dd=2.7358 sca2_n=94 sca2_net=20733 sca3_n=158 sca3_net=18693 68.6s
2026-09-05T19:25:39+00:00 RUN_START S3021 OOS [T2_trade_end]
2026-09-05T19:26:47+00:00 RUN_END S3021 OOS net=110966.0 dd=2.7372 sca2_n=94 sca2_net=20733 sca3_n=161 sca3_net=16941 68.6s
2026-09-05T19:26:47+00:00 RUN_START S3022 OOS [T3_force_close]
2026-09-05T19:27:56+00:00 RUN_END S3022 OOS net=103898.0 dd=3.4631 sca2_n=94 sca2_net=20733 sca3_n=150 sca3_net=9873 68.6s
2026-09-05T19:27:56+00:00 RUN_START S3023 OOS [T3_force_close]
2026-09-05T19:29:05+00:00 RUN_END S3023 OOS net=106578.0 dd=3.5876 sca2_n=94 sca2_net=20733 sca3_n=150 sca3_net=12553 68.6s
2026-09-05T19:29:05+00:00 RUN_START S3024 OOS [T3_force_close]
2026-09-05T19:30:13+00:00 RUN_END S3024 OOS net=106989.0 dd=3.6008 sca2_n=94 sca2_net=20733 sca3_n=150 sca3_net=12964 68.6s
2026-09-05T19:30:13+00:00 RUN_START S3025 OOS [T3_force_close]
2026-09-05T19:31:22+00:00 RUN_END S3025 OOS net=92311.0 dd=4.0114 sca2_n=94 sca2_net=20733 sca3_n=144 sca3_net=-1714 68.6s
2026-09-05T19:31:22+00:00 RUN_START S3026 OOS [T4_range_filter]
2026-09-05T19:32:35+00:00 RUN_END S3026 OOS net=49639.0 dd=11.0792 sca2_n=94 sca2_net=20733 sca3_n=929 sca3_net=-44386 73.7s
2026-09-05T19:32:35+00:00 RUN_START S3027 OOS [T4_range_filter]
2026-09-05T19:33:49+00:00 RUN_END S3027 OOS net=51963.0 dd=11.1286 sca2_n=94 sca2_net=20733 sca3_n=931 sca3_net=-42062 73.6s
2026-09-05T19:33:49+00:00 RUN_START S3028 OOS [T4_range_filter]
2026-09-05T19:34:58+00:00 RUN_END S3028 OOS net=108468.0 dd=4.6027 sca2_n=94 sca2_net=20733 sca3_n=388 sca3_net=14443 68.6s
2026-09-05T19:34:58+00:00 RUN_START S3029 OOS [T4_range_filter]
2026-09-05T19:36:06+00:00 RUN_END S3029 OOS net=110792.0 dd=4.6522 sca2_n=94 sca2_net=20733 sca3_n=390 sca3_net=16767 68.8s
2026-09-05T19:36:06+00:00 RUN_START S3030 OOS [T4_range_filter]
2026-09-05T19:37:15+00:00 RUN_END S3030 OOS net=102176.0 dd=4.6522 sca2_n=94 sca2_net=20733 sca3_n=393 sca3_net=8151 68.6s
2026-09-05T19:37:15+00:00 RUN_START S3031 OOS [T4_range_filter]
2026-09-05T19:38:24+00:00 RUN_END S3031 OOS net=106560.0 dd=2.3879 sca2_n=94 sca2_net=20733 sca3_n=63 sca3_net=12535 68.7s
2026-09-05T19:38:24+00:00 RUN_START S3032 OOS [T4_range_filter]
2026-09-05T19:39:32+00:00 RUN_END S3032 OOS net=108884.0 dd=2.3891 sca2_n=94 sca2_net=20733 sca3_n=65 sca3_net=14859 68.5s
2026-09-05T19:39:32+00:00 RUN_START S3033 OOS [T4_range_filter]
2026-09-05T19:40:41+00:00 RUN_END S3033 OOS net=100268.0 dd=3.0113 sca2_n=94 sca2_net=20733 sca3_n=68 sca3_net=6243 68.6s
2026-09-05T19:40:41+00:00 RUN_START S3034 OOS [T5_rr]
2026-09-05T19:41:49+00:00 RUN_END S3034 OOS net=111466.0 dd=2.4366 sca2_n=94 sca2_net=20733 sca3_n=150 sca3_net=17441 68.6s
2026-09-05T19:41:49+00:00 RUN_START S3035 OOS [T5_rr]
2026-09-05T19:42:58+00:00 RUN_END S3035 OOS net=114213.0 dd=2.6903 sca2_n=94 sca2_net=20733 sca3_n=150 sca3_net=20188 68.6s
2026-09-05T19:42:58+00:00 RUN_START S3036 OOS [T5_rr]
2026-09-05T19:44:06+00:00 RUN_END S3036 OOS net=117988.0 dd=2.674 sca2_n=94 sca2_net=20733 sca3_n=150 sca3_net=23963 68.6s
2026-09-05T19:44:06+00:00 RUN_START S3037 OOS [T5_rr]
2026-09-05T19:45:15+00:00 RUN_END S3037 OOS net=117746.0 dd=2.638 sca2_n=94 sca2_net=20733 sca3_n=150 sca3_net=23721 68.6s
2026-09-05T19:45:15+00:00 RUN_START S3038 OOS [T5_rr]
2026-09-05T19:46:24+00:00 RUN_END S3038 OOS net=117258.0 dd=2.7669 sca2_n=94 sca2_net=20733 sca3_n=150 sca3_net=23233 68.6s
2026-09-05T19:46:24+00:00 RUN_START S3039 OOS [T6_buffer]
2026-09-05T19:47:32+00:00 RUN_END S3039 OOS net=109806.0 dd=2.7732 sca2_n=94 sca2_net=20733 sca3_n=145 sca3_net=15781 68.6s
2026-09-05T19:47:32+00:00 RUN_START S3040 OOS [T6_buffer]
2026-09-05T19:48:41+00:00 RUN_END S3040 OOS net=107368.0 dd=3.015 sca2_n=94 sca2_net=20733 sca3_n=138 sca3_net=13343 68.6s
2026-09-05T19:48:41+00:00 RUN_START S3041 OOS [T6_buffer]
2026-09-05T19:49:49+00:00 RUN_END S3041 OOS net=111207.0 dd=2.9183 sca2_n=94 sca2_net=20733 sca3_n=126 sca3_net=17182 68.6s
2026-09-05T19:49:49+00:00 RUN_START S3042 OOS [T7_friday_boost]
2026-09-05T19:50:58+00:00 RUN_END S3042 OOS net=115417.0 dd=3.2844 sca2_n=94 sca2_net=20733 sca3_n=185 sca3_net=21392 68.6s
2026-09-05T19:50:58+00:00 RUN_START S3043 OOS [T7_friday_boost]
2026-09-05T19:52:07+00:00 RUN_END S3043 OOS net=112161.0 dd=2.4205 sca2_n=94 sca2_net=20733 sca3_n=150 sca3_net=18136 68.6s
2026-09-05T19:52:07+00:00 RUN_START S3044 OOS [T7_friday_boost]
2026-09-05T19:53:15+00:00 RUN_END S3044 OOS net=112161.0 dd=2.4205 sca2_n=94 sca2_net=20733 sca3_n=150 sca3_net=18136 68.6s
2026-09-05T19:53:15+00:00 RUN_START S3045 OOS [T7_friday_boost]
2026-09-05T19:54:24+00:00 RUN_END S3045 OOS net=116943.0 dd=3.1019 sca2_n=94 sca2_net=20733 sca3_n=150 sca3_net=22918 68.6s
2026-09-05T19:54:24+00:00 MEASURE_END rows=90 ok=90 -> C:\Users\f\source\repos\mt5_backtester\ml\sca3\results.csv
