2026-09-14T18:52:20+00:00 EA_SHA d5b1e9647ee3a2d5
2026-09-14T18:52:20+00:00 FXRISK3_START jobs=56 done=4
2026-09-14T18:52:20+00:00 RUN_START x1 FULL
2026-09-14T19:02:30+00:00 RUN_END x1 FULL net=889516.0 dd%=11.6851 trades=2969 610.0s
2026-09-14T19:02:30+00:00 RUN_START x1 OOS
2026-09-14T19:06:25+00:00 RUN_END x1 OOS net=233725.0 dd%=11.6851 trades=1375 234.5s
2026-09-14T19:06:25+00:00 RUN_START x1 FULL
2026-09-14T19:07:03+00:00 EA_SHA d5b1e9647ee3a2d5
2026-09-14T19:07:03+00:00 FXRISK3_START jobs=66 done=6
2026-09-14T19:07:03+00:00 RUN_START x1 FULL
2026-09-14T19:17:28+00:00 RUN_END x1 FULL net=9680462.0 dd%=30.4981 trades=2969 625.0s
2026-09-14T19:17:28+00:00 RUN_START x1 OOS
2026-09-14T19:21:23+00:00 RUN_END x1 OOS net=739463.0 dd%=23.1622 trades=1375 234.8s
2026-09-14T19:21:23+00:00 RUN_START x2 FULL
2026-09-14T19:31:33+00:00 RUN_END x2 FULL net=83737711.0 dd%=54.7029 trades=2969 610.2s
2026-09-14T19:31:33+00:00 RUN_START x2 OOS
2026-09-14T19:35:28+00:00 RUN_END x2 OOS net=1954152.0 dd%=42.3328 trades=1375 234.6s
2026-09-14T19:35:28+00:00 RUN_START x3 FULL
2026-09-14T19:45:33+00:00 RUN_END x3 FULL net=210782987.0 dd%=72.9653 trades=2969 605.2s
2026-09-14T19:45:33+00:00 RUN_START x3 OOS
2026-09-14T19:49:28+00:00 RUN_END x3 OOS net=3502863.0 dd%=58.6053 trades=1375 234.5s
2026-09-14T19:49:28+00:00 RUN_START x1 FULL
2026-09-14T19:59:43+00:00 RUN_END x1 FULL net=15687537.0 dd%=40.0385 trades=2969 615.3s
2026-09-14T19:59:43+00:00 RUN_START x1 OOS
2026-09-14T20:03:33+00:00 RUN_END x1 OOS net=1132932.0 dd%=30.5937 trades=1375 229.5s
2026-09-14T20:03:33+00:00 RUN_START x2 FULL
2026-09-14T20:13:38+00:00 RUN_END x2 FULL net=171886034.0 dd%=70.1381 trades=2969 605.4s
2026-09-14T20:13:38+00:00 RUN_START x2 OOS
2026-09-14T20:17:32+00:00 RUN_END x2 OOS net=3501259.0 dd%=56.8145 trades=1375 234.5s
2026-09-14T20:17:32+00:00 RUN_START x3 FULL
2026-09-14T20:27:43+00:00 RUN_END x3 FULL net=271741303.0 dd%=89.5129 trades=2969 610.4s
2026-09-14T20:27:43+00:00 RUN_START x3 OOS
2026-09-14T20:31:37+00:00 RUN_END x3 OOS net=6431197.0 dd%=85.3875 trades=1375 234.5s
2026-09-14T20:31:37+00:00 RUN_START x1 FULL
2026-09-14T20:41:48+00:00 RUN_END x1 FULL net=879082.0 dd%=13.8395 trades=2969 610.4s
2026-09-14T20:41:48+00:00 RUN_START x1 OOS
2026-09-14T20:45:42+00:00 RUN_END x1 OOS net=214084.0 dd%=13.8395 trades=1375 234.4s
2026-09-14T20:45:42+00:00 RUN_START x1 FULL
2026-09-14T20:55:47+00:00 RUN_END x1 FULL net=864012.0 dd%=19.7049 trades=2969 605.3s
2026-09-14T20:55:47+00:00 RUN_START x1 OOS
2026-09-14T20:59:42+00:00 RUN_END x1 OOS net=177357.0 dd%=19.7049 trades=1375 234.7s
2026-09-14T20:59:42+00:00 RUN_START x1 FULL
2026-09-14T21:10:33+00:00 RUN_END x1 FULL net=968396.0 dd%=13.2042 trades=2969 650.5s
2026-09-14T21:10:33+00:00 RUN_START x1 OOS
