2026-09-18T21:00:52+00:00 FXQUAL5_START jobs=10 SCA 発注時間帯フィルタ4案＋対照
2026-09-18T21:00:52+00:00 RUN_START X000 OOS cap=0
2026-09-18T21:04:26+00:00 RUN_END X000 OOS net=117843.0 dd%=5.2719 trades=1375 214.0s
2026-09-18T21:04:26+00:00 RUN_START X000 IS cap=0
2026-09-18T21:08:31+00:00 RUN_END X000 IS net=255445.0 dd%=7.3544 trades=1595 244.2s
2026-09-18T21:08:31+00:00 RUN_START X001 OOS cap=0
2026-09-18T21:12:10+00:00 RUN_END X001 OOS net=111026.0 dd%=6.0416 trades=1345 219.1s
2026-09-18T21:12:10+00:00 RUN_START X001 IS cap=0
2026-09-18T21:16:04+00:00 RUN_END X001 IS net=251797.0 dd%=7.0599 trades=1558 234.0s
2026-09-18T21:16:04+00:00 RUN_START X002 OOS cap=0
2026-09-18T21:19:43+00:00 RUN_END X002 OOS net=111054.0 dd%=6.0736 trades=1342 219.0s
2026-09-18T21:19:43+00:00 RUN_START X002 IS cap=0
2026-09-18T21:23:37+00:00 RUN_END X002 IS net=250554.0 dd%=7.1605 trades=1548 234.1s
2026-09-18T21:23:37+00:00 RUN_START X004 OOS cap=0
2026-09-18T21:27:11+00:00 RUN_END X004 OOS net=113163.0 dd%=6.2531 trades=1326 214.0s
2026-09-18T21:27:11+00:00 RUN_START X004 IS cap=0
2026-09-18T21:31:00+00:00 RUN_END X004 IS net=255040.0 dd%=6.9549 trades=1540 229.0s
2026-09-18T21:31:00+00:00 RUN_START X003 OOS cap=0
2026-09-18T21:34:34+00:00 RUN_END X003 OOS net=89615.0 dd%=5.6798 trades=1255 214.1s
2026-09-18T21:34:34+00:00 RUN_START X003 IS cap=0
2026-09-18T21:38:28+00:00 RUN_END X003 IS net=235860.0 dd%=6.1708 trades=1465 234.1s
2026-09-18T21:38:28+00:00 FXQUAL5_END -> C:\Users\f\source\repos\mt5_backtester\ml\fxqual5\results.csv
