2026-09-07T16:55:52+00:00 EA_SHA 63d549c8a5e9f37a
2026-09-07T16:55:52+00:00 FXWEIGHT_START jobs=90 done=0
2026-09-07T16:55:52+00:00 RUN_START x1.0 IS
2026-09-07T17:00:36+00:00 RUN_END x1.0 IS net=257817.0 dd%=7.314 trades=1595 284.4s
2026-09-07T17:00:36+00:00 RUN_START x2.0 IS
2026-09-07T17:05:16+00:00 RUN_END x2.0 IS net=565168.0 dd%=15.8536 trades=1595 279.5s
2026-09-07T17:05:16+00:00 RUN_START x3.0 IS
2026-09-07T17:09:55+00:00 RUN_END x3.0 IS net=880533.0 dd%=24.3786 trades=1595 279.5s
2026-09-07T17:09:55+00:00 RUN_START x4.0 IS
2026-09-07T17:14:35+00:00 RUN_END x4.0 IS net=1189544.0 dd%=33.0104 trades=1595 279.6s
2026-09-07T17:14:35+00:00 RUN_START x2.0 IS
2026-09-07T17:19:14+00:00 RUN_END x2.0 IS net=456649.0 dd%=15.7562 trades=1595 279.6s
2026-09-07T17:19:14+00:00 RUN_START x3.0 IS
2026-09-07T17:23:54+00:00 RUN_END x3.0 IS net=709823.0 dd%=24.5278 trades=1595 279.5s
2026-09-07T17:23:54+00:00 RUN_START x4.0 IS
2026-09-07T17:28:33+00:00 RUN_END x4.0 IS net=968225.0 dd%=33.4922 trades=1595 279.6s
2026-09-07T17:28:33+00:00 RUN_START x5.0 IS
2026-09-07T17:33:13+00:00 RUN_END x5.0 IS net=1213032.0 dd%=42.2574 trades=1595 279.5s
2026-09-07T17:33:13+00:00 RUN_START x6.0 IS
2026-09-07T17:37:52+00:00 RUN_END x6.0 IS net=1473462.0 dd%=51.1316 trades=1595 279.6s
2026-09-07T17:37:52+00:00 RUN_START x2.0 IS
2026-09-07T17:42:32+00:00 RUN_END x2.0 IS net=491395.0 dd%=16.0142 trades=1595 279.5s
2026-09-07T17:42:32+00:00 RUN_START x3.0 IS
2026-09-07T17:47:12+00:00 RUN_END x3.0 IS net=767733.0 dd%=24.9578 trades=1595 279.5s
2026-09-07T17:47:12+00:00 RUN_START x4.0 IS
2026-09-07T17:51:56+00:00 RUN_END x4.0 IS net=1041998.0 dd%=33.3316 trades=1595 284.5s
2026-09-07T17:51:56+00:00 RUN_START x5.0 IS
2026-09-07T17:56:36+00:00 RUN_END x5.0 IS net=1309969.0 dd%=42.2688 trades=1595 279.5s
2026-09-07T17:56:36+00:00 RUN_START x6.0 IS
2026-09-07T18:01:15+00:00 RUN_END x6.0 IS net=1586262.0 dd%=50.5524 trades=1595 279.5s
2026-09-07T18:01:15+00:00 RUN_START x2.0 IS
2026-09-07T18:05:55+00:00 RUN_END x2.0 IS net=526141.0 dd%=16.2722 trades=1595 279.5s
2026-09-07T18:05:55+00:00 RUN_START x3.0 IS
2026-09-07T18:10:34+00:00 RUN_END x3.0 IS net=818342.0 dd%=24.6252 trades=1595 279.7s
2026-09-07T18:10:34+00:00 RUN_START x4.0 IS
2026-09-07T18:15:14+00:00 RUN_END x4.0 IS net=1115771.0 dd%=33.171 trades=1595 279.6s
2026-09-07T18:15:14+00:00 RUN_START x5.0 IS
2026-09-07T18:19:54+00:00 RUN_END x5.0 IS net=1395324.0 dd%=42.1942 trades=1595 279.6s
2026-09-07T18:19:54+00:00 RUN_START x6.0 IS
2026-09-07T18:24:38+00:00 RUN_END x6.0 IS net=1694781.0 dd%=50.6498 trades=1595 284.6s
2026-09-07T18:24:38+00:00 RUN_START x1.0 IS
2026-09-07T18:29:18+00:00 RUN_END x1.0 IS net=292563.0 dd%=10.2368 trades=1595 279.5s
2026-09-07T18:29:18+00:00 RUN_START x2.0 IS
2026-09-07T18:33:57+00:00 RUN_END x2.0 IS net=638941.0 dd%=16.3028 trades=1595 279.5s
2026-09-07T18:33:57+00:00 RUN_START x3.0 IS
2026-09-07T18:38:37+00:00 RUN_END x3.0 IS net=989052.0 dd%=25.0026 trades=1595 279.5s
2026-09-07T18:38:37+00:00 RUN_START x1.0 IS
2026-09-07T18:43:21+00:00 RUN_END x1.0 IS net=331590.0 dd%=13.4381 trades=1595 284.6s
2026-09-07T18:43:21+00:00 RUN_START x2.0 IS
2026-09-07T18:48:01+00:00 RUN_END x2.0 IS net=712714.0 dd%=18.2993 trades=1595 279.6s
2026-09-07T18:48:01+00:00 RUN_START x3.0 IS
2026-09-07T18:52:40+00:00 RUN_END x3.0 IS net=1101852.0 dd%=27.3851 trades=1595 279.6s
2026-09-07T18:52:40+00:00 RUN_START x2.0 IS
2026-09-07T18:57:20+00:00 RUN_END x2.0 IS net=460299.0 dd%=10.631 trades=1595 279.5s
2026-09-07T18:57:20+00:00 RUN_START x4.0 IS
2026-09-07T19:01:59+00:00 RUN_END x4.0 IS net=978966.0 dd%=22.0346 trades=1595 279.5s
2026-09-07T19:01:59+00:00 RUN_START x2.0 IS
2026-09-07T19:06:39+00:00 RUN_END x2.0 IS net=670708.0 dd%=21.337 trades=1595 279.6s
2026-09-07T19:06:39+00:00 RUN_START x4.0 IS
2026-09-07T19:11:24+00:00 RUN_END x4.0 IS net=1400122.0 dd%=43.9862 trades=1595 284.6s
2026-09-07T19:11:24+00:00 RUN_START x2.0 IS
2026-09-07T19:15:58+00:00 RUN_END x2.0 IS net=557161.0 dd%=14.7902 trades=1595 274.4s
2026-09-07T19:15:58+00:00 RUN_START x4.0 IS
2026-09-07T19:20:38+00:00 RUN_END x4.0 IS net=1173466.0 dd%=30.898 trades=1595 279.6s
2026-09-07T19:20:38+00:00 RUN_START x2.0 IS
2026-09-07T19:25:22+00:00 RUN_END x2.0 IS net=573225.0 dd%=16.9062 trades=1595 284.6s
2026-09-07T19:25:22+00:00 RUN_START x4.0 IS
2026-09-07T19:30:02+00:00 RUN_END x4.0 IS net=1205604.0 dd%=35.1274 trades=1595 279.5s
2026-09-07T19:30:02+00:00 RUN_START x3.0 IS
2026-09-07T19:34:46+00:00 RUN_END x3.0 IS net=744569.0 dd%=24.7858 trades=1595 284.6s
2026-09-07T19:34:46+00:00 RUN_START x4.0 IS
2026-09-07T19:39:25+00:00 RUN_END x4.0 IS net=1002971.0 dd%=33.7502 trades=1595 278.5s
2026-09-07T19:39:25+00:00 RUN_START x5.0 IS
2026-09-07T19:44:04+00:00 RUN_END x5.0 IS net=1275223.0 dd%=42.0108 trades=1595 279.6s
2026-09-07T19:44:04+00:00 RUN_START x6.0 IS
2026-09-07T19:48:44+00:00 RUN_END x6.0 IS net=1535653.0 dd%=50.885 trades=1595 279.5s
2026-09-07T19:48:44+00:00 RUN_START x3.0 IS
2026-09-07T19:53:18+00:00 RUN_END x3.0 IS net=779315.0 dd%=25.0438 trades=1595 274.5s
2026-09-07T19:53:18+00:00 RUN_START x4.0 IS
2026-09-07T19:58:03+00:00 RUN_END x4.0 IS net=1065162.0 dd%=33.5036 trades=1595 284.6s
2026-09-07T19:58:03+00:00 RUN_START x5.0 IS
2026-09-07T20:02:38+00:00 RUN_END x5.0 IS net=1348996.0 dd%=41.8502 trades=1595 274.6s
2026-09-07T20:02:38+00:00 RUN_START x6.0 IS
2026-09-07T20:07:17+00:00 RUN_END x6.0 IS net=1621008.0 dd%=50.8104 trades=1595 279.6s
2026-09-07T20:07:17+00:00 RUN_START x3.0 IS
2026-09-07T20:11:57+00:00 RUN_END x3.0 IS net=609672.0 dd%=16.7282 trades=1595 279.4s
2026-09-07T20:11:57+00:00 RUN_START x4.0 IS
2026-09-07T20:16:36+00:00 RUN_END x4.0 IS net=831420.0 dd%=22.3558 trades=1595 279.5s
2026-09-07T20:16:36+00:00 RUN_START x5.0 IS
2026-09-07T20:21:16+00:00 RUN_END x5.0 IS net=1047039.0 dd%=28.544 trades=1595 279.5s
2026-09-07T20:21:16+00:00 RUN_START x6.0 IS
2026-09-07T20:25:55+00:00 RUN_END x6.0 IS net=1270646.0 dd%=34.0842 trades=1595 279.5s
2026-09-07T20:25:55+00:00 RUN_START x1.0 OOS
2026-09-07T20:30:15+00:00 RUN_END x1.0 OOS net=119537.0 dd%=5.2473 trades=1375 259.5s
2026-09-07T20:30:15+00:00 RUN_START x2.0 OOS
2026-09-07T20:34:34+00:00 RUN_END x2.0 OOS net=253588.0 dd%=9.7961 trades=1375 259.5s
2026-09-07T20:34:34+00:00 RUN_START x3.0 OOS
2026-09-07T20:38:49+00:00 RUN_END x3.0 OOS net=379833.0 dd%=13.9776 trades=1375 254.5s
2026-09-07T20:38:49+00:00 RUN_START x4.0 OOS
2026-09-07T20:43:18+00:00 RUN_END x4.0 OOS net=513901.0 dd%=17.102 trades=1375 269.9s
2026-09-07T20:43:18+00:00 RUN_START x2.0 OOS
2026-09-07T20:48:20+00:00 RUN_END x2.0 OOS net=182467.0 dd%=6.2152 trades=1375 301.7s
2026-09-07T20:48:20+00:00 RUN_START x3.0 OOS
2026-09-07T20:52:45+00:00 RUN_END x3.0 OOS net=276127.0 dd%=8.6126 trades=1375 264.6s
2026-09-07T20:52:45+00:00 RUN_START x4.0 OOS
2026-09-07T20:57:09+00:00 RUN_END x4.0 OOS net=387244.0 dd%=10.4182 trades=1375 264.6s
2026-09-07T20:57:09+00:00 RUN_START x5.0 OOS
2026-09-07T21:01:29+00:00 RUN_END x5.0 OOS net=484401.0 dd%=12.3026 trades=1375 259.5s
2026-09-07T21:01:29+00:00 RUN_START x6.0 OOS
2026-09-07T21:05:48+00:00 RUN_END x6.0 OOS net=593737.0 dd%=14.0531 trades=1375 259.5s
2026-09-07T21:05:48+00:00 RUN_START x2.0 OOS
2026-09-07T21:10:08+00:00 RUN_END x2.0 OOS net=211369.0 dd%=6.472 trades=1375 259.5s
2026-09-07T21:10:08+00:00 RUN_START x3.0 OOS
2026-09-07T21:14:27+00:00 RUN_END x3.0 OOS net=324297.0 dd%=8.9523 trades=1375 259.5s
2026-09-07T21:14:27+00:00 RUN_START x4.0 OOS
2026-09-07T21:18:52+00:00 RUN_END x4.0 OOS net=429463.0 dd%=12.0666 trades=1375 264.5s
2026-09-07T21:18:52+00:00 RUN_START x5.0 OOS
2026-09-07T21:23:11+00:00 RUN_END x5.0 OOS net=545888.0 dd%=13.8455 trades=1375 259.4s
2026-09-07T21:23:11+00:00 RUN_START x6.0 OOS
2026-09-07T21:27:36+00:00 RUN_END x6.0 OOS net=649273.0 dd%=16.6175 trades=1375 264.4s
2026-09-07T21:27:36+00:00 RUN_START x2.0 OOS
2026-09-07T21:31:55+00:00 RUN_END x2.0 OOS net=240271.0 dd%=7.2621 trades=1375 259.5s
2026-09-07T21:31:55+00:00 RUN_START x3.0 OOS
2026-09-07T21:36:15+00:00 RUN_END x3.0 OOS net=347248.0 dd%=10.7719 trades=1375 259.5s
2026-09-07T21:36:15+00:00 RUN_START x4.0 OOS
2026-09-07T21:40:39+00:00 RUN_END x4.0 OOS net=471682.0 dd%=13.7838 trades=1375 264.6s
2026-09-07T21:40:39+00:00 RUN_START x5.0 OOS
2026-09-07T21:44:59+00:00 RUN_END x5.0 OOS net=597741.0 dd%=15.4938 trades=1375 259.6s
2026-09-07T21:44:59+00:00 RUN_START x6.0 OOS
2026-09-07T21:49:18+00:00 RUN_END x6.0 OOS net=720394.0 dd%=18.0411 trades=1375 259.5s
2026-09-07T21:49:18+00:00 RUN_START x1.0 OOS
2026-09-07T21:53:38+00:00 RUN_END x1.0 OOS net=148439.0 dd%=6.863 trades=1375 259.5s
2026-09-07T21:53:38+00:00 RUN_START x2.0 OOS
2026-09-07T21:58:03+00:00 RUN_END x2.0 OOS net=295807.0 dd%=13.6324 trades=1375 264.5s
2026-09-07T21:58:03+00:00 RUN_START x3.0 OOS
2026-09-07T22:02:22+00:00 RUN_END x3.0 OOS net=450954.0 dd%=18.6281 trades=1375 259.5s
2026-09-07T22:02:22+00:00 RUN_START x1.0 OOS
2026-09-07T22:06:47+00:00 RUN_END x1.0 OOS net=161756.0 dd%=9.5455 trades=1375 264.5s
2026-09-07T22:06:47+00:00 RUN_START x2.0 OOS
2026-09-07T22:11:11+00:00 RUN_END x2.0 OOS net=338026.0 dd%=17.2682 trades=1375 264.5s
2026-09-07T22:11:11+00:00 RUN_START x3.0 OOS
2026-09-07T22:15:26+00:00 RUN_END x3.0 OOS net=506492.0 dd%=23.9065 trades=1375 254.5s
2026-09-07T22:15:26+00:00 RUN_START x2.0 OOS
2026-09-07T22:19:45+00:00 RUN_END x2.0 OOS net=217017.0 dd%=9.6847 trades=1375 259.4s
2026-09-07T22:19:45+00:00 RUN_START x4.0 OOS
2026-09-07T22:24:04+00:00 RUN_END x4.0 OOS net=440165.0 dd%=17.1917 trades=1375 259.4s
2026-09-07T22:24:04+00:00 RUN_START x2.0 OOS
2026-09-07T22:28:39+00:00 RUN_END x2.0 OOS net=290634.0 dd%=9.8958 trades=1375 274.6s
2026-09-07T22:28:39+00:00 RUN_START x4.0 OOS
2026-09-07T22:33:19+00:00 RUN_END x4.0 OOS net=587637.0 dd%=17.0193 trades=1375 280.2s
2026-09-07T22:33:19+00:00 RUN_START x2.0 OOS
2026-09-07T22:37:44+00:00 RUN_END x2.0 OOS net=249899.0 dd%=9.5323 trades=1375 264.9s
2026-09-07T22:37:44+00:00 RUN_START x4.0 OOS
2026-09-07T22:42:04+00:00 RUN_END x4.0 OOS net=506396.0 dd%=16.8166 trades=1375 259.9s
2026-09-07T22:42:04+00:00 RUN_START x2.0 OOS
2026-09-07T22:46:29+00:00 RUN_END x2.0 OOS net=257387.0 dd%=10.0481 trades=1375 265.1s
2026-09-07T22:46:29+00:00 RUN_START x4.0 OOS
2026-09-07T22:50:54+00:00 RUN_END x4.0 OOS net=521415.0 dd%=17.3742 trades=1375 265.1s
2026-09-07T22:50:54+00:00 RUN_START x3.0 OOS
2026-09-07T22:55:14+00:00 RUN_END x3.0 OOS net=305029.0 dd%=8.8186 trades=1375 260.1s
2026-09-07T22:55:14+00:00 RUN_START x4.0 OOS
2026-09-07T22:59:39+00:00 RUN_END x4.0 OOS net=416146.0 dd%=10.616 trades=1375 265.0s
2026-09-07T22:59:39+00:00 RUN_START x5.0 OOS
2026-09-07T23:04:00+00:00 RUN_END x5.0 OOS net=516986.0 dd%=13.7357 trades=1375 260.1s
2026-09-07T23:04:00+00:00 RUN_START x6.0 OOS
2026-09-07T23:08:20+00:00 RUN_END x6.0 OOS net=626322.0 dd%=15.292 trades=1375 260.2s
2026-09-07T23:08:20+00:00 RUN_START x3.0 OOS
2026-09-07T23:12:40+00:00 RUN_END x3.0 OOS net=333931.0 dd%=9.0182 trades=1375 260.1s
2026-09-07T23:12:40+00:00 RUN_START x4.0 OOS
2026-09-07T23:17:00+00:00 RUN_END x4.0 OOS net=448731.0 dd%=12.1597 trades=1375 260.1s
2026-09-07T23:17:00+00:00 RUN_START x5.0 OOS
2026-09-07T23:21:25+00:00 RUN_END x5.0 OOS net=559205.0 dd%=15.2178 trades=1375 265.2s
2026-09-07T23:21:25+00:00 RUN_START x6.0 OOS
2026-09-07T23:25:45+00:00 RUN_END x6.0 OOS net=678175.0 dd%=16.6827 trades=1375 260.1s
2026-09-07T23:25:45+00:00 RUN_START x3.0 OOS
2026-09-07T23:30:05+00:00 RUN_END x3.0 OOS net=268904.0 dd%=7.9903 trades=1375 260.1s
2026-09-07T23:30:05+00:00 RUN_START x4.0 OOS
2026-09-07T23:34:26+00:00 RUN_END x4.0 OOS net=355727.0 dd%=10.1436 trades=1375 260.2s
2026-09-07T23:34:26+00:00 RUN_START x5.0 OOS
2026-09-07T23:38:46+00:00 RUN_END x5.0 OOS net=453924.0 dd%=12.0441 trades=1375 260.1s
2026-09-07T23:38:46+00:00 RUN_START x6.0 OOS
2026-09-07T23:43:11+00:00 RUN_END x6.0 OOS net=538847.0 dd%=14.0042 trades=1375 265.1s
2026-09-07T23:43:11+00:00 FXWEIGHT_END -> C:\Users\f\source\repos\mt5_backtester\ml\fxweight1\results.csv
