2026-09-17T21:40:35Z CHAIN_START(fxqual2) fxqual1 の完了を待つ（最大12時間）
2026-09-18T00:23:06Z 計装入りの EA をデプロイして再コンパイルする
2026-09-18T00:23:09Z COMPILE Result: 0 errors, 0 warnings, 1790 ms elapsed, cpu='X64 Regular'
2026-09-18T00:23:09Z FXQUAL2 を開始する（計装ON対照 x OOS/IS = 2run）
2026-09-18T00:23:09+00:00 FXQUAL2_START jobs=16 險郁｣・N蟇ｾ辣ｧ + Pair譫7譯・
2026-09-18T00:23:09+00:00 RUN_START T000 OOS cap=0
2026-09-18T00:26:48+00:00 RUN_END T000 OOS net=117843.0 dd%=5.2719 trades=1375 219.3s
2026-09-18T00:26:48+00:00 RUN_START T000 IS cap=0
2026-09-18T00:30:48+00:00 RUN_END T000 IS net=255445.0 dd%=7.3544 trades=1595 239.3s
2026-09-18T00:30:48+00:00 RUN_START T001 OOS cap=0
2026-09-18T00:34:37+00:00 RUN_END T001 OOS net=118290.0 dd%=5.2676 trades=1371 229.3s
2026-09-18T00:34:37+00:00 RUN_START T001 IS cap=0
2026-09-18T00:38:36+00:00 RUN_END T001 IS net=255080.0 dd%=7.3544 trades=1589 239.1s
2026-09-18T00:38:36+00:00 RUN_START T002 OOS cap=0
2026-09-18T00:42:05+00:00 RUN_END T002 OOS net=115847.0 dd%=5.2998 trades=1345 209.1s
2026-09-18T00:42:05+00:00 RUN_START T002 IS cap=0
2026-09-18T00:45:55+00:00 RUN_END T002 IS net=242393.0 dd%=7.3772 trades=1539 229.2s
2026-09-18T00:45:55+00:00 RUN_START T003 OOS cap=0
2026-09-18T00:49:34+00:00 RUN_END T003 OOS net=115847.0 dd%=5.2998 trades=1345 219.1s
2026-09-18T00:49:34+00:00 RUN_START T003 IS cap=0
2026-09-18T00:53:23+00:00 RUN_END T003 IS net=242393.0 dd%=7.3772 trades=1539 229.1s
2026-09-18T00:53:23+00:00 RUN_START T006 OOS cap=0
2026-09-18T00:57:07+00:00 RUN_END T006 OOS net=129649.0 dd%=4.922 trades=1421 224.1s
2026-09-18T00:57:07+00:00 RUN_START T006 IS cap=0
2026-09-18T01:01:06+00:00 RUN_END T006 IS net=242359.0 dd%=7.2738 trades=1635 239.1s
2026-09-18T01:01:06+00:00 RUN_START T004 OOS cap=0
2026-09-18T01:04:40+00:00 RUN_END T004 OOS net=113480.0 dd%=5.2706 trades=1375 214.3s
2026-09-18T01:04:40+00:00 RUN_START T004 IS cap=0
2026-09-18T01:08:35+00:00 RUN_END T004 IS net=252940.0 dd%=7.2518 trades=1597 234.3s
2026-09-18T01:08:35+00:00 RUN_START T007 OOS cap=0
2026-09-18T01:12:24+00:00 RUN_END T007 OOS net=111959.0 dd%=4.859 trades=1463 229.2s
2026-09-18T01:12:24+00:00 RUN_START T007 IS cap=0
2026-09-18T01:16:28+00:00 RUN_END T007 IS net=240408.0 dd%=7.1988 trades=1679 244.5s
2026-09-18T01:16:28+00:00 RUN_START T005 OOS cap=0
2026-09-18T01:20:08+00:00 RUN_END T005 OOS net=116585.0 dd%=5.2805 trades=1375 219.3s
2026-09-18T01:20:08+00:00 RUN_START T005 IS cap=0
2026-09-18T01:24:02+00:00 RUN_END T005 IS net=253427.0 dd%=7.4342 trades=1595 234.2s
2026-09-18T01:24:02+00:00 FXQUAL2_END -> C:\Users\f\source\repos\mt5_backtester\ml\fxqual2\results.csv
2026-09-18T01:24:02Z CHAIN_END exit=0
