2026-09-08T13:26:03+00:00 EA_SHA 384fc7d98ca5cb24
2026-09-08T13:26:03+00:00 FXWEIGHT_START jobs=112 done=0
2026-09-08T13:26:03+00:00 RUN_START x1 IS
2026-09-08T13:32:25+00:00 RUN_END x1 IS net=257817.0 dd%=7.314 sca_new_net= sca_new_n= trades=1595 382.5s
2026-09-08T13:32:25+00:00 RUN_START x1 IS
2026-09-08T13:33:06+00:00 RUN_END x1 IS net=None dd%=None sca_new_net= sca_new_n= trades=None 41.0s
2026-09-08T13:33:06+00:00 RUN_START x1 IS
2026-09-08T13:33:42+00:00 RUN_END x1 IS net=None dd%=None sca_new_net= sca_new_n= trades=None 35.3s
2026-09-08T13:33:42+00:00 RUN_START x1 IS
2026-09-08T13:40:42+00:00 RUN_END x1 IS net=268290.0 dd%=7.7548 sca_new_net=10473 sca_new_n=323 trades=1918 420.1s
2026-09-08T13:40:42+00:00 RUN_START x1 IS
2026-09-08T13:47:57+00:00 RUN_END x1 IS net=252368.0 dd%=8.4446 sca_new_net=-5449 sca_new_n=445 trades=2040 435.8s
2026-09-08T13:47:58+00:00 RUN_START x1 IS
2026-09-08T13:54:53+00:00 RUN_END x1 IS net=253285.0 dd%=7.0572 sca_new_net=-4532 sca_new_n=345 trades=1940 415.5s
2026-09-08T13:54:53+00:00 RUN_START x1 IS
2026-09-08T13:59:33+00:00 RUN_END x1 IS net=285744.0 dd%=6.6856 sca_new_net=27927 sca_new_n=528 trades=2123 280.0s
2026-09-08T13:59:33+00:00 RUN_START x1 IS
2026-09-08T14:04:03+00:00 RUN_END x1 IS net=263695.0 dd%=6.8696 sca_new_net=5878 sca_new_n=90 trades=1685 270.0s
2026-09-08T14:04:03+00:00 RUN_START x1 IS
2026-09-08T14:08:23+00:00 RUN_END x1 IS net=268151.0 dd%=7.5062 sca_new_net=10334 sca_new_n=496 trades=2091 259.9s
2026-09-08T14:08:23+00:00 RUN_START x1 IS
2026-09-08T14:12:43+00:00 RUN_END x1 IS net=260804.0 dd%=7.166 sca_new_net=2987 sca_new_n=62 trades=1657 259.9s
2026-09-08T14:12:43+00:00 RUN_START x1 IS
2026-09-08T14:17:53+00:00 RUN_END x1 IS net=257193.0 dd%=7.7503 sca_new_net=-624 sca_new_n=441 trades=2036 310.0s
2026-09-08T14:17:53+00:00 RUN_START x1 IS
2026-09-08T14:23:23+00:00 RUN_END x1 IS net=266336.0 dd%=7.3948 sca_new_net=8519 sca_new_n=61 trades=1656 329.7s
2026-09-08T14:23:23+00:00 RUN_START x1 IS
2026-09-08T14:29:07+00:00 RUN_END x1 IS net=259239.0 dd%=8.6178 sca_new_net=1422 sca_new_n=542 trades=2137 344.7s
2026-09-08T14:29:07+00:00 RUN_START x1 IS
2026-09-08T14:34:47+00:00 RUN_END x1 IS net=266326.0 dd%=7.4184 sca_new_net=8509 sca_new_n=86 trades=1681 339.8s
2026-09-08T14:34:47+00:00 RUN_START x1 IS
2026-09-08T14:40:17+00:00 RUN_END x1 IS net=253551.0 dd%=7.4379 sca_new_net=-4266 sca_new_n=494 trades=2089 329.7s
2026-09-08T14:40:17+00:00 RUN_START x1 IS
2026-09-08T14:45:36+00:00 RUN_END x1 IS net=256290.0 dd%=7.5392 sca_new_net=-1527 sca_new_n=59 trades=1654 319.7s
2026-09-08T14:45:36+00:00 RUN_START x1 IS
2026-09-08T14:50:36+00:00 RUN_END x1 IS net=253367.0 dd%=9.4519 sca_new_net=-4450 sca_new_n=600 trades=2195 299.8s
2026-09-08T14:50:36+00:00 RUN_START x1 IS
2026-09-08T14:55:41+00:00 RUN_END x1 IS net=248095.0 dd%=9.8797 sca_new_net=-9722 sca_new_n=805 trades=2400 304.8s
2026-09-08T14:55:41+00:00 RUN_START x1 IS
2026-09-08T15:00:31+00:00 RUN_END x1 IS net=273118.0 dd%=7.0168 sca_new_net=15301 sca_new_n=486 trades=2081 289.6s
2026-09-08T15:00:31+00:00 RUN_START x1 IS
2026-09-08T15:05:20+00:00 RUN_END x1 IS net=257271.0 dd%=7.4453 sca_new_net=-546 sca_new_n=715 trades=2310 289.7s
2026-09-08T15:05:20+00:00 RUN_START x1 IS
2026-09-08T15:10:45+00:00 RUN_END x1 IS net=252541.0 dd%=7.7475 sca_new_net=-5276 sca_new_n=498 trades=2093 324.7s
2026-09-08T15:10:45+00:00 RUN_START x1 IS
2026-09-08T15:16:15+00:00 RUN_END x1 IS net=232285.0 dd%=8.92 sca_new_net=-25532 sca_new_n=770 trades=2365 329.7s
2026-09-08T15:16:15+00:00 RUN_START x1 IS
2026-09-08T15:21:50+00:00 RUN_END x1 IS net=239902.0 dd%=9.4214 sca_new_net=-17915 sca_new_n=646 trades=2241 334.8s
2026-09-08T15:21:50+00:00 RUN_START x1 IS
2026-09-08T15:27:34+00:00 RUN_END x1 IS net=236868.0 dd%=9.2667 sca_new_net=-20949 sca_new_n=843 trades=2438 344.7s
2026-09-08T15:27:34+00:00 RUN_START x1 IS
2026-09-08T15:32:59+00:00 RUN_END x1 IS net=249569.0 dd%=7.202 sca_new_net=-8248 sca_new_n=527 trades=2122 324.8s
2026-09-08T15:32:59+00:00 RUN_START x1 IS
2026-09-08T15:38:34+00:00 RUN_END x1 IS net=238933.0 dd%=8.7124 sca_new_net=-18884 sca_new_n=740 trades=2335 334.7s
2026-09-08T15:38:34+00:00 RUN_START x1 IS
2026-09-08T15:43:18+00:00 RUN_END x1 IS net=275871.0 dd%=7.6882 sca_new_net=18054 sca_new_n=433 trades=2028 284.6s
2026-09-08T15:43:18+00:00 RUN_START x1 IS
2026-09-08T15:48:08+00:00 RUN_END x1 IS net=276620.0 dd%=7.6383 sca_new_net=18803 sca_new_n=433 trades=2028 289.6s
2026-09-08T15:48:08+00:00 RUN_START x1 IS
2026-09-08T15:52:43+00:00 RUN_END x1 IS net=271966.0 dd%=7.4092 sca_new_net=14149 sca_new_n=340 trades=1935 274.6s
2026-09-08T15:52:43+00:00 RUN_START x1 IS
2026-09-08T15:57:17+00:00 RUN_END x1 IS net=271296.0 dd%=7.5716 sca_new_net=13479 sca_new_n=340 trades=1935 274.6s
2026-09-08T15:57:17+00:00 RUN_START x1 IS
2026-09-08T16:02:42+00:00 RUN_END x1 IS net=269053.0 dd%=7.7236 sca_new_net=11236 sca_new_n=323 trades=1918 324.8s
2026-09-08T16:02:42+00:00 RUN_START x1 IS
2026-09-08T16:08:02+00:00 RUN_END x1 IS net=270234.0 dd%=7.7474 sca_new_net=12417 sca_new_n=323 trades=1918 319.7s
2026-09-08T16:08:02+00:00 RUN_START x1 IS
2026-09-08T16:13:37+00:00 RUN_END x1 IS net=246261.0 dd%=8.4206 sca_new_net=-11556 sca_new_n=445 trades=2040 334.8s
2026-09-08T16:13:37+00:00 RUN_START x1 IS
2026-09-08T16:19:06+00:00 RUN_END x1 IS net=254890.0 dd%=8.4836 sca_new_net=-2927 sca_new_n=445 trades=2040 329.7s
2026-09-08T16:19:06+00:00 RUN_START x1 IS
2026-09-08T16:24:26+00:00 RUN_END x1 IS net=252020.0 dd%=7.1029 sca_new_net=-5797 sca_new_n=345 trades=1940 319.8s
2026-09-08T16:24:26+00:00 RUN_START x1 IS
2026-09-08T16:29:46+00:00 RUN_END x1 IS net=252366.0 dd%=7.0604 sca_new_net=-5451 sca_new_n=345 trades=1940 319.7s
2026-09-08T16:29:46+00:00 RUN_START x1 IS
2026-09-08T16:34:30+00:00 RUN_END x1 IS net=278094.0 dd%=7.7663 sca_new_net=20277 sca_new_n=498 trades=2093 284.7s
2026-09-08T16:34:30+00:00 RUN_START x1 IS
2026-09-08T16:39:10+00:00 RUN_END x1 IS net=282672.0 dd%=7.4488 sca_new_net=24855 sca_new_n=302 trades=1897 279.6s
2026-09-08T16:39:10+00:00 RUN_START x1 IS
2026-09-08T16:43:45+00:00 RUN_END x1 IS net=267737.0 dd%=7.895 sca_new_net=9920 sca_new_n=361 trades=1956 274.5s
2026-09-08T16:43:45+00:00 RUN_START x1 IS
2026-09-08T16:48:09+00:00 RUN_END x1 IS net=270958.0 dd%=7.5266 sca_new_net=13141 sca_new_n=291 trades=1886 264.5s
2026-09-08T16:48:09+00:00 RUN_START x1 IS
2026-09-08T16:53:29+00:00 RUN_END x1 IS net=273079.0 dd%=7.6188 sca_new_net=15262 sca_new_n=384 trades=1979 319.4s
2026-09-08T16:53:29+00:00 RUN_START x1 IS
2026-09-08T16:58:53+00:00 RUN_END x1 IS net=266980.0 dd%=7.7222 sca_new_net=9163 sca_new_n=245 trades=1840 324.7s
2026-09-08T16:58:53+00:00 RUN_START x1 IS
2026-09-08T17:04:38+00:00 RUN_END x1 IS net=258273.0 dd%=8.3357 sca_new_net=456 sca_new_n=516 trades=2111 344.9s
2026-09-08T17:04:38+00:00 RUN_START x1 IS
2026-09-08T17:10:08+00:00 RUN_END x1 IS net=252226.0 dd%=8.2754 sca_new_net=-5591 sca_new_n=339 trades=1934 329.8s
2026-09-08T17:10:08+00:00 RUN_START x1 IS
2026-09-08T17:15:28+00:00 RUN_END x1 IS net=251638.0 dd%=7.2976 sca_new_net=-6179 sca_new_n=361 trades=1956 319.7s
2026-09-08T17:15:28+00:00 RUN_START x1 IS
2026-09-08T17:20:37+00:00 RUN_END x1 IS net=256415.0 dd%=7.197 sca_new_net=-1402 sca_new_n=306 trades=1901 309.7s
2026-09-08T17:20:37+00:00 RUN_START x1 IS
2026-09-08T17:25:22+00:00 RUN_END x1 IS net=267226.0 dd%=7.2703 sca_new_net=9409 sca_new_n=712 trades=2307 284.7s
2026-09-08T17:25:22+00:00 RUN_START x1 IS
2026-09-08T17:30:02+00:00 RUN_END x1 IS net=297031.0 dd%=8.2519 sca_new_net=39214 sca_new_n=433 trades=2028 279.6s
2026-09-08T17:30:02+00:00 RUN_START x1 IS
2026-09-08T17:34:36+00:00 RUN_END x1 IS net=264349.0 dd%=6.5658 sca_new_net=6532 sca_new_n=606 trades=2201 274.6s
2026-09-08T17:34:36+00:00 RUN_START x1 IS
2026-09-08T17:39:06+00:00 RUN_END x1 IS net=283951.0 dd%=7.8454 sca_new_net=26134 sca_new_n=340 trades=1935 269.6s
2026-09-08T17:39:06+00:00 RUN_START x1 IS
2026-09-08T17:44:26+00:00 RUN_END x1 IS net=258202.0 dd%=7.7108 sca_new_net=385 sca_new_n=605 trades=2200 319.7s
2026-09-08T17:44:26+00:00 RUN_START x1 IS
2026-09-08T17:49:40+00:00 RUN_END x1 IS net=278798.0 dd%=8.1168 sca_new_net=20981 sca_new_n=323 trades=1918 314.6s
2026-09-08T17:49:40+00:00 RUN_START x1 IS
2026-09-08T17:55:10+00:00 RUN_END x1 IS net=256534.0 dd%=8.6972 sca_new_net=-1283 sca_new_n=709 trades=2304 329.7s
2026-09-08T17:55:10+00:00 RUN_START x1 IS
2026-09-08T18:00:45+00:00 RUN_END x1 IS net=244448.0 dd%=9.6746 sca_new_net=-13369 sca_new_n=445 trades=2040 334.9s
2026-09-08T18:00:45+00:00 RUN_START x1 IS
2026-09-08T18:06:05+00:00 RUN_END x1 IS net=250275.0 dd%=7.3936 sca_new_net=-7542 sca_new_n=632 trades=2227 319.8s
2026-09-08T18:06:05+00:00 RUN_START x1 IS
2026-09-08T18:11:24+00:00 RUN_END x1 IS net=253519.0 dd%=6.8041 sca_new_net=-4298 sca_new_n=345 trades=1940 319.8s
2026-09-08T18:11:24+00:00 RUN_START x1 OOS
2026-09-08T18:15:29+00:00 RUN_END x1 OOS net=119537.0 dd%=5.2473 sca_new_net= sca_new_n= trades=1375 244.6s
2026-09-08T18:15:29+00:00 RUN_START x1 OOS
2026-09-08T18:19:59+00:00 RUN_END x1 OOS net=112517.0 dd%=6.455 sca_new_net=-7020 sca_new_n=356 trades=1731 269.6s
2026-09-08T18:19:59+00:00 RUN_START x1 OOS
2026-09-08T18:24:13+00:00 RUN_END x1 OOS net=116180.0 dd%=5.7465 sca_new_net=-3357 sca_new_n=295 trades=1670 254.6s
2026-09-08T18:24:13+00:00 RUN_START x1 OOS
2026-09-08T18:29:18+00:00 RUN_END x1 OOS net=126624.0 dd%=5.81 sca_new_net=7087 sca_new_n=281 trades=1656 304.7s
2026-09-08T18:29:18+00:00 RUN_START x1 OOS
2026-09-08T18:34:33+00:00 RUN_END x1 OOS net=101475.0 dd%=6.331 sca_new_net=-18062 sca_new_n=383 trades=1758 314.7s
2026-09-08T18:34:33+00:00 RUN_START x1 OOS
2026-09-08T18:39:37+00:00 RUN_END x1 OOS net=119047.0 dd%=5.5678 sca_new_net=-490 sca_new_n=301 trades=1676 304.6s
2026-09-08T18:39:37+00:00 RUN_START x1 OOS
2026-09-08T18:44:02+00:00 RUN_END x1 OOS net=104278.0 dd%=6.1678 sca_new_net=-15259 sca_new_n=424 trades=1799 264.6s
2026-09-08T18:44:02+00:00 RUN_START x1 OOS
2026-09-08T18:48:31+00:00 RUN_END x1 OOS net=120349.0 dd%=4.9747 sca_new_net=812 sca_new_n=75 trades=1450 269.6s
2026-09-08T18:48:31+00:00 RUN_START x1 OOS
2026-09-08T18:53:21+00:00 RUN_END x1 OOS net=112670.0 dd%=5.7348 sca_new_net=-6867 sca_new_n=404 trades=1779 289.8s
2026-09-08T18:53:21+00:00 RUN_START x1 OOS
2026-09-08T18:57:51+00:00 RUN_END x1 OOS net=124020.0 dd%=5.3209 sca_new_net=4483 sca_new_n=63 trades=1438 269.6s
2026-09-08T18:57:51+00:00 RUN_START x1 OOS
2026-09-08T19:03:16+00:00 RUN_END x1 OOS net=124179.0 dd%=5.8664 sca_new_net=4642 sca_new_n=337 trades=1712 324.8s
2026-09-08T19:03:16+00:00 RUN_START x1 OOS
2026-09-08T19:08:25+00:00 RUN_END x1 OOS net=123575.0 dd%=5.4277 sca_new_net=4038 sca_new_n=75 trades=1450 309.8s
2026-09-08T19:08:25+00:00 RUN_START x1 OOS
2026-09-08T19:13:40+00:00 RUN_END x1 OOS net=89215.0 dd%=6.684 sca_new_net=-30322 sca_new_n=451 trades=1826 314.8s
2026-09-08T19:13:40+00:00 RUN_START x1 OOS
2026-09-08T19:18:55+00:00 RUN_END x1 OOS net=124299.0 dd%=5.1272 sca_new_net=4762 sca_new_n=102 trades=1477 314.7s
2026-09-08T19:18:55+00:00 RUN_START x1 OOS
2026-09-08T19:24:00+00:00 RUN_END x1 OOS net=116191.0 dd%=5.2651 sca_new_net=-3346 sca_new_n=417 trades=1792 304.7s
2026-09-08T19:24:00+00:00 RUN_START x1 OOS
2026-09-08T19:29:04+00:00 RUN_END x1 OOS net=122396.0 dd%=5.3243 sca_new_net=2859 sca_new_n=61 trades=1436 304.7s
2026-09-08T19:29:04+00:00 RUN_START x1 OOS
2026-09-08T19:33:39+00:00 RUN_END x1 OOS net=100858.0 dd%=6.2755 sca_new_net=-18679 sca_new_n=570 trades=1945 274.6s
2026-09-08T19:33:39+00:00 RUN_START x1 OOS
2026-09-08T19:38:08+00:00 RUN_END x1 OOS net=87695.0 dd%=6.849 sca_new_net=-31842 sca_new_n=779 trades=2154 269.6s
2026-09-08T19:38:08+00:00 RUN_START x1 OOS
2026-09-08T19:42:23+00:00 RUN_END x1 OOS net=101383.0 dd%=6.3069 sca_new_net=-18154 sca_new_n=453 trades=1828 254.5s
2026-09-08T19:42:23+00:00 RUN_START x1 OOS
2026-09-08T19:46:38+00:00 RUN_END x1 OOS net=88383.0 dd%=8.0286 sca_new_net=-31154 sca_new_n=646 trades=2021 254.6s
2026-09-08T19:46:38+00:00 RUN_START x1 OOS
2026-09-08T19:51:47+00:00 RUN_END x1 OOS net=123461.0 dd%=5.5142 sca_new_net=3924 sca_new_n=443 trades=1818 309.7s
2026-09-08T19:51:47+00:00 RUN_START x1 OOS
2026-09-08T19:57:02+00:00 RUN_END x1 OOS net=102859.0 dd%=6.4662 sca_new_net=-16678 sca_new_n=732 trades=2107 314.8s
2026-09-08T19:57:02+00:00 RUN_START x1 OOS
2026-09-08T20:02:22+00:00 RUN_END x1 OOS net=73644.0 dd%=8.1968 sca_new_net=-45893 sca_new_n=625 trades=2000 319.8s
2026-09-08T20:02:22+00:00 RUN_START x1 OOS
2026-09-08T20:07:32+00:00 RUN_END x1 OOS net=59220.0 dd%=9.0437 sca_new_net=-60317 sca_new_n=806 trades=2181 309.8s
2026-09-08T20:07:32+00:00 RUN_START x1 OOS
2026-09-08T20:12:26+00:00 RUN_END x1 OOS net=105604.0 dd%=5.9179 sca_new_net=-13933 sca_new_n=495 trades=1870 294.7s
2026-09-08T20:12:26+00:00 RUN_START x1 OOS
2026-09-08T20:17:21+00:00 RUN_END x1 OOS net=92263.0 dd%=7.1874 sca_new_net=-27274 sca_new_n=675 trades=2050 294.7s
2026-09-08T20:17:21+00:00 RUN_START x1 OOS
2026-09-08T20:21:41+00:00 RUN_END x1 OOS net=113472.0 dd%=6.1326 sca_new_net=-6065 sca_new_n=356 trades=1731 259.6s
2026-09-08T20:21:41+00:00 RUN_START x1 OOS
2026-09-08T20:25:55+00:00 RUN_END x1 OOS net=113860.0 dd%=6.4479 sca_new_net=-5677 sca_new_n=356 trades=1731 254.5s
2026-09-08T20:25:55+00:00 RUN_START x1 OOS
2026-09-08T20:30:10+00:00 RUN_END x1 OOS net=115939.0 dd%=5.7377 sca_new_net=-3598 sca_new_n=295 trades=1670 254.6s
2026-09-08T20:30:10+00:00 RUN_START x1 OOS
2026-09-08T20:34:24+00:00 RUN_END x1 OOS net=115843.0 dd%=5.7452 sca_new_net=-3694 sca_new_n=295 trades=1670 254.5s
2026-09-08T20:34:24+00:00 RUN_START x1 OOS
2026-09-08T20:39:19+00:00 RUN_END x1 OOS net=125904.0 dd%=5.7909 sca_new_net=6367 sca_new_n=281 trades=1656 294.6s
2026-09-08T20:39:19+00:00 RUN_START x1 OOS
2026-09-08T20:44:18+00:00 RUN_END x1 OOS net=128518.0 dd%=5.8074 sca_new_net=8981 sca_new_n=281 trades=1656 299.6s
2026-09-08T20:44:18+00:00 RUN_START x1 OOS
2026-09-08T20:49:18+00:00 RUN_END x1 OOS net=101211.0 dd%=6.2812 sca_new_net=-18326 sca_new_n=383 trades=1758 299.7s
2026-09-08T20:49:18+00:00 RUN_START x1 OOS
2026-09-08T20:54:18+00:00 RUN_END x1 OOS net=104513.0 dd%=6.331 sca_new_net=-15024 sca_new_n=383 trades=1758 299.7s
2026-09-08T20:54:18+00:00 RUN_START x1 OOS
2026-09-08T20:59:17+00:00 RUN_END x1 OOS net=119519.0 dd%=5.5644 sca_new_net=-18 sca_new_n=301 trades=1676 299.7s
2026-09-08T20:59:17+00:00 RUN_START x1 OOS
2026-09-08T21:04:07+00:00 RUN_END x1 OOS net=118167.0 dd%=5.5678 sca_new_net=-1370 sca_new_n=301 trades=1676 289.7s
2026-09-08T21:04:07+00:00 RUN_START x1 OOS
2026-09-08T21:08:22+00:00 RUN_END x1 OOS net=114999.0 dd%=6.5971 sca_new_net=-4538 sca_new_n=429 trades=1804 254.6s
2026-09-08T21:08:22+00:00 RUN_START x1 OOS
2026-09-08T21:12:31+00:00 RUN_END x1 OOS net=106189.0 dd%=6.1307 sca_new_net=-13348 sca_new_n=250 trades=1625 249.5s
2026-09-08T21:12:31+00:00 RUN_START x1 OOS
2026-09-08T21:16:41+00:00 RUN_END x1 OOS net=114457.0 dd%=5.9598 sca_new_net=-5080 sca_new_n=310 trades=1685 249.5s
2026-09-08T21:16:41+00:00 RUN_START x1 OOS
2026-09-08T21:20:50+00:00 RUN_END x1 OOS net=114206.0 dd%=5.7696 sca_new_net=-5331 sca_new_n=259 trades=1634 249.5s
2026-09-08T21:20:50+00:00 RUN_START x1 OOS
2026-09-08T21:25:40+00:00 RUN_END x1 OOS net=121538.0 dd%=5.9855 sca_new_net=2001 sca_new_n=339 trades=1714 289.6s
2026-09-08T21:25:40+00:00 RUN_START x1 OOS
2026-09-08T21:30:40+00:00 RUN_END x1 OOS net=127548.0 dd%=5.0262 sca_new_net=8011 sca_new_n=188 trades=1563 299.8s
2026-09-08T21:30:40+00:00 RUN_START x1 OOS
2026-09-08T21:36:00+00:00 RUN_END x1 OOS net=98618.0 dd%=6.5722 sca_new_net=-20919 sca_new_n=456 trades=1831 320.2s
2026-09-08T21:36:00+00:00 RUN_START x1 OOS
2026-09-08T21:41:15+00:00 RUN_END x1 OOS net=113090.0 dd%=6.076 sca_new_net=-6447 sca_new_n=262 trades=1637 315.3s
2026-09-08T21:41:15+00:00 RUN_START x1 OOS
2026-09-08T21:46:20+00:00 RUN_END x1 OOS net=114912.0 dd%=5.9825 sca_new_net=-4625 sca_new_n=322 trades=1697 304.9s
2026-09-08T21:46:20+00:00 RUN_START x1 OOS
2026-09-08T21:51:15+00:00 RUN_END x1 OOS net=117060.0 dd%=5.5088 sca_new_net=-2477 sca_new_n=251 trades=1626 294.8s
2026-09-08T21:51:15+00:00 RUN_START x1 OOS
2026-09-08T21:55:34+00:00 RUN_END x1 OOS net=95910.0 dd%=6.4302 sca_new_net=-23627 sca_new_n=639 trades=2014 259.5s
2026-09-08T21:55:34+00:00 RUN_START x1 OOS
2026-09-08T21:59:54+00:00 RUN_END x1 OOS net=105588.0 dd%=7.3968 sca_new_net=-13949 sca_new_n=356 trades=1731 259.6s
2026-09-08T21:59:54+00:00 RUN_START x1 OOS
2026-09-08T22:04:08+00:00 RUN_END x1 OOS net=102718.0 dd%=6.6494 sca_new_net=-16819 sca_new_n=537 trades=1912 254.6s
2026-09-08T22:04:08+00:00 RUN_START x1 OOS
2026-09-08T22:08:23+00:00 RUN_END x1 OOS net=115440.0 dd%=6.419 sca_new_net=-4097 sca_new_n=295 trades=1670 254.7s
2026-09-08T22:08:23+00:00 RUN_START x1 OOS
2026-09-08T22:13:43+00:00 RUN_END x1 OOS net=111928.0 dd%=5.8099 sca_new_net=-7609 sca_new_n=559 trades=1934 320.2s
2026-09-08T22:13:43+00:00 RUN_START x1 OOS
2026-09-08T22:18:48+00:00 RUN_END x1 OOS net=125150.0 dd%=6.3562 sca_new_net=5613 sca_new_n=281 trades=1656 304.7s
2026-09-08T22:18:48+00:00 RUN_START x1 OOS
2026-09-08T22:23:58+00:00 RUN_END x1 OOS net=81331.0 dd%=7.025 sca_new_net=-38206 sca_new_n=690 trades=2065 309.7s
2026-09-08T22:23:58+00:00 RUN_START x1 OOS
2026-09-08T22:29:02+00:00 RUN_END x1 OOS net=98387.0 dd%=7.7017 sca_new_net=-21150 sca_new_n=383 trades=1758 304.7s
2026-09-08T22:29:02+00:00 RUN_START x1 OOS
2026-09-08T22:34:02+00:00 RUN_END x1 OOS net=116235.0 dd%=5.4618 sca_new_net=-3302 sca_new_n=565 trades=1940 299.7s
2026-09-08T22:34:02+00:00 RUN_START x1 OOS
2026-09-08T22:39:02+00:00 RUN_END x1 OOS net=120341.0 dd%=5.8212 sca_new_net=804 sca_new_n=301 trades=1676 299.7s
2026-09-08T22:39:02+00:00 FXWEIGHT_END -> C:\Users\f\source\repos\mt5_backtester\ml\scanew1\results.csv
