2026-09-07T15:02:07+00:00 EA_SHA 63d549c8a5e9f37a
2026-09-07T15:02:07+00:00 FXMULT_START jobs=6
2026-09-07T15:02:07+00:00 RUN_START x1 IS
2026-09-07T15:07:28+00:00 RUN_END x1 IS net=257817.0 dd%=7.314 trades=1595 320.3s
2026-09-07T15:07:28+00:00 RUN_START x1 OOS
2026-09-07T15:12:02+00:00 RUN_END x1 OOS net=119537.0 dd%=5.2473 trades=1375 274.9s
2026-09-07T15:12:02+00:00 RUN_START x1 FULL
2026-09-07T15:22:48+00:00 RUN_END x1 FULL net=379084.0 dd%=5.5891 trades=2969 645.7s
2026-09-07T15:22:48+00:00 RUN_START x4 IS
2026-09-07T15:27:33+00:00 RUN_END x4 IS net=1189544.0 dd%=33.0104 trades=1595 284.8s
2026-09-07T15:27:33+00:00 RUN_START x8 IS
2026-09-07T15:32:17+00:00 RUN_END x8 IS net=2417449.0 dd%=67.3188 trades=1595 284.6s
2026-09-07T15:32:17+00:00 RUN_START x4 OOS
2026-09-07T15:36:42+00:00 RUN_END x4 OOS net=513901.0 dd%=17.102 trades=1375 264.6s
2026-09-07T15:36:42+00:00 FXMULT_END rows=6 ok=6 -> C:\Users\f\source\repos\mt5_backtester\ml\fxmult1\results.csv
2026-09-07T15:43:26+00:00 EA_SHA 63d549c8a5e9f37a
2026-09-07T15:43:26+00:00 GRID_START jobs=9
2026-09-07T15:43:26+00:00 RUN_START x2 FULL
2026-09-07T15:54:11+00:00 RUN_END x2 FULL net=823045.0 dd%=9.7961 trades=2969 645.1s
2026-09-07T15:54:11+00:00 RUN_START x3 FULL
2026-09-07T16:05:07+00:00 RUN_END x3 FULL net=1267215.0 dd%=13.9776 trades=2969 655.6s
2026-09-07T16:05:07+00:00 RUN_START x4 FULL
2026-09-07T16:15:52+00:00 RUN_END x4 FULL net=1712852.0 dd%=17.102 trades=2969 645.3s
2026-09-07T16:15:52+00:00 RUN_START x2 OOS
2026-09-07T16:20:17+00:00 RUN_END x2 OOS net=253588.0 dd%=9.7961 trades=1375 264.6s
2026-09-07T16:20:17+00:00 RUN_START x3 OOS
2026-09-07T16:24:41+00:00 RUN_END x3 OOS net=379833.0 dd%=13.9776 trades=1375 264.5s
2026-09-07T16:24:41+00:00 RUN_START x2 IS
2026-09-07T16:29:21+00:00 RUN_END x2 IS net=565168.0 dd%=15.8536 trades=1595 279.5s
2026-09-07T16:29:21+00:00 RUN_START x3 IS
2026-09-07T16:34:00+00:00 RUN_END x3 IS net=880533.0 dd%=24.3786 trades=1595 279.5s
2026-09-07T16:34:00+00:00 RUN_START x5 FULL
2026-09-07T16:44:46+00:00 RUN_END x5 FULL net=2152154.0 dd%=20.1839 trades=2969 645.3s
2026-09-07T16:44:46+00:00 RUN_START x6 FULL
2026-09-07T16:55:41+00:00 RUN_END x6 FULL net=2598040.0 dd%=22.7024 trades=2969 655.5s
2026-09-07T16:55:41+00:00 GRID_END rows=9 ok=9 -> C:\Users\f\source\repos\mt5_backtester\ml\fxmult1\results_grid.csv
2026-09-07T23:49:24+00:00 REGRESS_START EA_SHA 0cecd7f20eb777c6
2026-09-07T23:49:24+00:00 RUN_START x1 IS
2026-09-07T23:53:48+00:00 RUN_END x1 IS net=257817.0 dd%=7.314 trades=1595 264.4s
2026-09-07T23:53:48+00:00 RUN_START x1 OOS
2026-09-07T23:57:58+00:00 RUN_END x1 OOS net=119537.0 dd%=5.2473 trades=1375 249.6s
