2026-09-19T07:49:28+00:00 FXQUALJFL_START jobs=14 分母フロア（取引は捨てずロットだけ抑える）
2026-09-19T07:49:28+00:00 RUN_START J000 OOS cap=0
2026-09-19T07:53:02+00:00 RUN_END J000 OOS net=1281090.0 dd%=28.4727 trades=1351 214.2s
2026-09-19T07:53:02+00:00 RUN_START J000 IS cap=0
2026-09-19T07:56:56+00:00 RUN_END J000 IS net=4436392.0 dd%=42.5509 trades=1566 234.2s
2026-09-19T07:56:56+00:00 RUN_START J001 OOS cap=0
2026-09-19T08:00:31+00:00 RUN_END J001 OOS net=1345876.0 dd%=26.6144 trades=1351 214.4s
2026-09-19T08:00:31+00:00 RUN_START J001 IS cap=0
2026-09-19T08:04:20+00:00 RUN_END J001 IS net=4460179.0 dd%=42.1571 trades=1566 229.7s
2026-09-19T08:04:20+00:00 RUN_START J002 OOS cap=0
2026-09-19T08:07:55+00:00 RUN_END J002 OOS net=1360198.0 dd%=24.3169 trades=1351 214.2s
2026-09-19T08:07:55+00:00 RUN_START J002 IS cap=0
2026-09-19T08:11:49+00:00 RUN_END J002 IS net=4459024.0 dd%=41.3773 trades=1566 234.7s
2026-09-19T08:11:49+00:00 RUN_START J003 OOS cap=0
2026-09-19T08:16:11+00:00 RUN_END J003 OOS net=1393442.0 dd%=24.0942 trades=1351 261.6s
2026-09-19T08:16:11+00:00 RUN_START J003 IS cap=0
2026-09-19T08:20:00+00:00 RUN_END J003 IS net=4713984.0 dd%=39.3422 trades=1566 229.3s
2026-09-19T08:20:00+00:00 RUN_START J004 OOS cap=0
2026-09-19T08:23:35+00:00 RUN_END J004 OOS net=983544.0 dd%=24.467 trades=1351 214.5s
2026-09-19T08:23:35+00:00 RUN_START J004 IS cap=0
2026-09-19T08:27:24+00:00 RUN_END J004 IS net=4798321.0 dd%=42.4672 trades=1567 229.4s
2026-09-19T08:27:24+00:00 RUN_START J005 OOS cap=0
2026-09-19T08:30:53+00:00 RUN_END J005 OOS net=1232738.0 dd%=28.3813 trades=1351 209.3s
2026-09-19T08:30:53+00:00 RUN_START J005 IS cap=0
2026-09-19T08:34:43+00:00 RUN_END J005 IS net=4004294.0 dd%=42.7517 trades=1567 229.4s
2026-09-19T08:34:43+00:00 RUN_START J006 OOS cap=0
2026-09-19T08:38:17+00:00 RUN_END J006 OOS net=1130727.0 dd%=28.566 trades=1351 214.2s
2026-09-19T08:38:17+00:00 RUN_START J006 IS cap=0
2026-09-19T08:42:06+00:00 RUN_END J006 IS net=3502228.0 dd%=42.6546 trades=1567 229.3s
2026-09-19T08:42:06+00:00 FXQUALJFL_END -> C:\Users\f\source\repos\mt5_backtester\ml\fxqualjfl\results.csv
